
     Program QE v.6.0 starts on 22May2017 at 14:18:23 

     This program is part of the open-source Quantum ESPRESSO suite
     for quantum simulation of materials; please cite
         "P. Giannozzi et al., J. Phys.:Condens. Matter 21 395502 (2009);
          URL http://www.quantum-espresso.org", 
     in publications or presentations arising from this work. More details at
     http://www.quantum-espresso.org/quote
 
           ARCH :    x86_64
             CC :    icc
            CPP :    cpp
            F90 :    ifort
            F77 :    ifort
         DFLAGS :    -D__INTEL -D__DFTI
      BLAS LIBS :    -lmkl_intel_lp64  -lmkl_sequential -lmkl_core
    LAPACK LIBS :    
       FFT LIBS :    
      MASS LIBS :    

     Parallel version (MPI & OpenMP), running on      32 processor cores
     Number of MPI processes:                32
     Threads/MPI process:                     1
     R & G space division:  proc/nbgrp/npool/nimage =      32
 
     ***** This is GIPAW svn revision unknown      *****
 
     Parallelizing q-star over 1 images

     Reading data from directory:
     ./scratch/scf-1347.save

   Info: using nr1, nr2, nr3 values from input

   Info: using nr1, nr2, nr3 values from input

     IMPORTANT: XC functional enforced from input :
     Exchange-correlation      =  SLA  PW   PBX  PBC ( 1  4  3  4 0 0)
     Any further DFT definition will be discarded
     Please, verify this is what you really want

               file C.pbe-n-kjpaw_psl.1.0.0.UPF: wavefunction(s)  2S 2P renormalized
               file Cl.pbe-n-kjpaw_psl.1.0.0.UPF: wavefunction(s)  3S 3P renormalized
               file H.pbe-kjpaw_psl.1.0.0.UPF: wavefunction(s)  1S renormalized
 
     Parallelization info
     --------------------
     sticks:   dense  smooth     PW     G-vecs:    dense   smooth      PW
     Min         764     305     83                36108     9133    1292
     Max         765     306     84                36110     9135    1293
     Sum       24467    9791   2657              1155489   292295   41363
 

     Subspace diagonalization in iterative solution of the eigenvalue problem:
     a serial algorithm will be used

     GIPAW projectors -----------------------------------------------
     atom=  C    l=0  rc=    1.2000  rs=    0.8000
     atom=  C    l=0  rc=    1.2000  rs=    0.8000
     atom=  C    l=1  rc=    1.4000  rs=    0.9333
     atom=  C    l=1  rc=    1.4000  rs=    0.9333
     projs nearly linearly dependent: l=1  n1,n2= 1, 2  s=  0.99951561
 
     atom=  Cl   l=0  rc=    1.6000  rs=    1.0667
     atom=  Cl   l=0  rc=    1.6000  rs=    1.0667
     atom=  Cl   l=1  rc=    1.6000  rs=    1.0667
     atom=  Cl   l=1  rc=    1.6000  rs=    1.0667
     atom=  Cl   l=2  rc=    1.6000  rs=    1.0667
     atom=  Cl   l=2  rc=    1.6000  rs=    1.0667
     projs nearly linearly dependent: l=2  n1,n2= 1, 2  s=  0.99993509
 
     atom=  H    l=0  rc=    1.0000  rs=    0.6667
     atom=  H    l=0  rc=    1.0000  rs=    0.6667
     projs nearly linearly dependent: l=0  n1,n2= 1, 2  s=  0.99968852
     -----------------------------------------------------------------
 
     GIPAW integrals: -------------------------------------------
     Atom  i/j   nmr_para   nmr_dia   epr_rmc  epr_para   epr_dia
       C   1 1   0.83E+03  0.17E-01  0.93E+01  0.24E+08  0.24E+03
       C   2 1   0.86E+03 -0.61E-01  0.94E+01  0.25E+08  0.25E+03
       C   2 2   0.90E+03 -0.15E+00  0.97E+01  0.26E+08  0.26E+03
       C   3 3   0.33E+01  0.34E+00  0.18E+01  0.55E+03  0.21E+02
       C   4 3   0.35E+01  0.37E+00  0.20E+01  0.59E+03  0.22E+02
       C   4 4   0.38E+01  0.39E+00  0.22E+01  0.63E+03  0.24E+02
       Cl  1 1   0.14E+04 -0.47E+00  0.84E+01  0.32E+09  0.42E+03
       Cl  2 1   0.21E+04 -0.37E+00  0.12E+02  0.49E+09  0.65E+03
       Cl  2 2   0.33E+04 -0.16E+00  0.21E+02  0.76E+09  0.10E+04
       Cl  3 3   0.21E+02  0.79E-01  0.89E+01  0.23E+05  0.13E+03
       Cl  4 3   0.24E+02  0.67E-01  0.99E+01  0.27E+05  0.15E+03
       Cl  4 4   0.28E+02  0.44E-01  0.11E+02  0.32E+05  0.18E+03
       Cl  5 5   0.77E+00  0.19E+00  0.18E+01  0.12E+03  0.22E+02
       Cl  6 5   0.80E+00  0.19E+00  0.19E+01  0.12E+03  0.23E+02
       Cl  6 6   0.83E+00  0.20E+00  0.19E+01  0.12E+03  0.23E+02
       H   1 1   0.39E+02  0.19E+00  0.29E+00  0.78E+05  0.13E+02
       H   2 1   0.41E+02  0.21E+00  0.32E+00  0.82E+05  0.14E+02
       H   2 2   0.43E+02  0.22E+00  0.36E+00  0.86E+05  0.15E+02
     ------------------------------------------------------------
 
     alpha_pv=     33.8405 eV
 
     Number of occupied bands for each k-point:
     k-point:     1    nbnd_occ=  42
     k-point:     2    nbnd_occ=  42
     k-point:     3    nbnd_occ=  42
     k-point:     4    nbnd_occ=  42
     k-point:     5    nbnd_occ=  42
     k-point:     6    nbnd_occ=  42
     k-point:     7    nbnd_occ=  42
     k-point:     8    nbnd_occ=  42
     k-point:     9    nbnd_occ=  42
     k-point:    10    nbnd_occ=  42
     k-point:    11    nbnd_occ=  42
     k-point:    12    nbnd_occ=  42
     k-point:    13    nbnd_occ=  42
     k-point:    14    nbnd_occ=  42
     k-point:    15    nbnd_occ=  42
     k-point:    16    nbnd_occ=  42
 
 
     q-space interpolation up to   110.00 Rydberg
 
     GIPAW job: efg                                                                             
 
 
     ELECTRIC FIELD GRADIENTS TENSORS IN Hartree/bohrradius^2:
 
     ----- bare term -----
     Cl   1        0.006408        0.004766       -0.013583
     Cl   1        0.004766       -0.010224       -0.013944
     Cl   1       -0.013583       -0.013944        0.003816
 
     C    2       -0.272846        0.053528       -0.313323
     C    2        0.053528       -0.078678       -0.512772
     C    2       -0.313323       -0.512772        0.351524
 
     C    3       -0.233544        0.263979       -0.231613
     C    3        0.263979       -0.199273       -0.513594
     C    3       -0.231613       -0.513594        0.432817
 
     H    4       -0.493263       -0.238595       -0.466543
     H    4       -0.238595        0.320615       -0.193235
     H    4       -0.466543       -0.193235        0.172648
 
     C    5       -0.380646        0.229542       -0.299752
     C    5        0.229542       -0.096026       -0.410981
     C    5       -0.299752       -0.410981        0.476672
 
     H    6        0.373589       -0.094981       -0.071074
     H    6       -0.094981       -0.460520       -0.531518
     H    6       -0.071074       -0.531518        0.086931
 
     H    7        0.344238        0.000619       -0.015804
     H    7        0.000619       -0.450249        0.526287
     H    7       -0.015804        0.526287        0.106011
 
     C    8       -0.432904       -0.219986       -0.310898
     C    8       -0.219986       -0.031671        0.416591
     C    8       -0.310898        0.416591        0.464575
 
     H    9       -0.417181        0.309104       -0.468814
     H    9        0.309104        0.246126        0.222299
     H    9       -0.468814        0.222299        0.171055
 
     C   10       -0.265921       -0.254448       -0.246309
     C   10       -0.254448       -0.169056        0.499414
     C   10       -0.246309        0.499414        0.434977
 
     C   11       -0.100713       -0.031705       -0.363907
     C   11       -0.031705       -0.147248        0.502983
     C   11       -0.363907        0.502983        0.247960
 
     Cl  12       -0.019060        0.041867       -0.022401
     Cl  12        0.041867        0.040340        0.009892
     Cl  12       -0.022401        0.009892       -0.021279
 
     H   13        0.362138       -0.117600       -0.065873
     H   13       -0.117600       -0.451395       -0.528636
     H   13       -0.065873       -0.528636        0.089257
 
     C   14       -0.401415        0.210903       -0.282962
     C   14        0.210903       -0.074033       -0.420573
     C   14       -0.282962       -0.420573        0.475449
 
     H   15       -0.536725       -0.236648       -0.425938
     H   15       -0.236648        0.308762       -0.169735
     H   15       -0.425938       -0.169735        0.227963
 
     C   16       -0.246576        0.250567       -0.228797
     C   16        0.250567       -0.213779       -0.506485
     C   16       -0.228797       -0.506485        0.460355
 
     C   17       -0.193983       -0.022285       -0.351788
     C   17       -0.022285       -0.121762       -0.481703
     C   17       -0.351788       -0.481703        0.315744
 
     Cl  18        0.008594       -0.042566       -0.007222
     Cl  18       -0.042566        0.001421       -0.011441
     Cl  18       -0.007222       -0.011441       -0.010015
 
     H   19        0.377011       -0.018349       -0.004225
     H   19       -0.018349       -0.423393        0.547538
     H   19       -0.004225        0.547538        0.046382
 
     C   20       -0.387346       -0.250095       -0.317525
     C   20       -0.250095       -0.002731        0.427751
     C   20       -0.317525        0.427751        0.390077
 
     H   21       -0.406396        0.273212       -0.471787
     H   21        0.273212        0.292692        0.220952
     H   21       -0.471787        0.220952        0.113704
 
     C   22       -0.254495       -0.268376       -0.230058
     C   22       -0.268376       -0.120996        0.521276
     C   22       -0.230058        0.521276        0.375491
 
     C   23       -0.150676       -0.074732       -0.299161
     C   23       -0.074732       -0.147145        0.550764
     C   23       -0.299161        0.550764        0.297821
 
     Cl  24       -0.057281        0.012291       -0.029617
     Cl  24        0.012291        0.042733        0.001516
     Cl  24       -0.029617        0.001516        0.014548
 
     ----- ionic term -----
     Cl   1        0.146849       -0.219362       -0.020917
     Cl   1       -0.219362       -0.000669        0.021737
     Cl   1       -0.020917        0.021737       -0.146181
 
     C    2        0.283898       -0.157419        0.223417
     C    2       -0.157419        0.064422        0.417187
     C    2        0.223417        0.417187       -0.348320
 
     C    3        0.160994       -0.218655        0.169180
     C    3       -0.218655        0.172148        0.408903
     C    3        0.169180        0.408903       -0.333142
 
     H    4        0.687051        0.320207        0.625503
     H    4        0.320207       -0.437773        0.237704
     H    4        0.625503        0.237704       -0.249279
 
     C    5        0.314996       -0.177684        0.233866
     C    5       -0.177684        0.062832        0.307404
     C    5        0.233866        0.307404       -0.377828
 
     H    6       -0.512861        0.119352        0.089408
     H    6        0.119352        0.626077        0.726738
     H    6        0.089408        0.726738       -0.113216
 
     H    7       -0.491143        0.018016        0.005620
     H    7        0.018016        0.627568       -0.723131
     H    7        0.005620       -0.723131       -0.136425
 
     C    8        0.354180        0.170466        0.242511
     C    8        0.170466        0.015383       -0.313342
     C    8        0.242511       -0.313342       -0.369563
 
     H    9        0.573823       -0.421209        0.633596
     H    9       -0.421209       -0.344416       -0.292314
     H    9        0.633596       -0.292314       -0.229407
 
     C   10        0.187651        0.209704        0.176573
     C   10        0.209704        0.140589       -0.400816
     C   10        0.176573       -0.400816       -0.328240
 
     C   11        0.148918        0.160136        0.284474
     C   11        0.160136        0.130637       -0.396457
     C   11        0.284474       -0.396457       -0.279555
 
     Cl  12        0.112122        0.202506        0.042297
     Cl  12        0.202506        0.023129        0.020658
     Cl  12        0.042297        0.020658       -0.135251
 
     H   13       -0.501288        0.141483        0.085889
     H   13        0.141483        0.619506        0.722252
     H   13        0.085889        0.722252       -0.118218
 
     C   14        0.330673       -0.166470        0.224299
     C   14       -0.166470        0.045404        0.316867
     C   14        0.224299        0.316867       -0.376078
 
     H   15        0.726738        0.316732        0.593221
     H   15        0.316732       -0.430576        0.217149
     H   15        0.593221        0.217149       -0.296162
 
     C   16        0.173500       -0.206226        0.163919
     C   16       -0.206226        0.178319        0.407195
     C   16        0.163919        0.407195       -0.351819
 
     C   17        0.220669       -0.118468        0.264200
     C   17       -0.118468        0.117435        0.387480
     C   17        0.264200        0.387480       -0.338104
 
     Cl  18        0.114868       -0.197451        0.009993
     Cl  18       -0.197451        0.031382       -0.000499
     Cl  18        0.009993       -0.000499       -0.146250
 
     H   19       -0.519933        0.039005       -0.007702
     H   19        0.039005        0.582625       -0.748479
     H   19       -0.007702       -0.748479       -0.062692
 
     C   20        0.321061        0.192167        0.246592
     C   20        0.192167       -0.010568       -0.323156
     C   20        0.246592       -0.323156       -0.310492
 
     H   21        0.549147       -0.371958        0.653694
     H   21       -0.371958       -0.398309       -0.292906
     H   21        0.653694       -0.292906       -0.150838
 
     C   22        0.181372        0.222716        0.162296
     C   22        0.222716        0.103008       -0.421535
     C   22        0.162296       -0.421535       -0.284380
 
     C   23        0.177917        0.178034        0.216632
     C   23        0.178034        0.132498       -0.442967
     C   23        0.216632       -0.442967       -0.310415
 
     Cl  24        0.128877        0.224426        0.005843
     Cl  24        0.224426        0.034652       -0.006853
     Cl  24        0.005843       -0.006853       -0.163528
 
     ----- GIPAW term -----
     Cl   1        1.621715       -2.265942       -0.398530
     Cl   1       -2.265942       -0.133499        0.072021
     Cl   1       -0.398530        0.072021       -1.488216
 
     C    2        0.038252       -0.122470       -0.077199
     C    2       -0.122470       -0.013514       -0.071233
     C    2       -0.077199       -0.071233       -0.024738
 
     C    3       -0.065060        0.032780       -0.054300
     C    3        0.032780       -0.015127       -0.084589
     C    3       -0.054300       -0.084589        0.080187
 
     H    4        0.000000       -0.000000       -0.000000
     H    4       -0.000000        0.000000        0.000000
     H    4       -0.000000        0.000000       -0.000000
 
     C    5       -0.040735        0.038351       -0.050448
     C    5        0.038351       -0.035893       -0.090855
     C    5       -0.050448       -0.090855        0.076629
 
     H    6        0.000000       -0.000000       -0.000000
     H    6       -0.000000        0.000000        0.000000
     H    6       -0.000000        0.000000       -0.000000
 
     H    7        0.000000       -0.000000       -0.000000
     H    7       -0.000000        0.000000        0.000000
     H    7       -0.000000        0.000000       -0.000000
 
     C    8       -0.052072       -0.041566       -0.052552
     C    8       -0.041566       -0.021073        0.087573
     C    8       -0.052552        0.087573        0.073145
 
     H    9        0.000000       -0.000000       -0.000000
     H    9       -0.000000        0.000000        0.000000
     H    9       -0.000000        0.000000       -0.000000
 
     C   10       -0.067185       -0.029735       -0.062365
     C   10       -0.029735       -0.016037        0.080033
     C   10       -0.062365        0.080033        0.083222
 
     C   11        0.060886        0.147392       -0.055815
     C   11        0.147392       -0.004894        0.087477
     C   11       -0.055815        0.087477       -0.055992
 
     Cl  12        0.951406        2.581091        0.180087
     Cl  12        2.581091        0.680493        0.334894
     Cl  12        0.180087        0.334894       -1.631899
 
     H   13        0.000000       -0.000000       -0.000000
     H   13       -0.000000        0.000000        0.000000
     H   13       -0.000000        0.000000       -0.000000
 
     C   14       -0.044720        0.033270       -0.044552
     C   14        0.033270       -0.031624       -0.089783
     C   14       -0.044552       -0.089783        0.076343
 
     H   15        0.000000       -0.000000       -0.000000
     H   15       -0.000000        0.000000        0.000000
     H   15       -0.000000        0.000000       -0.000000
 
     C   16       -0.064662        0.030365       -0.057718
     C   16        0.030365       -0.021828       -0.080358
     C   16       -0.057718       -0.080358        0.086490
 
     C   17        0.046773       -0.156566       -0.068155
     C   17       -0.156566        0.003688       -0.074695
     C   17       -0.068155       -0.074695       -0.050461
 
     Cl  18        1.290781       -2.536600        0.007952
     Cl  18       -2.536600        0.339708       -0.134780
     Cl  18        0.007952       -0.134780       -1.630490
 
     H   19        0.000000       -0.000000       -0.000000
     H   19       -0.000000        0.000000        0.000000
     H   19       -0.000000        0.000000       -0.000000
 
     C   20       -0.040769       -0.046171       -0.053575
     C   20       -0.046171       -0.020086        0.089980
     C   20       -0.053575        0.089980        0.060856
 
     H   21        0.000000       -0.000000       -0.000000
     H   21       -0.000000        0.000000        0.000000
     H   21       -0.000000        0.000000       -0.000000
 
     C   22       -0.062255       -0.029584       -0.061843
     C   22       -0.029584       -0.010395        0.080116
     C   22       -0.061843        0.080116        0.072650
 
     C   23        0.042544        0.124779       -0.066669
     C   23        0.124779       -0.002384        0.084395
     C   23       -0.066669        0.084395       -0.040160
 
     Cl  24        0.710263        2.499616       -0.289782
     Cl  24        2.499616        0.843064       -0.057841
     Cl  24       -0.289782       -0.057841       -1.553328
 
     ----- total EFG -----
     Cl   1        1.774973       -2.480538       -0.433030
     Cl   1       -2.480538       -0.144392        0.079814
     Cl   1       -0.433030        0.079814       -1.630581
 
     C    2        0.049304       -0.226361       -0.167105
     C    2       -0.226361       -0.027769       -0.166818
     C    2       -0.167105       -0.166818       -0.021535
 
     C    3       -0.137609        0.078104       -0.116733
     C    3        0.078104       -0.042253       -0.189279
     C    3       -0.116733       -0.189279        0.179862
 
     H    4        0.193788        0.081612        0.158960
     H    4        0.081612       -0.117158        0.044469
     H    4        0.158960        0.044469       -0.076631
 
     C    5       -0.106386        0.090209       -0.116334
     C    5        0.090209       -0.069088       -0.194432
     C    5       -0.116334       -0.194432        0.175473
 
     H    6       -0.139271        0.024371        0.018333
     H    6        0.024371        0.165557        0.195220
     H    6        0.018333        0.195220       -0.026285
 
     H    7       -0.146906        0.018634       -0.010184
     H    7        0.018634        0.177320       -0.196844
     H    7       -0.010184       -0.196844       -0.030414
 
     C    8       -0.130796       -0.091086       -0.120939
     C    8       -0.091086       -0.037361        0.190822
     C    8       -0.120939        0.190822        0.168157
 
     H    9        0.156642       -0.112106        0.164783
     H    9       -0.112106       -0.098290       -0.070016
     H    9        0.164783       -0.070016       -0.058352
 
     C   10       -0.145455       -0.074478       -0.132102
     C   10       -0.074478       -0.044503        0.178632
     C   10       -0.132102        0.178632        0.189958
 
     C   11        0.109091        0.275823       -0.135248
     C   11        0.275823       -0.021505        0.194004
     C   11       -0.135248        0.194004       -0.087586
 
     Cl  12        1.044467        2.825464        0.199984
     Cl  12        2.825464        0.743962        0.365444
     Cl  12        0.199984        0.365444       -1.788430
 
     H   13       -0.139151        0.023883        0.020017
     H   13        0.023883        0.168111        0.193615
     H   13        0.020017        0.193615       -0.028961
 
     C   14       -0.115462        0.077702       -0.103215
     C   14        0.077702       -0.060253       -0.193489
     C   14       -0.103215       -0.193489        0.175715
 
     H   15        0.190013        0.080084        0.167282
     H   15        0.080084       -0.121814        0.047414
     H   15        0.167282        0.047414       -0.068199
 
     C   16       -0.137739        0.074706       -0.122595
     C   16        0.074706       -0.057287       -0.179648
     C   16       -0.122595       -0.179648        0.195026
 
     C   17        0.073459       -0.297319       -0.155743
     C   17       -0.297319       -0.000639       -0.168918
     C   17       -0.155743       -0.168918       -0.072820
 
     Cl  18        1.414243       -2.776616        0.010723
     Cl  18       -2.776616        0.372512       -0.146720
     Cl  18        0.010723       -0.146720       -1.786755
 
     H   19       -0.142922        0.020656       -0.011927
     H   19        0.020656        0.159232       -0.200941
     H   19       -0.011927       -0.200941       -0.016310
 
     C   20       -0.107055       -0.104099       -0.124508
     C   20       -0.104099       -0.033386        0.194576
     C   20       -0.124508        0.194576        0.140440
 
     H   21        0.142751       -0.098746        0.181907
     H   21       -0.098746       -0.105617       -0.071953
     H   21        0.181907       -0.071953       -0.037134
 
     C   22       -0.135378       -0.075245       -0.129606
     C   22       -0.075245       -0.028383        0.179858
     C   22       -0.129606        0.179858        0.163762
 
     C   23        0.069784        0.228082       -0.149198
     C   23        0.228082       -0.017031        0.192191
     C   23       -0.149198        0.192191       -0.052754
 
     Cl  24        0.781858        2.736332       -0.313556
     Cl  24        2.736332        0.920449       -0.063178
     Cl  24       -0.313556       -0.063178       -1.702308
 
     ----- total EFG (symmetrized) -----
     Cl   1        1.774973       -2.480538       -0.433030
     Cl   1       -2.480538       -0.144392        0.079814
     Cl   1       -0.433030        0.079814       -1.630581
 
     C    2        0.049304       -0.226361       -0.167105
     C    2       -0.226361       -0.027769       -0.166818
     C    2       -0.167105       -0.166818       -0.021535
 
     C    3       -0.137609        0.078104       -0.116733
     C    3        0.078104       -0.042253       -0.189279
     C    3       -0.116733       -0.189279        0.179862
 
     H    4        0.193788        0.081612        0.158960
     H    4        0.081612       -0.117158        0.044469
     H    4        0.158960        0.044469       -0.076631
 
     C    5       -0.106386        0.090209       -0.116334
     C    5        0.090209       -0.069088       -0.194432
     C    5       -0.116334       -0.194432        0.175473
 
     H    6       -0.139271        0.024371        0.018333
     H    6        0.024371        0.165557        0.195220
     H    6        0.018333        0.195220       -0.026285
 
     H    7       -0.146906        0.018634       -0.010184
     H    7        0.018634        0.177320       -0.196844
     H    7       -0.010184       -0.196844       -0.030414
 
     C    8       -0.130796       -0.091086       -0.120939
     C    8       -0.091086       -0.037361        0.190822
     C    8       -0.120939        0.190822        0.168157
 
     H    9        0.156642       -0.112106        0.164783
     H    9       -0.112106       -0.098290       -0.070016
     H    9        0.164783       -0.070016       -0.058352
 
     C   10       -0.145455       -0.074478       -0.132102
     C   10       -0.074478       -0.044503        0.178632
     C   10       -0.132102        0.178632        0.189958
 
     C   11        0.109091        0.275823       -0.135248
     C   11        0.275823       -0.021505        0.194004
     C   11       -0.135248        0.194004       -0.087586
 
     Cl  12        1.044467        2.825464        0.199984
     Cl  12        2.825464        0.743962        0.365444
     Cl  12        0.199984        0.365444       -1.788430
 
     H   13       -0.139151        0.023883        0.020017
     H   13        0.023883        0.168111        0.193615
     H   13        0.020017        0.193615       -0.028961
 
     C   14       -0.115462        0.077702       -0.103215
     C   14        0.077702       -0.060253       -0.193489
     C   14       -0.103215       -0.193489        0.175715
 
     H   15        0.190013        0.080084        0.167282
     H   15        0.080084       -0.121814        0.047414
     H   15        0.167282        0.047414       -0.068199
 
     C   16       -0.137739        0.074706       -0.122595
     C   16        0.074706       -0.057287       -0.179648
     C   16       -0.122595       -0.179648        0.195026
 
     C   17        0.073459       -0.297319       -0.155743
     C   17       -0.297319       -0.000639       -0.168918
     C   17       -0.155743       -0.168918       -0.072820
 
     Cl  18        1.414243       -2.776616        0.010723
     Cl  18       -2.776616        0.372512       -0.146720
     Cl  18        0.010723       -0.146720       -1.786755
 
     H   19       -0.142922        0.020656       -0.011927
     H   19        0.020656        0.159232       -0.200941
     H   19       -0.011927       -0.200941       -0.016310
 
     C   20       -0.107055       -0.104099       -0.124508
     C   20       -0.104099       -0.033386        0.194576
     C   20       -0.124508        0.194576        0.140440
 
     H   21        0.142751       -0.098746        0.181907
     H   21       -0.098746       -0.105617       -0.071953
     H   21        0.181907       -0.071953       -0.037134
 
     C   22       -0.135378       -0.075245       -0.129606
     C   22       -0.075245       -0.028383        0.179858
     C   22       -0.129606        0.179858        0.163762
 
     C   23        0.069784        0.228082       -0.149198
     C   23        0.228082       -0.017031        0.192191
     C   23       -0.149198        0.192191       -0.052754
 
     Cl  24        0.781858        2.736332       -0.313556
     Cl  24        2.736332        0.920449       -0.063178
     Cl  24       -0.313556       -0.063178       -1.702308
 
 
     NQR/NMR SPECTROSCOPIC PARAMETERS:
     Cl   1    Vxx=   -1.5529    axis=( -0.238965 -0.469022  0.850243)
     Cl   1    Vyy=   -1.9536    axis=( -0.514017 -0.681770 -0.520554)
     Cl   1    Vzz=    3.5065    axis=( -0.823822  0.561434  0.078166)
     Cl   1  Q=        -8.1650 1e-30 m^2  Cq=       -67.2713 MHz  eta= 0.11428
 
     C    2    Vxx=    0.1323    axis=( -0.238163 -0.518771  0.821069)
     C    2    Vyy=    0.2432    axis=( -0.800052  0.584085  0.136972)
     C    2    Vzz=   -0.3755    axis=( -0.550631 -0.624276 -0.554152)
     C    2  Q=         1.0000 1e-30 m^2  Cq=        -0.8823 MHz  eta= 0.29516
 
     C    3    Vxx=   -0.1479    axis=(  0.269763  0.789145  0.551795)
     C    3    Vyy=   -0.1823    axis=( -0.919162  0.381825 -0.096701)
     C    3    Vzz=    0.3302    axis=( -0.287000 -0.481102  0.828355)
     C    3  Q=         1.0000 1e-30 m^2  Cq=         0.7759 MHz  eta= 0.10427
 
     H    4    Vxx=   -0.1359    axis=( -0.349798  0.898885  0.263908)
     H    4    Vyy=   -0.1526    axis=( -0.311368 -0.377242  0.872203)
     H    4    Vzz=    0.2885    axis=( -0.883567 -0.222923 -0.411843)
     H    4  Q=         1.0000 1e-30 m^2  Cq=         0.6778 MHz  eta= 0.05807
 
     C    5    Vxx=   -0.1415    axis=(  0.806193  0.324333  0.494834)
     C    5    Vyy=   -0.1898    axis=( -0.500215  0.820297  0.277306)
     C    5    Vzz=    0.3313    axis=( -0.315971 -0.471086  0.823554)
     C    5  Q=         1.0000 1e-30 m^2  Cq=         0.7785 MHz  eta= 0.14586
 
     H    6    Vxx=   -0.1405    axis=(  0.938457 -0.235762  0.252416)
     H    6    Vyy=   -0.1488    axis=( -0.338079 -0.477400  0.811044)
     H    6    Vzz=    0.2893    axis=(  0.070710  0.846467  0.527726)
     H    6  Q=         1.0000 1e-30 m^2  Cq=         0.6797 MHz  eta= 0.02895
 
     H    7    Vxx=   -0.1474    axis=(  0.880068  0.208185  0.426777)
     H    7    Vyy=   -0.1496    axis=(  0.472441 -0.474244 -0.742894)
     H    7    Vzz=    0.2970    axis=( -0.047737 -0.855425  0.515722)
     H    7  Q=         1.0000 1e-30 m^2  Cq=         0.6979 MHz  eta= 0.00727
 
     C    8    Vxx=   -0.1447    axis=( -0.377943  0.718208 -0.584239)
     C    8    Vyy=   -0.1866    axis=( -0.872352 -0.487617 -0.035107)
     C    8    Vzz=    0.3312    axis=( -0.310099  0.496394  0.810822)
     C    8  Q=         1.0000 1e-30 m^2  Cq=         0.7783 MHz  eta= 0.12656
 
     H    9    Vxx=   -0.1373    axis=(  0.514354  0.757514 -0.402010)
     H    9    Vyy=   -0.1534    axis=( -0.216450  0.568271  0.793863)
     H    9    Vzz=    0.2907    axis=( -0.829813  0.321312 -0.456256)
     H    9  Q=         1.0000 1e-30 m^2  Cq=         0.6829 MHz  eta= 0.05555
 
     C   10    Vxx=   -0.1408    axis=( -0.047561  0.870822 -0.489292)
     C   10    Vyy=   -0.1935    axis=(  0.952325  0.187317  0.240810)
     C   10    Vzz=    0.3343    axis=( -0.301356  0.454512  0.838215)
     C   10  Q=         1.0000 1e-30 m^2  Cq=         0.7855 MHz  eta= 0.15765
 
     C   11    Vxx=    0.0838    axis=( -0.402356  0.432486  0.806887)
     C   11    Vyy=    0.3279    axis=( -0.771820 -0.634253 -0.044914)
     C   11    Vzz=   -0.4117    axis=(  0.492345 -0.640843  0.588996)
     C   11  Q=         1.0000 1e-30 m^2  Cq=        -0.9674 MHz  eta= 0.59273
 
     Cl  12    Vxx=   -1.7357    axis=( -0.414251  0.348083  0.840972)
     Cl  12    Vyy=   -2.0164    axis=( -0.553288  0.637345 -0.536342)
     Cl  12    Vzz=    3.7521    axis=(  0.722682  0.687480  0.071430)
     Cl  12  Q=        -8.1650 1e-30 m^2  Cq=       -71.9816 MHz  eta= 0.07482
 
     H   13    Vxx=   -0.1390    axis=(  0.883057 -0.297496  0.362913)
     H   13    Vyy=   -0.1501    axis=( -0.463738 -0.434891  0.771892)
     H   13    Vzz=    0.2890    axis=(  0.071807  0.849921  0.521994)
     H   13  Q=         1.0000 1e-30 m^2  Cq=         0.6791 MHz  eta= 0.03840
 
     C   14    Vxx=   -0.1426    axis=(  0.811498  0.344090  0.472306)
     C   14    Vyy=   -0.1793    axis=(  0.512185 -0.807924 -0.291419)
     C   14    Vzz=    0.3219    axis=( -0.281313 -0.478394  0.831867)
     C   14  Q=         1.0000 1e-30 m^2  Cq=         0.7563 MHz  eta= 0.11406
 
     H   15    Vxx=   -0.1384    axis=( -0.394184  0.840609  0.371478)
     H   15    Vyy=   -0.1546    axis=( -0.283361 -0.495679  0.820980)
     H   15    Vzz=    0.2930    axis=( -0.874257 -0.218355 -0.433584)
     H   15  Q=         1.0000 1e-30 m^2  Cq=         0.6884 MHz  eta= 0.05512
 
     C   16    Vxx=   -0.1481    axis=(  0.256042  0.815752  0.518644)
     C   16    Vyy=   -0.1840    axis=(  0.921596 -0.367912  0.123703)
     C   16    Vzz=    0.3321    axis=( -0.291726 -0.446307  0.845994)
     C   16  Q=         1.0000 1e-30 m^2  Cq=         0.7802 MHz  eta= 0.10829
 
     C   17    Vxx=    0.0806    axis=( -0.355702 -0.426981  0.831362)
     C   17    Vyy=    0.3361    axis=( -0.753342  0.657450  0.015340)
     C   17    Vzz=   -0.4167    axis=( -0.553129 -0.620844 -0.555519)
     C   17  Q=         1.0000 1e-30 m^2  Cq=        -0.9790 MHz  eta= 0.61327
 
     Cl  18    Vxx=   -1.7323    axis=(  0.312530  0.350754 -0.882778)
     Cl  18    Vyy=   -1.9881    axis=(  0.557389  0.684804  0.469426)
     Cl  18    Vzz=    3.7203    axis=(  0.769183 -0.638760  0.018516)
     Cl  18  Q=        -8.1650 1e-30 m^2  Cq=       -71.3723 MHz  eta= 0.06876
 
     H   19    Vxx=   -0.1438    axis=( -0.948181 -0.128163 -0.290736)
     H   19    Vyy=   -0.1483    axis=( -0.312993  0.534206  0.785277)
     H   19    Vzz=    0.2920    axis=( -0.054670 -0.835583  0.546638)
     H   19  Q=         1.0000 1e-30 m^2  Cq=         0.6862 MHz  eta= 0.01529
 
     C   20    Vxx=   -0.1446    axis=( -0.591309  0.522034 -0.614682)
     C   20    Vyy=   -0.1820    axis=( -0.727123 -0.674769  0.126409)
     C   20    Vzz=    0.3266    axis=( -0.348779  0.521696  0.778580)
     C   20  Q=         1.0000 1e-30 m^2  Cq=         0.7674 MHz  eta= 0.11461
 
     H   21    Vxx=   -0.1371    axis=(  0.501448  0.795763 -0.339575)
     H   21    Vyy=   -0.1559    axis=( -0.306221  0.530320  0.790563)
     H   21    Vzz=    0.2930    axis=( -0.809184  0.292441 -0.509607)
     H   21  Q=         1.0000 1e-30 m^2  Cq=         0.6884 MHz  eta= 0.06391
 
     C   22    Vxx=   -0.1361    axis=(  0.038844  0.864264 -0.501536)
     C   22    Vyy=   -0.1847    axis=( -0.949263 -0.124838 -0.288645)
     C   22    Vzz=    0.3208    axis=( -0.312076  0.487302  0.815565)
     C   22  Q=         1.0000 1e-30 m^2  Cq=         0.7538 MHz  eta= 0.15132
 
     C   23    Vxx=    0.1254    axis=( -0.412373  0.426180  0.805183)
     C   23    Vyy=    0.2589    axis=( -0.755801 -0.653505 -0.041184)
     C   23    Vzz=   -0.3843    axis=(  0.508639 -0.625541  0.591595)
     C   23  Q=         1.0000 1e-30 m^2  Cq=        -0.9028 MHz  eta= 0.34738
 
     Cl  24    Vxx=   -1.6014    axis=( -0.352958  0.404116  0.843867)
     Cl  24    Vyy=   -2.0001    axis=(  0.622617 -0.571785  0.534237)
     Cl  24    Vzz=    3.6015    axis=( -0.698404 -0.713970  0.049793)
     Cl  24  Q=        -8.1650 1e-30 m^2  Cq=       -69.0936 MHz  eta= 0.11070
 
     Initialization:
     gipaw_setup  :      0.19s CPU      0.30s WALL (       1 calls)
 
     Linear response
 
     Apply operators
 
     Induced current
 
     Other routines
     efg          :      0.64s CPU      0.76s WALL (       1 calls)
 
     General routines
     calbec       :      0.05s CPU      0.05s WALL (      16 calls)
     fft          :      0.06s CPU      0.10s WALL (      15 calls)
     ffts         :      0.00s CPU      0.00s WALL (       2 calls)
     fftw         :      0.36s CPU      0.41s WALL (     672 calls)
     davcio       :      0.01s CPU      0.08s WALL (      32 calls)
 
     Parallel routines
     fft_scatter  :      0.27s CPU      0.29s WALL (     689 calls)
 
     Plugins
 
     GIPAW        :      3.82s CPU      4.87s WALL (       1 calls)
