
     Program QE v.6.0 starts on 20May2017 at 14: 5:17 

     This program is part of the open-source Quantum ESPRESSO suite
     for quantum simulation of materials; please cite
         "P. Giannozzi et al., J. Phys.:Condens. Matter 21 395502 (2009);
          URL http://www.quantum-espresso.org", 
     in publications or presentations arising from this work. More details at
     http://www.quantum-espresso.org/quote
 
           ARCH :    x86_64
             CC :    icc
            CPP :    cpp
            F90 :    ifort
            F77 :    ifort
         DFLAGS :    -D__INTEL -D__DFTI
      BLAS LIBS :    -lmkl_intel_lp64  -lmkl_sequential -lmkl_core
    LAPACK LIBS :    
       FFT LIBS :    
      MASS LIBS :    

     Parallel version (MPI & OpenMP), running on      32 processor cores
     Number of MPI processes:                32
     Threads/MPI process:                     1
     R & G space division:  proc/nbgrp/npool/nimage =      32
 
     ***** This is GIPAW svn revision unknown      *****
 
     Parallelizing q-star over 1 images

     Reading data from directory:
     ./scratch/scf-2146.save

   Info: using nr1, nr2, nr3 values from input

   Info: using nr1, nr2, nr3 values from input

     IMPORTANT: XC functional enforced from input :
     Exchange-correlation      =  SLA  PW   PBX  PBC ( 1  4  3  4 0 0)
     Any further DFT definition will be discarded
     Please, verify this is what you really want

               file C.pbe-n-kjpaw_psl.1.0.0.UPF: wavefunction(s)  2S 2P renormalized
               file Cl.pbe-n-kjpaw_psl.1.0.0.UPF: wavefunction(s)  3S 3P renormalized
               file H.pbe-kjpaw_psl.1.0.0.UPF: wavefunction(s)  1S renormalized
 
     Parallelization info
     --------------------
     sticks:   dense  smooth     PW     G-vecs:    dense   smooth      PW
     Min         764     305     83                36108     9133    1292
     Max         765     306     84                36110     9135    1293
     Sum       24467    9791   2657              1155489   292295   41363
 

     Subspace diagonalization in iterative solution of the eigenvalue problem:
     a serial algorithm will be used

     GIPAW projectors -----------------------------------------------
     atom=  C    l=0  rc=    1.2000  rs=    0.8000
     atom=  C    l=0  rc=    1.2000  rs=    0.8000
     atom=  C    l=1  rc=    1.4000  rs=    0.9333
     atom=  C    l=1  rc=    1.4000  rs=    0.9333
     projs nearly linearly dependent: l=1  n1,n2= 1, 2  s=  0.99951561
 
     atom=  Cl   l=0  rc=    1.6000  rs=    1.0667
     atom=  Cl   l=0  rc=    1.6000  rs=    1.0667
     atom=  Cl   l=1  rc=    1.6000  rs=    1.0667
     atom=  Cl   l=1  rc=    1.6000  rs=    1.0667
     atom=  Cl   l=2  rc=    1.6000  rs=    1.0667
     atom=  Cl   l=2  rc=    1.6000  rs=    1.0667
     projs nearly linearly dependent: l=2  n1,n2= 1, 2  s=  0.99993509
 
     atom=  H    l=0  rc=    1.0000  rs=    0.6667
     atom=  H    l=0  rc=    1.0000  rs=    0.6667
     projs nearly linearly dependent: l=0  n1,n2= 1, 2  s=  0.99968852
     -----------------------------------------------------------------
 
     GIPAW integrals: -------------------------------------------
     Atom  i/j   nmr_para   nmr_dia   epr_rmc  epr_para   epr_dia
       C   1 1   0.83E+03  0.17E-01  0.93E+01  0.24E+08  0.24E+03
       C   2 1   0.86E+03 -0.61E-01  0.94E+01  0.25E+08  0.25E+03
       C   2 2   0.90E+03 -0.15E+00  0.97E+01  0.26E+08  0.26E+03
       C   3 3   0.33E+01  0.34E+00  0.18E+01  0.55E+03  0.21E+02
       C   4 3   0.35E+01  0.37E+00  0.20E+01  0.59E+03  0.22E+02
       C   4 4   0.38E+01  0.39E+00  0.22E+01  0.63E+03  0.24E+02
       Cl  1 1   0.14E+04 -0.47E+00  0.84E+01  0.32E+09  0.42E+03
       Cl  2 1   0.21E+04 -0.37E+00  0.12E+02  0.49E+09  0.65E+03
       Cl  2 2   0.33E+04 -0.16E+00  0.21E+02  0.76E+09  0.10E+04
       Cl  3 3   0.21E+02  0.79E-01  0.89E+01  0.23E+05  0.13E+03
       Cl  4 3   0.24E+02  0.67E-01  0.99E+01  0.27E+05  0.15E+03
       Cl  4 4   0.28E+02  0.44E-01  0.11E+02  0.32E+05  0.18E+03
       Cl  5 5   0.77E+00  0.19E+00  0.18E+01  0.12E+03  0.22E+02
       Cl  6 5   0.80E+00  0.19E+00  0.19E+01  0.12E+03  0.23E+02
       Cl  6 6   0.83E+00  0.20E+00  0.19E+01  0.12E+03  0.23E+02
       H   1 1   0.39E+02  0.19E+00  0.29E+00  0.78E+05  0.13E+02
       H   2 1   0.41E+02  0.21E+00  0.32E+00  0.82E+05  0.14E+02
       H   2 2   0.43E+02  0.22E+00  0.36E+00  0.86E+05  0.15E+02
     ------------------------------------------------------------
 
     alpha_pv=     34.6575 eV
 
     Number of occupied bands for each k-point:
     k-point:     1    nbnd_occ=  42
     k-point:     2    nbnd_occ=  42
     k-point:     3    nbnd_occ=  42
     k-point:     4    nbnd_occ=  42
     k-point:     5    nbnd_occ=  42
     k-point:     6    nbnd_occ=  42
     k-point:     7    nbnd_occ=  42
     k-point:     8    nbnd_occ=  42
     k-point:     9    nbnd_occ=  42
     k-point:    10    nbnd_occ=  42
     k-point:    11    nbnd_occ=  42
     k-point:    12    nbnd_occ=  42
     k-point:    13    nbnd_occ=  42
     k-point:    14    nbnd_occ=  42
     k-point:    15    nbnd_occ=  42
     k-point:    16    nbnd_occ=  42
 
 
     q-space interpolation up to   110.00 Rydberg
 
     GIPAW job: efg                                                                             
 
 
     ELECTRIC FIELD GRADIENTS TENSORS IN Hartree/bohrradius^2:
 
     ----- bare term -----
     Cl   1       -0.009025       -0.035710       -0.038685
     Cl   1       -0.035710        0.047922        0.028093
     Cl   1       -0.038685        0.028093       -0.038897
 
     C    2       -0.108740       -0.004090       -0.311833
     C    2       -0.004090       -0.126550       -0.530378
     C    2       -0.311833       -0.530378        0.235290
 
     C    3       -0.204656        0.285003       -0.251787
     C    3        0.285003       -0.174090       -0.502065
     C    3       -0.251787       -0.502065        0.378746
 
     H    4       -0.373067       -0.217928       -0.509934
     H    4       -0.217928        0.284861       -0.201734
     H    4       -0.509934       -0.201734        0.088206
 
     C    5       -0.349940        0.254733       -0.353011
     C    5        0.254733       -0.044023       -0.414428
     C    5       -0.353011       -0.414428        0.393963
 
     H    6        0.377600       -0.070828       -0.069792
     H    6       -0.070828       -0.436368       -0.554069
     H    6       -0.069792       -0.554069        0.058768
 
     H    7        0.363550        0.080972       -0.050272
     H    7        0.080972       -0.485350        0.528577
     H    7       -0.050272        0.528577        0.121800
 
     C    8       -0.441136       -0.203139       -0.227096
     C    8       -0.203139       -0.039764        0.440992
     C    8       -0.227096        0.440992        0.480900
 
     H    9       -0.494302        0.260048       -0.420583
     H    9        0.260048        0.317005        0.185025
     H    9       -0.420583        0.185025        0.177296
 
     C   10       -0.287480       -0.230791       -0.177305
     C   10       -0.230791       -0.154881        0.531979
     C   10       -0.177305        0.531979        0.442361
 
     C   11       -0.238591       -0.047470       -0.303207
     C   11       -0.047470       -0.089338        0.518503
     C   11       -0.303207        0.518503        0.327929
 
     Cl  12        0.009402        0.026825       -0.016687
     Cl  12        0.026825       -0.015794        0.005371
     Cl  12       -0.016687        0.005371        0.006392
 
     H   13        0.358305       -0.090140       -0.037046
     H   13       -0.090140       -0.518762       -0.486193
     H   13       -0.037046       -0.486193        0.160457
 
     C   14       -0.386582        0.228255       -0.297095
     C   14        0.228255       -0.088139       -0.415657
     C   14       -0.297095       -0.415657        0.474721
 
     H   15       -0.500382       -0.216991       -0.483858
     H   15       -0.216991        0.295702       -0.186847
     H   15       -0.483858       -0.186847        0.204680
 
     C   16       -0.236542        0.269540       -0.234337
     C   16        0.269540       -0.243125       -0.482843
     C   16       -0.234337       -0.482843        0.479667
 
     C   17       -0.173839        0.159821       -0.393900
     C   17        0.159821       -0.207212       -0.476988
     C   17       -0.393900       -0.476988        0.381051
 
     Cl  18       -0.054538        0.020311       -0.040240
     Cl  18        0.020311        0.001499       -0.018060
     Cl  18       -0.040240       -0.018060        0.053040
 
     H   19        0.382281        0.063578       -0.048855
     H   19        0.063578       -0.390792        0.588449
     H   19       -0.048855        0.588449        0.008511
 
     C   20       -0.402797       -0.233081       -0.268595
     C   20       -0.233081       -0.008035        0.445919
     C   20       -0.268595        0.445919        0.410832
 
     H   21       -0.488370        0.240120       -0.459385
     H   21        0.240120        0.303788        0.179087
     H   21       -0.459385        0.179087        0.184582
 
     C   22       -0.243154       -0.268765       -0.202109
     C   22       -0.268765       -0.107671        0.532983
     C   22       -0.202109        0.532983        0.350825
 
     C   23       -0.194461        0.007130       -0.264970
     C   23        0.007130       -0.048591        0.550681
     C   23       -0.264970        0.550681        0.243052
 
     Cl  24       -0.023818        0.032834       -0.041062
     Cl  24        0.032834        0.043645       -0.015874
     Cl  24       -0.041062       -0.015874       -0.019827
 
     ----- ionic term -----
     Cl   1        0.108256       -0.204460       -0.023829
     Cl   1       -0.204460        0.003948        0.021310
     Cl   1       -0.023829        0.021310       -0.112204
 
     C    2        0.153289       -0.133043        0.222008
     C    2       -0.133043        0.115356        0.436614
     C    2        0.222008        0.436614       -0.268646
 
     C    3        0.136380       -0.230954        0.180695
     C    3       -0.230954        0.158203        0.402559
     C    3        0.180695        0.402559       -0.294583
 
     H    4        0.535254        0.287061        0.697063
     H    4        0.287061       -0.410608        0.252120
     H    4        0.697063        0.252120       -0.124646
 
     C    5        0.288357       -0.203016        0.277302
     C    5       -0.203016        0.021048        0.315758
     C    5        0.277302        0.315758       -0.309405
 
     H    6       -0.519077        0.076191        0.076202
     H    6        0.076191        0.603389        0.747168
     H    6        0.076202        0.747168       -0.084312
 
     H    7       -0.503806       -0.097660        0.061613
     H    7       -0.097660        0.659768       -0.720825
     H    7        0.061613       -0.720825       -0.155961
 
     C    8        0.361195        0.156932        0.174479
     C    8        0.156932        0.017613       -0.331851
     C    8        0.174479       -0.331851       -0.378808
 
     H    9        0.684473       -0.364061        0.574485
     H    9       -0.364061       -0.421767       -0.240660
     H    9        0.574485       -0.240660       -0.262706
 
     C   10        0.202058        0.190193        0.121767
     C   10        0.190193        0.134587       -0.423212
     C   10        0.121767       -0.423212       -0.336646
 
     C   11        0.258787        0.154191        0.210169
     C   11        0.154191        0.074815       -0.426488
     C   11        0.210169       -0.426488       -0.333603
 
     Cl  12        0.129407        0.193351       -0.030386
     Cl  12        0.193351        0.017259       -0.024051
     Cl  12       -0.030386       -0.024051       -0.146666
 
     H   13       -0.502222        0.106426        0.050343
     H   13        0.106426        0.712243        0.670530
     H   13        0.050343        0.670530       -0.210021
 
     C   14        0.310575       -0.179942        0.229328
     C   14       -0.179942        0.054698        0.312780
     C   14        0.229328        0.312780       -0.365272
 
     H   15        0.666903        0.303957        0.662252
     H   15        0.303957       -0.414680        0.243099
     H   15        0.662252        0.243099       -0.252224
 
     C   16        0.173033       -0.217711        0.169146
     C   16       -0.217711        0.204796        0.393492
     C   16        0.169146        0.393492       -0.377829
 
     C   17        0.182205       -0.234954        0.305513
     C   17       -0.234954        0.188017        0.374963
     C   17        0.305513        0.374963       -0.370222
 
     Cl  18        0.134071       -0.240771        0.029190
     Cl  18       -0.240771        0.053903        0.001162
     Cl  18        0.029190        0.001162       -0.187974
 
     H   19       -0.522307       -0.065937        0.055487
     H   19       -0.065937        0.527124       -0.792243
     H   19        0.055487       -0.792243       -0.004818
 
     C   20        0.330559        0.186421        0.213248
     C   20        0.186421       -0.005099       -0.334513
     C   20        0.213248       -0.334513       -0.325460
 
     H   21        0.669090       -0.324444        0.633740
     H   21       -0.324444       -0.427265       -0.233200
     H   21        0.633740       -0.233200       -0.241825
 
     C   22        0.171291        0.220267        0.148245
     C   22        0.220267        0.093508       -0.429766
     C   22        0.148245       -0.429766       -0.264799
 
     C   23        0.221247        0.125369        0.172595
     C   23        0.125369        0.045573       -0.458555
     C   23        0.172595       -0.458555       -0.266820
 
     Cl  24        0.132755        0.198750       -0.019240
     Cl  24        0.198750       -0.004675       -0.025623
     Cl  24       -0.019240       -0.025623       -0.128079
 
     ----- GIPAW term -----
     Cl   1        1.002927       -2.530256       -0.699799
     Cl   1       -2.530256        0.551959        0.519193
     Cl   1       -0.699799        0.519193       -1.554886
 
     C    2        0.057377       -0.152864       -0.079289
     C    2       -0.152864       -0.001924       -0.065556
     C    2       -0.079289       -0.065556       -0.055453
 
     C    3       -0.062843        0.036711       -0.065224
     C    3        0.036711       -0.003489       -0.079984
     C    3       -0.065224       -0.079984        0.066333
 
     H    4        0.000000       -0.000000       -0.000000
     H    4       -0.000000        0.000000        0.000000
     H    4       -0.000000        0.000000       -0.000000
 
     C    5       -0.041283        0.040775       -0.056623
     C    5        0.040775       -0.025981       -0.083424
     C    5       -0.056623       -0.083424        0.067264
 
     H    6        0.000000       -0.000000       -0.000000
     H    6       -0.000000        0.000000        0.000000
     H    6       -0.000000        0.000000       -0.000000
 
     H    7        0.000000       -0.000000       -0.000000
     H    7       -0.000000        0.000000        0.000000
     H    7       -0.000000        0.000000       -0.000000
 
     C    8       -0.052800       -0.035797       -0.040781
     C    8       -0.035797       -0.025074        0.094794
     C    8       -0.040781        0.094794        0.077874
 
     H    9        0.000000       -0.000000       -0.000000
     H    9       -0.000000        0.000000        0.000000
     H    9       -0.000000        0.000000       -0.000000
 
     C   10       -0.075388       -0.026639       -0.049939
     C   10       -0.026639       -0.009032        0.089258
     C   10       -0.049939        0.089258        0.084420
 
     C   11        0.046371        0.124367       -0.081116
     C   11        0.124367       -0.012583        0.067141
     C   11       -0.081116        0.067141       -0.033788
 
     Cl  12        1.460527        2.299557       -0.529661
     Cl  12        2.299557        0.014134       -0.198173
     Cl  12       -0.529661       -0.198173       -1.474661
 
     H   13        0.000000       -0.000000       -0.000000
     H   13       -0.000000        0.000000        0.000000
     H   13       -0.000000        0.000000       -0.000000
 
     C   14       -0.051029        0.038374       -0.053007
     C   14        0.038374       -0.033960       -0.089106
     C   14       -0.053007       -0.089106        0.084989
 
     H   15        0.000000       -0.000000       -0.000000
     H   15       -0.000000        0.000000        0.000000
     H   15       -0.000000        0.000000       -0.000000
 
     C   16       -0.056420        0.036670       -0.057058
     C   16        0.036670       -0.021974       -0.071924
     C   16       -0.057058       -0.071924        0.078394
 
     C   17        0.024176       -0.098026       -0.068255
     C   17       -0.098026       -0.005977       -0.083346
     C   17       -0.068255       -0.083346       -0.018200
 
     Cl  18        0.829048       -2.337119       -0.137841
     Cl  18       -2.337119        0.577756       -0.188534
     Cl  18       -0.137841       -0.188534       -1.406803
 
     H   19        0.000000       -0.000000       -0.000000
     H   19       -0.000000        0.000000        0.000000
     H   19       -0.000000        0.000000       -0.000000
 
     C   20       -0.047737       -0.034636       -0.039792
     C   20       -0.034636       -0.018947        0.096455
     C   20       -0.039792        0.096455        0.066685
 
     H   21        0.000000       -0.000000       -0.000000
     H   21       -0.000000        0.000000        0.000000
     H   21       -0.000000        0.000000       -0.000000
 
     C   22       -0.064219       -0.032721       -0.049136
     C   22       -0.032721       -0.004717        0.082825
     C   22       -0.049136        0.082825        0.068936
 
     C   23        0.045952        0.149413       -0.081416
     C   23        0.149413        0.000601        0.064398
     C   23       -0.081416        0.064398       -0.046553
 
     Cl  24        1.143578        2.460584       -0.664020
     Cl  24        2.460584        0.397117       -0.439081
     Cl  24       -0.664020       -0.439081       -1.540695
 
     ----- total EFG -----
     Cl   1        1.102159       -2.770426       -0.762313
     Cl   1       -2.770426        0.603829        0.568597
     Cl   1       -0.762313        0.568597       -1.705988
 
     C    2        0.101927       -0.289997       -0.169113
     C    2       -0.289997       -0.013118       -0.159319
     C    2       -0.169113       -0.159319       -0.088809
 
     C    3       -0.131120        0.090760       -0.136316
     C    3        0.090760       -0.019377       -0.179490
     C    3       -0.136316       -0.179490        0.150497
 
     H    4        0.162188        0.069133        0.187129
     H    4        0.069133       -0.125747        0.050386
     H    4        0.187129        0.050386       -0.036441
 
     C    5       -0.102866        0.092492       -0.132333
     C    5        0.092492       -0.048956       -0.182094
     C    5       -0.132333       -0.182094        0.151822
 
     H    6       -0.141478        0.005364        0.006410
     H    6        0.005364        0.167021        0.193099
     H    6        0.006410        0.193099       -0.025543
 
     H    7       -0.140256       -0.016688        0.011341
     H    7       -0.016688        0.174418       -0.192248
     H    7        0.011341       -0.192248       -0.034162
 
     C    8       -0.132742       -0.082004       -0.093398
     C    8       -0.082004       -0.047225        0.203935
     C    8       -0.093398        0.203935        0.179967
 
     H    9        0.190171       -0.104014        0.153902
     H    9       -0.104014       -0.104761       -0.055634
     H    9        0.153902       -0.055634       -0.085410
 
     C   10       -0.160809       -0.067236       -0.105477
     C   10       -0.067236       -0.029325        0.198025
     C   10       -0.105477        0.198025        0.190135
 
     C   11        0.066567        0.231089       -0.174154
     C   11        0.231089       -0.027106        0.159155
     C   11       -0.174154        0.159155       -0.039461
 
     Cl  12        1.599336        2.519732       -0.576734
     Cl  12        2.519732        0.015598       -0.216852
     Cl  12       -0.576734       -0.216852       -1.614934
 
     H   13       -0.143917        0.016286        0.013297
     H   13        0.016286        0.193481        0.184337
     H   13        0.013297        0.184337       -0.049564
 
     C   14       -0.127036        0.086688       -0.120774
     C   14        0.086688       -0.067401       -0.191983
     C   14       -0.120774       -0.191983        0.194437
 
     H   15        0.166521        0.086966        0.178394
     H   15        0.086966       -0.118978        0.056252
     H   15        0.178394        0.056252       -0.047543
 
     C   16       -0.119928        0.088499       -0.122249
     C   16        0.088499       -0.060304       -0.161275
     C   16       -0.122249       -0.161275        0.180232
 
     C   17        0.032542       -0.173159       -0.156642
     C   17       -0.173159       -0.025172       -0.185371
     C   17       -0.156642       -0.185371       -0.007370
 
     Cl  18        0.908580       -2.557578       -0.148891
     Cl  18       -2.557578        0.633158       -0.205433
     Cl  18       -0.148891       -0.205433       -1.541737
 
     H   19       -0.140026       -0.002359        0.006632
     H   19       -0.002359        0.136332       -0.203794
     H   19        0.006632       -0.203794        0.003694
 
     C   20       -0.119975       -0.081297       -0.095139
     C   20       -0.081297       -0.032081        0.207860
     C   20       -0.095139        0.207860        0.152056
 
     H   21        0.180719       -0.084324        0.174355
     H   21       -0.084324       -0.123477       -0.054113
     H   21        0.174355       -0.054113       -0.057243
 
     C   22       -0.136083       -0.081220       -0.103001
     C   22       -0.081220       -0.018880        0.186043
     C   22       -0.103001        0.186043        0.154962
 
     C   23        0.072738        0.281912       -0.173792
     C   23        0.281912       -0.002417        0.156524
     C   23       -0.173792        0.156524       -0.070321
 
     Cl  24        1.252514        2.692168       -0.724322
     Cl  24        2.692168        0.436087       -0.480578
     Cl  24       -0.724322       -0.480578       -1.688601
 
     ----- total EFG (symmetrized) -----
     Cl   1        1.102159       -2.770426       -0.762313
     Cl   1       -2.770426        0.603829        0.568597
     Cl   1       -0.762313        0.568597       -1.705988
 
     C    2        0.101927       -0.289997       -0.169113
     C    2       -0.289997       -0.013118       -0.159319
     C    2       -0.169113       -0.159319       -0.088809
 
     C    3       -0.131120        0.090760       -0.136316
     C    3        0.090760       -0.019377       -0.179490
     C    3       -0.136316       -0.179490        0.150497
 
     H    4        0.162188        0.069133        0.187129
     H    4        0.069133       -0.125747        0.050386
     H    4        0.187129        0.050386       -0.036441
 
     C    5       -0.102866        0.092492       -0.132333
     C    5        0.092492       -0.048956       -0.182094
     C    5       -0.132333       -0.182094        0.151822
 
     H    6       -0.141478        0.005364        0.006410
     H    6        0.005364        0.167021        0.193099
     H    6        0.006410        0.193099       -0.025543
 
     H    7       -0.140256       -0.016688        0.011341
     H    7       -0.016688        0.174418       -0.192248
     H    7        0.011341       -0.192248       -0.034162
 
     C    8       -0.132742       -0.082004       -0.093398
     C    8       -0.082004       -0.047225        0.203935
     C    8       -0.093398        0.203935        0.179967
 
     H    9        0.190171       -0.104014        0.153902
     H    9       -0.104014       -0.104761       -0.055634
     H    9        0.153902       -0.055634       -0.085410
 
     C   10       -0.160809       -0.067236       -0.105477
     C   10       -0.067236       -0.029325        0.198025
     C   10       -0.105477        0.198025        0.190135
 
     C   11        0.066567        0.231089       -0.174154
     C   11        0.231089       -0.027106        0.159155
     C   11       -0.174154        0.159155       -0.039461
 
     Cl  12        1.599336        2.519732       -0.576734
     Cl  12        2.519732        0.015598       -0.216852
     Cl  12       -0.576734       -0.216852       -1.614934
 
     H   13       -0.143917        0.016286        0.013297
     H   13        0.016286        0.193481        0.184337
     H   13        0.013297        0.184337       -0.049564
 
     C   14       -0.127036        0.086688       -0.120774
     C   14        0.086688       -0.067401       -0.191983
     C   14       -0.120774       -0.191983        0.194437
 
     H   15        0.166521        0.086966        0.178394
     H   15        0.086966       -0.118978        0.056252
     H   15        0.178394        0.056252       -0.047543
 
     C   16       -0.119928        0.088499       -0.122249
     C   16        0.088499       -0.060304       -0.161275
     C   16       -0.122249       -0.161275        0.180232
 
     C   17        0.032542       -0.173159       -0.156642
     C   17       -0.173159       -0.025172       -0.185371
     C   17       -0.156642       -0.185371       -0.007370
 
     Cl  18        0.908580       -2.557578       -0.148891
     Cl  18       -2.557578        0.633158       -0.205433
     Cl  18       -0.148891       -0.205433       -1.541737
 
     H   19       -0.140026       -0.002359        0.006632
     H   19       -0.002359        0.136332       -0.203794
     H   19        0.006632       -0.203794        0.003694
 
     C   20       -0.119975       -0.081297       -0.095139
     C   20       -0.081297       -0.032081        0.207860
     C   20       -0.095139        0.207860        0.152056
 
     H   21        0.180719       -0.084324        0.174355
     H   21       -0.084324       -0.123477       -0.054113
     H   21        0.174355       -0.054113       -0.057243
 
     C   22       -0.136083       -0.081220       -0.103001
     C   22       -0.081220       -0.018880        0.186043
     C   22       -0.103001        0.186043        0.154962
 
     C   23        0.072738        0.281912       -0.173792
     C   23        0.281912       -0.002417        0.156524
     C   23       -0.173792        0.156524       -0.070321
 
     Cl  24        1.252514        2.692168       -0.724322
     Cl  24        2.692168        0.436087       -0.480578
     Cl  24       -0.724322       -0.480578       -1.688601
 
 
     NQR/NMR SPECTROSCOPIC PARAMETERS:
     Cl   1    Vxx=   -1.8007    axis=( -0.295145 -0.528310  0.796102)
     Cl   1    Vyy=   -1.9967    axis=( -0.617256 -0.530571 -0.580938)
     Cl   1    Vzz=    3.7974    axis=(  0.729304 -0.662860 -0.169507)
     Cl   1  Q=        -8.1650 1e-30 m^2  Cq=       -72.8504 MHz  eta= 0.05160
 
     C    2    Vxx=    0.0721    axis=( -0.297557 -0.503560  0.811102)
     C    2    Vyy=    0.3426    axis=( -0.790751  0.606044  0.086162)
     C    2    Vzz=   -0.4148    axis=( -0.534952 -0.615742 -0.578523)
     C    2  Q=         1.0000 1e-30 m^2  Cq=        -0.9745 MHz  eta= 0.65212
 
     C    3    Vxx=   -0.1328    axis=(  0.057086  0.830700  0.553786)
     C    3    Vyy=   -0.1903    axis=( -0.939023  0.233069 -0.252815)
     C    3    Vzz=    0.3231    axis=( -0.339084 -0.505586  0.793351)
     C    3  Q=         1.0000 1e-30 m^2  Cq=         0.7593 MHz  eta= 0.17810
 
     H    4    Vxx=   -0.1381    axis=(  0.432957 -0.810011 -0.395512)
     H    4    Vyy=   -0.1540    axis=(  0.332350  0.551301 -0.765252)
     H    4    Vzz=    0.2921    axis=( -0.837909 -0.199873 -0.507897)
     H    4  Q=         1.0000 1e-30 m^2  Cq=         0.6863 MHz  eta= 0.05448
 
     C    5    Vxx=   -0.1482    axis=(  0.546305  0.587114  0.597368)
     C    5    Vyy=   -0.1724    axis=( -0.758376  0.649474  0.055224)
     C    5    Vzz=    0.3206    axis=( -0.355552 -0.483199  0.800064)
     C    5  Q=         1.0000 1e-30 m^2  Cq=         0.7533 MHz  eta= 0.07571
 
     H    6    Vxx=   -0.1402    axis=(  0.878519 -0.265114  0.397390)
     H    6    Vyy=   -0.1465    axis=( -0.477348 -0.454920  0.751789)
     H    6    Vzz=    0.2867    axis=(  0.018529  0.850154  0.526208)
     H    6  Q=         1.0000 1e-30 m^2  Cq=         0.6735 MHz  eta= 0.02185
 
     H    7    Vxx=   -0.1410    axis=( -0.986439 -0.120263 -0.111688)
     H    7    Vyy=   -0.1488    axis=( -0.157317  0.498849  0.852292)
     H    7    Vzz=    0.2898    axis=(  0.046783 -0.858305  0.511003)
     H    7  Q=         1.0000 1e-30 m^2  Cq=         0.6809 MHz  eta= 0.02682
 
     C    8    Vxx=   -0.1433    axis=( -0.699037  0.496181 -0.514929)
     C    8    Vyy=   -0.1886    axis=( -0.668221 -0.709654  0.223321)
     C    8    Vzz=    0.3320    axis=( -0.254613  0.500196  0.827633)
     C    8  Q=         1.0000 1e-30 m^2  Cq=         0.7800 MHz  eta= 0.13642
 
     H    9    Vxx=   -0.1360    axis=(  0.402843  0.877332 -0.260780)
     H    9    Vyy=   -0.1577    axis=( -0.273657  0.387342  0.880385)
     H    9    Vzz=    0.2937    axis=( -0.873401  0.283293 -0.396126)
     H    9  Q=         1.0000 1e-30 m^2  Cq=         0.6901 MHz  eta= 0.07403
 
     C   10    Vxx=   -0.1456    axis=( -0.087878  0.845679 -0.526407)
     C   10    Vyy=   -0.1925    axis=(  0.966023  0.201293  0.162111)
     C   10    Vzz=    0.3381    axis=( -0.243056  0.494276  0.834635)
     C   10  Q=         1.0000 1e-30 m^2  Cq=         0.7945 MHz  eta= 0.13876
 
     C   11    Vxx=    0.1162    axis=( -0.204866  0.560630  0.802324)
     C   11    Vyy=    0.2617    axis=(  0.813931  0.552863 -0.178488)
     C   11    Vzz=   -0.3779    axis=( -0.543641  0.616471 -0.569578)
     C   11  Q=         1.0000 1e-30 m^2  Cq=        -0.8880 MHz  eta= 0.38499
 
     Cl  12    Vxx=   -1.5771    axis=( -0.240853  0.494742  0.834997)
     Cl  12    Vyy=   -1.9403    axis=(  0.545240 -0.642763  0.538116)
     Cl  12    Vzz=    3.5173    axis=( -0.802934 -0.584881  0.114942)
     Cl  12  Q=        -8.1650 1e-30 m^2  Cq=       -67.4785 MHz  eta= 0.10326
 
     H   13    Vxx=   -0.1424    axis=(  0.848606 -0.285544  0.445346)
     H   13    Vyy=   -0.1513    axis=( -0.526923 -0.381235  0.759613)
     H   13    Vzz=    0.2937    axis=(  0.047121  0.879275  0.473977)
     H   13  Q=         1.0000 1e-30 m^2  Cq=         0.6901 MHz  eta= 0.03025
 
     C   14    Vxx=   -0.1517    axis=(  0.633013  0.561880  0.532527)
     C   14    Vyy=   -0.1905    axis=(  0.713683 -0.690071 -0.120244)
     C   14    Vzz=    0.3422    axis=( -0.299919 -0.456171  0.837829)
     C   14  Q=         1.0000 1e-30 m^2  Cq=         0.8040 MHz  eta= 0.11343
 
     H   15    Vxx=   -0.1405    axis=(  0.464478 -0.780101 -0.419168)
     H   15    Vyy=   -0.1529    axis=(  0.273151  0.576446 -0.770129)
     H   15    Vzz=    0.2935    axis=( -0.842407 -0.243212 -0.480832)
     H   15  Q=         1.0000 1e-30 m^2  Cq=         0.6895 MHz  eta= 0.04222
 
     C   16    Vxx=   -0.1289    axis=(  0.445534  0.709320  0.546227)
     C   16    Vyy=   -0.1837    axis=( -0.833628  0.551166 -0.035779)
     C   16    Vzz=    0.3126    axis=( -0.326441 -0.439409  0.836873)
     C   16  Q=         1.0000 1e-30 m^2  Cq=         0.7345 MHz  eta= 0.17524
 
     C   17    Vxx=    0.1666    axis=( -0.391323 -0.432018  0.812544)
     C   17    Vyy=    0.1792    axis=( -0.755764  0.654650 -0.015910)
     C   17    Vzz=   -0.3459    axis=( -0.525058 -0.620317 -0.582683)
     C   17  Q=         1.0000 1e-30 m^2  Cq=        -0.8126 MHz  eta= 0.03645
 
     Cl  18    Vxx=   -1.3857    axis=( -0.367390 -0.379007  0.849340)
     Cl  18    Vyy=   -1.9467    axis=(  0.581808  0.618808  0.527803)
     Cl  18    Vzz=    3.3324    axis=( -0.725619  0.688062 -0.006835)
     Cl  18  Q=        -8.1650 1e-30 m^2  Cq=       -63.9300 MHz  eta= 0.16837
 
     H   19    Vxx=   -0.1377    axis=(  0.856140  0.313090  0.411094)
     H   19    Vyy=   -0.1467    axis=(  0.516563 -0.497487 -0.696900)
     H   19    Vzz=    0.2844    axis=(  0.013679 -0.809000  0.587649)
     H   19  Q=         1.0000 1e-30 m^2  Cq=         0.6682 MHz  eta= 0.03164
 
     C   20    Vxx=   -0.1442    axis=( -0.796413  0.344233 -0.497223)
     C   20    Vyy=   -0.1780    axis=( -0.540892 -0.773194  0.331068)
     C   20    Vzz=    0.3222    axis=( -0.270485  0.532611  0.801975)
     C   20  Q=         1.0000 1e-30 m^2  Cq=         0.7570 MHz  eta= 0.10466
 
     H   21    Vxx=   -0.1400    axis=(  0.464370  0.730392 -0.500888)
     H   21    Vyy=   -0.1566    axis=( -0.218865  0.642664  0.734222)
     H   21    Vzz=    0.2966    axis=( -0.858172  0.231323 -0.458291)
     H   21  Q=         1.0000 1e-30 m^2  Cq=         0.6968 MHz  eta= 0.05599
 
     C   22    Vxx=   -0.1334    axis=( -0.282975  0.756727 -0.589312)
     C   22    Vyy=   -0.1781    axis=( -0.917301 -0.392990 -0.064164)
     C   22    Vzz=    0.3115    axis=( -0.280148  0.522420  0.805353)
     C   22  Q=         1.0000 1e-30 m^2  Cq=         0.7318 MHz  eta= 0.14348
 
     C   23    Vxx=    0.0869    axis=( -0.299501  0.489756  0.818803)
     C   23    Vyy=    0.3221    axis=( -0.773342 -0.627235  0.092300)
     C   23    Vzz=   -0.4090    axis=(  0.558786 -0.605571  0.566606)
     C   23  Q=         1.0000 1e-30 m^2  Cq=        -0.9610 MHz  eta= 0.57521
 
     Cl  24    Vxx=   -1.7430    axis=( -0.306793  0.550295  0.776565)
     Cl  24    Vyy=   -1.9622    axis=(  0.585056 -0.534524  0.609913)
     Cl  24    Vzz=    3.7052    axis=(  0.750725  0.641451 -0.157965)
     Cl  24  Q=        -8.1650 1e-30 m^2  Cq=       -71.0829 MHz  eta= 0.05917
 
     Initialization:
     gipaw_setup  :      0.20s CPU      0.30s WALL (       1 calls)
 
     Linear response
 
     Apply operators
 
     Induced current
 
     Other routines
     efg          :      0.64s CPU      0.75s WALL (       1 calls)
 
     General routines
     calbec       :      0.05s CPU      0.06s WALL (      16 calls)
     fft          :      0.06s CPU      0.10s WALL (      15 calls)
     ffts         :      0.00s CPU      0.00s WALL (       2 calls)
     fftw         :      0.38s CPU      0.41s WALL (     672 calls)
     davcio       :      0.01s CPU      0.07s WALL (      32 calls)
 
     Parallel routines
     fft_scatter  :      0.28s CPU      0.29s WALL (     689 calls)
 
     Plugins
 
     GIPAW        :      3.81s CPU      4.55s WALL (       1 calls)
