
     Program QE v.6.0 starts on 20May2017 at 14:39:22 

     This program is part of the open-source Quantum ESPRESSO suite
     for quantum simulation of materials; please cite
         "P. Giannozzi et al., J. Phys.:Condens. Matter 21 395502 (2009);
          URL http://www.quantum-espresso.org", 
     in publications or presentations arising from this work. More details at
     http://www.quantum-espresso.org/quote
 
           ARCH :    x86_64
             CC :    icc
            CPP :    cpp
            F90 :    ifort
            F77 :    ifort
         DFLAGS :    -D__INTEL -D__DFTI
      BLAS LIBS :    -lmkl_intel_lp64  -lmkl_sequential -lmkl_core
    LAPACK LIBS :    
       FFT LIBS :    
      MASS LIBS :    

     Parallel version (MPI & OpenMP), running on      32 processor cores
     Number of MPI processes:                32
     Threads/MPI process:                     1
     R & G space division:  proc/nbgrp/npool/nimage =      32
 
     ***** This is GIPAW svn revision unknown      *****
 
     Parallelizing q-star over 1 images

     Reading data from directory:
     ./scratch/scf-1880.save

   Info: using nr1, nr2, nr3 values from input

   Info: using nr1, nr2, nr3 values from input

     IMPORTANT: XC functional enforced from input :
     Exchange-correlation      =  SLA  PW   PBX  PBC ( 1  4  3  4 0 0)
     Any further DFT definition will be discarded
     Please, verify this is what you really want

               file C.pbe-n-kjpaw_psl.1.0.0.UPF: wavefunction(s)  2S 2P renormalized
               file Cl.pbe-n-kjpaw_psl.1.0.0.UPF: wavefunction(s)  3S 3P renormalized
               file H.pbe-kjpaw_psl.1.0.0.UPF: wavefunction(s)  1S renormalized
 
     Parallelization info
     --------------------
     sticks:   dense  smooth     PW     G-vecs:    dense   smooth      PW
     Min         764     305     83                36108     9133    1292
     Max         765     306     84                36110     9135    1293
     Sum       24467    9791   2657              1155489   292295   41363
 

     Subspace diagonalization in iterative solution of the eigenvalue problem:
     a serial algorithm will be used

     GIPAW projectors -----------------------------------------------
     atom=  C    l=0  rc=    1.2000  rs=    0.8000
     atom=  C    l=0  rc=    1.2000  rs=    0.8000
     atom=  C    l=1  rc=    1.4000  rs=    0.9333
     atom=  C    l=1  rc=    1.4000  rs=    0.9333
     projs nearly linearly dependent: l=1  n1,n2= 1, 2  s=  0.99951561
 
     atom=  Cl   l=0  rc=    1.6000  rs=    1.0667
     atom=  Cl   l=0  rc=    1.6000  rs=    1.0667
     atom=  Cl   l=1  rc=    1.6000  rs=    1.0667
     atom=  Cl   l=1  rc=    1.6000  rs=    1.0667
     atom=  Cl   l=2  rc=    1.6000  rs=    1.0667
     atom=  Cl   l=2  rc=    1.6000  rs=    1.0667
     projs nearly linearly dependent: l=2  n1,n2= 1, 2  s=  0.99993509
 
     atom=  H    l=0  rc=    1.0000  rs=    0.6667
     atom=  H    l=0  rc=    1.0000  rs=    0.6667
     projs nearly linearly dependent: l=0  n1,n2= 1, 2  s=  0.99968852
     -----------------------------------------------------------------
 
     GIPAW integrals: -------------------------------------------
     Atom  i/j   nmr_para   nmr_dia   epr_rmc  epr_para   epr_dia
       C   1 1   0.83E+03  0.17E-01  0.93E+01  0.24E+08  0.24E+03
       C   2 1   0.86E+03 -0.61E-01  0.94E+01  0.25E+08  0.25E+03
       C   2 2   0.90E+03 -0.15E+00  0.97E+01  0.26E+08  0.26E+03
       C   3 3   0.33E+01  0.34E+00  0.18E+01  0.55E+03  0.21E+02
       C   4 3   0.35E+01  0.37E+00  0.20E+01  0.59E+03  0.22E+02
       C   4 4   0.38E+01  0.39E+00  0.22E+01  0.63E+03  0.24E+02
       Cl  1 1   0.14E+04 -0.47E+00  0.84E+01  0.32E+09  0.42E+03
       Cl  2 1   0.21E+04 -0.37E+00  0.12E+02  0.49E+09  0.65E+03
       Cl  2 2   0.33E+04 -0.16E+00  0.21E+02  0.76E+09  0.10E+04
       Cl  3 3   0.21E+02  0.79E-01  0.89E+01  0.23E+05  0.13E+03
       Cl  4 3   0.24E+02  0.67E-01  0.99E+01  0.27E+05  0.15E+03
       Cl  4 4   0.28E+02  0.44E-01  0.11E+02  0.32E+05  0.18E+03
       Cl  5 5   0.77E+00  0.19E+00  0.18E+01  0.12E+03  0.22E+02
       Cl  6 5   0.80E+00  0.19E+00  0.19E+01  0.12E+03  0.23E+02
       Cl  6 6   0.83E+00  0.20E+00  0.19E+01  0.12E+03  0.23E+02
       H   1 1   0.39E+02  0.19E+00  0.29E+00  0.78E+05  0.13E+02
       H   2 1   0.41E+02  0.21E+00  0.32E+00  0.82E+05  0.14E+02
       H   2 2   0.43E+02  0.22E+00  0.36E+00  0.86E+05  0.15E+02
     ------------------------------------------------------------
 
     alpha_pv=     34.0150 eV
 
     Number of occupied bands for each k-point:
     k-point:     1    nbnd_occ=  42
     k-point:     2    nbnd_occ=  42
     k-point:     3    nbnd_occ=  42
     k-point:     4    nbnd_occ=  42
     k-point:     5    nbnd_occ=  42
     k-point:     6    nbnd_occ=  42
     k-point:     7    nbnd_occ=  42
     k-point:     8    nbnd_occ=  42
     k-point:     9    nbnd_occ=  42
     k-point:    10    nbnd_occ=  42
     k-point:    11    nbnd_occ=  42
     k-point:    12    nbnd_occ=  42
     k-point:    13    nbnd_occ=  42
     k-point:    14    nbnd_occ=  42
     k-point:    15    nbnd_occ=  42
     k-point:    16    nbnd_occ=  42
 
 
     q-space interpolation up to   110.00 Rydberg
 
     GIPAW job: efg                                                                             
 
 
     ELECTRIC FIELD GRADIENTS TENSORS IN Hartree/bohrradius^2:
 
     ----- bare term -----
     Cl   1        0.020789       -0.039049       -0.016651
     Cl   1       -0.039049        0.004936        0.002699
     Cl   1       -0.016651        0.002699       -0.025725
 
     C    2       -0.081907        0.074582       -0.388046
     C    2        0.074582       -0.044389       -0.509884
     C    2       -0.388046       -0.509884        0.126297
 
     C    3       -0.098719        0.367981       -0.303642
     C    3        0.367981       -0.182093       -0.481714
     C    3       -0.303642       -0.481714        0.280812
 
     H    4       -0.376950       -0.110220       -0.535442
     H    4       -0.110220        0.362321       -0.144036
     H    4       -0.535442       -0.144036        0.014628
 
     C    5       -0.209531        0.308008       -0.413159
     C    5        0.308008       -0.075080       -0.382984
     C    5       -0.413159       -0.382984        0.284611
 
     H    6        0.396321       -0.089290       -0.082889
     H    6       -0.089290       -0.347176       -0.575639
     H    6       -0.082889       -0.575639       -0.049145
 
     H    7        0.367967        0.100749       -0.082473
     H    7        0.100749       -0.409033        0.544628
     H    7       -0.082473        0.544628        0.041066
 
     C    8       -0.303890       -0.298143       -0.355892
     C    8       -0.298143       -0.050286        0.415630
     C    8       -0.355892        0.415630        0.354176
 
     H    9       -0.409623        0.135796       -0.510903
     H    9        0.135796        0.358775        0.162295
     H    9       -0.510903        0.162295        0.050847
 
     C   10       -0.170958       -0.324929       -0.270280
     C   10       -0.324929       -0.179256        0.511999
     C   10       -0.270280        0.511999        0.350214
 
     C   11       -0.205171       -0.098656       -0.394735
     C   11       -0.098656       -0.060146        0.489898
     C   11       -0.394735        0.489898        0.265317
 
     Cl  12        0.020267       -0.000220       -0.006072
     Cl  12       -0.000220       -0.025834        0.020012
     Cl  12       -0.006072        0.020012        0.005567
 
     H   13        0.368040       -0.122646       -0.067256
     H   13       -0.122646       -0.424603       -0.526154
     H   13       -0.067256       -0.526154        0.056563
 
     C   14       -0.266189        0.284697       -0.377231
     C   14        0.284697       -0.080844       -0.404700
     C   14       -0.377231       -0.404700        0.347033
 
     H   15       -0.411022       -0.116952       -0.557169
     H   15       -0.116952        0.329598       -0.154831
     H   15       -0.557169       -0.154831        0.081424
 
     C   16       -0.148009        0.343829       -0.295142
     C   16        0.343829       -0.223489       -0.465222
     C   16       -0.295142       -0.465222        0.371498
 
     C   17       -0.122406        0.177872       -0.475634
     C   17        0.177872       -0.106993       -0.420789
     C   17       -0.475634       -0.420789        0.229398
 
     Cl  18       -0.012851        0.009205       -0.024061
     Cl  18        0.009205       -0.011443       -0.024044
     Cl  18       -0.024061       -0.024044        0.024294
 
     H   19        0.381835        0.131429       -0.082670
     H   19        0.131429       -0.449372        0.544840
     H   19       -0.082670        0.544840        0.067537
 
     C   20       -0.313951       -0.254327       -0.349805
     C   20       -0.254327       -0.089186        0.404992
     C   20       -0.349805        0.404992        0.403137
 
     H   21       -0.468797        0.158434       -0.543058
     H   21        0.158434        0.348277        0.158326
     H   21       -0.543058        0.158326        0.120521
 
     C   22       -0.179246       -0.292078       -0.281094
     C   22       -0.292078       -0.207244        0.491958
     C   22       -0.281094        0.491958        0.386490
 
     C   23       -0.105985       -0.048472       -0.392262
     C   23       -0.048472       -0.095693        0.495300
     C   23       -0.392262        0.495300        0.201678
 
     Cl  24        0.007703        0.046045       -0.037342
     Cl  24        0.046045        0.016349       -0.011066
     Cl  24       -0.037342       -0.011066       -0.024052
 
     ----- ionic term -----
     Cl   1        0.101206       -0.200435       -0.005164
     Cl   1       -0.200435        0.030198        0.006303
     Cl   1       -0.005164        0.006303       -0.131403
 
     C    2        0.128309       -0.197577        0.297486
     C    2       -0.197577        0.054074        0.408975
     C    2        0.297486        0.408975       -0.182383
 
     C    3        0.053062       -0.297476        0.217924
     C    3       -0.297476        0.164191        0.386593
     C    3        0.217924        0.386593       -0.217253
 
     H    4        0.530588        0.142138        0.737877
     H    4        0.142138       -0.499418        0.174242
     H    4        0.737877        0.174242       -0.031170
 
     C    5        0.175485       -0.243032        0.327126
     C    5       -0.243032        0.048778        0.287819
     C    5        0.327126        0.287819       -0.224263
 
     H    6       -0.534891        0.108310        0.104399
     H    6        0.108310        0.475097        0.781681
     H    6        0.104399        0.781681        0.059794
 
     H    7       -0.508365       -0.127269        0.105706
     H    7       -0.127269        0.560411       -0.746307
     H    7        0.105706       -0.746307       -0.052046
 
     C    8        0.245738        0.236208        0.278980
     C    8        0.236208        0.023261       -0.309720
     C    8        0.278980       -0.309720       -0.268998
 
     H    9        0.569469       -0.177607        0.707920
     H    9       -0.177607       -0.491924       -0.197330
     H    9        0.707920       -0.197330       -0.077546
 
     C   10        0.117995        0.261251        0.191268
     C   10        0.261251        0.153705       -0.410764
     C   10        0.191268       -0.410764       -0.271700
 
     C   11        0.223610        0.197379        0.302762
     C   11        0.197379        0.062411       -0.387561
     C   11        0.302762       -0.387561       -0.286020
 
     Cl  12        0.126391        0.223035        0.004890
     Cl  12        0.223035        0.027253       -0.004031
     Cl  12        0.004890       -0.004031       -0.153644
 
     H   13       -0.508020        0.150484        0.093140
     H   13        0.150484        0.581010        0.725826
     H   13        0.093140        0.725826       -0.072989
 
     C   14        0.215019       -0.221145        0.293481
     C   14       -0.221145        0.050102        0.301927
     C   14        0.293481        0.301927       -0.265121
 
     H   15        0.570011        0.158177        0.755135
     H   15        0.158177       -0.467926        0.189194
     H   15        0.755135        0.189194       -0.102085
 
     C   16        0.100745       -0.278627        0.213965
     C   16       -0.278627        0.189092        0.379967
     C   16        0.213965        0.379967       -0.289837
 
     C   17        0.143438       -0.254442        0.382853
     C   17       -0.254442        0.111610        0.318651
     C   17        0.382853        0.318651       -0.255048
 
     Cl  18        0.109635       -0.229845        0.056611
     Cl  18       -0.229845        0.053022       -0.027350
     Cl  18        0.056611       -0.027350       -0.162657
 
     H   19       -0.516634       -0.162741        0.109002
     H   19       -0.162741        0.611761       -0.736350
     H   19        0.109002       -0.736350       -0.095128
 
     C   20        0.261860        0.203189        0.276171
     C   20        0.203189        0.053925       -0.304801
     C   20        0.276171       -0.304801       -0.315786
 
     H   21        0.644454       -0.214163        0.728163
     H   21       -0.214163       -0.480294       -0.197692
     H   21        0.728163       -0.197692       -0.164161
 
     C   22        0.121287        0.234956        0.205948
     C   22        0.234956        0.183512       -0.395495
     C   22        0.205948       -0.395495       -0.304799
 
     C   23        0.140492        0.175866        0.289467
     C   23        0.175866        0.102548       -0.405594
     C   23        0.289467       -0.405594       -0.243040
 
     Cl  24        0.097852        0.190013       -0.012384
     Cl  24        0.190013        0.027318       -0.021966
     Cl  24       -0.012384       -0.021966       -0.125170
 
     ----- GIPAW term -----
     Cl   1        1.265933       -2.526716       -0.265140
     Cl   1       -2.526716        0.377175        0.094286
     Cl   1       -0.265140        0.094286       -1.643107
 
     C    2        0.060129       -0.143424       -0.073756
     C    2       -0.143424        0.014411       -0.075313
     C    2       -0.073756       -0.075313       -0.074540
 
     C    3       -0.043811        0.051704       -0.077335
     C    3        0.051704       -0.004499       -0.075976
     C    3       -0.077335       -0.075976        0.048311
 
     H    4        0.000000       -0.000000       -0.000000
     H    4       -0.000000        0.000000        0.000000
     H    4       -0.000000        0.000000       -0.000000
 
     C    5       -0.018705        0.048883       -0.065408
     C    5        0.048883       -0.027693       -0.082318
     C    5       -0.065408       -0.082318        0.046399
 
     H    6        0.000000       -0.000000       -0.000000
     H    6       -0.000000        0.000000        0.000000
     H    6       -0.000000        0.000000       -0.000000
 
     H    7        0.000000       -0.000000       -0.000000
     H    7       -0.000000        0.000000        0.000000
     H    7       -0.000000        0.000000       -0.000000
 
     C    8       -0.037567       -0.046375       -0.058545
     C    8       -0.046375       -0.028763        0.092966
     C    8       -0.058545        0.092966        0.066330
 
     H    9        0.000000       -0.000000       -0.000000
     H    9       -0.000000        0.000000        0.000000
     H    9       -0.000000        0.000000       -0.000000
 
     C   10       -0.048500       -0.048090       -0.069058
     C   10       -0.048090       -0.014183        0.080873
     C   10       -0.069058        0.080873        0.062683
 
     C   11        0.041615        0.119504       -0.072335
     C   11        0.119504        0.005225        0.081162
     C   11       -0.072335        0.081162       -0.046840
 
     Cl  12        1.545092        2.344843       -0.037343
     Cl  12        2.344843        0.004573        0.182679
     Cl  12       -0.037343        0.182679       -1.549665
 
     H   13        0.000000       -0.000000       -0.000000
     H   13       -0.000000        0.000000        0.000000
     H   13       -0.000000        0.000000       -0.000000
 
     C   14       -0.030394        0.049540       -0.065590
     C   14        0.049540       -0.030647       -0.089521
     C   14       -0.065590       -0.089521        0.061040
 
     H   15        0.000000       -0.000000       -0.000000
     H   15       -0.000000        0.000000        0.000000
     H   15       -0.000000        0.000000       -0.000000
 
     C   16       -0.045892        0.050262       -0.069760
     C   16        0.050262       -0.016675       -0.063835
     C   16       -0.069760       -0.063835        0.062567
 
     C   17        0.032719       -0.100061       -0.065832
     C   17       -0.100061        0.017453       -0.084191
     C   17       -0.065832       -0.084191       -0.050172
 
     Cl  18        1.028546       -2.339698        0.329363
     Cl  18       -2.339698        0.408396       -0.568894
     Cl  18        0.329363       -0.568894       -1.436942
 
     H   19        0.000000       -0.000000       -0.000000
     H   19       -0.000000        0.000000        0.000000
     H   19       -0.000000        0.000000       -0.000000
 
     C   20       -0.030457       -0.037916       -0.056406
     C   20       -0.037916       -0.035657        0.087459
     C   20       -0.056406        0.087459        0.066114
 
     H   21        0.000000       -0.000000       -0.000000
     H   21       -0.000000        0.000000        0.000000
     H   21       -0.000000        0.000000       -0.000000
 
     C   22       -0.053842       -0.041002       -0.066263
     C   22       -0.041002       -0.008234        0.078555
     C   22       -0.066263        0.078555        0.062076
 
     C   23        0.049829        0.146105       -0.087525
     C   23        0.146105        0.012531        0.063909
     C   23       -0.087525        0.063909       -0.062361
 
     Cl  24        1.107816        2.499523       -0.554939
     Cl  24        2.499523        0.447355       -0.348778
     Cl  24       -0.554939       -0.348778       -1.555171
 
     ----- total EFG -----
     Cl   1        1.387927       -2.766199       -0.286955
     Cl   1       -2.766199        0.412308        0.103288
     Cl   1       -0.286955        0.103288       -1.800236
 
     C    2        0.106531       -0.266419       -0.164317
     C    2       -0.266419        0.024096       -0.176223
     C    2       -0.164317       -0.176223       -0.130627
 
     C    3       -0.089468        0.122209       -0.163052
     C    3        0.122209       -0.022402       -0.171097
     C    3       -0.163052       -0.171097        0.111869
 
     H    4        0.153638        0.031918        0.202435
     H    4        0.031918       -0.137096        0.030207
     H    4        0.202435        0.030207       -0.016542
 
     C    5       -0.052751        0.113859       -0.151441
     C    5        0.113859       -0.053995       -0.177483
     C    5       -0.151441       -0.177483        0.106746
 
     H    6       -0.138570        0.019020        0.021510
     H    6        0.019020        0.127922        0.206042
     H    6        0.021510        0.206042        0.010649
 
     H    7       -0.140398       -0.026521        0.023233
     H    7       -0.026521        0.151378       -0.201679
     H    7        0.023233       -0.201679       -0.010980
 
     C    8       -0.095720       -0.108311       -0.135457
     C    8       -0.108311       -0.055788        0.198877
     C    8       -0.135457        0.198877        0.151508
 
     H    9        0.159846       -0.041811        0.197017
     H    9       -0.041811       -0.133148       -0.035035
     H    9        0.197017       -0.035035       -0.026698
 
     C   10       -0.101463       -0.111768       -0.148070
     C   10       -0.111768       -0.039734        0.182108
     C   10       -0.148070        0.182108        0.141197
 
     C   11        0.060053        0.218227       -0.164308
     C   11        0.218227        0.007490        0.183499
     C   11       -0.164308        0.183499       -0.067543
 
     Cl  12        1.691750        2.567658       -0.038525
     Cl  12        2.567658        0.005993        0.198660
     Cl  12       -0.038525        0.198660       -1.697742
 
     H   13       -0.139980        0.027838        0.025884
     H   13        0.027838        0.156406        0.199672
     H   13        0.025884        0.199672       -0.016426
 
     C   14       -0.081564        0.113092       -0.149340
     C   14        0.113092       -0.061388       -0.192293
     C   14       -0.149340       -0.192293        0.142953
 
     H   15        0.158989        0.041226        0.197965
     H   15        0.041226       -0.138328        0.034363
     H   15        0.197965        0.034363       -0.020661
 
     C   16       -0.093157        0.115463       -0.150936
     C   16        0.115463       -0.051072       -0.149091
     C   16       -0.150936       -0.149091        0.144228
 
     C   17        0.053751       -0.176631       -0.158614
     C   17       -0.176631        0.022070       -0.186328
     C   17       -0.158614       -0.186328       -0.075821
 
     Cl  18        1.125330       -2.560339        0.361912
     Cl  18       -2.560339        0.449974       -0.620288
     Cl  18        0.361912       -0.620288       -1.575305
 
     H   19       -0.134799       -0.031312        0.026332
     H   19       -0.031312        0.162390       -0.191510
     H   19        0.026332       -0.191510       -0.027591
 
     C   20       -0.082547       -0.089054       -0.130040
     C   20       -0.089054       -0.070918        0.187650
     C   20       -0.130040        0.187650        0.153465
 
     H   21        0.175657       -0.055729        0.185105
     H   21       -0.055729       -0.132017       -0.039367
     H   21        0.185105       -0.039367       -0.043640
 
     C   22       -0.111800       -0.098123       -0.141409
     C   22       -0.098123       -0.031967        0.175018
     C   22       -0.141409        0.175018        0.143767
 
     C   23        0.084336        0.273498       -0.190320
     C   23        0.273498        0.019387        0.153615
     C   23       -0.190320        0.153615       -0.103723
 
     Cl  24        1.213371        2.735582       -0.604665
     Cl  24        2.735582        0.491021       -0.381810
     Cl  24       -0.604665       -0.381810       -1.704393
 
     ----- total EFG (symmetrized) -----
     Cl   1        1.387927       -2.766199       -0.286955
     Cl   1       -2.766199        0.412308        0.103288
     Cl   1       -0.286955        0.103288       -1.800236
 
     C    2        0.106531       -0.266419       -0.164317
     C    2       -0.266419        0.024096       -0.176223
     C    2       -0.164317       -0.176223       -0.130627
 
     C    3       -0.089468        0.122209       -0.163052
     C    3        0.122209       -0.022402       -0.171097
     C    3       -0.163052       -0.171097        0.111869
 
     H    4        0.153638        0.031918        0.202435
     H    4        0.031918       -0.137096        0.030207
     H    4        0.202435        0.030207       -0.016542
 
     C    5       -0.052751        0.113859       -0.151441
     C    5        0.113859       -0.053995       -0.177483
     C    5       -0.151441       -0.177483        0.106746
 
     H    6       -0.138570        0.019020        0.021510
     H    6        0.019020        0.127922        0.206042
     H    6        0.021510        0.206042        0.010649
 
     H    7       -0.140398       -0.026521        0.023233
     H    7       -0.026521        0.151378       -0.201679
     H    7        0.023233       -0.201679       -0.010980
 
     C    8       -0.095720       -0.108311       -0.135457
     C    8       -0.108311       -0.055788        0.198877
     C    8       -0.135457        0.198877        0.151508
 
     H    9        0.159846       -0.041811        0.197017
     H    9       -0.041811       -0.133148       -0.035035
     H    9        0.197017       -0.035035       -0.026698
 
     C   10       -0.101463       -0.111768       -0.148070
     C   10       -0.111768       -0.039734        0.182108
     C   10       -0.148070        0.182108        0.141197
 
     C   11        0.060053        0.218227       -0.164308
     C   11        0.218227        0.007490        0.183499
     C   11       -0.164308        0.183499       -0.067543
 
     Cl  12        1.691750        2.567658       -0.038525
     Cl  12        2.567658        0.005993        0.198660
     Cl  12       -0.038525        0.198660       -1.697742
 
     H   13       -0.139980        0.027838        0.025884
     H   13        0.027838        0.156406        0.199672
     H   13        0.025884        0.199672       -0.016426
 
     C   14       -0.081564        0.113092       -0.149340
     C   14        0.113092       -0.061388       -0.192293
     C   14       -0.149340       -0.192293        0.142953
 
     H   15        0.158989        0.041226        0.197965
     H   15        0.041226       -0.138328        0.034363
     H   15        0.197965        0.034363       -0.020661
 
     C   16       -0.093157        0.115463       -0.150936
     C   16        0.115463       -0.051072       -0.149091
     C   16       -0.150936       -0.149091        0.144228
 
     C   17        0.053751       -0.176631       -0.158614
     C   17       -0.176631        0.022070       -0.186328
     C   17       -0.158614       -0.186328       -0.075821
 
     Cl  18        1.125330       -2.560339        0.361912
     Cl  18       -2.560339        0.449974       -0.620288
     Cl  18        0.361912       -0.620288       -1.575305
 
     H   19       -0.134799       -0.031312        0.026332
     H   19       -0.031312        0.162390       -0.191510
     H   19        0.026332       -0.191510       -0.027591
 
     C   20       -0.082547       -0.089054       -0.130040
     C   20       -0.089054       -0.070918        0.187650
     C   20       -0.130040        0.187650        0.153465
 
     H   21        0.175657       -0.055729        0.185105
     H   21       -0.055729       -0.132017       -0.039367
     H   21        0.185105       -0.039367       -0.043640
 
     C   22       -0.111800       -0.098123       -0.141409
     C   22       -0.098123       -0.031967        0.175018
     C   22       -0.141409        0.175018        0.143767
 
     C   23        0.084336        0.273498       -0.190320
     C   23        0.273498        0.019387        0.153615
     C   23       -0.190320        0.153615       -0.103723
 
     Cl  24        1.213371        2.735582       -0.604665
     Cl  24        2.735582        0.491021       -0.381810
     Cl  24       -0.604665       -0.381810       -1.704393
 
 
     NQR/NMR SPECTROSCOPIC PARAMETERS:
     Cl   1    Vxx=   -1.7468    axis=( -0.316379 -0.445411  0.837564)
     Cl   1    Vyy=   -1.9771    axis=( -0.560082 -0.624901 -0.543881)
     Cl   1    Vzz=    3.7238    axis=( -0.765645  0.641177  0.051761)
     Cl   1  Q=        -8.1650 1e-30 m^2  Cq=       -71.4399 MHz  eta= 0.06184
 
     C    2    Vxx=    0.0759    axis=( -0.401616 -0.513802  0.758097)
     C    2    Vyy=    0.3352    axis=( -0.767036  0.640989  0.028080)
     C    2    Vzz=   -0.4110    axis=( -0.500360 -0.570211 -0.651536)
     C    2  Q=         1.0000 1e-30 m^2  Cq=        -0.9658 MHz  eta= 0.63090
 
     C    3    Vxx=   -0.1378    axis=(  0.138865  0.772251  0.619956)
     C    3    Vyy=   -0.1901    axis=( -0.887921  0.374309 -0.267373)
     C    3    Vzz=    0.3279    axis=( -0.438534 -0.513343  0.737677)
     C    3  Q=         1.0000 1e-30 m^2  Cq=         0.7704 MHz  eta= 0.15953
 
     H    4    Vxx=   -0.1374    axis=( -0.339255  0.873136  0.350056)
     H    4    Vyy=   -0.1551    axis=( -0.446875 -0.477043  0.756791)
     H    4    Vzz=    0.2925    axis=( -0.827773 -0.100315 -0.552022)
     H    4  Q=         1.0000 1e-30 m^2  Cq=         0.6873 MHz  eta= 0.06061
 
     C    5    Vxx=   -0.1433    axis=(  0.800045  0.139531  0.583488)
     C    5    Vyy=   -0.1744    axis=( -0.391324  0.858568  0.331249)
     C    5    Vzz=    0.3177    axis=( -0.454745 -0.493347  0.741495)
     C    5  Q=         1.0000 1e-30 m^2  Cq=         0.7465 MHz  eta= 0.09765
 
     H    6    Vxx=   -0.1366    axis=(  0.825106 -0.382940  0.415400)
     H    6    Vyy=   -0.1488    axis=( -0.561081 -0.469187  0.681947)
     H    6    Vzz=    0.2854    axis=(  0.066244  0.795752  0.601989)
     H    6  Q=         1.0000 1e-30 m^2  Cq=         0.6705 MHz  eta= 0.04289
 
     H    7    Vxx=   -0.1404    axis=(  0.837292  0.360338  0.411216)
     H    7    Vyy=   -0.1500    axis=(  0.540732 -0.434405 -0.720348)
     H    7    Vzz=    0.2904    axis=(  0.080935 -0.825499  0.558570)
     H    7  Q=         1.0000 1e-30 m^2  Cq=         0.6824 MHz  eta= 0.03319
 
     C    8    Vxx=   -0.1483    axis=( -0.745345  0.348799 -0.568155)
     C    8    Vyy=   -0.1919    axis=( -0.556102 -0.795323  0.241272)
     C    8    Vzz=    0.3401    axis=( -0.367711  0.495783  0.786758)
     C    8  Q=         1.0000 1e-30 m^2  Cq=         0.7992 MHz  eta= 0.12808
 
     H    9    Vxx=   -0.1366    axis=(  0.329749  0.892894 -0.306604)
     H    9    Vyy=   -0.1549    axis=( -0.436545  0.432175  0.789084)
     H    9    Vzz=    0.2914    axis=( -0.837075  0.126353 -0.532297)
     H    9  Q=         1.0000 1e-30 m^2  Cq=         0.6848 MHz  eta= 0.06287
 
     C   10    Vxx=   -0.1456    axis=( -0.375160  0.682625 -0.627119)
     C   10    Vyy=   -0.1872    axis=( -0.840044 -0.536388 -0.081326)
     C   10    Vzz=    0.3328    axis=( -0.391895  0.496297  0.774666)
     C   10  Q=         1.0000 1e-30 m^2  Cq=         0.7819 MHz  eta= 0.12488
 
     C   11    Vxx=    0.1265    axis=( -0.405167  0.467924  0.785421)
     C   11    Vyy=    0.2536    axis=( -0.750570 -0.660759  0.006466)
     C   11    Vzz=   -0.3801    axis=(  0.522000 -0.586894  0.618928)
     C   11  Q=         1.0000 1e-30 m^2  Cq=        -0.8931 MHz  eta= 0.33422
 
     Cl  12    Vxx=   -1.5773    axis=( -0.335697  0.439895  0.832947)
     Cl  12    Vyy=   -1.9754    axis=( -0.481726  0.679710 -0.553114)
     Cl  12    Vzz=    3.5527    axis=( -0.809474 -0.586930 -0.016268)
     Cl  12  Q=        -8.1650 1e-30 m^2  Cq=       -68.1572 MHz  eta= 0.11206
 
     H   13    Vxx=   -0.1387    axis=(  0.810629 -0.378653  0.446657)
     H   13    Vyy=   -0.1521    axis=( -0.579108 -0.405495  0.707253)
     H   13    Vzz=    0.2908    axis=(  0.086687  0.831983  0.547987)
     H   13  Q=         1.0000 1e-30 m^2  Cq=         0.6833 MHz  eta= 0.04600
 
     C   14    Vxx=   -0.1509    axis=(  0.746033  0.316245  0.586024)
     C   14    Vyy=   -0.1899    axis=( -0.529317  0.815601  0.233707)
     C   14    Vzz=    0.3408    axis=( -0.404053 -0.484546  0.775859)
     C   14  Q=         1.0000 1e-30 m^2  Cq=         0.8008 MHz  eta= 0.11429
 
     H   15    Vxx=   -0.1399    axis=(  0.414541 -0.783697 -0.462574)
     H   15    Vyy=   -0.1533    axis=(  0.365809  0.608933 -0.703835)
     H   15    Vzz=    0.2931    axis=( -0.833270 -0.122555 -0.539111)
     H   15  Q=         1.0000 1e-30 m^2  Cq=         0.6887 MHz  eta= 0.04581
 
     C   16    Vxx=   -0.1199    axis=(  0.360237  0.709070  0.606176)
     C   16    Vyy=   -0.1923    axis=( -0.832080  0.538014 -0.134852)
     C   16    Vzz=    0.3121    axis=( -0.421750 -0.455808  0.783815)
     C   16  Q=         1.0000 1e-30 m^2  Cq=         0.7334 MHz  eta= 0.23197
 
     C   17    Vxx=    0.1384    axis=( -0.506547 -0.428861  0.747990)
     C   17    Vyy=    0.2159    axis=(  0.702801 -0.707928  0.070053)
     C   17    Vzz=   -0.3543    axis=(  0.499480  0.561174  0.660003)
     C   17  Q=         1.0000 1e-30 m^2  Cq=        -0.8324 MHz  eta= 0.21857
 
     Cl  18    Vxx=   -1.4966    axis=( -0.480830 -0.380754  0.789828)
     Cl  18    Vyy=   -1.9658    axis=(  0.468326  0.650013  0.598460)
     Cl  18    Vzz=    3.4624    axis=(  0.741264 -0.657655  0.134229)
     Cl  18  Q=        -8.1650 1e-30 m^2  Cq=       -66.4247 MHz  eta= 0.13551
 
     H   19    Vxx=   -0.1355    axis=( -0.875829 -0.322715 -0.358856)
     H   19    Vyy=   -0.1495    axis=( -0.472976  0.426031  0.771227)
     H   19    Vzz=    0.2851    axis=(  0.096002 -0.845194  0.525767)
     H   19  Q=         1.0000 1e-30 m^2  Cq=         0.6698 MHz  eta= 0.04905
 
     C   20    Vxx=   -0.1396    axis=( -0.884356  0.099458 -0.456095)
     C   20    Vyy=   -0.1815    axis=( -0.293652 -0.878036  0.377917)
     C   20    Vzz=    0.3211    axis=( -0.362881  0.468146  0.805703)
     C   20  Q=         1.0000 1e-30 m^2  Cq=         0.7544 MHz  eta= 0.13041
 
     H   21    Vxx=   -0.1388    axis=(  0.381303  0.835213 -0.396267)
     H   21    Vyy=   -0.1532    axis=( -0.347391  0.526690  0.775833)
     H   21    Vzz=    0.2920    axis=( -0.856696  0.158168 -0.490974)
     H   21  Q=         1.0000 1e-30 m^2  Cq=         0.6862 MHz  eta= 0.04954
 
     C   22    Vxx=   -0.1382    axis=( -0.183914  0.791153 -0.583312)
     C   22    Vyy=   -0.1820    axis=( -0.910716 -0.360429 -0.201711)
     C   22    Vzz=    0.3202    axis=( -0.369827  0.494134  0.786803)
     C   22  Q=         1.0000 1e-30 m^2  Cq=         0.7522 MHz  eta= 0.13668
 
     C   23    Vxx=    0.0809    axis=( -0.314136  0.544953  0.777396)
     C   23    Vyy=    0.3322    axis=( -0.775901 -0.619230  0.120547)
     C   23    Vzz=   -0.4130    axis=(  0.547079 -0.565314  0.617352)
     C   23  Q=         1.0000 1e-30 m^2  Cq=        -0.9705 MHz  eta= 0.60843
 
     Cl  24    Vxx=   -1.7283    axis=(  0.262729 -0.468915 -0.843263)
     Cl  24    Vyy=   -1.9755    axis=( -0.610319  0.596145 -0.521652)
     Cl  24    Vzz=    3.7038    axis=(  0.747318  0.651712 -0.129564)
     Cl  24  Q=        -8.1650 1e-30 m^2  Cq=       -71.0559 MHz  eta= 0.06674
 
     Initialization:
     gipaw_setup  :      0.22s CPU      0.31s WALL (       1 calls)
 
     Linear response
 
     Apply operators
 
     Induced current
 
     Other routines
     efg          :      0.62s CPU      0.72s WALL (       1 calls)
 
     General routines
     calbec       :      0.05s CPU      0.06s WALL (      16 calls)
     fft          :      0.06s CPU      0.22s WALL (      15 calls)
     ffts         :      0.00s CPU      0.01s WALL (       2 calls)
     fftw         :      0.34s CPU      0.38s WALL (     672 calls)
     davcio       :      0.02s CPU      0.06s WALL (      32 calls)
 
     Parallel routines
     fft_scatter  :      0.22s CPU      0.26s WALL (     689 calls)
 
     Plugins
 
     GIPAW        :      3.80s CPU      4.90s WALL (       1 calls)
