
     Program QE v.6.0 starts on 20May2017 at 13:18:13 

     This program is part of the open-source Quantum ESPRESSO suite
     for quantum simulation of materials; please cite
         "P. Giannozzi et al., J. Phys.:Condens. Matter 21 395502 (2009);
          URL http://www.quantum-espresso.org", 
     in publications or presentations arising from this work. More details at
     http://www.quantum-espresso.org/quote
 
           ARCH :    x86_64
             CC :    icc
            CPP :    cpp
            F90 :    ifort
            F77 :    ifort
         DFLAGS :    -D__INTEL -D__DFTI
      BLAS LIBS :    -lmkl_intel_lp64  -lmkl_sequential -lmkl_core
    LAPACK LIBS :    
       FFT LIBS :    
      MASS LIBS :    

     Parallel version (MPI & OpenMP), running on      32 processor cores
     Number of MPI processes:                32
     Threads/MPI process:                     1
     R & G space division:  proc/nbgrp/npool/nimage =      32
 
     ***** This is GIPAW svn revision unknown      *****
 
     Parallelizing q-star over 1 images

     Reading data from directory:
     ./scratch/scf-1812.save

   Info: using nr1, nr2, nr3 values from input

   Info: using nr1, nr2, nr3 values from input

     IMPORTANT: XC functional enforced from input :
     Exchange-correlation      =  SLA  PW   PBX  PBC ( 1  4  3  4 0 0)
     Any further DFT definition will be discarded
     Please, verify this is what you really want

               file C.pbe-n-kjpaw_psl.1.0.0.UPF: wavefunction(s)  2S 2P renormalized
               file Cl.pbe-n-kjpaw_psl.1.0.0.UPF: wavefunction(s)  3S 3P renormalized
               file H.pbe-kjpaw_psl.1.0.0.UPF: wavefunction(s)  1S renormalized
 
     Parallelization info
     --------------------
     sticks:   dense  smooth     PW     G-vecs:    dense   smooth      PW
     Min         764     305     83                36108     9133    1292
     Max         765     306     84                36110     9135    1293
     Sum       24467    9791   2657              1155489   292295   41363
 

     Subspace diagonalization in iterative solution of the eigenvalue problem:
     a serial algorithm will be used

     GIPAW projectors -----------------------------------------------
     atom=  C    l=0  rc=    1.2000  rs=    0.8000
     atom=  C    l=0  rc=    1.2000  rs=    0.8000
     atom=  C    l=1  rc=    1.4000  rs=    0.9333
     atom=  C    l=1  rc=    1.4000  rs=    0.9333
     projs nearly linearly dependent: l=1  n1,n2= 1, 2  s=  0.99951561
 
     atom=  Cl   l=0  rc=    1.6000  rs=    1.0667
     atom=  Cl   l=0  rc=    1.6000  rs=    1.0667
     atom=  Cl   l=1  rc=    1.6000  rs=    1.0667
     atom=  Cl   l=1  rc=    1.6000  rs=    1.0667
     atom=  Cl   l=2  rc=    1.6000  rs=    1.0667
     atom=  Cl   l=2  rc=    1.6000  rs=    1.0667
     projs nearly linearly dependent: l=2  n1,n2= 1, 2  s=  0.99993509
 
     atom=  H    l=0  rc=    1.0000  rs=    0.6667
     atom=  H    l=0  rc=    1.0000  rs=    0.6667
     projs nearly linearly dependent: l=0  n1,n2= 1, 2  s=  0.99968852
     -----------------------------------------------------------------
 
     GIPAW integrals: -------------------------------------------
     Atom  i/j   nmr_para   nmr_dia   epr_rmc  epr_para   epr_dia
       C   1 1   0.83E+03  0.17E-01  0.93E+01  0.24E+08  0.24E+03
       C   2 1   0.86E+03 -0.61E-01  0.94E+01  0.25E+08  0.25E+03
       C   2 2   0.90E+03 -0.15E+00  0.97E+01  0.26E+08  0.26E+03
       C   3 3   0.33E+01  0.34E+00  0.18E+01  0.55E+03  0.21E+02
       C   4 3   0.35E+01  0.37E+00  0.20E+01  0.59E+03  0.22E+02
       C   4 4   0.38E+01  0.39E+00  0.22E+01  0.63E+03  0.24E+02
       Cl  1 1   0.14E+04 -0.47E+00  0.84E+01  0.32E+09  0.42E+03
       Cl  2 1   0.21E+04 -0.37E+00  0.12E+02  0.49E+09  0.65E+03
       Cl  2 2   0.33E+04 -0.16E+00  0.21E+02  0.76E+09  0.10E+04
       Cl  3 3   0.21E+02  0.79E-01  0.89E+01  0.23E+05  0.13E+03
       Cl  4 3   0.24E+02  0.67E-01  0.99E+01  0.27E+05  0.15E+03
       Cl  4 4   0.28E+02  0.44E-01  0.11E+02  0.32E+05  0.18E+03
       Cl  5 5   0.77E+00  0.19E+00  0.18E+01  0.12E+03  0.22E+02
       Cl  6 5   0.80E+00  0.19E+00  0.19E+01  0.12E+03  0.23E+02
       Cl  6 6   0.83E+00  0.20E+00  0.19E+01  0.12E+03  0.23E+02
       H   1 1   0.39E+02  0.19E+00  0.29E+00  0.78E+05  0.13E+02
       H   2 1   0.41E+02  0.21E+00  0.32E+00  0.82E+05  0.14E+02
       H   2 2   0.43E+02  0.22E+00  0.36E+00  0.86E+05  0.15E+02
     ------------------------------------------------------------
 
     alpha_pv=     33.9609 eV
 
     Number of occupied bands for each k-point:
     k-point:     1    nbnd_occ=  42
     k-point:     2    nbnd_occ=  42
     k-point:     3    nbnd_occ=  42
     k-point:     4    nbnd_occ=  42
     k-point:     5    nbnd_occ=  42
     k-point:     6    nbnd_occ=  42
     k-point:     7    nbnd_occ=  42
     k-point:     8    nbnd_occ=  42
     k-point:     9    nbnd_occ=  42
     k-point:    10    nbnd_occ=  42
     k-point:    11    nbnd_occ=  42
     k-point:    12    nbnd_occ=  42
     k-point:    13    nbnd_occ=  42
     k-point:    14    nbnd_occ=  42
     k-point:    15    nbnd_occ=  42
     k-point:    16    nbnd_occ=  42
 
 
     q-space interpolation up to   110.00 Rydberg
 
     GIPAW job: efg                                                                             
 
 
     ELECTRIC FIELD GRADIENTS TENSORS IN Hartree/bohrradius^2:
 
     ----- bare term -----
     Cl   1        0.035093       -0.045739       -0.024375
     Cl   1       -0.045739       -0.003112        0.012139
     Cl   1       -0.024375        0.012139       -0.031981
 
     C    2       -0.185375       -0.016058       -0.347819
     C    2       -0.016058       -0.080197       -0.490964
     C    2       -0.347819       -0.490964        0.265572
 
     C    3       -0.200886        0.256288       -0.274679
     C    3        0.256288       -0.191752       -0.502954
     C    3       -0.274679       -0.502954        0.392638
 
     H    4       -0.444641       -0.178551       -0.518071
     H    4       -0.178551        0.356111       -0.169146
     H    4       -0.518071       -0.169146        0.088530
 
     C    5       -0.351496        0.275391       -0.332262
     C    5        0.275391       -0.081531       -0.405055
     C    5       -0.332262       -0.405055        0.433027
 
     H    6        0.367151       -0.122582       -0.096278
     H    6       -0.122582       -0.445495       -0.543914
     H    6       -0.096278       -0.543914        0.078344
 
     H    7        0.367930        0.098660       -0.065826
     H    7        0.098660       -0.449634        0.531239
     H    7       -0.065826        0.531239        0.081704
 
     C    8       -0.343621       -0.262170       -0.331630
     C    8       -0.262170       -0.067416        0.416775
     C    8       -0.331630        0.416775        0.411037
 
     H    9       -0.423327        0.182209       -0.514171
     H    9        0.182209        0.337872        0.179757
     H    9       -0.514171        0.179757        0.085456
 
     C   10       -0.193681       -0.286043       -0.262598
     C   10       -0.286043       -0.199556        0.505231
     C   10       -0.262598        0.505231        0.393238
 
     C   11       -0.196459       -0.100864       -0.365766
     C   11       -0.100864       -0.121401        0.497808
     C   11       -0.365766        0.497808        0.317860
 
     Cl  12       -0.002882       -0.002151       -0.019247
     Cl  12       -0.002151       -0.003727        0.010606
     Cl  12       -0.019247        0.010606        0.006609
 
     H   13        0.368115       -0.148716       -0.075673
     H   13       -0.148716       -0.469107       -0.523060
     H   13       -0.075673       -0.523060        0.100992
 
     C   14       -0.355113        0.245744       -0.305973
     C   14        0.245744       -0.113731       -0.403835
     C   14       -0.305973       -0.403835        0.468844
 
     H   15       -0.536143       -0.181459       -0.478425
     H   15       -0.181459        0.336411       -0.148713
     H   15       -0.478425       -0.148713        0.199732
 
     C   16       -0.190311        0.243025       -0.264423
     C   16        0.243025       -0.251306       -0.502333
     C   16       -0.264423       -0.502333        0.441617
 
     C   17       -0.164979        0.043450       -0.376458
     C   17        0.043450       -0.145955       -0.498770
     C   17       -0.376458       -0.498770        0.310934
 
     Cl  18       -0.007299       -0.031483       -0.028944
     Cl  18       -0.031483        0.006134        0.001246
     Cl  18       -0.028944        0.001246        0.001165
 
     H   19        0.373118        0.120673       -0.077825
     H   19        0.120673       -0.481139        0.527339
     H   19       -0.077825        0.527339        0.108021
 
     C   20       -0.357616       -0.247845       -0.327715
     C   20       -0.247845       -0.082314        0.406501
     C   20       -0.327715        0.406501        0.439931
 
     H   21       -0.492454        0.184174       -0.493337
     H   21        0.184174        0.327267        0.161041
     H   21       -0.493337        0.161041        0.165186
 
     C   22       -0.221127       -0.270627       -0.255945
     C   22       -0.270627       -0.207206        0.492396
     C   22       -0.255945        0.492396        0.428333
 
     C   23       -0.133139        0.000534       -0.368126
     C   23        0.000534       -0.112196        0.495099
     C   23       -0.368126        0.495099        0.245336
 
     Cl  24        0.000252        0.055686       -0.044066
     Cl  24        0.055686        0.021483       -0.013579
     Cl  24       -0.044066       -0.013579       -0.021736
 
     ----- ionic term -----
     Cl   1        0.082367       -0.187623       -0.036835
     Cl   1       -0.187623        0.029370        0.030087
     Cl   1       -0.036835        0.030087       -0.111736
 
     C    2        0.199940       -0.125564        0.241984
     C    2       -0.125564        0.094839        0.411790
     C    2        0.241984        0.411790       -0.294779
 
     C    3        0.135582       -0.202895        0.198959
     C    3       -0.202895        0.168682        0.401108
     C    3        0.198959        0.401108       -0.304264
 
     H    4        0.623928        0.233940        0.698455
     H    4        0.233940       -0.483580        0.206856
     H    4        0.698455        0.206856       -0.140348
 
     C    5        0.291673       -0.223658        0.260715
     C    5       -0.223658        0.046377        0.301750
     C    5        0.260715        0.301750       -0.338050
 
     H    6       -0.501560        0.156153        0.122325
     H    6        0.156153        0.609147        0.733614
     H    6        0.122325        0.733614       -0.107588
 
     H    7       -0.509107       -0.121602        0.085473
     H    7       -0.121602        0.616592       -0.727122
     H    7        0.085473       -0.727122       -0.107486
 
     C    8        0.278383        0.209177        0.261469
     C    8        0.209177        0.036698       -0.311082
     C    8        0.261469       -0.311082       -0.315081
 
     H    9        0.590995       -0.242593        0.700069
     H    9       -0.242593       -0.463524       -0.223614
     H    9        0.700069       -0.223614       -0.127471
 
     C   10        0.134382        0.231564        0.187599
     C   10        0.231564        0.172083       -0.406977
     C   10        0.187599       -0.406977       -0.306465
 
     C   11        0.206681        0.199228        0.275420
     C   11        0.199228        0.117495       -0.398284
     C   11        0.275420       -0.398284       -0.324176
 
     Cl  12        0.112119        0.229134       -0.000508
     Cl  12        0.229134        0.037185       -0.009136
     Cl  12       -0.000508       -0.009136       -0.149304
 
     H   13       -0.501337        0.188392        0.107355
     H   13        0.188392        0.640071        0.709922
     H   13        0.107355        0.709922       -0.138734
 
     C   14        0.293356       -0.201016        0.240720
     C   14       -0.201016        0.072695        0.299571
     C   14        0.240720        0.299571       -0.366051
 
     H   15        0.723145        0.242906        0.656296
     H   15        0.242906       -0.466862        0.188853
     H   15        0.656296        0.188853       -0.256282
 
     C   16        0.135130       -0.195537        0.196270
     C   16       -0.195537        0.212623        0.404123
     C   16        0.196270        0.404123       -0.347752
 
     C   17        0.169334       -0.162777        0.273364
     C   17       -0.162777        0.153469        0.410580
     C   17        0.273364        0.410580       -0.322803
 
     Cl  18        0.089732       -0.202849       -0.018970
     Cl  18       -0.202849        0.055302        0.028985
     Cl  18       -0.018970        0.028985       -0.145034
 
     H   19       -0.510306       -0.147092        0.098201
     H   19       -0.147092        0.658401       -0.713424
     H   19        0.098201       -0.713424       -0.148096
 
     C   20        0.296635        0.198674        0.256117
     C   20        0.198674        0.047642       -0.307379
     C   20        0.256117       -0.307379       -0.344276
 
     H   21        0.667540       -0.253955        0.677759
     H   21       -0.253955       -0.455446       -0.208469
     H   21        0.677759       -0.208469       -0.212094
 
     C   22        0.154379        0.216619        0.185072
     C   22        0.216619        0.182576       -0.393417
     C   22        0.185072       -0.393417       -0.336955
 
     C   23        0.170506        0.138286        0.265958
     C   23        0.138286        0.110703       -0.408289
     C   23        0.265958       -0.408289       -0.281209
 
     Cl  24        0.118608        0.180615       -0.013657
     Cl  24        0.180615        0.009013       -0.024684
     Cl  24       -0.013657       -0.024684       -0.127621
 
     ----- GIPAW term -----
     Cl   1        1.230135       -2.465199       -0.680654
     Cl   1       -2.465199        0.268736        0.446312
     Cl   1       -0.680654        0.446312       -1.498871
 
     C    2        0.035832       -0.155432       -0.093163
     C    2       -0.155432        0.017049       -0.053347
     C    2       -0.093163       -0.053347       -0.052882
 
     C    3       -0.060491        0.038963       -0.066561
     C    3        0.038963       -0.010095       -0.082539
     C    3       -0.066561       -0.082539        0.070586
 
     H    4        0.000000       -0.000000       -0.000000
     H    4       -0.000000        0.000000        0.000000
     H    4       -0.000000        0.000000       -0.000000
 
     C    5       -0.038460        0.037640       -0.054472
     C    5        0.037640       -0.035941       -0.091054
     C    5       -0.054472       -0.091054        0.074401
 
     H    6        0.000000       -0.000000       -0.000000
     H    6       -0.000000        0.000000        0.000000
     H    6       -0.000000        0.000000       -0.000000
 
     H    7        0.000000       -0.000000       -0.000000
     H    7       -0.000000        0.000000        0.000000
     H    7       -0.000000        0.000000       -0.000000
 
     C    8       -0.042406       -0.038975       -0.053081
     C    8       -0.038975       -0.032665        0.092769
     C    8       -0.053081        0.092769        0.075070
 
     H    9        0.000000       -0.000000       -0.000000
     H    9       -0.000000        0.000000        0.000000
     H    9       -0.000000        0.000000       -0.000000
 
     C   10       -0.053712       -0.039316       -0.065813
     C   10       -0.039316       -0.014661        0.078741
     C   10       -0.065813        0.078741        0.068372
 
     C   11        0.030184        0.119786       -0.072995
     C   11        0.119786        0.003603        0.077407
     C   11       -0.072995        0.077407       -0.033787
 
     Cl  12        1.139831        2.399755       -0.243188
     Cl  12        2.399755        0.350721        0.023964
     Cl  12       -0.243188        0.023964       -1.490552
 
     H   13        0.000000       -0.000000       -0.000000
     H   13       -0.000000        0.000000        0.000000
     H   13       -0.000000        0.000000       -0.000000
 
     C   14       -0.038647        0.031896       -0.050692
     C   14        0.031896       -0.040799       -0.092225
     C   14       -0.050692       -0.092225        0.079446
 
     H   15        0.000000       -0.000000       -0.000000
     H   15       -0.000000        0.000000        0.000000
     H   15       -0.000000        0.000000       -0.000000
 
     C   16       -0.049217        0.033245       -0.059999
     C   16        0.033245       -0.023431       -0.082478
     C   16       -0.059999       -0.082478        0.072647
 
     C   17        0.023823       -0.139494       -0.088401
     C   17       -0.139494        0.014033       -0.066631
     C   17       -0.088401       -0.066631       -0.037857
 
     Cl  18        0.867523       -2.485695       -0.530759
     Cl  18       -2.485695        0.628542        0.318117
     Cl  18       -0.530759        0.318117       -1.496065
 
     H   19        0.000000       -0.000000       -0.000000
     H   19       -0.000000        0.000000        0.000000
     H   19       -0.000000        0.000000       -0.000000
 
     C   20       -0.038281       -0.037455       -0.054861
     C   20       -0.037455       -0.035400        0.085899
     C   20       -0.054861        0.085899        0.073681
 
     H   21        0.000000       -0.000000       -0.000000
     H   21       -0.000000        0.000000        0.000000
     H   21       -0.000000        0.000000       -0.000000
 
     C   22       -0.060697       -0.037760       -0.062951
     C   22       -0.037760       -0.009897        0.081022
     C   22       -0.062951        0.081022        0.070594
 
     C   23        0.055516        0.154341       -0.088396
     C   23        0.154341        0.003339        0.061032
     C   23       -0.088396        0.061032       -0.058855
 
     Cl  24        1.252108        2.498163       -0.632862
     Cl  24        2.498163        0.305089       -0.407055
     Cl  24       -0.632862       -0.407055       -1.557197
 
     ----- total EFG -----
     Cl   1        1.347594       -2.698562       -0.741864
     Cl   1       -2.698562        0.294994        0.488538
     Cl   1       -0.741864        0.488538       -1.642588
 
     C    2        0.050397       -0.297054       -0.198997
     C    2       -0.297054        0.031691       -0.132521
     C    2       -0.198997       -0.132521       -0.082089
 
     C    3       -0.125796        0.092357       -0.142281
     C    3        0.092357       -0.033165       -0.184385
     C    3       -0.142281       -0.184385        0.158961
 
     H    4        0.179287        0.055390        0.180384
     H    4        0.055390       -0.127469        0.037710
     H    4        0.180384        0.037710       -0.051818
 
     C    5       -0.098283        0.089373       -0.126020
     C    5        0.089373       -0.071096       -0.194359
     C    5       -0.126020       -0.194359        0.169378
 
     H    6       -0.134408        0.033570        0.026047
     H    6        0.033570        0.163652        0.189701
     H    6        0.026047        0.189701       -0.029244
 
     H    7       -0.141177       -0.022942        0.019648
     H    7       -0.022942        0.166959       -0.195882
     H    7        0.019648       -0.195882       -0.025782
 
     C    8       -0.107644       -0.091968       -0.123242
     C    8       -0.091968       -0.063383        0.198461
     C    8       -0.123242        0.198461        0.171027
 
     H    9        0.167667       -0.060385        0.185898
     H    9       -0.060385       -0.125652       -0.043857
     H    9        0.185898       -0.043857       -0.042015
 
     C   10       -0.113011       -0.093795       -0.140812
     C   10       -0.093795       -0.042134        0.176995
     C   10       -0.140812        0.176995        0.155145
 
     C   11        0.040406        0.218150       -0.163342
     C   11        0.218150       -0.000303        0.176931
     C   11       -0.163342        0.176931       -0.040103
 
     Cl  12        1.249068        2.626738       -0.262943
     Cl  12        2.626738        0.384179        0.025435
     Cl  12       -0.262943        0.025435       -1.633247
 
     H   13       -0.133222        0.039676        0.031682
     H   13        0.039676        0.170964        0.186861
     H   13        0.031682        0.186861       -0.037742
 
     C   14       -0.100405        0.076624       -0.115945
     C   14        0.076624       -0.081835       -0.196489
     C   14       -0.115945       -0.196489        0.182239
 
     H   15        0.187002        0.061447        0.177871
     H   15        0.061447       -0.130452        0.040140
     H   15        0.177871        0.040140       -0.056550
 
     C   16       -0.104397        0.080734       -0.128152
     C   16        0.080734       -0.062114       -0.180688
     C   16       -0.128152       -0.180688        0.166512
 
     C   17        0.028179       -0.258821       -0.191496
     C   17       -0.258821        0.021547       -0.154820
     C   17       -0.191496       -0.154820       -0.049726
 
     Cl  18        0.949956       -2.720027       -0.578673
     Cl  18       -2.720027        0.689978        0.348348
     Cl  18       -0.578673        0.348348       -1.639934
 
     H   19       -0.137187       -0.026419        0.020377
     H   19       -0.026419        0.177262       -0.186084
     H   19        0.020377       -0.186084       -0.040075
 
     C   20       -0.099263       -0.086626       -0.126459
     C   20       -0.086626       -0.070072        0.185020
     C   20       -0.126459        0.185020        0.169335
 
     H   21        0.175086       -0.069780        0.184422
     H   21       -0.069780       -0.128179       -0.047428
     H   21        0.184422       -0.047428       -0.046907
 
     C   22       -0.127445       -0.091767       -0.133823
     C   22       -0.091767       -0.034527        0.180001
     C   22       -0.133823        0.180001        0.161972
 
     C   23        0.092882        0.293161       -0.190565
     C   23        0.293161        0.001846        0.147842
     C   23       -0.190565        0.147842       -0.094728
 
     Cl  24        1.370969        2.734464       -0.690584
     Cl  24        2.734464        0.335585       -0.445319
     Cl  24       -0.690584       -0.445319       -1.706554
 
     ----- total EFG (symmetrized) -----
     Cl   1        1.347594       -2.698562       -0.741864
     Cl   1       -2.698562        0.294994        0.488538
     Cl   1       -0.741864        0.488538       -1.642588
 
     C    2        0.050397       -0.297054       -0.198997
     C    2       -0.297054        0.031691       -0.132521
     C    2       -0.198997       -0.132521       -0.082089
 
     C    3       -0.125796        0.092357       -0.142281
     C    3        0.092357       -0.033165       -0.184385
     C    3       -0.142281       -0.184385        0.158961
 
     H    4        0.179287        0.055390        0.180384
     H    4        0.055390       -0.127469        0.037710
     H    4        0.180384        0.037710       -0.051818
 
     C    5       -0.098283        0.089373       -0.126020
     C    5        0.089373       -0.071096       -0.194359
     C    5       -0.126020       -0.194359        0.169378
 
     H    6       -0.134408        0.033570        0.026047
     H    6        0.033570        0.163652        0.189701
     H    6        0.026047        0.189701       -0.029244
 
     H    7       -0.141177       -0.022942        0.019648
     H    7       -0.022942        0.166959       -0.195882
     H    7        0.019648       -0.195882       -0.025782
 
     C    8       -0.107644       -0.091968       -0.123242
     C    8       -0.091968       -0.063383        0.198461
     C    8       -0.123242        0.198461        0.171027
 
     H    9        0.167667       -0.060385        0.185898
     H    9       -0.060385       -0.125652       -0.043857
     H    9        0.185898       -0.043857       -0.042015
 
     C   10       -0.113011       -0.093795       -0.140812
     C   10       -0.093795       -0.042134        0.176995
     C   10       -0.140812        0.176995        0.155145
 
     C   11        0.040406        0.218150       -0.163342
     C   11        0.218150       -0.000303        0.176931
     C   11       -0.163342        0.176931       -0.040103
 
     Cl  12        1.249068        2.626738       -0.262943
     Cl  12        2.626738        0.384179        0.025435
     Cl  12       -0.262943        0.025435       -1.633247
 
     H   13       -0.133222        0.039676        0.031682
     H   13        0.039676        0.170964        0.186861
     H   13        0.031682        0.186861       -0.037742
 
     C   14       -0.100405        0.076624       -0.115945
     C   14        0.076624       -0.081835       -0.196489
     C   14       -0.115945       -0.196489        0.182239
 
     H   15        0.187002        0.061447        0.177871
     H   15        0.061447       -0.130452        0.040140
     H   15        0.177871        0.040140       -0.056550
 
     C   16       -0.104397        0.080734       -0.128152
     C   16        0.080734       -0.062114       -0.180688
     C   16       -0.128152       -0.180688        0.166512
 
     C   17        0.028179       -0.258821       -0.191496
     C   17       -0.258821        0.021547       -0.154820
     C   17       -0.191496       -0.154820       -0.049726
 
     Cl  18        0.949956       -2.720027       -0.578673
     Cl  18       -2.720027        0.689978        0.348348
     Cl  18       -0.578673        0.348348       -1.639934
 
     H   19       -0.137187       -0.026419        0.020377
     H   19       -0.026419        0.177262       -0.186084
     H   19        0.020377       -0.186084       -0.040075
 
     C   20       -0.099263       -0.086626       -0.126459
     C   20       -0.086626       -0.070072        0.185020
     C   20       -0.126459        0.185020        0.169335
 
     H   21        0.175086       -0.069780        0.184422
     H   21       -0.069780       -0.128179       -0.047428
     H   21        0.184422       -0.047428       -0.046907
 
     C   22       -0.127445       -0.091767       -0.133823
     C   22       -0.091767       -0.034527        0.180001
     C   22       -0.133823        0.180001        0.161972
 
     C   23        0.092882        0.293161       -0.190565
     C   23        0.293161        0.001846        0.147842
     C   23       -0.190565        0.147842       -0.094728
 
     Cl  24        1.370969        2.734464       -0.690584
     Cl  24        2.734464        0.335585       -0.445319
     Cl  24       -0.690584       -0.445319       -1.706554
 
 
     NQR/NMR SPECTROSCOPIC PARAMETERS:
     Cl   1    Vxx=   -1.7415    axis=( -0.171206 -0.438523  0.882262)
     Cl   1    Vyy=   -1.9749    axis=( -0.622976 -0.645559 -0.441762)
     Cl   1    Vzz=    3.7163    axis=(  0.763275 -0.625261 -0.162666)
     Cl   1  Q=        -8.1650 1e-30 m^2  Cq=       -71.2955 MHz  eta= 0.06281
 
     C    2    Vxx=    0.0737    axis=( -0.286470 -0.517620  0.806228)
     C    2    Vyy=    0.3459    axis=(  0.749067 -0.645666 -0.148376)
     C    2    Vzz=   -0.4196    axis=(  0.597356  0.561414  0.572696)
     C    2  Q=         1.0000 1e-30 m^2  Cq=        -0.9858 MHz  eta= 0.64868
 
     C    3    Vxx=   -0.1445    axis=(  0.101754  0.828273  0.551008)
     C    3    Vyy=   -0.1889    axis=( -0.932552  0.272283 -0.237082)
     C    3    Vzz=    0.3334    axis=( -0.346399 -0.489719  0.800114)
     C    3  Q=         1.0000 1e-30 m^2  Cq=         0.7834 MHz  eta= 0.13333
 
     H    4    Vxx=   -0.1354    axis=( -0.316676  0.908215  0.273609)
     H    4    Vyy=   -0.1532    axis=( -0.388908 -0.387415  0.835859)
     H    4    Vzz=    0.2886    axis=( -0.865140 -0.158287 -0.475897)
     H    4  Q=         1.0000 1e-30 m^2  Cq=         0.6782 MHz  eta= 0.06168
 
     C    5    Vxx=   -0.1457    axis=(  0.851915  0.218869  0.475750)
     C    5    Vyy=   -0.1868    axis=( -0.401533  0.856192  0.325125)
     C    5    Vzz=    0.3325    axis=( -0.336173 -0.468008  0.817286)
     C    5  Q=         1.0000 1e-30 m^2  Cq=         0.7813 MHz  eta= 0.12366
 
     H    6    Vxx=   -0.1364    axis=(  0.889844 -0.310794  0.334044)
     H    6    Vyy=   -0.1479    axis=( -0.445087 -0.430217  0.785373)
     H    6    Vzz=    0.2843    axis=(  0.100378  0.847538  0.521156)
     H    6  Q=         1.0000 1e-30 m^2  Cq=         0.6679 MHz  eta= 0.04069
 
     H    7    Vxx=   -0.1404    axis=(  0.847010  0.329204  0.417371)
     H    7    Vyy=   -0.1505    axis=(  0.527087 -0.418292 -0.739738)
     H    7    Vzz=    0.2910    axis=(  0.068941 -0.846556  0.527816)
     H    7  Q=         1.0000 1e-30 m^2  Cq=         0.6836 MHz  eta= 0.03483
 
     C    8    Vxx=   -0.1488    axis=( -0.796116  0.326581 -0.509455)
     C    8    Vyy=   -0.1880    axis=( -0.510329 -0.814761  0.275187)
     C    8    Vzz=    0.3368    axis=( -0.325214  0.479071  0.815308)
     C    8  Q=         1.0000 1e-30 m^2  Cq=         0.7913 MHz  eta= 0.11650
 
     H    9    Vxx=   -0.1354    axis=(  0.356741  0.886883 -0.293554)
     H    9    Vyy=   -0.1541    axis=( -0.390889  0.427106  0.815344)
     H    9    Vzz=    0.2895    axis=( -0.848494  0.176119 -0.499040)
     H    9  Q=         1.0000 1e-30 m^2  Cq=         0.6803 MHz  eta= 0.06454
 
     C   10    Vxx=   -0.1438    axis=( -0.231081  0.785636 -0.573914)
     C   10    Vyy=   -0.1806    axis=( -0.903727 -0.391821 -0.172491)
     C   10    Vzz=    0.3244    axis=( -0.360387  0.478802  0.800544)
     C   10  Q=         1.0000 1e-30 m^2  Cq=         0.7622 MHz  eta= 0.11317
 
     C   11    Vxx=    0.1340    axis=( -0.385516  0.441354  0.810299)
     C   11    Vyy=    0.2392    axis=( -0.743171 -0.669014  0.010820)
     C   11    Vzz=   -0.3731    axis=(  0.546876 -0.598020  0.585917)
     C   11  Q=         1.0000 1e-30 m^2  Cq=        -0.8767 MHz  eta= 0.28189
 
     Cl  12    Vxx=   -1.5271    axis=(  0.306852 -0.410279 -0.858786)
     Cl  12    Vyy=   -1.9582    axis=( -0.569307  0.643969 -0.511071)
     Cl  12    Vzz=    3.4853    axis=(  0.762713  0.645736 -0.035972)
     Cl  12  Q=        -8.1650 1e-30 m^2  Cq=       -66.8646 MHz  eta= 0.12368
 
     H   13    Vxx=   -0.1351    axis=(  0.858171 -0.343965  0.381090)
     H   13    Vyy=   -0.1516    axis=( -0.499410 -0.387470  0.774891)
     H   13    Vzz=    0.2867    axis=(  0.118874  0.855310  0.504296)
     H   13  Q=         1.0000 1e-30 m^2  Cq=         0.6735 MHz  eta= 0.05771
 
     C   14    Vxx=   -0.1413    axis=(  0.917342  0.095204  0.386549)
     C   14    Vyy=   -0.1900    axis=(  0.255375 -0.885604 -0.387928)
     C   14    Vzz=    0.3313    axis=( -0.305398 -0.454578  0.836715)
     C   14  Q=         1.0000 1e-30 m^2  Cq=         0.7784 MHz  eta= 0.14696
 
     H   15    Vxx=   -0.1390    axis=( -0.369194  0.846122  0.384414)
     H   15    Vyy=   -0.1544    axis=( -0.325531 -0.505169  0.799270)
     H   15    Vzz=    0.2934    axis=( -0.870474 -0.169947 -0.461945)
     H   15  Q=         1.0000 1e-30 m^2  Cq=         0.6894 MHz  eta= 0.05228
 
     C   16    Vxx=   -0.1514    axis=(  0.727078  0.428348  0.536540)
     C   16    Vyy=   -0.1685    axis=(  0.598840 -0.777888 -0.190474)
     C   16    Vzz=    0.3199    axis=( -0.335779 -0.459791  0.822098)
     C   16  Q=         1.0000 1e-30 m^2  Cq=         0.7517 MHz  eta= 0.05347
 
     C   17    Vxx=    0.1166    axis=( -0.303381 -0.497619  0.812610)
     C   17    Vyy=    0.2871    axis=( -0.745554  0.655038  0.122780)
     C   17    Vzz=   -0.4037    axis=( -0.593388 -0.568596 -0.569727)
     C   17  Q=         1.0000 1e-30 m^2  Cq=        -0.9485 MHz  eta= 0.42245
 
     Cl  18    Vxx=   -1.6411    axis=( -0.256061 -0.428287  0.866605)
     Cl  18    Vyy=   -1.9846    axis=( -0.644501 -0.592516 -0.483263)
     Cl  18    Vzz=    3.6257    axis=(  0.720452 -0.682272 -0.124311)
     Cl  18  Q=        -8.1650 1e-30 m^2  Cq=       -69.5569 MHz  eta= 0.09473
 
     H   19    Vxx=   -0.1376    axis=( -0.897408 -0.277857 -0.342716)
     H   19    Vyy=   -0.1491    axis=( -0.434294  0.419405  0.797175)
     H   19    Vzz=    0.2867    axis=(  0.077764 -0.864231  0.497049)
     H   19  Q=         1.0000 1e-30 m^2  Cq=         0.6735 MHz  eta= 0.04009
 
     C   20    Vxx=   -0.1455    axis=( -0.811166  0.299909 -0.502060)
     C   20    Vyy=   -0.1794    axis=( -0.476794 -0.836263  0.270798)
     C   20    Vzz=    0.3249    axis=( -0.338639  0.459042  0.821343)
     C   20  Q=         1.0000 1e-30 m^2  Cq=         0.7633 MHz  eta= 0.10426
 
     H   21    Vxx=   -0.1405    axis=(  0.408996  0.826310 -0.387213)
     H   21    Vyy=   -0.1555    axis=( -0.325728  0.528569  0.783911)
     H   21    Vzz=    0.2960    axis=( -0.852422  0.194491 -0.485335)
     H   21  Q=         1.0000 1e-30 m^2  Cq=         0.6955 MHz  eta= 0.05076
 
     C   22    Vxx=   -0.1392    axis=( -0.197662  0.800267 -0.566129)
     C   22    Vyy=   -0.1874    axis=( -0.920865 -0.349576 -0.172637)
     C   22    Vzz=    0.3266    axis=( -0.336061  0.487205  0.806036)
     C   22  Q=         1.0000 1e-30 m^2  Cq=         0.7673 MHz  eta= 0.14751
 
     C   23    Vxx=    0.0709    axis=( -0.274842  0.538396  0.796612)
     C   23    Vyy=    0.3507    axis=( -0.786130 -0.602862  0.136223)
     C   23    Vzz=   -0.4217    axis=(  0.553589 -0.588801  0.588941)
     C   23  Q=         1.0000 1e-30 m^2  Cq=        -0.9907 MHz  eta= 0.66352
 
     Cl  24    Vxx=   -1.7700    axis=(  0.231619 -0.479775 -0.846267)
     Cl  24    Vyy=   -1.9882    axis=( -0.603175  0.611691 -0.511873)
     Cl  24    Vzz=    3.7582    axis=(  0.763238  0.629006 -0.147709)
     Cl  24  Q=        -8.1650 1e-30 m^2  Cq=       -72.0985 MHz  eta= 0.05805
 
     Initialization:
     gipaw_setup  :      0.18s CPU      0.31s WALL (       1 calls)
 
     Linear response
 
     Apply operators
 
     Induced current
 
     Other routines
     efg          :      0.62s CPU      0.71s WALL (       1 calls)
 
     General routines
     calbec       :      0.05s CPU      0.05s WALL (      16 calls)
     fft          :      0.06s CPU      0.08s WALL (      15 calls)
     ffts         :      0.00s CPU      0.01s WALL (       2 calls)
     fftw         :      0.34s CPU      0.38s WALL (     672 calls)
     davcio       :      0.02s CPU      0.07s WALL (      32 calls)
 
     Parallel routines
     fft_scatter  :      0.23s CPU      0.26s WALL (     689 calls)
 
     Plugins
 
     GIPAW        :      3.71s CPU      4.47s WALL (       1 calls)
