
     Program QE v.6.0 starts on 20May2017 at 15: 7:50 

     This program is part of the open-source Quantum ESPRESSO suite
     for quantum simulation of materials; please cite
         "P. Giannozzi et al., J. Phys.:Condens. Matter 21 395502 (2009);
          URL http://www.quantum-espresso.org", 
     in publications or presentations arising from this work. More details at
     http://www.quantum-espresso.org/quote
 
           ARCH :    x86_64
             CC :    icc
            CPP :    cpp
            F90 :    ifort
            F77 :    ifort
         DFLAGS :    -D__INTEL -D__DFTI
      BLAS LIBS :    -lmkl_intel_lp64  -lmkl_sequential -lmkl_core
    LAPACK LIBS :    
       FFT LIBS :    
      MASS LIBS :    

     Parallel version (MPI & OpenMP), running on      32 processor cores
     Number of MPI processes:                32
     Threads/MPI process:                     1
     R & G space division:  proc/nbgrp/npool/nimage =      32
 
     ***** This is GIPAW svn revision unknown      *****
 
     Parallelizing q-star over 1 images

     Reading data from directory:
     ./scratch/scf-2198.save

   Info: using nr1, nr2, nr3 values from input

   Info: using nr1, nr2, nr3 values from input

     IMPORTANT: XC functional enforced from input :
     Exchange-correlation      =  SLA  PW   PBX  PBC ( 1  4  3  4 0 0)
     Any further DFT definition will be discarded
     Please, verify this is what you really want

               file C.pbe-n-kjpaw_psl.1.0.0.UPF: wavefunction(s)  2S 2P renormalized
               file Cl.pbe-n-kjpaw_psl.1.0.0.UPF: wavefunction(s)  3S 3P renormalized
               file H.pbe-kjpaw_psl.1.0.0.UPF: wavefunction(s)  1S renormalized
 
     Parallelization info
     --------------------
     sticks:   dense  smooth     PW     G-vecs:    dense   smooth      PW
     Min         764     305     83                36108     9133    1292
     Max         765     306     84                36110     9135    1293
     Sum       24467    9791   2657              1155489   292295   41363
 

     Subspace diagonalization in iterative solution of the eigenvalue problem:
     a serial algorithm will be used

     GIPAW projectors -----------------------------------------------
     atom=  C    l=0  rc=    1.2000  rs=    0.8000
     atom=  C    l=0  rc=    1.2000  rs=    0.8000
     atom=  C    l=1  rc=    1.4000  rs=    0.9333
     atom=  C    l=1  rc=    1.4000  rs=    0.9333
     projs nearly linearly dependent: l=1  n1,n2= 1, 2  s=  0.99951561
 
     atom=  Cl   l=0  rc=    1.6000  rs=    1.0667
     atom=  Cl   l=0  rc=    1.6000  rs=    1.0667
     atom=  Cl   l=1  rc=    1.6000  rs=    1.0667
     atom=  Cl   l=1  rc=    1.6000  rs=    1.0667
     atom=  Cl   l=2  rc=    1.6000  rs=    1.0667
     atom=  Cl   l=2  rc=    1.6000  rs=    1.0667
     projs nearly linearly dependent: l=2  n1,n2= 1, 2  s=  0.99993509
 
     atom=  H    l=0  rc=    1.0000  rs=    0.6667
     atom=  H    l=0  rc=    1.0000  rs=    0.6667
     projs nearly linearly dependent: l=0  n1,n2= 1, 2  s=  0.99968852
     -----------------------------------------------------------------
 
     GIPAW integrals: -------------------------------------------
     Atom  i/j   nmr_para   nmr_dia   epr_rmc  epr_para   epr_dia
       C   1 1   0.83E+03  0.17E-01  0.93E+01  0.24E+08  0.24E+03
       C   2 1   0.86E+03 -0.61E-01  0.94E+01  0.25E+08  0.25E+03
       C   2 2   0.90E+03 -0.15E+00  0.97E+01  0.26E+08  0.26E+03
       C   3 3   0.33E+01  0.34E+00  0.18E+01  0.55E+03  0.21E+02
       C   4 3   0.35E+01  0.37E+00  0.20E+01  0.59E+03  0.22E+02
       C   4 4   0.38E+01  0.39E+00  0.22E+01  0.63E+03  0.24E+02
       Cl  1 1   0.14E+04 -0.47E+00  0.84E+01  0.32E+09  0.42E+03
       Cl  2 1   0.21E+04 -0.37E+00  0.12E+02  0.49E+09  0.65E+03
       Cl  2 2   0.33E+04 -0.16E+00  0.21E+02  0.76E+09  0.10E+04
       Cl  3 3   0.21E+02  0.79E-01  0.89E+01  0.23E+05  0.13E+03
       Cl  4 3   0.24E+02  0.67E-01  0.99E+01  0.27E+05  0.15E+03
       Cl  4 4   0.28E+02  0.44E-01  0.11E+02  0.32E+05  0.18E+03
       Cl  5 5   0.77E+00  0.19E+00  0.18E+01  0.12E+03  0.22E+02
       Cl  6 5   0.80E+00  0.19E+00  0.19E+01  0.12E+03  0.23E+02
       Cl  6 6   0.83E+00  0.20E+00  0.19E+01  0.12E+03  0.23E+02
       H   1 1   0.39E+02  0.19E+00  0.29E+00  0.78E+05  0.13E+02
       H   2 1   0.41E+02  0.21E+00  0.32E+00  0.82E+05  0.14E+02
       H   2 2   0.43E+02  0.22E+00  0.36E+00  0.86E+05  0.15E+02
     ------------------------------------------------------------
 
     alpha_pv=     33.8764 eV
 
     Number of occupied bands for each k-point:
     k-point:     1    nbnd_occ=  42
     k-point:     2    nbnd_occ=  42
     k-point:     3    nbnd_occ=  42
     k-point:     4    nbnd_occ=  42
     k-point:     5    nbnd_occ=  42
     k-point:     6    nbnd_occ=  42
     k-point:     7    nbnd_occ=  42
     k-point:     8    nbnd_occ=  42
     k-point:     9    nbnd_occ=  42
     k-point:    10    nbnd_occ=  42
     k-point:    11    nbnd_occ=  42
     k-point:    12    nbnd_occ=  42
     k-point:    13    nbnd_occ=  42
     k-point:    14    nbnd_occ=  42
     k-point:    15    nbnd_occ=  42
     k-point:    16    nbnd_occ=  42
 
 
     q-space interpolation up to   110.00 Rydberg
 
     GIPAW job: efg                                                                             
 
 
     ELECTRIC FIELD GRADIENTS TENSORS IN Hartree/bohrradius^2:
 
     ----- bare term -----
     Cl   1        0.021302       -0.034599       -0.006528
     Cl   1       -0.034599       -0.006771       -0.012540
     Cl   1       -0.006528       -0.012540       -0.014531
 
     C    2       -0.062087        0.092927       -0.456662
     C    2        0.092927       -0.084727       -0.456285
     C    2       -0.456662       -0.456285        0.146814
 
     C    3       -0.117001        0.327794       -0.330351
     C    3        0.327794       -0.202450       -0.474361
     C    3       -0.330351       -0.474361        0.319452
 
     H    4       -0.343030       -0.127567       -0.563233
     H    4       -0.127567        0.350590       -0.160781
     H    4       -0.563233       -0.160781       -0.007560
 
     C    5       -0.271805        0.313596       -0.399717
     C    5        0.313596       -0.055499       -0.383212
     C    5       -0.399717       -0.383212        0.327304
 
     H    6        0.365095       -0.104364       -0.070108
     H    6       -0.104364       -0.406248       -0.539373
     H    6       -0.070108       -0.539373        0.041152
 
     H    7        0.373088        0.054774       -0.046861
     H    7        0.054774       -0.446968        0.529923
     H    7       -0.046861        0.529923        0.073880
 
     C    8       -0.316586       -0.264154       -0.365997
     C    8       -0.264154       -0.055320        0.414497
     C    8       -0.365997        0.414497        0.371906
 
     H    9       -0.409521        0.187863       -0.514199
     H    9        0.187863        0.314784        0.201071
     H    9       -0.514199        0.201071        0.094737
 
     C   10       -0.205228       -0.340778       -0.273286
     C   10       -0.340778       -0.181131        0.498654
     C   10       -0.273286        0.498654        0.386359
 
     C   11       -0.167291       -0.106139       -0.423611
     C   11       -0.106139       -0.058642        0.490173
     C   11       -0.423611        0.490173        0.225933
 
     Cl  12        0.011171        0.000151       -0.008985
     Cl  12        0.000151       -0.012855        0.022633
     Cl  12       -0.008985        0.022633        0.001684
 
     H   13        0.391445       -0.080960       -0.080062
     H   13       -0.080960       -0.419110       -0.550623
     H   13       -0.080062       -0.550623        0.027666
 
     C   14       -0.223229        0.335487       -0.411466
     C   14        0.335487       -0.077895       -0.371191
     C   14       -0.411466       -0.371191        0.301124
 
     H   15       -0.344837       -0.127466       -0.593252
     H   15       -0.127466        0.375607       -0.169947
     H   15       -0.593252       -0.169947       -0.030771
 
     C   16       -0.102732        0.344233       -0.321525
     C   16        0.344233       -0.177351       -0.496273
     C   16       -0.321525       -0.496273        0.280083
 
     C   17       -0.148203        0.146006       -0.389247
     C   17        0.146006       -0.023108       -0.513714
     C   17       -0.389247       -0.513714        0.171311
 
     Cl  18        0.017163        0.014050       -0.028160
     Cl  18        0.014050       -0.013190       -0.003197
     Cl  18       -0.028160       -0.003197       -0.003973
 
     H   19        0.386229        0.027151       -0.025261
     H   19        0.027151       -0.366934        0.566671
     H   19       -0.025261        0.566671       -0.019296
 
     C   20       -0.277160       -0.278365       -0.383498
     C   20       -0.278365       -0.039244        0.406510
     C   20       -0.383498        0.406510        0.316404
 
     H   21       -0.386050        0.180229       -0.550402
     H   21        0.180229        0.333003        0.194004
     H   21       -0.550402        0.194004        0.053047
 
     C   22       -0.161043       -0.360279       -0.294208
     C   22       -0.360279       -0.142473        0.493772
     C   22       -0.294208        0.493772        0.303516
 
     C   23       -0.116421       -0.081411       -0.373736
     C   23       -0.081411       -0.051508        0.524168
     C   23       -0.373736        0.524168        0.167928
 
     Cl  24        0.001110        0.026927       -0.022379
     Cl  24        0.026927        0.021680        0.009480
     Cl  24       -0.022379        0.009480       -0.022791
 
     ----- ionic term -----
     Cl   1        0.082652       -0.205843        0.020270
     Cl   1       -0.205843        0.059696       -0.012233
     Cl   1        0.020270       -0.012233       -0.142348
 
     C    2        0.093359       -0.209458        0.359730
     C    2       -0.209458        0.107378        0.355376
     C    2        0.359730        0.355376       -0.200737
 
     C    3        0.078236       -0.260405        0.239616
     C    3       -0.260405        0.170590        0.383038
     C    3        0.239616        0.383038       -0.248826
 
     H    4        0.483248        0.163190        0.768110
     H    4        0.163190       -0.487758        0.194100
     H    4        0.768110        0.194100        0.004510
 
     C    5        0.220204       -0.252083        0.317654
     C    5       -0.252083        0.026858        0.282725
     C    5        0.317654        0.282725       -0.247062
 
     H    6       -0.507193        0.123041        0.090802
     H    6        0.123041        0.561944        0.739311
     H    6        0.090802        0.739311       -0.054751
 
     H    7       -0.518693       -0.062414        0.054581
     H    7       -0.062414        0.611942       -0.731868
     H    7        0.054581       -0.731868       -0.093249
 
     C    8        0.258227        0.200356        0.285746
     C    8        0.200356        0.033126       -0.314116
     C    8        0.285746       -0.314116       -0.291353
 
     H    9        0.566390       -0.261032        0.700539
     H    9       -0.261032       -0.436259       -0.253118
     H    9        0.700539       -0.253118       -0.130131
 
     C   10        0.143491        0.281291        0.193955
     C   10        0.281291        0.155489       -0.396916
     C   10        0.193955       -0.396916       -0.298980
 
     C   11        0.215037        0.199028        0.340207
     C   11        0.199028        0.042116       -0.377846
     C   11        0.340207       -0.377846       -0.257153
 
     Cl  12        0.165836        0.211253        0.043319
     Cl  12        0.211253       -0.015935        0.016970
     Cl  12        0.043319        0.016970       -0.149900
 
     H   13       -0.531325        0.102449        0.100198
     H   13        0.102449        0.568428        0.751645
     H   13        0.100198        0.751645       -0.037103
 
     C   14        0.188265       -0.266744        0.324314
     C   14       -0.266744        0.043226        0.276815
     C   14        0.324314        0.276815       -0.231491
 
     H   15        0.483823        0.160202        0.795346
     H   15        0.160202       -0.510361        0.201103
     H   15        0.795346        0.201103        0.026538
 
     C   16        0.063976       -0.274445        0.235274
     C   16       -0.274445        0.158930        0.394441
     C   16        0.235274        0.394441       -0.222906
 
     C   17        0.174602       -0.234133        0.288680
     C   17       -0.234133        0.033383        0.416038
     C   17        0.288680        0.416038       -0.207986
 
     Cl  18        0.134142       -0.224396       -0.023963
     Cl  18       -0.224396        0.003829        0.023965
     Cl  18       -0.023963        0.023965       -0.137971
 
     H   19       -0.530855       -0.020483        0.026103
     H   19       -0.020483        0.501188       -0.775946
     H   19        0.026103       -0.775946        0.029667
 
     C   20        0.225951        0.216231        0.308332
     C   20        0.216231        0.022751       -0.306379
     C   20        0.308332       -0.306379       -0.248701
 
     H   21        0.534701       -0.244103        0.743484
     H   21       -0.244103       -0.460388       -0.244572
     H   21        0.743484       -0.244572       -0.074313
 
     C   22        0.105782        0.298198        0.210668
     C   22        0.298198        0.124378       -0.395526
     C   22        0.210668       -0.395526       -0.230160
 
     C   23        0.166027        0.196265        0.295602
     C   23        0.196265        0.045745       -0.409539
     C   23        0.295602       -0.409539       -0.211771
 
     Cl  24        0.126072        0.208920        0.039061
     Cl  24        0.208920        0.007359        0.016265
     Cl  24        0.039061        0.016265       -0.133431
 
     ----- GIPAW term -----
     Cl   1        1.084298       -2.545673        0.117933
     Cl   1       -2.545673        0.549092       -0.275750
     Cl   1        0.117933       -0.275750       -1.633391
 
     C    2        0.044079       -0.137183       -0.072153
     C    2       -0.137183        0.030325       -0.082476
     C    2       -0.072153       -0.082476       -0.074404
 
     C    3       -0.037026        0.051719       -0.078666
     C    3        0.051719       -0.016581       -0.073333
     C    3       -0.078666       -0.073333        0.053607
 
     H    4        0.000000       -0.000000       -0.000000
     H    4       -0.000000        0.000000        0.000000
     H    4       -0.000000        0.000000       -0.000000
 
     C    5       -0.031676        0.046938       -0.062057
     C    5        0.046938       -0.030024       -0.088760
     C    5       -0.062057       -0.088760        0.061700
 
     H    6        0.000000       -0.000000       -0.000000
     H    6       -0.000000        0.000000        0.000000
     H    6       -0.000000        0.000000       -0.000000
 
     H    7        0.000000       -0.000000       -0.000000
     H    7       -0.000000        0.000000        0.000000
     H    7       -0.000000        0.000000       -0.000000
 
     C    8       -0.034381       -0.050331       -0.061671
     C    8       -0.050331       -0.025440        0.086816
     C    8       -0.061671        0.086816        0.059822
 
     H    9        0.000000       -0.000000       -0.000000
     H    9       -0.000000        0.000000        0.000000
     H    9       -0.000000        0.000000       -0.000000
 
     C   10       -0.054484       -0.043489       -0.069073
     C   10       -0.043489       -0.013871        0.082322
     C   10       -0.069073        0.082322        0.068356
 
     C   11        0.071380        0.113435       -0.060077
     C   11        0.113435       -0.015309        0.092710
     C   11       -0.060077        0.092710       -0.056072
 
     Cl  12        1.867081        2.211537        0.341448
     Cl  12        2.211537       -0.319167        0.436471
     Cl  12        0.341448        0.436471       -1.547914
 
     H   13        0.000000       -0.000000       -0.000000
     H   13       -0.000000        0.000000        0.000000
     H   13       -0.000000        0.000000       -0.000000
 
     C   14       -0.017725        0.050942       -0.066091
     C   14        0.050942       -0.035033       -0.084662
     C   14       -0.066091       -0.084662        0.052758
 
     H   15        0.000000       -0.000000       -0.000000
     H   15       -0.000000        0.000000        0.000000
     H   15       -0.000000        0.000000       -0.000000
 
     C   16       -0.036860        0.053463       -0.074310
     C   16        0.053463       -0.006961       -0.083888
     C   16       -0.074310       -0.083888        0.043822
 
     C   17        0.050615       -0.110315       -0.087391
     C   17       -0.110315        0.006090       -0.072619
     C   17       -0.087391       -0.072619       -0.056705
 
     Cl  18        1.605016       -2.221581       -0.591184
     Cl  18       -2.221581       -0.118197        0.212480
     Cl  18       -0.591184        0.212480       -1.486820
 
     H   19        0.000000       -0.000000       -0.000000
     H   19       -0.000000        0.000000        0.000000
     H   19       -0.000000        0.000000       -0.000000
 
     C   20       -0.029938       -0.046905       -0.055159
     C   20       -0.046905       -0.021767        0.086986
     C   20       -0.055159        0.086986        0.051705
 
     H   21        0.000000       -0.000000       -0.000000
     H   21       -0.000000        0.000000        0.000000
     H   21       -0.000000        0.000000       -0.000000
 
     C   22       -0.049385       -0.043745       -0.074233
     C   22       -0.043745       -0.007634        0.079221
     C   22       -0.074233        0.079221        0.057018
 
     C   23        0.064713        0.136286       -0.057241
     C   23        0.136286       -0.000314        0.092339
     C   23       -0.057241        0.092339       -0.064399
 
     Cl  24        1.329165        2.489302        0.144583
     Cl  24        2.489302        0.305700        0.280010
     Cl  24        0.144583        0.280010       -1.634865
 
     ----- total EFG -----
     Cl   1        1.188252       -2.786116        0.131675
     Cl   1       -2.786116        0.602017       -0.300522
     Cl   1        0.131675       -0.300522       -1.790270
 
     C    2        0.075351       -0.253713       -0.169085
     C    2       -0.253713        0.052977       -0.183385
     C    2       -0.169085       -0.183385       -0.128328
 
     C    3       -0.075791        0.119107       -0.169401
     C    3        0.119107       -0.048442       -0.164656
     C    3       -0.169401       -0.164656        0.124233
 
     H    4        0.140217        0.035623        0.204877
     H    4        0.035623       -0.137167        0.033319
     H    4        0.204877        0.033319       -0.003050
 
     C    5       -0.083277        0.108451       -0.144120
     C    5        0.108451       -0.058664       -0.189247
     C    5       -0.144120       -0.189247        0.141942
 
     H    6       -0.142098        0.018677        0.020694
     H    6        0.018677        0.155696        0.199938
     H    6        0.020694        0.199938       -0.013599
 
     H    7       -0.145606       -0.007640        0.007720
     H    7       -0.007640        0.164974       -0.201945
     H    7        0.007720       -0.201945       -0.019368
 
     C    8       -0.092740       -0.114129       -0.141923
     C    8       -0.114129       -0.047634        0.187197
     C    8       -0.141923        0.187197        0.140375
 
     H    9        0.156869       -0.073168        0.186339
     H    9       -0.073168       -0.121475       -0.052048
     H    9        0.186339       -0.052048       -0.035394
 
     C   10       -0.116221       -0.102976       -0.148404
     C   10       -0.102976       -0.039514        0.184060
     C   10       -0.148404        0.184060        0.155735
 
     C   11        0.119127        0.206323       -0.143482
     C   11        0.206323       -0.031834        0.205037
     C   11       -0.143482        0.205037       -0.087293
 
     Cl  12        2.044087        2.422940        0.375781
     Cl  12        2.422940       -0.347957        0.476074
     Cl  12        0.375781        0.476074       -1.696130
 
     H   13       -0.139880        0.021489        0.020136
     H   13        0.021489        0.149318        0.201022
     H   13        0.020136        0.201022       -0.009438
 
     C   14       -0.052689        0.119685       -0.153243
     C   14        0.119685       -0.069702       -0.179038
     C   14       -0.153243       -0.179038        0.122391
 
     H   15        0.138986        0.032737        0.202094
     H   15        0.032737       -0.134754        0.031157
     H   15        0.202094        0.031157       -0.004233
 
     C   16       -0.075616        0.123251       -0.160561
     C   16        0.123251       -0.025382       -0.185721
     C   16       -0.160561       -0.185721        0.100999
 
     C   17        0.077014       -0.198442       -0.187958
     C   17       -0.198442        0.016365       -0.170295
     C   17       -0.187958       -0.170295       -0.093379
 
     Cl  18        1.756321       -2.431927       -0.643307
     Cl  18       -2.431927       -0.127558        0.233249
     Cl  18       -0.643307        0.233249       -1.628763
 
     H   19       -0.144625        0.006667        0.000842
     H   19        0.006667        0.134254       -0.209275
     H   19        0.000842       -0.209275        0.010371
 
     C   20       -0.081148       -0.109038       -0.130324
     C   20       -0.109038       -0.038260        0.187116
     C   20       -0.130324        0.187116        0.119408
 
     H   21        0.148651       -0.063875        0.193082
     H   21       -0.063875       -0.127385       -0.050568
     H   21        0.193082       -0.050568       -0.021266
 
     C   22       -0.104645       -0.105826       -0.157773
     C   22       -0.105826       -0.025728        0.177467
     C   22       -0.157773        0.177467        0.130374
 
     C   23        0.114319        0.251140       -0.135375
     C   23        0.251140       -0.006077        0.206969
     C   23       -0.135375        0.206969       -0.108242
 
     Cl  24        1.456347        2.725149        0.161266
     Cl  24        2.725149        0.334740        0.305756
     Cl  24        0.161266        0.305756       -1.791087
 
     ----- total EFG (symmetrized) -----
     Cl   1        1.188252       -2.786116        0.131675
     Cl   1       -2.786116        0.602017       -0.300522
     Cl   1        0.131675       -0.300522       -1.790270
 
     C    2        0.075351       -0.253713       -0.169085
     C    2       -0.253713        0.052977       -0.183385
     C    2       -0.169085       -0.183385       -0.128328
 
     C    3       -0.075791        0.119107       -0.169401
     C    3        0.119107       -0.048442       -0.164656
     C    3       -0.169401       -0.164656        0.124233
 
     H    4        0.140217        0.035623        0.204877
     H    4        0.035623       -0.137167        0.033319
     H    4        0.204877        0.033319       -0.003050
 
     C    5       -0.083277        0.108451       -0.144120
     C    5        0.108451       -0.058664       -0.189247
     C    5       -0.144120       -0.189247        0.141942
 
     H    6       -0.142098        0.018677        0.020694
     H    6        0.018677        0.155696        0.199938
     H    6        0.020694        0.199938       -0.013599
 
     H    7       -0.145606       -0.007640        0.007720
     H    7       -0.007640        0.164974       -0.201945
     H    7        0.007720       -0.201945       -0.019368
 
     C    8       -0.092740       -0.114129       -0.141923
     C    8       -0.114129       -0.047634        0.187197
     C    8       -0.141923        0.187197        0.140375
 
     H    9        0.156869       -0.073168        0.186339
     H    9       -0.073168       -0.121475       -0.052048
     H    9        0.186339       -0.052048       -0.035394
 
     C   10       -0.116221       -0.102976       -0.148404
     C   10       -0.102976       -0.039514        0.184060
     C   10       -0.148404        0.184060        0.155735
 
     C   11        0.119127        0.206323       -0.143482
     C   11        0.206323       -0.031834        0.205037
     C   11       -0.143482        0.205037       -0.087293
 
     Cl  12        2.044087        2.422940        0.375781
     Cl  12        2.422940       -0.347957        0.476074
     Cl  12        0.375781        0.476074       -1.696130
 
     H   13       -0.139880        0.021489        0.020136
     H   13        0.021489        0.149318        0.201022
     H   13        0.020136        0.201022       -0.009438
 
     C   14       -0.052689        0.119685       -0.153243
     C   14        0.119685       -0.069702       -0.179038
     C   14       -0.153243       -0.179038        0.122391
 
     H   15        0.138986        0.032737        0.202094
     H   15        0.032737       -0.134754        0.031157
     H   15        0.202094        0.031157       -0.004233
 
     C   16       -0.075616        0.123251       -0.160561
     C   16        0.123251       -0.025382       -0.185721
     C   16       -0.160561       -0.185721        0.100999
 
     C   17        0.077014       -0.198442       -0.187958
     C   17       -0.198442        0.016365       -0.170295
     C   17       -0.187958       -0.170295       -0.093379
 
     Cl  18        1.756321       -2.431927       -0.643307
     Cl  18       -2.431927       -0.127558        0.233249
     Cl  18       -0.643307        0.233249       -1.628763
 
     H   19       -0.144625        0.006667        0.000842
     H   19        0.006667        0.134254       -0.209275
     H   19        0.000842       -0.209275        0.010371
 
     C   20       -0.081148       -0.109038       -0.130324
     C   20       -0.109038       -0.038260        0.187116
     C   20       -0.130324        0.187116        0.119408
 
     H   21        0.148651       -0.063875        0.193082
     H   21       -0.063875       -0.127385       -0.050568
     H   21        0.193082       -0.050568       -0.021266
 
     C   22       -0.104645       -0.105826       -0.157773
     C   22       -0.105826       -0.025728        0.177467
     C   22       -0.157773        0.177467        0.130374
 
     C   23        0.114319        0.251140       -0.135375
     C   23        0.251140       -0.006077        0.206969
     C   23       -0.135375        0.206969       -0.108242
 
     Cl  24        1.456347        2.725149        0.161266
     Cl  24        2.725149        0.334740        0.305756
     Cl  24        0.161266        0.305756       -1.791087
 
 
     NQR/NMR SPECTROSCOPIC PARAMETERS:
     Cl   1    Vxx=   -1.7125    axis=( -0.416034 -0.394422  0.819358)
     Cl   1    Vyy=   -2.0004    axis=(  0.526807  0.629895  0.570708)
     Cl   1    Vzz=    3.7129    axis=(  0.741209 -0.669077  0.054273)
     Cl   1  Q=        -8.1650 1e-30 m^2  Cq=       -71.2296 MHz  eta= 0.07755
 
     C    2    Vxx=    0.0922    axis=( -0.469048 -0.468042  0.748953)
     C    2    Vyy=    0.3182    axis=( -0.717585  0.696325 -0.014250)
     C    2    Vzz=   -0.4104    axis=( -0.514845 -0.544122 -0.662470)
     C    2  Q=         1.0000 1e-30 m^2  Cq=        -0.9642 MHz  eta= 0.55079
 
     C    3    Vxx=   -0.1438    axis=(  0.280585  0.728548  0.624892)
     C    3    Vyy=   -0.1855    axis=( -0.845311  0.495961 -0.198674)
     C    3    Vzz=    0.3293    axis=( -0.454666 -0.472483  0.755009)
     C    3  Q=         1.0000 1e-30 m^2  Cq=         0.7737 MHz  eta= 0.12660
 
     H    4    Vxx=   -0.1384    axis=(  0.392191 -0.833881 -0.388367)
     H    4    Vyy=   -0.1527    axis=(  0.437150  0.540425 -0.718916)
     H    4    Vzz=    0.2911    axis=( -0.809374 -0.112177 -0.576481)
     H    4  Q=         1.0000 1e-30 m^2  Cq=         0.6839 MHz  eta= 0.04903
 
     C    5    Vxx=   -0.1485    axis=(  0.746319  0.323941  0.581438)
     C    5    Vyy=   -0.1847    axis=( -0.534890  0.811788  0.234293)
     C    5    Vzz=    0.3332    axis=( -0.396107 -0.485863  0.779126)
     C    5  Q=         1.0000 1e-30 m^2  Cq=         0.7829 MHz  eta= 0.10881
 
     H    6    Vxx=   -0.1379    axis=(  0.760980 -0.397544  0.512707)
     H    6    Vyy=   -0.1519    axis=( -0.645767 -0.388128  0.657526)
     H    6    Vzz=    0.2899    axis=(  0.062400  0.831454  0.552079)
     H    6  Q=         1.0000 1e-30 m^2  Cq=         0.6810 MHz  eta= 0.04841
 
     H    7    Vxx=   -0.1446    axis=(  0.887214  0.267209  0.376100)
     H    7    Vyy=   -0.1504    axis=(  0.460731 -0.470658 -0.752468)
     H    7    Vzz=    0.2950    axis=(  0.024052 -0.840881  0.540686)
     H    7  Q=         1.0000 1e-30 m^2  Cq=         0.6932 MHz  eta= 0.01957
 
     C    8    Vxx=   -0.1453    axis=( -0.595084  0.504108 -0.625899)
     C    8    Vyy=   -0.1874    axis=( -0.701781 -0.705476  0.099031)
     C    8    Vzz=    0.3328    axis=( -0.391635  0.498176  0.773591)
     C    8  Q=         1.0000 1e-30 m^2  Cq=         0.7819 MHz  eta= 0.12655
 
     H    9    Vxx=   -0.1376    axis=(  0.410478  0.856770 -0.312175)
     H    9    Vyy=   -0.1524    axis=( -0.371444  0.469758  0.800848)
     H    9    Vzz=    0.2899    axis=( -0.832789  0.212774 -0.511067)
     H    9  Q=         1.0000 1e-30 m^2  Cq=         0.6812 MHz  eta= 0.05100
 
     C   10    Vxx=   -0.1473    axis=( -0.239093  0.773562 -0.586887)
     C   10    Vyy=   -0.1907    axis=( -0.898143 -0.405888 -0.169095)
     C   10    Vzz=    0.3380    axis=( -0.369016  0.486679  0.791815)
     C   10  Q=         1.0000 1e-30 m^2  Cq=         0.7942 MHz  eta= 0.12830
 
     C   11    Vxx=    0.1225    axis=( -0.367435  0.526959  0.766358)
     C   11    Vyy=    0.2633    axis=( -0.819836 -0.572597  0.000651)
     C   11    Vzz=   -0.3858    axis=(  0.439158 -0.628049  0.642413)
     C   11  Q=         1.0000 1e-30 m^2  Cq=        -0.9065 MHz  eta= 0.36507
 
     Cl  12    Vxx=   -1.5954    axis=( -0.401011  0.481482  0.779336)
     Cl  12    Vyy=   -2.0162    axis=( -0.360190  0.699343 -0.617399)
     Cl  12    Vzz=    3.6115    axis=(  0.842290  0.528293  0.107020)
     Cl  12  Q=        -8.1650 1e-30 m^2  Cq=       -69.2853 MHz  eta= 0.11651
 
     H   13    Vxx=   -0.1390    axis=(  0.843426 -0.348163  0.409164)
     H   13    Vyy=   -0.1491    axis=( -0.532945 -0.446041  0.719039)
     H   13    Vzz=    0.2880    axis=(  0.067838  0.824518  0.561754)
     H   13  Q=         1.0000 1e-30 m^2  Cq=         0.6768 MHz  eta= 0.03499
 
     C   14    Vxx=   -0.1387    axis=(  0.773568  0.209833  0.597966)
     C   14    Vyy=   -0.1890    axis=( -0.442777  0.854023  0.273119)
     C   14    Vzz=    0.3277    axis=( -0.453367 -0.476042  0.753553)
     C   14  Q=         1.0000 1e-30 m^2  Cq=         0.7699 MHz  eta= 0.15359
 
     H   15    Vxx=   -0.1357    axis=(  0.363791 -0.861165 -0.355036)
     H   15    Vyy=   -0.1508    axis=(  0.457811  0.497241 -0.736994)
     H   15    Vzz=    0.2865    axis=( -0.811212 -0.105572 -0.575143)
     H   15  Q=         1.0000 1e-30 m^2  Cq=         0.6732 MHz  eta= 0.05254
 
     C   16    Vxx=   -0.1565    axis=(  0.267963  0.694316  0.667923)
     C   16    Vyy=   -0.1775    axis=( -0.855567  0.490234 -0.166361)
     C   16    Vzz=    0.3339    axis=( -0.442945 -0.526875  0.725398)
     C   16  Q=         1.0000 1e-30 m^2  Cq=         0.7846 MHz  eta= 0.06284
 
     C   17    Vxx=    0.1252    axis=( -0.285033 -0.621752  0.729507)
     C   17    Vyy=    0.2527    axis=( -0.810299  0.562857  0.163117)
     C   17    Vzz=   -0.3779    axis=( -0.512027 -0.544625 -0.664238)
     C   17  Q=         1.0000 1e-30 m^2  Cq=        -0.8879 MHz  eta= 0.33738
 
     Cl  18    Vxx=   -1.5796    axis=( -0.266270 -0.570725  0.776771)
     Cl  18    Vyy=   -1.9283    axis=( -0.505822 -0.603255 -0.616627)
     Cl  18    Vzz=    3.5079    axis=( -0.820515  0.557097  0.128057)
     Cl  18  Q=        -8.1650 1e-30 m^2  Cq=       -67.2973 MHz  eta= 0.09939
 
     H   19    Vxx=   -0.1406    axis=(  0.752832  0.387082  0.532364)
     H   19    Vyy=   -0.1500    axis=(  0.658119 -0.456321 -0.598875)
     H   19    Vzz=    0.2906    axis=( -0.011115 -0.801211  0.598279)
     H   19  Q=         1.0000 1e-30 m^2  Cq=         0.6828 MHz  eta= 0.03239
 
     C   20    Vxx=   -0.1399    axis=( -0.728234  0.327264 -0.602140)
     C   20    Vyy=   -0.1757    axis=( -0.562007 -0.787995  0.251421)
     C   20    Vzz=    0.3156    axis=( -0.392202  0.521500  0.757770)
     C   20  Q=         1.0000 1e-30 m^2  Cq=         0.7416 MHz  eta= 0.11350
 
     H   21    Vxx=   -0.1376    axis=(  0.458771  0.782292 -0.421365)
     H   21    Vyy=   -0.1528    axis=( -0.341430  0.593010  0.729222)
     H   21    Vzz=    0.2904    axis=( -0.820338  0.190680 -0.539154)
     H   21  Q=         1.0000 1e-30 m^2  Cq=         0.6823 MHz  eta= 0.05229
 
     C   22    Vxx=   -0.1414    axis=( -0.042478  0.825119 -0.563359)
     C   22    Vyy=   -0.1879    axis=( -0.915098 -0.258441 -0.309524)
     C   22    Vzz=    0.3293    axis=( -0.400989  0.502381  0.766043)
     C   22  Q=         1.0000 1e-30 m^2  Cq=         0.7738 MHz  eta= 0.14104
 
     C   23    Vxx=    0.0935    axis=( -0.453922  0.451690  0.768070)
     C   23    Vyy=    0.3139    axis=( -0.761706 -0.643971 -0.071452)
     C   23    Vzz=   -0.4074    axis=(  0.462340 -0.617477  0.636367)
     C   23  Q=         1.0000 1e-30 m^2  Cq=        -0.9573 MHz  eta= 0.54112
 
     Cl  24    Vxx=   -1.7078    axis=( -0.416890  0.436886  0.797078)
     Cl  24    Vyy=   -1.9884    axis=( -0.478338  0.640220 -0.601092)
     Cl  24    Vzz=    3.6963    axis=(  0.772914  0.631862  0.057922)
     Cl  24  Q=        -8.1650 1e-30 m^2  Cq=       -70.9109 MHz  eta= 0.07591
 
     Initialization:
     gipaw_setup  :      0.20s CPU      0.31s WALL (       1 calls)
 
     Linear response
 
     Apply operators
 
     Induced current
 
     Other routines
     efg          :      0.68s CPU      0.76s WALL (       1 calls)
 
     General routines
     calbec       :      0.05s CPU      0.05s WALL (      16 calls)
     fft          :      0.06s CPU      0.09s WALL (      15 calls)
     ffts         :      0.00s CPU      0.00s WALL (       2 calls)
     fftw         :      0.43s CPU      0.43s WALL (     672 calls)
     davcio       :      0.00s CPU      0.06s WALL (      32 calls)
 
     Parallel routines
     fft_scatter  :      0.28s CPU      0.32s WALL (     689 calls)
 
     Plugins
 
     GIPAW        :      3.83s CPU      4.52s WALL (       1 calls)
