
     Program QE v.6.0 starts on 20May2017 at 14:45:27 

     This program is part of the open-source Quantum ESPRESSO suite
     for quantum simulation of materials; please cite
         "P. Giannozzi et al., J. Phys.:Condens. Matter 21 395502 (2009);
          URL http://www.quantum-espresso.org", 
     in publications or presentations arising from this work. More details at
     http://www.quantum-espresso.org/quote
 
           ARCH :    x86_64
             CC :    icc
            CPP :    cpp
            F90 :    ifort
            F77 :    ifort
         DFLAGS :    -D__INTEL -D__DFTI
      BLAS LIBS :    -lmkl_intel_lp64  -lmkl_sequential -lmkl_core
    LAPACK LIBS :    
       FFT LIBS :    
      MASS LIBS :    

     Parallel version (MPI & OpenMP), running on      32 processor cores
     Number of MPI processes:                32
     Threads/MPI process:                     1
     R & G space division:  proc/nbgrp/npool/nimage =      32
 
     ***** This is GIPAW svn revision unknown      *****
 
     Parallelizing q-star over 1 images

     Reading data from directory:
     ./scratch/scf-2478.save

   Info: using nr1, nr2, nr3 values from input

   Info: using nr1, nr2, nr3 values from input

     IMPORTANT: XC functional enforced from input :
     Exchange-correlation      =  SLA  PW   PBX  PBC ( 1  4  3  4 0 0)
     Any further DFT definition will be discarded
     Please, verify this is what you really want

               file C.pbe-n-kjpaw_psl.1.0.0.UPF: wavefunction(s)  2S 2P renormalized
               file Cl.pbe-n-kjpaw_psl.1.0.0.UPF: wavefunction(s)  3S 3P renormalized
               file H.pbe-kjpaw_psl.1.0.0.UPF: wavefunction(s)  1S renormalized
 
     Parallelization info
     --------------------
     sticks:   dense  smooth     PW     G-vecs:    dense   smooth      PW
     Min         764     305     83                36108     9133    1292
     Max         765     306     84                36110     9135    1293
     Sum       24467    9791   2657              1155489   292295   41363
 

     Subspace diagonalization in iterative solution of the eigenvalue problem:
     a serial algorithm will be used

     GIPAW projectors -----------------------------------------------
     atom=  C    l=0  rc=    1.2000  rs=    0.8000
     atom=  C    l=0  rc=    1.2000  rs=    0.8000
     atom=  C    l=1  rc=    1.4000  rs=    0.9333
     atom=  C    l=1  rc=    1.4000  rs=    0.9333
     projs nearly linearly dependent: l=1  n1,n2= 1, 2  s=  0.99951561
 
     atom=  Cl   l=0  rc=    1.6000  rs=    1.0667
     atom=  Cl   l=0  rc=    1.6000  rs=    1.0667
     atom=  Cl   l=1  rc=    1.6000  rs=    1.0667
     atom=  Cl   l=1  rc=    1.6000  rs=    1.0667
     atom=  Cl   l=2  rc=    1.6000  rs=    1.0667
     atom=  Cl   l=2  rc=    1.6000  rs=    1.0667
     projs nearly linearly dependent: l=2  n1,n2= 1, 2  s=  0.99993509
 
     atom=  H    l=0  rc=    1.0000  rs=    0.6667
     atom=  H    l=0  rc=    1.0000  rs=    0.6667
     projs nearly linearly dependent: l=0  n1,n2= 1, 2  s=  0.99968852
     -----------------------------------------------------------------
 
     GIPAW integrals: -------------------------------------------
     Atom  i/j   nmr_para   nmr_dia   epr_rmc  epr_para   epr_dia
       C   1 1   0.83E+03  0.17E-01  0.93E+01  0.24E+08  0.24E+03
       C   2 1   0.86E+03 -0.61E-01  0.94E+01  0.25E+08  0.25E+03
       C   2 2   0.90E+03 -0.15E+00  0.97E+01  0.26E+08  0.26E+03
       C   3 3   0.33E+01  0.34E+00  0.18E+01  0.55E+03  0.21E+02
       C   4 3   0.35E+01  0.37E+00  0.20E+01  0.59E+03  0.22E+02
       C   4 4   0.38E+01  0.39E+00  0.22E+01  0.63E+03  0.24E+02
       Cl  1 1   0.14E+04 -0.47E+00  0.84E+01  0.32E+09  0.42E+03
       Cl  2 1   0.21E+04 -0.37E+00  0.12E+02  0.49E+09  0.65E+03
       Cl  2 2   0.33E+04 -0.16E+00  0.21E+02  0.76E+09  0.10E+04
       Cl  3 3   0.21E+02  0.79E-01  0.89E+01  0.23E+05  0.13E+03
       Cl  4 3   0.24E+02  0.67E-01  0.99E+01  0.27E+05  0.15E+03
       Cl  4 4   0.28E+02  0.44E-01  0.11E+02  0.32E+05  0.18E+03
       Cl  5 5   0.77E+00  0.19E+00  0.18E+01  0.12E+03  0.22E+02
       Cl  6 5   0.80E+00  0.19E+00  0.19E+01  0.12E+03  0.23E+02
       Cl  6 6   0.83E+00  0.20E+00  0.19E+01  0.12E+03  0.23E+02
       H   1 1   0.39E+02  0.19E+00  0.29E+00  0.78E+05  0.13E+02
       H   2 1   0.41E+02  0.21E+00  0.32E+00  0.82E+05  0.14E+02
       H   2 2   0.43E+02  0.22E+00  0.36E+00  0.86E+05  0.15E+02
     ------------------------------------------------------------
 
     alpha_pv=     33.9140 eV
 
     Number of occupied bands for each k-point:
     k-point:     1    nbnd_occ=  42
     k-point:     2    nbnd_occ=  42
     k-point:     3    nbnd_occ=  42
     k-point:     4    nbnd_occ=  42
     k-point:     5    nbnd_occ=  42
     k-point:     6    nbnd_occ=  42
     k-point:     7    nbnd_occ=  42
     k-point:     8    nbnd_occ=  42
     k-point:     9    nbnd_occ=  42
     k-point:    10    nbnd_occ=  42
     k-point:    11    nbnd_occ=  42
     k-point:    12    nbnd_occ=  42
     k-point:    13    nbnd_occ=  42
     k-point:    14    nbnd_occ=  42
     k-point:    15    nbnd_occ=  42
     k-point:    16    nbnd_occ=  42
 
 
     q-space interpolation up to   110.00 Rydberg
 
     GIPAW job: efg                                                                             
 
 
     ELECTRIC FIELD GRADIENTS TENSORS IN Hartree/bohrradius^2:
 
     ----- bare term -----
     Cl   1       -0.013577       -0.046713       -0.039642
     Cl   1       -0.046713        0.032972        0.009005
     Cl   1       -0.039642        0.009005       -0.019394
 
     C    2       -0.115186       -0.015739       -0.329028
     C    2       -0.015739       -0.264407       -0.476741
     C    2       -0.329028       -0.476741        0.379594
 
     C    3       -0.245339        0.268141       -0.271790
     C    3        0.268141       -0.287934       -0.423949
     C    3       -0.271790       -0.423949        0.533273
 
     H    4       -0.418599       -0.280359       -0.464720
     H    4       -0.280359        0.242238       -0.209734
     H    4       -0.464720       -0.209734        0.176361
 
     C    5       -0.373485        0.173320       -0.343457
     C    5        0.173320       -0.152331       -0.373283
     C    5       -0.343457       -0.373283        0.525816
 
     H    6        0.365864       -0.073088       -0.031532
     H    6       -0.073088       -0.589358       -0.425548
     H    6       -0.031532       -0.425548        0.223494
 
     H    7        0.366961       -0.001179       -0.028133
     H    7       -0.001179       -0.347465        0.576683
     H    7       -0.028133        0.576683       -0.019496
 
     C    8       -0.371092       -0.318558       -0.295076
     C    8       -0.318558        0.139780        0.442258
     C    8       -0.295076        0.442258        0.231311
 
     H    9       -0.332921        0.155948       -0.562697
     H    9        0.155948        0.402807        0.178535
     H    9       -0.562697        0.178535       -0.069885
 
     C   10       -0.241140       -0.307553       -0.223169
     C   10       -0.307553        0.016323        0.547656
     C   10       -0.223169        0.547656        0.224817
 
     C   11       -0.051711       -0.095826       -0.377617
     C   11       -0.095826       -0.009065        0.522660
     C   11       -0.377617        0.522660        0.060776
 
     Cl  12        0.004537        0.048864       -0.020733
     Cl  12        0.048864        0.020413       -0.000761
     Cl  12       -0.020733       -0.000761       -0.024950
 
     H   13        0.373279       -0.058783       -0.033758
     H   13       -0.058783       -0.621002       -0.403423
     H   13       -0.033758       -0.403423        0.247723
 
     C   14       -0.372944        0.182278       -0.343690
     C   14        0.182278       -0.157536       -0.368005
     C   14       -0.343690       -0.368005        0.530480
 
     H   15       -0.428153       -0.273713       -0.468098
     H   15       -0.273713        0.249659       -0.212606
     H   15       -0.468098       -0.212606        0.178495
 
     C   16       -0.276200        0.262771       -0.257092
     C   16        0.262771       -0.259946       -0.412227
     C   16       -0.257092       -0.412227        0.536146
 
     C   17       -0.186393        0.000412       -0.308552
     C   17        0.000412       -0.213145       -0.469573
     C   17       -0.308552       -0.469573        0.399538
 
     Cl  18       -0.011014       -0.035151       -0.051242
     Cl  18       -0.035151        0.009209        0.010544
     Cl  18       -0.051242        0.010544        0.001805
 
     H   19        0.385784       -0.002364       -0.022220
     H   19       -0.002364       -0.343367        0.586549
     H   19       -0.022220        0.586549       -0.042417
 
     C   20       -0.336416       -0.317739       -0.310918
     C   20       -0.317739        0.102375        0.438138
     C   20       -0.310918        0.438138        0.234040
 
     H   21       -0.330021        0.186061       -0.547393
     H   21        0.186061        0.353915        0.195154
     H   21       -0.547393        0.195154       -0.023894
 
     C   22       -0.203329       -0.317487       -0.217395
     C   22       -0.317487        0.003414        0.542840
     C   22       -0.217395        0.542840        0.199915
 
     C   23       -0.082757       -0.172266       -0.335797
     C   23       -0.172266        0.020208        0.556409
     C   23       -0.335797        0.556409        0.062549
 
     Cl  24       -0.023533       -0.010935       -0.039681
     Cl  24       -0.010935        0.031740       -0.017580
     Cl  24       -0.039681       -0.017580       -0.008207
 
     ----- ionic term -----
     Cl   1        0.150832       -0.196090        0.025508
     Cl   1       -0.196090       -0.012183       -0.007742
     Cl   1        0.025508       -0.007742       -0.138649
 
     C    2        0.175988       -0.116080        0.263017
     C    2       -0.116080        0.209710        0.371363
     C    2        0.263017        0.371363       -0.385698
 
     C    3        0.171041       -0.226165        0.192948
     C    3       -0.226165        0.251666        0.336904
     C    3        0.192948        0.336904       -0.422707
 
     H    4        0.574630        0.381806        0.638345
     H    4        0.381806       -0.345777        0.275500
     H    4        0.638345        0.275500       -0.228853
 
     C    5        0.296479       -0.138275        0.273936
     C    5       -0.138275        0.108386        0.284625
     C    5        0.273936        0.284625       -0.404866
 
     H    6       -0.514153        0.076403        0.036003
     H    6        0.076403        0.807477        0.592037
     H    6        0.036003        0.592037       -0.293324
 
     H    7       -0.510649        0.015403        0.019136
     H    7        0.015403        0.478811       -0.786480
     H    7        0.019136       -0.786480        0.031838
 
     C    8        0.306476        0.251330        0.225417
     C    8        0.251330       -0.132148       -0.329625
     C    8        0.225417       -0.329625       -0.174328
 
     H    9        0.459196       -0.208094        0.763929
     H    9       -0.208094       -0.531413       -0.227691
     H    9        0.763929       -0.227691        0.072216
 
     C   10        0.175605        0.242269        0.144767
     C   10        0.242269       -0.008724       -0.440076
     C   10        0.144767       -0.440076       -0.166881
 
     C   11        0.104824        0.212902        0.280114
     C   11        0.212902        0.027796       -0.421699
     C   11        0.280114       -0.421699       -0.132620
 
     Cl  12        0.085915        0.194064        0.003467
     Cl  12        0.194064        0.050639       -0.004208
     Cl  12        0.003467       -0.004208       -0.136554
 
     H   13       -0.520604        0.062788        0.036549
     H   13        0.062788        0.848023        0.562085
     H   13        0.036549        0.562085       -0.327418
 
     C   14        0.298963       -0.142137        0.267623
     C   14       -0.142137        0.110523        0.281214
     C   14        0.267623        0.281214       -0.409486
 
     H   15        0.583583        0.383280        0.640375
     H   15        0.383280       -0.349545        0.281555
     H   15        0.640375        0.281555       -0.234038
 
     C   16        0.195882       -0.218151        0.184462
     C   16       -0.218151        0.231794        0.324841
     C   16        0.184462        0.324841       -0.427676
 
     C   17        0.235924       -0.117445        0.233908
     C   17       -0.117445        0.162519        0.372189
     C   17        0.233908        0.372189       -0.398443
 
     Cl  18        0.176953       -0.186038        0.001015
     Cl  18       -0.186038       -0.029779        0.009160
     Cl  18        0.001015        0.009160       -0.147174
 
     H   19       -0.527997        0.017240        0.013229
     H   19        0.017240        0.464596       -0.796988
     H   19        0.013229       -0.796988        0.063400
 
     C   20        0.279946        0.248993        0.240069
     C   20        0.248993       -0.099835       -0.327005
     C   20        0.240069       -0.327005       -0.180111
 
     H   21        0.461962       -0.239211        0.750880
     H   21       -0.239211       -0.486943       -0.245483
     H   21        0.750880       -0.245483        0.024981
 
     C   22        0.146883        0.253809        0.151625
     C   22        0.253809        0.005334       -0.439804
     C   22        0.151625       -0.439804       -0.152217
 
     C   23        0.118001        0.259705        0.235718
     C   23        0.259705       -0.002814       -0.455964
     C   23        0.235718       -0.455964       -0.115187
 
     Cl  24        0.114000        0.236210       -0.020810
     Cl  24        0.236210        0.023413       -0.021339
     Cl  24       -0.020810       -0.021339       -0.137413
 
     ----- GIPAW term -----
     Cl   1        1.408848       -2.562646       -0.188291
     Cl   1       -2.562646        0.234825        0.010312
     Cl   1       -0.188291        0.010312       -1.643674
 
     C    2        0.076835       -0.149258       -0.051467
     C    2       -0.149258       -0.040968       -0.082936
     C    2       -0.051467       -0.082936       -0.035867
 
     C    3       -0.065813        0.024683       -0.069679
     C    3        0.024683       -0.020128       -0.072346
     C    3       -0.069679       -0.072346        0.085941
 
     H    4        0.000000       -0.000000       -0.000000
     H    4       -0.000000        0.000000        0.000000
     H    4       -0.000000        0.000000       -0.000000
 
     C    5       -0.053142        0.027583       -0.050624
     C    5        0.027583       -0.044061       -0.074994
     C    5       -0.050624       -0.074994        0.097203
 
     H    6        0.000000       -0.000000       -0.000000
     H    6       -0.000000        0.000000        0.000000
     H    6       -0.000000        0.000000       -0.000000
 
     H    7        0.000000       -0.000000       -0.000000
     H    7       -0.000000        0.000000        0.000000
     H    7       -0.000000        0.000000       -0.000000
 
     C    8       -0.041106       -0.053694       -0.052614
     C    8       -0.053694       -0.000536        0.096667
     C    8       -0.052614        0.096667        0.041642
 
     H    9        0.000000       -0.000000       -0.000000
     H    9       -0.000000        0.000000        0.000000
     H    9       -0.000000        0.000000       -0.000000
 
     C   10       -0.056802       -0.046764       -0.072186
     C   10       -0.046764        0.012108        0.086889
     C   10       -0.072186        0.086889        0.044695
 
     C   11        0.064120        0.137793       -0.076134
     C   11        0.137793        0.026333        0.078216
     C   11       -0.076134        0.078216       -0.090454
 
     Cl  12        0.922288        2.552771       -0.210869
     Cl  12        2.552771        0.773642       -0.048103
     Cl  12       -0.210869       -0.048103       -1.695930
 
     H   13        0.000000       -0.000000       -0.000000
     H   13       -0.000000        0.000000        0.000000
     H   13       -0.000000        0.000000       -0.000000
 
     C   14       -0.049419        0.031001       -0.057257
     C   14        0.031001       -0.046710       -0.074602
     C   14       -0.057257       -0.074602        0.096129
 
     H   15        0.000000       -0.000000       -0.000000
     H   15       -0.000000        0.000000        0.000000
     H   15       -0.000000        0.000000       -0.000000
 
     C   16       -0.072341        0.027640       -0.062917
     C   16        0.027640       -0.010810       -0.070384
     C   16       -0.062917       -0.070384        0.083151
 
     C   17        0.071728       -0.132473       -0.065067
     C   17       -0.132473       -0.040785       -0.070307
     C   17       -0.065067       -0.070307       -0.030943
 
     Cl  18        1.735827       -2.323218       -0.565614
     Cl  18       -2.323218       -0.218315        0.213089
     Cl  18       -0.565614        0.213089       -1.517512
 
     H   19        0.000000       -0.000000       -0.000000
     H   19       -0.000000        0.000000        0.000000
     H   19       -0.000000        0.000000       -0.000000
 
     C   20       -0.033538       -0.053579       -0.052992
     C   20       -0.053579       -0.005500        0.096691
     C   20       -0.052992        0.096691        0.039038
 
     H   21        0.000000       -0.000000       -0.000000
     H   21       -0.000000        0.000000        0.000000
     H   21       -0.000000        0.000000       -0.000000
 
     C   22       -0.049779       -0.046532       -0.060374
     C   22       -0.046532        0.014506        0.082481
     C   22       -0.060374        0.082481        0.035273
 
     C   23        0.048354        0.112830       -0.086039
     C   23        0.112830        0.020633        0.073500
     C   23       -0.086039        0.073500       -0.068987
 
     Cl  24        0.921285        2.388330       -0.675795
     Cl  24        2.388330        0.600307       -0.409299
     Cl  24       -0.675795       -0.409299       -1.521591
 
     ----- total EFG -----
     Cl   1        1.546103       -2.805449       -0.202425
     Cl   1       -2.805449        0.255614        0.011576
     Cl   1       -0.202425        0.011576       -1.801717
 
     C    2        0.137637       -0.281078       -0.117478
     C    2       -0.281078       -0.095666       -0.188315
     C    2       -0.117478       -0.188315       -0.041972
 
     C    3       -0.140112        0.066660       -0.148522
     C    3        0.066660       -0.056395       -0.159392
     C    3       -0.148522       -0.159392        0.196508
 
     H    4        0.156031        0.101447        0.173625
     H    4        0.101447       -0.103539        0.065766
     H    4        0.173625        0.065766       -0.052492
 
     C    5       -0.130147        0.062628       -0.120146
     C    5        0.062628       -0.088005       -0.163651
     C    5       -0.120146       -0.163651        0.218152
 
     H    6       -0.148289        0.003315        0.004471
     H    6        0.003315        0.218119        0.166489
     H    6        0.004471        0.166489       -0.069830
 
     H    7       -0.143689        0.014224       -0.008997
     H    7        0.014224        0.131346       -0.209797
     H    7       -0.008997       -0.209797        0.012342
 
     C    8       -0.105722       -0.120922       -0.122273
     C    8       -0.120922        0.007096        0.209300
     C    8       -0.122273        0.209300        0.098626
 
     H    9        0.126275       -0.052146        0.201232
     H    9       -0.052146       -0.128606       -0.049157
     H    9        0.201232       -0.049157        0.002331
 
     C   10       -0.122338       -0.112048       -0.150588
     C   10       -0.112048        0.019706        0.194468
     C   10       -0.150588        0.194468        0.102631
 
     C   11        0.117233        0.254868       -0.173638
     C   11        0.254868        0.045065        0.179177
     C   11       -0.173638        0.179177       -0.162298
 
     Cl  12        1.012740        2.795700       -0.228136
     Cl  12        2.795700        0.844694       -0.053071
     Cl  12       -0.228136       -0.053071       -1.857433
 
     H   13       -0.147325        0.004005        0.002790
     H   13        0.004005        0.227021        0.158662
     H   13        0.002790        0.158662       -0.079695
 
     C   14       -0.123400        0.071142       -0.133323
     C   14        0.071142       -0.093723       -0.161393
     C   14       -0.133323       -0.161393        0.217123
 
     H   15        0.155429        0.109567        0.172276
     H   15        0.109567       -0.099886        0.068949
     H   15        0.172276        0.068949       -0.055543
 
     C   16       -0.152658        0.072261       -0.135547
     C   16        0.072261       -0.038963       -0.157770
     C   16       -0.135547       -0.157770        0.191621
 
     C   17        0.121259       -0.249506       -0.139711
     C   17       -0.249506       -0.091412       -0.167691
     C   17       -0.139711       -0.167691       -0.029847
 
     Cl  18        1.901766       -2.544408       -0.615841
     Cl  18       -2.544408       -0.238885        0.232794
     Cl  18       -0.615841        0.232794       -1.662881
 
     H   19       -0.142212        0.014876       -0.008991
     H   19        0.014876        0.121229       -0.210440
     H   19       -0.008991       -0.210440        0.020983
 
     C   20       -0.090008       -0.122325       -0.123841
     C   20       -0.122325       -0.002960        0.207824
     C   20       -0.123841        0.207824        0.092967
 
     H   21        0.131941       -0.053150        0.203486
     H   21       -0.053150       -0.133028       -0.050329
     H   21        0.203486       -0.050329        0.001087
 
     C   22       -0.106226       -0.110209       -0.126144
     C   22       -0.110209        0.023255        0.185517
     C   22       -0.126144        0.185517        0.082971
 
     C   23        0.083598        0.200269       -0.186118
     C   23        0.200269        0.038027        0.173945
     C   23       -0.186118        0.173945       -0.121625
 
     Cl  24        1.011751        2.613606       -0.736287
     Cl  24        2.613606        0.655460       -0.448218
     Cl  24       -0.736287       -0.448218       -1.667211
 
     ----- total EFG (symmetrized) -----
     Cl   1        1.546103       -2.805449       -0.202425
     Cl   1       -2.805449        0.255614        0.011576
     Cl   1       -0.202425        0.011576       -1.801717
 
     C    2        0.137637       -0.281078       -0.117478
     C    2       -0.281078       -0.095666       -0.188315
     C    2       -0.117478       -0.188315       -0.041972
 
     C    3       -0.140112        0.066660       -0.148522
     C    3        0.066660       -0.056395       -0.159392
     C    3       -0.148522       -0.159392        0.196508
 
     H    4        0.156031        0.101447        0.173625
     H    4        0.101447       -0.103539        0.065766
     H    4        0.173625        0.065766       -0.052492
 
     C    5       -0.130147        0.062628       -0.120146
     C    5        0.062628       -0.088005       -0.163651
     C    5       -0.120146       -0.163651        0.218152
 
     H    6       -0.148289        0.003315        0.004471
     H    6        0.003315        0.218119        0.166489
     H    6        0.004471        0.166489       -0.069830
 
     H    7       -0.143689        0.014224       -0.008997
     H    7        0.014224        0.131346       -0.209797
     H    7       -0.008997       -0.209797        0.012342
 
     C    8       -0.105722       -0.120922       -0.122273
     C    8       -0.120922        0.007096        0.209300
     C    8       -0.122273        0.209300        0.098626
 
     H    9        0.126275       -0.052146        0.201232
     H    9       -0.052146       -0.128606       -0.049157
     H    9        0.201232       -0.049157        0.002331
 
     C   10       -0.122338       -0.112048       -0.150588
     C   10       -0.112048        0.019706        0.194468
     C   10       -0.150588        0.194468        0.102631
 
     C   11        0.117233        0.254868       -0.173638
     C   11        0.254868        0.045065        0.179177
     C   11       -0.173638        0.179177       -0.162298
 
     Cl  12        1.012740        2.795700       -0.228136
     Cl  12        2.795700        0.844694       -0.053071
     Cl  12       -0.228136       -0.053071       -1.857433
 
     H   13       -0.147325        0.004005        0.002790
     H   13        0.004005        0.227021        0.158662
     H   13        0.002790        0.158662       -0.079695
 
     C   14       -0.123400        0.071142       -0.133323
     C   14        0.071142       -0.093723       -0.161393
     C   14       -0.133323       -0.161393        0.217123
 
     H   15        0.155429        0.109567        0.172276
     H   15        0.109567       -0.099886        0.068949
     H   15        0.172276        0.068949       -0.055543
 
     C   16       -0.152658        0.072261       -0.135547
     C   16        0.072261       -0.038963       -0.157770
     C   16       -0.135547       -0.157770        0.191621
 
     C   17        0.121259       -0.249506       -0.139711
     C   17       -0.249506       -0.091412       -0.167691
     C   17       -0.139711       -0.167691       -0.029847
 
     Cl  18        1.901766       -2.544408       -0.615841
     Cl  18       -2.544408       -0.238885        0.232794
     Cl  18       -0.615841        0.232794       -1.662881
 
     H   19       -0.142212        0.014876       -0.008991
     H   19        0.014876        0.121229       -0.210440
     H   19       -0.008991       -0.210440        0.020983
 
     C   20       -0.090008       -0.122325       -0.123841
     C   20       -0.122325       -0.002960        0.207824
     C   20       -0.123841        0.207824        0.092967
 
     H   21        0.131941       -0.053150        0.203486
     H   21       -0.053150       -0.133028       -0.050329
     H   21        0.203486       -0.050329        0.001087
 
     C   22       -0.106226       -0.110209       -0.126144
     C   22       -0.110209        0.023255        0.185517
     C   22       -0.126144        0.185517        0.082971
 
     C   23        0.083598        0.200269       -0.186118
     C   23        0.200269        0.038027        0.173945
     C   23       -0.186118        0.173945       -0.121625
 
     Cl  24        1.011751        2.613606       -0.736287
     Cl  24        2.613606        0.655460       -0.448218
     Cl  24       -0.736287       -0.448218       -1.667211
 
 
     NQR/NMR SPECTROSCOPIC PARAMETERS:
     Cl   1    Vxx=   -1.7473    axis=( -0.260905 -0.370600  0.891394)
     Cl   1    Vyy=   -2.0372    axis=( -0.565515 -0.689677 -0.452258)
     Cl   1    Vzz=    3.7845    axis=( -0.782382  0.622094  0.029640)
     Cl   1  Q=        -8.1650 1e-30 m^2  Cq=       -72.6030 MHz  eta= 0.07660
 
     C    2    Vxx=    0.0897    axis=( -0.304550 -0.411018  0.859252)
     C    2    Vyy=    0.3255    axis=( -0.826542  0.562365 -0.023953)
     C    2    Vzz=   -0.4152    axis=( -0.473368 -0.717503 -0.510992)
     C    2  Q=         1.0000 1e-30 m^2  Cq=        -0.9756 MHz  eta= 0.56772
 
     C    3    Vxx=   -0.1331    axis=( -0.063480  0.909363  0.411132)
     C    3    Vyy=   -0.1968    axis=(  0.942814 -0.080429  0.323471)
     C    3    Vzz=    0.3299    axis=( -0.327219 -0.408155  0.852254)
     C    3  Q=         1.0000 1e-30 m^2  Cq=         0.7751 MHz  eta= 0.19294
 
     H    4    Vxx=   -0.1369    axis=( -0.450438  0.853735  0.261231)
     H    4    Vyy=   -0.1543    axis=( -0.329289 -0.430829  0.840211)
     H    4    Vzz=    0.2912    axis=( -0.829864 -0.292442 -0.475188)
     H    4  Q=         1.0000 1e-30 m^2  Cq=         0.6842 MHz  eta= 0.05948
 
     C    5    Vxx=   -0.1538    axis=(  0.474299  0.739023  0.478419)
     C    5    Vyy=   -0.1752    axis=(  0.833810 -0.551474  0.025242)
     C    5    Vzz=    0.3290    axis=( -0.282490 -0.386939  0.877769)
     C    5  Q=         1.0000 1e-30 m^2  Cq=         0.7729 MHz  eta= 0.06521
 
     H    6    Vxx=   -0.1442    axis=( -0.545494  0.354050 -0.759661)
     H    6    Vyy=   -0.1501    axis=( -0.838042 -0.218506  0.499940)
     H    6    Vzz=    0.2943    axis=(  0.011013  0.909342  0.415903)
     H    6  Q=         1.0000 1e-30 m^2  Cq=         0.6915 MHz  eta= 0.01997
 
     H    7    Vxx=   -0.1436    axis=(  0.882550  0.255538  0.394722)
     H    7    Vyy=   -0.1470    axis=(  0.468631 -0.546902 -0.693746)
     H    7    Vzz=    0.2906    axis=( -0.038596 -0.797244  0.602422)
     H    7  Q=         1.0000 1e-30 m^2  Cq=         0.6827 MHz  eta= 0.01162
 
     C    8    Vxx=   -0.1497    axis=( -0.541309  0.492383 -0.681575)
     C    8    Vyy=   -0.1841    axis=( -0.758362 -0.635990  0.142842)
     C    8    Vzz=    0.3338    axis=( -0.363142  0.594202  0.717671)
     C    8  Q=         1.0000 1e-30 m^2  Cq=         0.7843 MHz  eta= 0.10310
 
     H    9    Vxx=   -0.1346    axis=(  0.460706  0.796856 -0.390860)
     H    9    Vyy=   -0.1524    axis=( -0.402708  0.580114  0.708021)
     H    9    Vzz=    0.2870    axis=( -0.790934  0.168787 -0.588162)
     H    9  Q=         1.0000 1e-30 m^2  Cq=         0.6744 MHz  eta= 0.06187
 
     C   10    Vxx=   -0.1369    axis=(  0.102369  0.802774 -0.587430)
     C   10    Vyy=   -0.1998    axis=( -0.919996 -0.148187 -0.362833)
     C   10    Vzz=    0.3367    axis=( -0.378322  0.577576  0.723380)
     C   10  Q=         1.0000 1e-30 m^2  Cq=         0.7910 MHz  eta= 0.18681
 
     C   11    Vxx=    0.0796    axis=( -0.428671  0.551074  0.715932)
     C   11    Vyy=    0.3390    axis=( -0.765777 -0.642112  0.035737)
     C   11    Vzz=   -0.4186    axis=(  0.479402 -0.532925  0.697255)
     C   11  Q=         1.0000 1e-30 m^2  Cq=        -0.9836 MHz  eta= 0.61978
 
     Cl  12    Vxx=   -1.7457    axis=( -0.469997  0.521829  0.711897)
     Cl  12    Vyy=   -1.9872    axis=(  0.513783 -0.494078  0.701366)
     Cl  12    Vzz=    3.7329    axis=( -0.717726 -0.695400  0.035891)
     Cl  12  Q=        -8.1650 1e-30 m^2  Cq=       -71.6135 MHz  eta= 0.06468
 
     H   13    Vxx=   -0.1462    axis=( -0.638665  0.306863 -0.705650)
     H   13    Vyy=   -0.1482    axis=( -0.769409 -0.241782  0.591229)
     H   13    Vzz=    0.2944    axis=(  0.010813  0.920531  0.390521)
     H   13  Q=         1.0000 1e-30 m^2  Cq=         0.6917 MHz  eta= 0.00695
 
     C   14    Vxx=   -0.1539    axis=(  0.526237  0.694240  0.491025)
     C   14    Vyy=   -0.1813    axis=(  0.791003 -0.611577  0.016956)
     C   14    Vzz=    0.3352    axis=( -0.312071 -0.379479  0.870981)
     C   14  Q=         1.0000 1e-30 m^2  Cq=         0.7876 MHz  eta= 0.08148
 
     H   15    Vxx=   -0.1392    axis=( -0.460411  0.853290  0.244782)
     H   15    Vyy=   -0.1551    axis=( -0.323425 -0.418036  0.848906)
     H   15    Vzz=    0.2944    axis=( -0.826691 -0.311677 -0.468444)
     H   15  Q=         1.0000 1e-30 m^2  Cq=         0.6916 MHz  eta= 0.05404
 
     C   16    Vxx=   -0.1190    axis=(  0.032514  0.885300  0.463882)
     C   16    Vyy=   -0.2025    axis=(  0.950781 -0.170495  0.258742)
     C   16    Vzz=    0.3215    axis=( -0.308154 -0.432637  0.847270)
     C   16  Q=         1.0000 1e-30 m^2  Cq=         0.7554 MHz  eta= 0.25981
 
     C   17    Vxx=    0.0994    axis=( -0.194002 -0.492198  0.848589)
     C   17    Vyy=    0.2886    axis=( -0.851772  0.513649  0.103197)
     C   17    Vzz=   -0.3880    axis=( -0.486670 -0.702784 -0.518890)
     C   17  Q=         1.0000 1e-30 m^2  Cq=        -0.9117 MHz  eta= 0.48785
 
     Cl  18    Vxx=   -1.6609    axis=(  0.175530  0.456844 -0.872056)
     Cl  18    Vyy=   -2.0082    axis=(  0.531387  0.701721  0.474569)
     Cl  18    Vzz=    3.6691    axis=( -0.828744  0.546701  0.119588)
     Cl  18  Q=        -8.1650 1e-30 m^2  Cq=       -70.3900 MHz  eta= 0.09467
 
     H   19    Vxx=   -0.1416    axis=(  0.857248  0.291378  0.424528)
     H   19    Vyy=   -0.1465    axis=(  0.513344 -0.547760 -0.660634)
     H   19    Vzz=    0.2881    axis=( -0.040046 -0.784256  0.619144)
     H   19  Q=         1.0000 1e-30 m^2  Cq=         0.6770 MHz  eta= 0.01703
 
     C   20    Vxx=   -0.1473    axis=( -0.712281  0.305914 -0.631722)
     C   20    Vyy=   -0.1825    axis=( -0.589054 -0.749938  0.301012)
     C   20    Vzz=    0.3298    axis=( -0.381669  0.586523  0.714367)
     C   20  Q=         1.0000 1e-30 m^2  Cq=         0.7748 MHz  eta= 0.10660
 
     H   21    Vxx=   -0.1370    axis=(  0.498100  0.730160 -0.467721)
     H   21    Vyy=   -0.1556    axis=( -0.347399  0.662252  0.663880)
     H   21    Vzz=    0.2926    axis=( -0.794488  0.168192 -0.583524)
     H   21  Q=         1.0000 1e-30 m^2  Cq=         0.6876 MHz  eta= 0.06340
 
     C   22    Vxx=   -0.1347    axis=(  0.045161 -0.747229  0.663030)
     C   22    Vyy=   -0.1739    axis=(  0.926176  0.280049  0.252528)
     C   22    Vzz=    0.3086    axis=( -0.374377  0.602678  0.704713)
     C   22  Q=         1.0000 1e-30 m^2  Cq=         0.7252 MHz  eta= 0.12716
 
     C   23    Vxx=    0.1208    axis=( -0.374169  0.593091  0.712910)
     C   23    Vyy=    0.2647    axis=(  0.782588  0.614392 -0.100391)
     C   23    Vzz=   -0.3855    axis=( -0.497547  0.520352 -0.694032)
     C   23  Q=         1.0000 1e-30 m^2  Cq=        -0.9057 MHz  eta= 0.37339
 
     Cl  24    Vxx=   -1.6214    axis=( -0.411362  0.606194  0.680670)
     Cl  24    Vyy=   -1.9675    axis=(  0.552395 -0.428205  0.715192)
     Cl  24    Vzz=    3.5890    axis=( -0.725011 -0.670201  0.158711)
     Cl  24  Q=        -8.1650 1e-30 m^2  Cq=       -68.8522 MHz  eta= 0.09644
 
     Initialization:
     gipaw_setup  :      0.16s CPU      0.31s WALL (       1 calls)
 
     Linear response
 
     Apply operators
 
     Induced current
 
     Other routines
     efg          :      0.68s CPU      0.76s WALL (       1 calls)
 
     General routines
     calbec       :      0.05s CPU      0.05s WALL (      16 calls)
     fft          :      0.05s CPU      0.08s WALL (      15 calls)
     ffts         :      0.00s CPU      0.00s WALL (       2 calls)
     fftw         :      0.44s CPU      0.42s WALL (     672 calls)
     davcio       :      0.00s CPU      0.07s WALL (      32 calls)
 
     Parallel routines
     fft_scatter  :      0.28s CPU      0.30s WALL (     689 calls)
 
     Plugins
 
     GIPAW        :      3.78s CPU      4.56s WALL (       1 calls)
