
     Program QE v.6.0 starts on 20May2017 at 13: 2:52 

     This program is part of the open-source Quantum ESPRESSO suite
     for quantum simulation of materials; please cite
         "P. Giannozzi et al., J. Phys.:Condens. Matter 21 395502 (2009);
          URL http://www.quantum-espresso.org", 
     in publications or presentations arising from this work. More details at
     http://www.quantum-espresso.org/quote
 
           ARCH :    x86_64
             CC :    icc
            CPP :    cpp
            F90 :    ifort
            F77 :    ifort
         DFLAGS :    -D__INTEL -D__DFTI
      BLAS LIBS :    -lmkl_intel_lp64  -lmkl_sequential -lmkl_core
    LAPACK LIBS :    
       FFT LIBS :    
      MASS LIBS :    

     Parallel version (MPI & OpenMP), running on      32 processor cores
     Number of MPI processes:                32
     Threads/MPI process:                     1
     R & G space division:  proc/nbgrp/npool/nimage =      32
 
     ***** This is GIPAW svn revision unknown      *****
 
     Parallelizing q-star over 1 images

     Reading data from directory:
     ./scratch/scf-372.save

   Info: using nr1, nr2, nr3 values from input

   Info: using nr1, nr2, nr3 values from input

     IMPORTANT: XC functional enforced from input :
     Exchange-correlation      =  SLA  PW   PBX  PBC ( 1  4  3  4 0 0)
     Any further DFT definition will be discarded
     Please, verify this is what you really want

               file C.pbe-n-kjpaw_psl.1.0.0.UPF: wavefunction(s)  2S 2P renormalized
               file Cl.pbe-n-kjpaw_psl.1.0.0.UPF: wavefunction(s)  3S 3P renormalized
               file H.pbe-kjpaw_psl.1.0.0.UPF: wavefunction(s)  1S renormalized
 
     Parallelization info
     --------------------
     sticks:   dense  smooth     PW     G-vecs:    dense   smooth      PW
     Min         764     305     83                36108     9133    1292
     Max         765     306     84                36110     9135    1293
     Sum       24467    9791   2657              1155489   292295   41363
 

     Subspace diagonalization in iterative solution of the eigenvalue problem:
     a serial algorithm will be used

     GIPAW projectors -----------------------------------------------
     atom=  C    l=0  rc=    1.2000  rs=    0.8000
     atom=  C    l=0  rc=    1.2000  rs=    0.8000
     atom=  C    l=1  rc=    1.4000  rs=    0.9333
     atom=  C    l=1  rc=    1.4000  rs=    0.9333
     projs nearly linearly dependent: l=1  n1,n2= 1, 2  s=  0.99951561
 
     atom=  Cl   l=0  rc=    1.6000  rs=    1.0667
     atom=  Cl   l=0  rc=    1.6000  rs=    1.0667
     atom=  Cl   l=1  rc=    1.6000  rs=    1.0667
     atom=  Cl   l=1  rc=    1.6000  rs=    1.0667
     atom=  Cl   l=2  rc=    1.6000  rs=    1.0667
     atom=  Cl   l=2  rc=    1.6000  rs=    1.0667
     projs nearly linearly dependent: l=2  n1,n2= 1, 2  s=  0.99993509
 
     atom=  H    l=0  rc=    1.0000  rs=    0.6667
     atom=  H    l=0  rc=    1.0000  rs=    0.6667
     projs nearly linearly dependent: l=0  n1,n2= 1, 2  s=  0.99968852
     -----------------------------------------------------------------
 
     GIPAW integrals: -------------------------------------------
     Atom  i/j   nmr_para   nmr_dia   epr_rmc  epr_para   epr_dia
       C   1 1   0.83E+03  0.17E-01  0.93E+01  0.24E+08  0.24E+03
       C   2 1   0.86E+03 -0.61E-01  0.94E+01  0.25E+08  0.25E+03
       C   2 2   0.90E+03 -0.15E+00  0.97E+01  0.26E+08  0.26E+03
       C   3 3   0.33E+01  0.34E+00  0.18E+01  0.55E+03  0.21E+02
       C   4 3   0.35E+01  0.37E+00  0.20E+01  0.59E+03  0.22E+02
       C   4 4   0.38E+01  0.39E+00  0.22E+01  0.63E+03  0.24E+02
       Cl  1 1   0.14E+04 -0.47E+00  0.84E+01  0.32E+09  0.42E+03
       Cl  2 1   0.21E+04 -0.37E+00  0.12E+02  0.49E+09  0.65E+03
       Cl  2 2   0.33E+04 -0.16E+00  0.21E+02  0.76E+09  0.10E+04
       Cl  3 3   0.21E+02  0.79E-01  0.89E+01  0.23E+05  0.13E+03
       Cl  4 3   0.24E+02  0.67E-01  0.99E+01  0.27E+05  0.15E+03
       Cl  4 4   0.28E+02  0.44E-01  0.11E+02  0.32E+05  0.18E+03
       Cl  5 5   0.77E+00  0.19E+00  0.18E+01  0.12E+03  0.22E+02
       Cl  6 5   0.80E+00  0.19E+00  0.19E+01  0.12E+03  0.23E+02
       Cl  6 6   0.83E+00  0.20E+00  0.19E+01  0.12E+03  0.23E+02
       H   1 1   0.39E+02  0.19E+00  0.29E+00  0.78E+05  0.13E+02
       H   2 1   0.41E+02  0.21E+00  0.32E+00  0.82E+05  0.14E+02
       H   2 2   0.43E+02  0.22E+00  0.36E+00  0.86E+05  0.15E+02
     ------------------------------------------------------------
 
     alpha_pv=     33.6790 eV
 
     Number of occupied bands for each k-point:
     k-point:     1    nbnd_occ=  42
     k-point:     2    nbnd_occ=  42
     k-point:     3    nbnd_occ=  42
     k-point:     4    nbnd_occ=  42
     k-point:     5    nbnd_occ=  42
     k-point:     6    nbnd_occ=  42
     k-point:     7    nbnd_occ=  42
     k-point:     8    nbnd_occ=  42
     k-point:     9    nbnd_occ=  42
     k-point:    10    nbnd_occ=  42
     k-point:    11    nbnd_occ=  42
     k-point:    12    nbnd_occ=  42
     k-point:    13    nbnd_occ=  42
     k-point:    14    nbnd_occ=  42
     k-point:    15    nbnd_occ=  42
     k-point:    16    nbnd_occ=  42
 
 
     q-space interpolation up to   110.00 Rydberg
 
     GIPAW job: efg                                                                             
 
 
     ELECTRIC FIELD GRADIENTS TENSORS IN Hartree/bohrradius^2:
 
     ----- bare term -----
     Cl   1        0.038215       -0.007558        0.001915
     Cl   1       -0.007558       -0.040278       -0.020377
     Cl   1        0.001915       -0.020377        0.002063
 
     C    2       -0.123705        0.093565       -0.464577
     C    2        0.093565       -0.085307       -0.461520
     C    2       -0.464577       -0.461520        0.209012
 
     C    3       -0.132199        0.354666       -0.350633
     C    3        0.354666       -0.222967       -0.450900
     C    3       -0.350633       -0.450900        0.355167
 
     H    4       -0.300086       -0.147909       -0.563866
     H    4       -0.147909        0.342208       -0.195777
     H    4       -0.563866       -0.195777       -0.042122
 
     C    5       -0.240362        0.314044       -0.439674
     C    5        0.314044       -0.084159       -0.357222
     C    5       -0.439674       -0.357222        0.324521
 
     H    6        0.372184       -0.054790       -0.049238
     H    6       -0.054790       -0.482486       -0.497767
     H    6       -0.049238       -0.497767        0.110302
 
     H    7        0.346227        0.196698       -0.090465
     H    7        0.196698       -0.588837        0.403176
     H    7       -0.090465        0.403176        0.242610
 
     C    8       -0.396455       -0.161931       -0.270327
     C    8       -0.161931       -0.197824        0.367364
     C    8       -0.270327        0.367364        0.594279
 
     H    9       -0.514114        0.238934       -0.395884
     H    9        0.238934        0.279194        0.178719
     H    9       -0.395884        0.178719        0.234920
 
     C   10       -0.241518       -0.220849       -0.200820
     C   10       -0.220849       -0.342566        0.447166
     C   10       -0.200820        0.447166        0.584084
 
     C   11       -0.305211        0.051134       -0.280350
     C   11        0.051134       -0.182504        0.429967
     C   11       -0.280350        0.429967        0.487715
 
     Cl  12        0.042612       -0.010176       -0.009600
     Cl  12       -0.010176       -0.044160        0.004821
     Cl  12       -0.009600        0.004821        0.001547
 
     H   13        0.384372       -0.048599       -0.032251
     H   13       -0.048599       -0.451127       -0.524040
     H   13       -0.032251       -0.524040        0.066755
 
     C   14       -0.210805        0.287283       -0.454169
     C   14        0.287283       -0.118183       -0.342738
     C   14       -0.454169       -0.342738        0.328988
 
     H   15       -0.329809       -0.163304       -0.561775
     H   15       -0.163304        0.308575       -0.186629
     H   15       -0.561775       -0.186629        0.021234
 
     C   16       -0.086541        0.353979       -0.365483
     C   16        0.353979       -0.232261       -0.429799
     C   16       -0.365483       -0.429799        0.318801
 
     C   17       -0.067638        0.114429       -0.440426
     C   17        0.114429       -0.088947       -0.481736
     C   17       -0.440426       -0.481736        0.156586
 
     Cl  18       -0.000556       -0.025528       -0.024391
     Cl  18       -0.025528        0.014696       -0.010687
     Cl  18       -0.024391       -0.010687       -0.014139
 
     H   19        0.352088        0.209547       -0.073898
     H   19        0.209547       -0.597657        0.398042
     H   19       -0.073898        0.398042        0.245570
 
     C   20       -0.395998       -0.150404       -0.255309
     C   20       -0.150404       -0.204434        0.363736
     C   20       -0.255309        0.363736        0.600432
 
     H   21       -0.571813        0.208633       -0.416456
     H   21        0.208633        0.303001        0.149023
     H   21       -0.416456        0.149023        0.268813
 
     C   22       -0.256436       -0.218567       -0.209694
     C   22       -0.218567       -0.340504        0.432085
     C   22       -0.209694        0.432085        0.596940
 
     C   23       -0.256675        0.073405       -0.302382
     C   23        0.073405       -0.212630        0.424210
     C   23       -0.302382        0.424210        0.469305
 
     Cl  24        0.023011        0.050725       -0.024346
     Cl  24        0.050725       -0.020360       -0.000038
     Cl  24       -0.024346       -0.000038       -0.002651
 
     ----- ionic term -----
     Cl   1        0.141779       -0.205171        0.045548
     Cl   1       -0.205171        0.006381       -0.025943
     Cl   1        0.045548       -0.025943       -0.148160
 
     C    2        0.170780       -0.192995        0.381887
     C    2       -0.192995        0.076175        0.348384
     C    2        0.381887        0.348384       -0.246955
 
     C    3        0.091449       -0.287185        0.253019
     C    3       -0.287185        0.189041        0.357757
     C    3        0.253019        0.357757       -0.280490
 
     H    4        0.422432        0.203539        0.767263
     H    4        0.203539       -0.468063        0.245245
     H    4        0.767263        0.245245        0.045631
 
     C    5        0.197272       -0.245561        0.348489
     C    5       -0.245561        0.049827        0.269447
     C    5        0.348489        0.269447       -0.247099
 
     H    6       -0.519970        0.061210        0.057710
     H    6        0.061210        0.662873        0.692767
     H    6        0.057710        0.692767       -0.142904
 
     H    7       -0.479038       -0.255074        0.120504
     H    7       -0.255074        0.801841       -0.560985
     H    7        0.120504       -0.560985       -0.322803
 
     C    8        0.320029        0.128048        0.213895
     C    8        0.128048        0.139454       -0.278920
     C    8        0.213895       -0.278920       -0.459483
 
     H    9        0.728259       -0.314250        0.545138
     H    9       -0.314250       -0.401355       -0.213442
     H    9        0.545138       -0.213442       -0.326905
 
     C   10        0.167133        0.182383        0.140931
     C   10        0.182383        0.292521       -0.353388
     C   10        0.140931       -0.353388       -0.459655
 
     C   11        0.318545        0.075854        0.200442
     C   11        0.075854        0.144950       -0.347530
     C   11        0.200442       -0.347530       -0.463495
 
     Cl  12        0.152150        0.213868       -0.037637
     Cl  12        0.213868       -0.010953       -0.020636
     Cl  12       -0.037637       -0.020636       -0.141197
 
     H   13       -0.532345        0.046148        0.038013
     H   13        0.046148        0.618804        0.723847
     H   13        0.038013        0.723847       -0.086458
 
     C   14        0.172669       -0.225872        0.366868
     C   14       -0.225872        0.080994        0.255158
     C   14        0.366868        0.255158       -0.253663
 
     H   15        0.459048        0.222184        0.765772
     H   15        0.222184       -0.438491        0.237857
     H   15        0.765772        0.237857       -0.020557
 
     C   16        0.050622       -0.288717        0.272764
     C   16       -0.288717        0.200798        0.341295
     C   16        0.272764        0.341295       -0.251420
 
     C   17        0.114014       -0.221483        0.355333
     C   17       -0.221483        0.086175        0.370330
     C   17        0.355333        0.370330       -0.200189
 
     Cl  18        0.140612       -0.207498        0.040478
     Cl  18       -0.207498        0.003134       -0.015788
     Cl  18        0.040478       -0.015788       -0.143746
 
     H   19       -0.482438       -0.267263        0.105876
     H   19       -0.267263        0.809697       -0.553066
     H   19        0.105876       -0.553066       -0.327259
 
     C   20        0.321633        0.121617        0.205508
     C   20        0.121617        0.144569       -0.276209
     C   20        0.205508       -0.276209       -0.466202
 
     H   21        0.786269       -0.291249        0.564556
     H   21       -0.291249       -0.425075       -0.188115
     H   21        0.564556       -0.188115       -0.361194
 
     C   22        0.178915        0.180898        0.148918
     C   22        0.180898        0.291043       -0.343751
     C   22        0.148918       -0.343751       -0.469959
 
     C   23        0.274678        0.070936        0.220371
     C   23        0.070936        0.182560       -0.344504
     C   23        0.220371       -0.344504       -0.457238
 
     Cl  24        0.129410        0.178234       -0.018331
     Cl  24        0.178234        0.014039       -0.018980
     Cl  24       -0.018331       -0.018980       -0.143449
 
     ----- GIPAW term -----
     Cl   1        1.892365       -2.217697        0.472625
     Cl   1       -2.217697       -0.368747       -0.504003
     Cl   1        0.472625       -0.504003       -1.523617
 
     C    2        0.070927       -0.118489       -0.056644
     C    2       -0.118489       -0.008821       -0.095370
     C    2       -0.056644       -0.095370       -0.062106
 
     C    3       -0.036668        0.051313       -0.083380
     C    3        0.051313       -0.021483       -0.075666
     C    3       -0.083380       -0.075666        0.058151
 
     H    4        0.000000       -0.000000       -0.000000
     H    4       -0.000000        0.000000        0.000000
     H    4       -0.000000        0.000000       -0.000000
 
     C    5       -0.022585        0.053061       -0.068411
     C    5        0.053061       -0.036305       -0.077943
     C    5       -0.068411       -0.077943        0.058890
 
     H    6        0.000000       -0.000000       -0.000000
     H    6       -0.000000        0.000000        0.000000
     H    6       -0.000000        0.000000       -0.000000
 
     H    7        0.000000       -0.000000       -0.000000
     H    7       -0.000000        0.000000        0.000000
     H    7       -0.000000        0.000000       -0.000000
 
     C    8       -0.051076       -0.023413       -0.042134
     C    8       -0.023413       -0.056846        0.077241
     C    8       -0.042134        0.077241        0.107922
 
     H    9        0.000000       -0.000000       -0.000000
     H    9       -0.000000        0.000000        0.000000
     H    9       -0.000000        0.000000       -0.000000
 
     C   10       -0.068177       -0.028106       -0.051398
     C   10       -0.028106       -0.031764        0.076472
     C   10       -0.051398        0.076472        0.099940
 
     C   11        0.043567        0.139970       -0.071763
     C   11        0.139970       -0.035000        0.059529
     C   11       -0.071763        0.059529       -0.008567
 
     Cl  12        2.044035        2.148761       -0.536334
     Cl  12        2.148761       -0.597642       -0.152560
     Cl  12       -0.536334       -0.152560       -1.446393
 
     H   13        0.000000       -0.000000       -0.000000
     H   13       -0.000000        0.000000        0.000000
     H   13       -0.000000        0.000000       -0.000000
 
     C   14       -0.018914        0.045850       -0.064267
     C   14        0.045850       -0.039289       -0.078387
     C   14       -0.064267       -0.078387        0.058203
 
     H   15        0.000000       -0.000000       -0.000000
     H   15       -0.000000        0.000000        0.000000
     H   15       -0.000000        0.000000       -0.000000
 
     C   16       -0.033385        0.048298       -0.079175
     C   16        0.048298       -0.015976       -0.072237
     C   16       -0.079175       -0.072237        0.049361
 
     C   17        0.062410       -0.130047       -0.062002
     C   17       -0.130047        0.000631       -0.090494
     C   17       -0.062002       -0.090494       -0.063041
 
     Cl  18        1.474953       -2.465670        0.140868
     Cl  18       -2.465670        0.170209       -0.291361
     Cl  18        0.140868       -0.291361       -1.645162
 
     H   19        0.000000       -0.000000       -0.000000
     H   19       -0.000000        0.000000        0.000000
     H   19       -0.000000        0.000000       -0.000000
 
     C   20       -0.049274       -0.019054       -0.036818
     C   20       -0.019054       -0.057162        0.076241
     C   20       -0.036818        0.076241        0.106436
 
     H   21        0.000000       -0.000000       -0.000000
     H   21       -0.000000        0.000000        0.000000
     H   21       -0.000000        0.000000       -0.000000
 
     C   22       -0.071001       -0.024575       -0.052743
     C   22       -0.024575       -0.030254        0.072762
     C   22       -0.052743        0.072762        0.101255
 
     C   23        0.042785        0.157743       -0.071146
     C   23        0.157743       -0.022567        0.057570
     C   23       -0.071146        0.057570       -0.020218
 
     Cl  24        1.610153        2.410858       -0.478539
     Cl  24        2.410858       -0.089374       -0.198083
     Cl  24       -0.478539       -0.198083       -1.520779
 
     ----- total EFG -----
     Cl   1        2.072359       -2.430426        0.520087
     Cl   1       -2.430426       -0.402645       -0.550323
     Cl   1        0.520087       -0.550323       -1.669714
 
     C    2        0.118001       -0.217919       -0.139334
     C    2       -0.217919       -0.017953       -0.208506
     C    2       -0.139334       -0.208506       -0.100048
 
     C    3       -0.077419        0.118793       -0.180994
     C    3        0.118793       -0.055409       -0.168809
     C    3       -0.180994       -0.168809        0.132828
 
     H    4        0.122346        0.055630        0.203396
     H    4        0.055630       -0.125855        0.049468
     H    4        0.203396        0.049468        0.003509
 
     C    5       -0.065674        0.121544       -0.159596
     C    5        0.121544       -0.070637       -0.165718
     C    5       -0.159596       -0.165718        0.136311
 
     H    6       -0.147785        0.006419        0.008472
     H    6        0.006419        0.180388        0.194999
     H    6        0.008472        0.194999       -0.032602
 
     H    7       -0.132811       -0.058376        0.030039
     H    7       -0.058376        0.213004       -0.157809
     H    7        0.030039       -0.157809       -0.080193
 
     C    8       -0.127502       -0.057297       -0.098566
     C    8       -0.057297       -0.115216        0.165684
     C    8       -0.098566        0.165684        0.242718
 
     H    9        0.214146       -0.075316        0.149253
     H    9       -0.075316       -0.122161       -0.034722
     H    9        0.149253       -0.034722       -0.091985
 
     C   10       -0.142561       -0.066572       -0.111286
     C   10       -0.066572       -0.081809        0.170250
     C   10       -0.111286        0.170250        0.224370
 
     C   11        0.056900        0.266957       -0.151671
     C   11        0.266957       -0.072554        0.141966
     C   11       -0.151671        0.141966        0.015654
 
     Cl  12        2.238797        2.352453       -0.583570
     Cl  12        2.352453       -0.652755       -0.168376
     Cl  12       -0.583570       -0.168376       -1.586043
 
     H   13       -0.147973       -0.002451        0.005762
     H   13       -0.002451        0.167676        0.199807
     H   13        0.005762        0.199807       -0.019704
 
     C   14       -0.057050        0.107261       -0.151569
     C   14        0.107261       -0.076479       -0.165967
     C   14       -0.151569       -0.165967        0.133528
 
     H   15        0.129239        0.058879        0.203998
     H   15        0.058879       -0.129916        0.051228
     H   15        0.203998        0.051228        0.000677
 
     C   16       -0.069304        0.113560       -0.171895
     C   16        0.113560       -0.047439       -0.160741
     C   16       -0.171895       -0.160741        0.116743
 
     C   17        0.108786       -0.237101       -0.147096
     C   17       -0.237101       -0.002142       -0.201900
     C   17       -0.147096       -0.201900       -0.106644
 
     Cl  18        1.615009       -2.698695        0.156955
     Cl  18       -2.698695        0.188038       -0.317836
     Cl  18        0.156955       -0.317836       -1.803047
 
     H   19       -0.130350       -0.057716        0.031978
     H   19       -0.057716        0.212040       -0.155024
     H   19        0.031978       -0.155024       -0.081690
 
     C   20       -0.123638       -0.047840       -0.086619
     C   20       -0.047840       -0.117028        0.163768
     C   20       -0.086619        0.163768        0.240666
 
     H   21        0.214456       -0.082615        0.148100
     H   21       -0.082615       -0.122075       -0.039093
     H   21        0.148100       -0.039093       -0.092381
 
     C   22       -0.148522       -0.062244       -0.113519
     C   22       -0.062244       -0.079714        0.161096
     C   22       -0.113519        0.161096        0.228236
 
     C   23        0.060788        0.302084       -0.153157
     C   23        0.302084       -0.052637        0.137277
     C   23       -0.153157        0.137277       -0.008151
 
     Cl  24        1.762575        2.639817       -0.521217
     Cl  24        2.639817       -0.095696       -0.217101
     Cl  24       -0.521217       -0.217101       -1.666879
 
     ----- total EFG (symmetrized) -----
     Cl   1        2.072359       -2.430426        0.520087
     Cl   1       -2.430426       -0.402645       -0.550323
     Cl   1        0.520087       -0.550323       -1.669714
 
     C    2        0.118001       -0.217919       -0.139334
     C    2       -0.217919       -0.017953       -0.208506
     C    2       -0.139334       -0.208506       -0.100048
 
     C    3       -0.077419        0.118793       -0.180994
     C    3        0.118793       -0.055409       -0.168809
     C    3       -0.180994       -0.168809        0.132828
 
     H    4        0.122346        0.055630        0.203396
     H    4        0.055630       -0.125855        0.049468
     H    4        0.203396        0.049468        0.003509
 
     C    5       -0.065674        0.121544       -0.159596
     C    5        0.121544       -0.070637       -0.165718
     C    5       -0.159596       -0.165718        0.136311
 
     H    6       -0.147785        0.006419        0.008472
     H    6        0.006419        0.180388        0.194999
     H    6        0.008472        0.194999       -0.032602
 
     H    7       -0.132811       -0.058376        0.030039
     H    7       -0.058376        0.213004       -0.157809
     H    7        0.030039       -0.157809       -0.080193
 
     C    8       -0.127502       -0.057297       -0.098566
     C    8       -0.057297       -0.115216        0.165684
     C    8       -0.098566        0.165684        0.242718
 
     H    9        0.214146       -0.075316        0.149253
     H    9       -0.075316       -0.122161       -0.034722
     H    9        0.149253       -0.034722       -0.091985
 
     C   10       -0.142561       -0.066572       -0.111286
     C   10       -0.066572       -0.081809        0.170250
     C   10       -0.111286        0.170250        0.224370
 
     C   11        0.056900        0.266957       -0.151671
     C   11        0.266957       -0.072554        0.141966
     C   11       -0.151671        0.141966        0.015654
 
     Cl  12        2.238797        2.352453       -0.583570
     Cl  12        2.352453       -0.652755       -0.168376
     Cl  12       -0.583570       -0.168376       -1.586043
 
     H   13       -0.147973       -0.002451        0.005762
     H   13       -0.002451        0.167676        0.199807
     H   13        0.005762        0.199807       -0.019704
 
     C   14       -0.057050        0.107261       -0.151569
     C   14        0.107261       -0.076479       -0.165967
     C   14       -0.151569       -0.165967        0.133528
 
     H   15        0.129239        0.058879        0.203998
     H   15        0.058879       -0.129916        0.051228
     H   15        0.203998        0.051228        0.000677
 
     C   16       -0.069304        0.113560       -0.171895
     C   16        0.113560       -0.047439       -0.160741
     C   16       -0.171895       -0.160741        0.116743
 
     C   17        0.108786       -0.237101       -0.147096
     C   17       -0.237101       -0.002142       -0.201900
     C   17       -0.147096       -0.201900       -0.106644
 
     Cl  18        1.615009       -2.698695        0.156955
     Cl  18       -2.698695        0.188038       -0.317836
     Cl  18        0.156955       -0.317836       -1.803047
 
     H   19       -0.130350       -0.057716        0.031978
     H   19       -0.057716        0.212040       -0.155024
     H   19        0.031978       -0.155024       -0.081690
 
     C   20       -0.123638       -0.047840       -0.086619
     C   20       -0.047840       -0.117028        0.163768
     C   20       -0.086619        0.163768        0.240666
 
     H   21        0.214456       -0.082615        0.148100
     H   21       -0.082615       -0.122075       -0.039093
     H   21        0.148100       -0.039093       -0.092381
 
     C   22       -0.148522       -0.062244       -0.113519
     C   22       -0.062244       -0.079714        0.161096
     C   22       -0.113519        0.161096        0.228236
 
     C   23        0.060788        0.302084       -0.153157
     C   23        0.302084       -0.052637        0.137277
     C   23       -0.153157        0.137277       -0.008151
 
     Cl  24        1.762575        2.639817       -0.521217
     Cl  24        2.639817       -0.095696       -0.217101
     Cl  24       -0.521217       -0.217101       -1.666879
 
 
     NQR/NMR SPECTROSCOPIC PARAMETERS:
     Cl   1    Vxx=   -1.6263    axis=( -0.405208 -0.445864  0.798131)
     Cl   1    Vyy=   -2.0362    axis=(  0.355890  0.727221  0.586935)
     Cl   1    Vzz=    3.6625    axis=(  0.842110 -0.521877  0.135997)
     Cl   1  Q=        -8.1650 1e-30 m^2  Cq=       -70.2641 MHz  eta= 0.11191
 
     C    2    Vxx=    0.1140    axis=( -0.427176 -0.492679  0.758148)
     C    2    Vyy=    0.2788    axis=( -0.789210  0.612341 -0.046750)
     C    2    Vzz=   -0.3928    axis=( -0.441212 -0.618309 -0.650404)
     C    2  Q=         1.0000 1e-30 m^2  Cq=        -0.9229 MHz  eta= 0.41976
 
     C    3    Vxx=   -0.1521    axis=(  0.221245  0.770918  0.597274)
     C    3    Vyy=   -0.1911    axis=( -0.861312  0.441707 -0.251071)
     C    3    Vzz=    0.3432    axis=( -0.457375 -0.458891  0.761726)
     C    3  Q=         1.0000 1e-30 m^2  Cq=         0.8064 MHz  eta= 0.11362
 
     H    4    Vxx=   -0.1362    axis=( -0.387451  0.887392  0.249833)
     H    4    Vyy=   -0.1519    axis=( -0.481637 -0.425922  0.765909)
     H    4    Vzz=    0.2881    axis=( -0.786071 -0.176423 -0.592425)
     H    4  Q=         1.0000 1e-30 m^2  Cq=         0.6770 MHz  eta= 0.05445
 
     C    5    Vxx=   -0.1385    axis=(  0.604755  0.476127  0.638416)
     C    5    Vyy=   -0.1901    axis=( -0.656332  0.752012  0.060880)
     C    5    Vzz=    0.3286    axis=( -0.451109 -0.455830  0.767280)
     C    5  Q=         1.0000 1e-30 m^2  Cq=         0.7721 MHz  eta= 0.15725
 
     H    6    Vxx=   -0.1441    axis=(  0.719495 -0.368103  0.588921)
     H    6    Vyy=   -0.1522    axis=( -0.694144 -0.354097  0.626721)
     H    6    Vzz=    0.2963    axis=(  0.022163  0.859719  0.510287)
     H    6  Q=         1.0000 1e-30 m^2  Cq=         0.6962 MHz  eta= 0.02708
 
     H    7    Vxx=   -0.1408    axis=( -0.881023 -0.306204 -0.360608)
     H    7    Vyy=   -0.1511    axis=( -0.447831  0.294153  0.844347)
     H    7    Vzz=    0.2919    axis=(  0.152469 -0.905380  0.396283)
     H    7  Q=         1.0000 1e-30 m^2  Cq=         0.6859 MHz  eta= 0.03528
 
     C    8    Vxx=   -0.1465    axis=(  0.867615 -0.338792  0.363956)
     C    8    Vyy=   -0.1886    axis=( -0.437166 -0.868489  0.233694)
     C    8    Vzz=    0.3351    axis=( -0.236918  0.361866  0.901622)
     C    8  Q=         1.0000 1e-30 m^2  Cq=         0.7874 MHz  eta= 0.12582
 
     H    9    Vxx=   -0.1378    axis=(  0.267992  0.951369 -0.151914)
     H    9    Vyy=   -0.1536    axis=( -0.323175  0.237318  0.916099)
     H    9    Vzz=    0.2915    axis=( -0.907600  0.196413 -0.371058)
     H    9  Q=         1.0000 1e-30 m^2  Cq=         0.6848 MHz  eta= 0.05421
 
     C   10    Vxx=   -0.1496    axis=( -0.457658  0.749962 -0.477604)
     C   10    Vyy=   -0.1854    axis=(  0.850097  0.526487  0.012128)
     C   10    Vzz=    0.3350    axis=( -0.260548  0.400459  0.878491)
     C   10  Q=         1.0000 1e-30 m^2  Cq=         0.7871 MHz  eta= 0.10679
 
     C   11    Vxx=    0.1152    axis=( -0.136541  0.466664  0.873832)
     C   11    Vyy=    0.2723    axis=(  0.811972  0.558042 -0.171143)
     C   11    Vzz=   -0.3875    axis=( -0.567501  0.686159 -0.455114)
     C   11  Q=         1.0000 1e-30 m^2  Cq=        -0.9105 MHz  eta= 0.40559
 
     Cl  12    Vxx=   -1.6020    axis=( -0.077797  0.357853  0.930531)
     Cl  12    Vyy=   -2.0195    axis=(  0.489397 -0.799458  0.348363)
     Cl  12    Vzz=    3.6215    axis=(  0.868584  0.482501 -0.112937)
     Cl  12  Q=        -8.1650 1e-30 m^2  Cq=       -69.4761 MHz  eta= 0.11527
 
     H   13    Vxx=   -0.1411    axis=(  0.669718 -0.399665  0.625896)
     H   13    Vyy=   -0.1535    axis=(  0.742612  0.357810 -0.566127)
     H   13    Vzz=    0.2947    axis=(  0.002310  0.843943  0.536428)
     H   13  Q=         1.0000 1e-30 m^2  Cq=         0.6924 MHz  eta= 0.04216
 
     C   14    Vxx=   -0.1370    axis=(  0.763265  0.264127  0.589629)
     C   14    Vyy=   -0.1793    axis=( -0.469534  0.853657  0.225404)
     C   14    Vzz=    0.3163    axis=( -0.443806 -0.448894  0.775584)
     C   14  Q=         1.0000 1e-30 m^2  Cq=         0.7432 MHz  eta= 0.13365
 
     H   15    Vxx=   -0.1398    axis=(  0.458881 -0.806750 -0.372267)
     H   15    Vyy=   -0.1534    axis=(  0.403631  0.562538 -0.721549)
     H   15    Vzz=    0.2931    axis=( -0.791524 -0.180847 -0.583767)
     H   15  Q=         1.0000 1e-30 m^2  Cq=         0.6888 MHz  eta= 0.04642
 
     C   16    Vxx=   -0.1446    axis=(  0.164279  0.788384  0.592843)
     C   16    Vyy=   -0.1785    axis=( -0.870128  0.398918 -0.289381)
     C   16    Vzz=    0.3232    axis=( -0.464639 -0.468310  0.751529)
     C   16  Q=         1.0000 1e-30 m^2  Cq=         0.7594 MHz  eta= 0.10485
 
     C   17    Vxx=    0.1043    axis=( -0.433075 -0.481033  0.762269)
     C   17    Vyy=    0.2972    axis=( -0.771080  0.635666 -0.036941)
     C   17    Vzz=   -0.4015    axis=( -0.466778 -0.603769 -0.646205)
     C   17  Q=         1.0000 1e-30 m^2  Cq=        -0.9435 MHz  eta= 0.48031
 
     Cl  18    Vxx=   -1.6961    axis=( -0.418701 -0.468475  0.777960)
     Cl  18    Vyy=   -2.0152    axis=(  0.447805  0.638762  0.625663)
     Cl  18    Vzz=    3.7113    axis=(  0.790038 -0.610339  0.057665)
     Cl  18  Q=        -8.1650 1e-30 m^2  Cq=       -71.1999 MHz  eta= 0.08597
 
     H   19    Vxx=   -0.1369    axis=( -0.858917 -0.319750 -0.400027)
     H   19    Vyy=   -0.1521    axis=( -0.488186  0.275241  0.828201)
     H   19    Vzz=    0.2890    axis=(  0.154714 -0.906643  0.392507)
     H   19  Q=         1.0000 1e-30 m^2  Cq=         0.6790 MHz  eta= 0.05230
 
     C   20    Vxx=   -0.1409    axis=(  0.929049 -0.213118  0.302406)
     C   20    Vyy=   -0.1849    axis=( -0.302233 -0.908635  0.288163)
     C   20    Vzz=    0.3257    axis=( -0.213363  0.359115  0.908577)
     C   20  Q=         1.0000 1e-30 m^2  Cq=         0.7654 MHz  eta= 0.13514
 
     H   21    Vxx=   -0.1399    axis=(  0.329156  0.900103 -0.285433)
     H   21    Vyy=   -0.1544    axis=( -0.270302  0.379442  0.884851)
     H   21    Vzz=    0.2943    axis=( -0.904762  0.214101 -0.368195)
     H   21  Q=         1.0000 1e-30 m^2  Cq=         0.6914 MHz  eta= 0.04926
 
     C   22    Vxx=   -0.1447    axis=( -0.290590  0.843050 -0.452575)
     C   22    Vyy=   -0.1870    axis=(  0.921042  0.374628  0.106467)
     C   22    Vzz=    0.3317    axis=( -0.259304  0.385902  0.885348)
     C   22  Q=         1.0000 1e-30 m^2  Cq=         0.7794 MHz  eta= 0.12728
 
     C   23    Vxx=    0.0923    axis=( -0.196214  0.427046  0.882684)
     C   23    Vyy=    0.3150    axis=(  0.788306  0.604055 -0.117010)
     C   23    Vzz=   -0.4073    axis=( -0.583158  0.672867 -0.455167)
     C   23  Q=         1.0000 1e-30 m^2  Cq=        -0.9570 MHz  eta= 0.54673
 
     Cl  24    Vxx=   -1.6717    axis=( -0.146278  0.371335  0.916904)
     Cl  24    Vyy=   -2.0170    axis=(  0.563447 -0.730560  0.385757)
     Cl  24    Vzz=    3.6887    axis=(  0.813099  0.573055 -0.102363)
     Cl  24  Q=        -8.1650 1e-30 m^2  Cq=       -70.7655 MHz  eta= 0.09363
 
     Initialization:
     gipaw_setup  :      0.17s CPU      0.30s WALL (       1 calls)
 
     Linear response
 
     Apply operators
 
     Induced current
 
     Other routines
     efg          :      0.82s CPU      0.97s WALL (       1 calls)
 
     General routines
     calbec       :      0.05s CPU      0.05s WALL (      16 calls)
     fft          :      0.06s CPU      0.09s WALL (      15 calls)
     ffts         :      0.00s CPU      0.00s WALL (       2 calls)
     fftw         :      0.55s CPU      0.59s WALL (     672 calls)
     davcio       :      0.02s CPU      0.11s WALL (      32 calls)
 
     Parallel routines
     fft_scatter  :      0.44s CPU      0.47s WALL (     689 calls)
 
     Plugins
 
     GIPAW        :      3.92s CPU      4.97s WALL (       1 calls)
