
     Program QE v.6.0 starts on 20May2017 at 15:39:58 

     This program is part of the open-source Quantum ESPRESSO suite
     for quantum simulation of materials; please cite
         "P. Giannozzi et al., J. Phys.:Condens. Matter 21 395502 (2009);
          URL http://www.quantum-espresso.org", 
     in publications or presentations arising from this work. More details at
     http://www.quantum-espresso.org/quote
 
           ARCH :    x86_64
             CC :    icc
            CPP :    cpp
            F90 :    ifort
            F77 :    ifort
         DFLAGS :    -D__INTEL -D__DFTI
      BLAS LIBS :    -lmkl_intel_lp64  -lmkl_sequential -lmkl_core
    LAPACK LIBS :    
       FFT LIBS :    
      MASS LIBS :    

     Parallel version (MPI & OpenMP), running on      32 processor cores
     Number of MPI processes:                32
     Threads/MPI process:                     1
     R & G space division:  proc/nbgrp/npool/nimage =      32
 
     ***** This is GIPAW svn revision unknown      *****
 
     Parallelizing q-star over 1 images

     Reading data from directory:
     ./scratch/scf-2225.save

   Info: using nr1, nr2, nr3 values from input

   Info: using nr1, nr2, nr3 values from input

     IMPORTANT: XC functional enforced from input :
     Exchange-correlation      =  SLA  PW   PBX  PBC ( 1  4  3  4 0 0)
     Any further DFT definition will be discarded
     Please, verify this is what you really want

               file C.pbe-n-kjpaw_psl.1.0.0.UPF: wavefunction(s)  2S 2P renormalized
               file Cl.pbe-n-kjpaw_psl.1.0.0.UPF: wavefunction(s)  3S 3P renormalized
               file H.pbe-kjpaw_psl.1.0.0.UPF: wavefunction(s)  1S renormalized
 
     Parallelization info
     --------------------
     sticks:   dense  smooth     PW     G-vecs:    dense   smooth      PW
     Min         764     305     83                36108     9133    1292
     Max         765     306     84                36110     9135    1293
     Sum       24467    9791   2657              1155489   292295   41363
 

     Subspace diagonalization in iterative solution of the eigenvalue problem:
     a serial algorithm will be used

     GIPAW projectors -----------------------------------------------
     atom=  C    l=0  rc=    1.2000  rs=    0.8000
     atom=  C    l=0  rc=    1.2000  rs=    0.8000
     atom=  C    l=1  rc=    1.4000  rs=    0.9333
     atom=  C    l=1  rc=    1.4000  rs=    0.9333
     projs nearly linearly dependent: l=1  n1,n2= 1, 2  s=  0.99951561
 
     atom=  Cl   l=0  rc=    1.6000  rs=    1.0667
     atom=  Cl   l=0  rc=    1.6000  rs=    1.0667
     atom=  Cl   l=1  rc=    1.6000  rs=    1.0667
     atom=  Cl   l=1  rc=    1.6000  rs=    1.0667
     atom=  Cl   l=2  rc=    1.6000  rs=    1.0667
     atom=  Cl   l=2  rc=    1.6000  rs=    1.0667
     projs nearly linearly dependent: l=2  n1,n2= 1, 2  s=  0.99993509
 
     atom=  H    l=0  rc=    1.0000  rs=    0.6667
     atom=  H    l=0  rc=    1.0000  rs=    0.6667
     projs nearly linearly dependent: l=0  n1,n2= 1, 2  s=  0.99968852
     -----------------------------------------------------------------
 
     GIPAW integrals: -------------------------------------------
     Atom  i/j   nmr_para   nmr_dia   epr_rmc  epr_para   epr_dia
       C   1 1   0.83E+03  0.17E-01  0.93E+01  0.24E+08  0.24E+03
       C   2 1   0.86E+03 -0.61E-01  0.94E+01  0.25E+08  0.25E+03
       C   2 2   0.90E+03 -0.15E+00  0.97E+01  0.26E+08  0.26E+03
       C   3 3   0.33E+01  0.34E+00  0.18E+01  0.55E+03  0.21E+02
       C   4 3   0.35E+01  0.37E+00  0.20E+01  0.59E+03  0.22E+02
       C   4 4   0.38E+01  0.39E+00  0.22E+01  0.63E+03  0.24E+02
       Cl  1 1   0.14E+04 -0.47E+00  0.84E+01  0.32E+09  0.42E+03
       Cl  2 1   0.21E+04 -0.37E+00  0.12E+02  0.49E+09  0.65E+03
       Cl  2 2   0.33E+04 -0.16E+00  0.21E+02  0.76E+09  0.10E+04
       Cl  3 3   0.21E+02  0.79E-01  0.89E+01  0.23E+05  0.13E+03
       Cl  4 3   0.24E+02  0.67E-01  0.99E+01  0.27E+05  0.15E+03
       Cl  4 4   0.28E+02  0.44E-01  0.11E+02  0.32E+05  0.18E+03
       Cl  5 5   0.77E+00  0.19E+00  0.18E+01  0.12E+03  0.22E+02
       Cl  6 5   0.80E+00  0.19E+00  0.19E+01  0.12E+03  0.23E+02
       Cl  6 6   0.83E+00  0.20E+00  0.19E+01  0.12E+03  0.23E+02
       H   1 1   0.39E+02  0.19E+00  0.29E+00  0.78E+05  0.13E+02
       H   2 1   0.41E+02  0.21E+00  0.32E+00  0.82E+05  0.14E+02
       H   2 2   0.43E+02  0.22E+00  0.36E+00  0.86E+05  0.15E+02
     ------------------------------------------------------------
 
     alpha_pv=     34.0747 eV
 
     Number of occupied bands for each k-point:
     k-point:     1    nbnd_occ=  42
     k-point:     2    nbnd_occ=  42
     k-point:     3    nbnd_occ=  42
     k-point:     4    nbnd_occ=  42
     k-point:     5    nbnd_occ=  42
     k-point:     6    nbnd_occ=  42
     k-point:     7    nbnd_occ=  42
     k-point:     8    nbnd_occ=  42
     k-point:     9    nbnd_occ=  42
     k-point:    10    nbnd_occ=  42
     k-point:    11    nbnd_occ=  42
     k-point:    12    nbnd_occ=  42
     k-point:    13    nbnd_occ=  42
     k-point:    14    nbnd_occ=  42
     k-point:    15    nbnd_occ=  42
     k-point:    16    nbnd_occ=  42
 
 
     q-space interpolation up to   110.00 Rydberg
 
     GIPAW job: efg                                                                             
 
 
     ELECTRIC FIELD GRADIENTS TENSORS IN Hartree/bohrradius^2:
 
     ----- bare term -----
     Cl   1        0.002985       -0.005565       -0.015427
     Cl   1       -0.005565       -0.029376       -0.022071
     Cl   1       -0.015427       -0.022071        0.026391
 
     C    2       -0.196492        0.123940       -0.395211
     C    2        0.123940       -0.074119       -0.503872
     C    2       -0.395211       -0.503872        0.270611
 
     C    3       -0.160504        0.349526       -0.281969
     C    3        0.349526       -0.218359       -0.480722
     C    3       -0.281969       -0.480722        0.378862
 
     H    4       -0.465439       -0.152138       -0.478475
     H    4       -0.152138        0.356224       -0.174768
     H    4       -0.478475       -0.174768        0.109215
 
     C    5       -0.272078        0.251251       -0.371536
     C    5        0.251251       -0.117791       -0.396176
     C    5       -0.371536       -0.396176        0.389869
 
     H    6        0.384971       -0.091393       -0.060181
     H    6       -0.091393       -0.433430       -0.535358
     H    6       -0.060181       -0.535358        0.048459
 
     H    7        0.386073        0.080671       -0.071266
     H    7        0.080671       -0.339867        0.591057
     H    7       -0.071266        0.591057       -0.046206
 
     C    8       -0.315679       -0.258954       -0.333972
     C    8       -0.258954       -0.015744        0.435240
     C    8       -0.333972        0.435240        0.331424
 
     H    9       -0.444362        0.179945       -0.467949
     H    9        0.179945        0.318254        0.166965
     H    9       -0.467949        0.166965        0.126108
 
     C   10       -0.178705       -0.334173       -0.235785
     C   10       -0.334173       -0.112595        0.524642
     C   10       -0.235785        0.524642        0.291300
 
     C   11       -0.130243       -0.078625       -0.376308
     C   11       -0.078625        0.022467        0.515312
     C   11       -0.376308        0.515312        0.107777
 
     Cl  12        0.022352        0.010782       -0.015046
     Cl  12        0.010782        0.004525       -0.003015
     Cl  12       -0.015046       -0.003015       -0.026877
 
     H   13        0.363564       -0.114726       -0.078068
     H   13       -0.114726       -0.478846       -0.511683
     H   13       -0.078068       -0.511683        0.115282
 
     C   14       -0.320623        0.244012       -0.364688
     C   14        0.244012       -0.067046       -0.412933
     C   14       -0.364688       -0.412933        0.387669
 
     H   15       -0.406156       -0.164234       -0.529245
     H   15       -0.164234        0.299179       -0.182389
     H   15       -0.529245       -0.182389        0.106977
 
     C   16       -0.224427        0.315548       -0.270501
     C   16        0.315548       -0.190525       -0.464410
     C   16       -0.270501       -0.464410        0.414952
 
     C   17       -0.154381       -0.007424       -0.395655
     C   17       -0.007424       -0.073223       -0.457519
     C   17       -0.395655       -0.457519        0.227604
 
     Cl  18        0.045072       -0.030935       -0.025136
     Cl  18       -0.030935        0.002031       -0.003434
     Cl  18       -0.025136       -0.003434       -0.047103
 
     H   19        0.378001        0.068424       -0.062962
     H   19        0.068424       -0.355160        0.568404
     H   19       -0.062962        0.568404       -0.022840
 
     C   20       -0.327347       -0.297460       -0.308332
     C   20       -0.297460        0.039948        0.451825
     C   20       -0.308332        0.451825        0.287398
 
     H   21       -0.425984        0.123702       -0.556398
     H   21        0.123702        0.388820        0.171208
     H   21       -0.556398        0.171208        0.037164
 
     C   22       -0.212794       -0.350540       -0.227803
     C   22       -0.350540       -0.078076        0.555872
     C   22       -0.227803        0.555872        0.290870
 
     C   23       -0.228236       -0.121693       -0.394589
     C   23       -0.121693        0.018623        0.505441
     C   23       -0.394589        0.505441        0.209613
 
     Cl  24        0.012438       -0.000930       -0.000680
     Cl  24       -0.000930       -0.019372        0.032164
     Cl  24       -0.000680        0.032164        0.006934
 
     ----- ionic term -----
     Cl   1        0.151384       -0.211355        0.015438
     Cl   1       -0.211355        0.019744        0.003360
     Cl   1        0.015438        0.003360       -0.171128
 
     C    2        0.224036       -0.212343        0.311694
     C    2       -0.212343        0.058079        0.395536
     C    2        0.311694        0.395536       -0.282115
 
     C    3        0.106996       -0.290281        0.203392
     C    3       -0.290281        0.192404        0.384347
     C    3        0.203392        0.384347       -0.299399
 
     H    4        0.629148        0.210493        0.669528
     H    4        0.210493       -0.481582        0.217795
     H    4        0.669528        0.217795       -0.147566
 
     C    5        0.217923       -0.197403        0.298692
     C    5       -0.197403        0.082802        0.296047
     C    5        0.298692        0.296047       -0.300725
 
     H    6       -0.526388        0.112879        0.081261
     H    6        0.112879        0.586364        0.736995
     H    6        0.081261        0.736995       -0.059977
 
     H    7       -0.527138       -0.092307        0.085602
     H    7       -0.092307        0.461166       -0.801879
     H    7        0.085602       -0.801879        0.065971
 
     C    8        0.262582        0.200777        0.264856
     C    8        0.200777        0.002850       -0.327690
     C    8        0.264856       -0.327690       -0.265433
 
     H    9        0.625781       -0.236572        0.654461
     H    9       -0.236572       -0.452708       -0.207208
     H    9        0.654461       -0.207208       -0.173073
 
     C   10        0.119971        0.273294        0.170171
     C   10        0.273294        0.102235       -0.418651
     C   10        0.170171       -0.418651       -0.222206
 
     C   11        0.179790        0.196194        0.277889
     C   11        0.196194       -0.018457       -0.417220
     C   11        0.277889       -0.417220       -0.161333
 
     Cl  12        0.138086        0.218629       -0.005598
     Cl  12        0.218629       -0.003743       -0.003156
     Cl  12       -0.005598       -0.003156       -0.134343
 
     H   13       -0.505358        0.138336        0.095390
     H   13        0.138336        0.658079        0.700581
     H   13        0.095390        0.700581       -0.152721
 
     C   14        0.261769       -0.189822        0.285409
     C   14       -0.189822        0.035722        0.315288
     C   14        0.285409        0.315288       -0.297492
 
     H   15        0.571402        0.221965        0.721522
     H   15        0.221965       -0.433551        0.225073
     H   15        0.721522        0.225073       -0.137851
 
     C   16        0.155692       -0.255252        0.190773
     C   16       -0.255252        0.169682        0.371326
     C   16        0.190773        0.371326       -0.325375
 
     C   17        0.213407       -0.127041        0.307751
     C   17       -0.127041        0.062352        0.359196
     C   17        0.307751        0.359196       -0.275759
 
     Cl  18        0.154287       -0.190673        0.024299
     Cl  18       -0.190673       -0.036415       -0.002896
     Cl  18        0.024299       -0.002896       -0.117872
 
     H   19       -0.518401       -0.084734        0.079538
     H   19       -0.084734        0.478362       -0.778639
     H   19        0.079538       -0.778639        0.040038
 
     C   20        0.266918        0.230451        0.241933
     C   20        0.230451       -0.046690       -0.338410
     C   20        0.241933       -0.338410       -0.220228
 
     H   21        0.589148       -0.171778        0.744843
     H   21       -0.171778       -0.520881       -0.208636
     H   21        0.744843       -0.208636       -0.068267
 
     C   22        0.151017        0.287356        0.153963
     C   22        0.287356        0.066969       -0.445639
     C   22        0.153963       -0.445639       -0.217986
 
     C   23        0.255792        0.207758        0.305025
     C   23        0.207758       -0.014871       -0.395668
     C   23        0.305025       -0.395668       -0.240921
 
     Cl  24        0.147649        0.214511        0.025079
     Cl  24        0.214511        0.007971        0.004455
     Cl  24        0.025079        0.004455       -0.155620
 
     ----- GIPAW term -----
     Cl   1        1.625548       -2.268290       -0.027011
     Cl   1       -2.268290       -0.105144       -0.202309
     Cl   1       -0.027011       -0.202309       -1.520404
 
     C    2        0.049884       -0.111908       -0.064999
     C    2       -0.111908       -0.014331       -0.085724
     C    2       -0.064999       -0.085724       -0.035554
 
     C    3       -0.048727        0.042659       -0.068575
     C    3        0.042659       -0.012289       -0.078271
     C    3       -0.068575       -0.078271        0.061016
 
     H    4        0.000000       -0.000000       -0.000000
     H    4       -0.000000        0.000000        0.000000
     H    4       -0.000000        0.000000       -0.000000
 
     C    5       -0.033762        0.038882       -0.054074
     C    5        0.038882       -0.035986       -0.087734
     C    5       -0.054074       -0.087734        0.069748
 
     H    6        0.000000       -0.000000       -0.000000
     H    6       -0.000000        0.000000        0.000000
     H    6       -0.000000        0.000000       -0.000000
 
     H    7        0.000000       -0.000000       -0.000000
     H    7       -0.000000        0.000000        0.000000
     H    7       -0.000000        0.000000       -0.000000
 
     C    8       -0.030175       -0.043321       -0.052123
     C    8       -0.043321       -0.018243        0.093267
     C    8       -0.052123        0.093267        0.048418
 
     H    9        0.000000       -0.000000       -0.000000
     H    9       -0.000000        0.000000        0.000000
     H    9       -0.000000        0.000000       -0.000000
 
     C   10       -0.053369       -0.044910       -0.059084
     C   10       -0.044910        0.001093        0.085265
     C   10       -0.059084        0.085265        0.052276
 
     C   11        0.067731        0.137874       -0.081036
     C   11        0.137874        0.002579        0.073096
     C   11       -0.081036        0.073096       -0.070310
 
     Cl  12        1.669254        2.421604       -0.244980
     Cl  12        2.421604        0.008817       -0.053964
     Cl  12       -0.244980       -0.053964       -1.678071
 
     H   13        0.000000       -0.000000       -0.000000
     H   13       -0.000000        0.000000        0.000000
     H   13       -0.000000        0.000000       -0.000000
 
     C   14       -0.035980        0.042027       -0.060325
     C   14        0.042027       -0.032540       -0.084188
     C   14       -0.060325       -0.084188        0.068520
 
     H   15        0.000000       -0.000000       -0.000000
     H   15       -0.000000        0.000000        0.000000
     H   15       -0.000000        0.000000       -0.000000
 
     C   16       -0.065261        0.044275       -0.069339
     C   16        0.044275       -0.004037       -0.070930
     C   16       -0.069339       -0.070930        0.069299
 
     C   17        0.079088       -0.146819       -0.069141
     C   17       -0.146819       -0.005729       -0.072164
     C   17       -0.069141       -0.072164       -0.073358
 
     Cl  18        2.094131       -2.343011       -0.036213
     Cl  18       -2.343011       -0.379652       -0.079033
     Cl  18       -0.036213       -0.079033       -1.714479
 
     H   19        0.000000       -0.000000       -0.000000
     H   19       -0.000000        0.000000        0.000000
     H   19       -0.000000        0.000000       -0.000000
 
     C   20       -0.037256       -0.051038       -0.050138
     C   20       -0.051038       -0.011679        0.098932
     C   20       -0.050138        0.098932        0.048935
 
     H   21        0.000000       -0.000000       -0.000000
     H   21       -0.000000        0.000000        0.000000
     H   21       -0.000000        0.000000       -0.000000
 
     C   22       -0.055317       -0.047353       -0.064901
     C   22       -0.047353       -0.005019        0.088332
     C   22       -0.064901        0.088332        0.060335
 
     C   23        0.052517        0.107729       -0.067557
     C   23        0.107729        0.004306        0.090155
     C   23       -0.067557        0.090155       -0.056823
 
     Cl  24        1.703220        2.232000        0.241123
     Cl  24        2.232000       -0.147125        0.409299
     Cl  24        0.241123        0.409299       -1.556095
 
     ----- total EFG -----
     Cl   1        1.779918       -2.485209       -0.027000
     Cl   1       -2.485209       -0.114776       -0.221020
     Cl   1       -0.027000       -0.221020       -1.665141
 
     C    2        0.077428       -0.200310       -0.148516
     C    2       -0.200310       -0.030370       -0.194060
     C    2       -0.148516       -0.194060       -0.047058
 
     C    3       -0.102235        0.101904       -0.147152
     C    3        0.101904       -0.038244       -0.174646
     C    3       -0.147152       -0.174646        0.140479
 
     H    4        0.163709        0.058355        0.191053
     H    4        0.058355       -0.125358        0.043027
     H    4        0.191053        0.043027       -0.038351
 
     C    5       -0.087917        0.092730       -0.126917
     C    5        0.092730       -0.070975       -0.187863
     C    5       -0.126917       -0.187863        0.158892
 
     H    6       -0.141417        0.021486        0.021080
     H    6        0.021486        0.152935        0.201637
     H    6        0.021080        0.201637       -0.011518
 
     H    7       -0.141064       -0.011636        0.014337
     H    7       -0.011636        0.121299       -0.210822
     H    7        0.014337       -0.210822        0.019765
 
     C    8       -0.083272       -0.101497       -0.121238
     C    8       -0.101497       -0.031137        0.200817
     C    8       -0.121238        0.200817        0.114409
 
     H    9        0.181419       -0.056627        0.186512
     H    9       -0.056627       -0.134454       -0.040243
     H    9        0.186512       -0.040243       -0.046965
 
     C   10       -0.112103       -0.105789       -0.124699
     C   10       -0.105789       -0.009266        0.191257
     C   10       -0.124699        0.191257        0.121370
 
     C   11        0.117278        0.255442       -0.179455
     C   11        0.255442        0.006588        0.171188
     C   11       -0.179455        0.171188       -0.123866
 
     Cl  12        1.829692        2.651015       -0.265624
     Cl  12        2.651015        0.009599       -0.060135
     Cl  12       -0.265624       -0.060135       -1.839292
 
     H   13       -0.141794        0.023610        0.017323
     H   13        0.023610        0.179233        0.188898
     H   13        0.017323        0.188898       -0.037439
 
     C   14       -0.094833        0.096217       -0.139605
     C   14        0.096217       -0.063863       -0.181833
     C   14       -0.139605       -0.181833        0.158697
 
     H   15        0.165246        0.057731        0.192277
     H   15        0.057731       -0.134372        0.042683
     H   15        0.192277        0.042683       -0.030874
 
     C   16       -0.133996        0.104571       -0.149067
     C   16        0.104571       -0.024880       -0.164014
     C   16       -0.149067       -0.164014        0.158876
 
     C   17        0.138114       -0.281285       -0.157044
     C   17       -0.281285       -0.016600       -0.170486
     C   17       -0.157044       -0.170486       -0.121513
 
     Cl  18        2.293490       -2.564619       -0.037050
     Cl  18       -2.564619       -0.414036       -0.085363
     Cl  18       -0.037050       -0.085363       -1.879454
 
     H   19       -0.140400       -0.016310        0.016576
     H   19       -0.016310        0.123202       -0.210235
     H   19        0.016576       -0.210235        0.017198
 
     C   20       -0.097685       -0.118047       -0.116537
     C   20       -0.118047       -0.018420        0.212348
     C   20       -0.116537        0.212348        0.116105
 
     H   21        0.163164       -0.048076        0.188445
     H   21       -0.048076       -0.132061       -0.037428
     H   21        0.188445       -0.037428       -0.031103
 
     C   22       -0.117093       -0.110537       -0.138740
     C   22       -0.110537       -0.016126        0.198565
     C   22       -0.138740        0.198565        0.133219
 
     C   23        0.080073        0.193795       -0.157122
     C   23        0.193795        0.008058        0.199928
     C   23       -0.157122        0.199928       -0.088131
 
     Cl  24        1.863307        2.445581        0.265522
     Cl  24        2.445581       -0.158526        0.445918
     Cl  24        0.265522        0.445918       -1.704781
 
     ----- total EFG (symmetrized) -----
     Cl   1        1.779918       -2.485209       -0.027000
     Cl   1       -2.485209       -0.114776       -0.221020
     Cl   1       -0.027000       -0.221020       -1.665141
 
     C    2        0.077428       -0.200310       -0.148516
     C    2       -0.200310       -0.030370       -0.194060
     C    2       -0.148516       -0.194060       -0.047058
 
     C    3       -0.102235        0.101904       -0.147152
     C    3        0.101904       -0.038244       -0.174646
     C    3       -0.147152       -0.174646        0.140479
 
     H    4        0.163709        0.058355        0.191053
     H    4        0.058355       -0.125358        0.043027
     H    4        0.191053        0.043027       -0.038351
 
     C    5       -0.087917        0.092730       -0.126917
     C    5        0.092730       -0.070975       -0.187863
     C    5       -0.126917       -0.187863        0.158892
 
     H    6       -0.141417        0.021486        0.021080
     H    6        0.021486        0.152935        0.201637
     H    6        0.021080        0.201637       -0.011518
 
     H    7       -0.141064       -0.011636        0.014337
     H    7       -0.011636        0.121299       -0.210822
     H    7        0.014337       -0.210822        0.019765
 
     C    8       -0.083272       -0.101497       -0.121238
     C    8       -0.101497       -0.031137        0.200817
     C    8       -0.121238        0.200817        0.114409
 
     H    9        0.181419       -0.056627        0.186512
     H    9       -0.056627       -0.134454       -0.040243
     H    9        0.186512       -0.040243       -0.046965
 
     C   10       -0.112103       -0.105789       -0.124699
     C   10       -0.105789       -0.009266        0.191257
     C   10       -0.124699        0.191257        0.121370
 
     C   11        0.117278        0.255442       -0.179455
     C   11        0.255442        0.006588        0.171188
     C   11       -0.179455        0.171188       -0.123866
 
     Cl  12        1.829692        2.651015       -0.265624
     Cl  12        2.651015        0.009599       -0.060135
     Cl  12       -0.265624       -0.060135       -1.839292
 
     H   13       -0.141794        0.023610        0.017323
     H   13        0.023610        0.179233        0.188898
     H   13        0.017323        0.188898       -0.037439
 
     C   14       -0.094833        0.096217       -0.139605
     C   14        0.096217       -0.063863       -0.181833
     C   14       -0.139605       -0.181833        0.158697
 
     H   15        0.165246        0.057731        0.192277
     H   15        0.057731       -0.134372        0.042683
     H   15        0.192277        0.042683       -0.030874
 
     C   16       -0.133996        0.104571       -0.149067
     C   16        0.104571       -0.024880       -0.164014
     C   16       -0.149067       -0.164014        0.158876
 
     C   17        0.138114       -0.281285       -0.157044
     C   17       -0.281285       -0.016600       -0.170486
     C   17       -0.157044       -0.170486       -0.121513
 
     Cl  18        2.293490       -2.564619       -0.037050
     Cl  18       -2.564619       -0.414036       -0.085363
     Cl  18       -0.037050       -0.085363       -1.879454
 
     H   19       -0.140400       -0.016310        0.016576
     H   19       -0.016310        0.123202       -0.210235
     H   19        0.016576       -0.210235        0.017198
 
     C   20       -0.097685       -0.118047       -0.116537
     C   20       -0.118047       -0.018420        0.212348
     C   20       -0.116537        0.212348        0.116105
 
     H   21        0.163164       -0.048076        0.188445
     H   21       -0.048076       -0.132061       -0.037428
     H   21        0.188445       -0.037428       -0.031103
 
     C   22       -0.117093       -0.110537       -0.138740
     C   22       -0.110537       -0.016126        0.198565
     C   22       -0.138740        0.198565        0.133219
 
     C   23        0.080073        0.193795       -0.157122
     C   23        0.193795        0.008058        0.199928
     C   23       -0.157122        0.199928       -0.088131
 
     Cl  24        1.863307        2.445581        0.265522
     Cl  24        2.445581       -0.158526        0.445918
     Cl  24        0.265522        0.445918       -1.704781
 
 
     NQR/NMR SPECTROSCOPIC PARAMETERS:
     Cl   1    Vxx=   -1.5343    axis=(  0.331043  0.450477 -0.829145)
     Cl   1    Vyy=   -1.9600    axis=( -0.461822 -0.688914 -0.558675)
     Cl   1    Vzz=    3.4943    axis=( -0.822880  0.567863 -0.020020)
     Cl   1  Q=        -8.1650 1e-30 m^2  Cq=       -67.0361 MHz  eta= 0.12183
 
     C    2    Vxx=    0.1383    axis=( -0.368865 -0.478670  0.796752)
     C    2    Vyy=    0.2310    axis=( -0.793187  0.608977 -0.001355)
     C    2    Vzz=   -0.3692    axis=( -0.484555 -0.632473 -0.604305)
     C    2  Q=         1.0000 1e-30 m^2  Cq=        -0.8676 MHz  eta= 0.25099
 
     C    3    Vxx=   -0.1426    axis=(  0.235913  0.767438  0.596142)
     C    3    Vyy=   -0.1799    axis=( -0.890975  0.415722 -0.182589)
     C    3    Vzz=    0.3225    axis=( -0.387955 -0.488072  0.781842)
     C    3  Q=         1.0000 1e-30 m^2  Cq=         0.7578 MHz  eta= 0.11583
 
     H    4    Vxx=   -0.1354    axis=( -0.316455  0.924355  0.213128)
     H    4    Vyy=   -0.1559    axis=( -0.435628 -0.341193  0.832956)
     H    4    Vzz=    0.2913    axis=( -0.842665 -0.170748 -0.510647)
     H    4  Q=         1.0000 1e-30 m^2  Cq=         0.6845 MHz  eta= 0.07030
 
     C    5    Vxx=   -0.1389    axis=(  0.844162  0.210867  0.492876)
     C    5    Vyy=   -0.1846    axis=( -0.401560  0.857824  0.320760)
     C    5    Vzz=    0.3235    axis=( -0.355163 -0.468693  0.808818)
     C    5  Q=         1.0000 1e-30 m^2  Cq=         0.7601 MHz  eta= 0.14150
 
     H    6    Vxx=   -0.1395    axis=(  0.807914 -0.373628  0.455716)
     H    6    Vyy=   -0.1510    axis=( -0.585322 -0.419064  0.694106)
     H    6    Vzz=    0.2905    axis=(  0.068364  0.827519  0.557261)
     H    6  Q=         1.0000 1e-30 m^2  Cq=         0.6825 MHz  eta= 0.03983
 
     H    7    Vxx=   -0.1394    axis=(  0.860817  0.342663  0.376266)
     H    7    Vyy=   -0.1487    axis=(  0.507184 -0.516712 -0.689763)
     H    7    Vzz=    0.2881    axis=(  0.041934 -0.784596  0.618588)
     H    7  Q=         1.0000 1e-30 m^2  Cq=         0.6770 MHz  eta= 0.03220
 
     C    8    Vxx=   -0.1403    axis=( -0.863869  0.103633 -0.492941)
     C    8    Vyy=   -0.1770    axis=( -0.345758 -0.833650  0.430672)
     C    8    Vzz=    0.3173    axis=( -0.366309  0.542483  0.755996)
     C    8  Q=         1.0000 1e-30 m^2  Cq=         0.7454 MHz  eta= 0.11568
 
     H    9    Vxx=   -0.1406    axis=(  0.388683  0.818837 -0.422412)
     H    9    Vyy=   -0.1564    axis=( -0.330282  0.551817  0.765775)
     H    9    Vzz=    0.2970    axis=( -0.860139  0.158128 -0.484929)
     H    9  Q=         1.0000 1e-30 m^2  Cq=         0.6978 MHz  eta= 0.05332
 
     C   10    Vxx=   -0.1412    axis=( -0.336200  0.678051 -0.653618)
     C   10    Vyy=   -0.1785    axis=( -0.872990 -0.484758 -0.053841)
     C   10    Vzz=    0.3197    axis=( -0.353354  0.552500  0.754907)
     C   10  Q=         1.0000 1e-30 m^2  Cq=         0.7512 MHz  eta= 0.11685
 
     C   11    Vxx=    0.0847    axis=( -0.329724  0.570540  0.752174)
     C   11    Vyy=    0.3264    axis=( -0.802090 -0.589510  0.095550)
     C   11    Vzz=   -0.4110    axis=(  0.497929 -0.571807  0.652000)
     C   11  Q=         1.0000 1e-30 m^2  Cq=        -0.9658 MHz  eta= 0.58812
 
     Cl  12    Vxx=   -1.7604    axis=( -0.349866  0.549794  0.758499)
     Cl  12    Vyy=   -1.9735    axis=(  0.464539 -0.601292  0.650117)
     Cl  12    Vzz=    3.7338    axis=( -0.813509 -0.579806  0.045029)
     Cl  12  Q=        -8.1650 1e-30 m^2  Cq=       -71.6317 MHz  eta= 0.05708
 
     H   13    Vxx=   -0.1418    axis=(  0.847381 -0.314191  0.428053)
     H   13    Vyy=   -0.1488    axis=( -0.526719 -0.395387  0.752487)
     H   13    Vzz=    0.2906    axis=(  0.067178  0.863107  0.500534)
     H   13  Q=         1.0000 1e-30 m^2  Cq=         0.6828 MHz  eta= 0.02416
 
     C   14    Vxx=   -0.1494    axis=(  0.692766  0.438320  0.572670)
     C   14    Vyy=   -0.1787    axis=( -0.618353  0.769662  0.158932)
     C   14    Vzz=    0.3281    axis=( -0.371099 -0.464215  0.804232)
     C   14  Q=         1.0000 1e-30 m^2  Cq=         0.7708 MHz  eta= 0.08947
 
     H   15    Vxx=   -0.1412    axis=(  0.441980 -0.760209 -0.476168)
     H   15    Vyy=   -0.1537    axis=(  0.314917  0.628543 -0.711169)
     H   15    Vzz=    0.2949    axis=( -0.839929 -0.164369 -0.517206)
     H   15  Q=         1.0000 1e-30 m^2  Cq=         0.6930 MHz  eta= 0.04252
 
     C   16    Vxx=   -0.1189    axis=(  0.142059  0.817073  0.558759)
     C   16    Vyy=   -0.2077    axis=( -0.919345  0.318146 -0.231491)
     C   16    Vzz=    0.3266    axis=( -0.366912 -0.480807  0.796367)
     C   16  Q=         1.0000 1e-30 m^2  Cq=         0.7673 MHz  eta= 0.27208
 
     C   17    Vxx=    0.0600    axis=( -0.330211 -0.528413  0.782138)
     C   17    Vyy=    0.3537    axis=( -0.807316  0.587453  0.056042)
     C   17    Vzz=   -0.4137    axis=( -0.489083 -0.612927 -0.620579)
     C   17  Q=         1.0000 1e-30 m^2  Cq=        -0.9719 MHz  eta= 0.71006
 
     Cl  18    Vxx=   -1.8192    axis=(  0.284097  0.467675 -0.837000)
     Cl  18    Vyy=   -2.0206    axis=(  0.431178  0.717398  0.547198)
     Cl  18    Vzz=    3.8397    axis=( -0.856373  0.516354 -0.002159)
     Cl  18  Q=        -8.1650 1e-30 m^2  Cq=       -73.6636 MHz  eta= 0.05245
 
     H   19    Vxx=   -0.1402    axis=(  0.902081  0.301960  0.308334)
     H   19    Vyy=   -0.1481    axis=(  0.428212 -0.537355 -0.726557)
     H   19    Vzz=    0.2883    axis=(  0.053707 -0.787445  0.614041)
     H   19  Q=         1.0000 1e-30 m^2  Cq=         0.6773 MHz  eta= 0.02729
 
     C   20    Vxx=   -0.1413    axis=( -0.742855  0.310931 -0.592864)
     C   20    Vyy=   -0.1926    axis=( -0.567149 -0.762815  0.310572)
     C   20    Vzz=    0.3339    axis=( -0.355679  0.566952  0.743006)
     C   20  Q=         1.0000 1e-30 m^2  Cq=         0.7846 MHz  eta= 0.15381
 
     H   21    Vxx=   -0.1361    axis=(  0.397753  0.813647 -0.423995)
     H   21    Vyy=   -0.1507    axis=( -0.360075  0.563480  0.743530)
     H   21    Vzz=    0.2868    axis=( -0.843883  0.143071 -0.517100)
     H   21  Q=         1.0000 1e-30 m^2  Cq=         0.6738 MHz  eta= 0.05114
 
     C   22    Vxx=   -0.1502    axis=( -0.274855  0.718995 -0.638358)
     C   22    Vyy=   -0.1892    axis=( -0.890854 -0.440205 -0.112240)
     C   22    Vzz=    0.3394    axis=( -0.361709  0.537834  0.761513)
     C   22  Q=         1.0000 1e-30 m^2  Cq=         0.7974 MHz  eta= 0.11501
 
     C   23    Vxx=    0.1354    axis=( -0.460169  0.476164  0.749341)
     C   23    Vyy=    0.2415    axis=( -0.750701 -0.659302 -0.042055)
     C   23    Vzz=   -0.3769    axis=(  0.474017 -0.581884  0.660848)
     C   23  Q=         1.0000 1e-30 m^2  Cq=        -0.8855 MHz  eta= 0.28145
 
     Cl  24    Vxx=   -1.5469    axis=( -0.428826  0.517574  0.740423)
     Cl  24    Vyy=   -1.9938    axis=( -0.366098  0.649725 -0.666205)
     Cl  24    Vzz=    3.5406    axis=(  0.825881  0.556754  0.089137)
     Cl  24  Q=        -8.1650 1e-30 m^2  Cq=       -67.9248 MHz  eta= 0.12622
 
     Initialization:
     gipaw_setup  :      0.18s CPU      0.31s WALL (       1 calls)
 
     Linear response
 
     Apply operators
 
     Induced current
 
     Other routines
     efg          :      0.69s CPU      0.80s WALL (       1 calls)
 
     General routines
     calbec       :      0.05s CPU      0.05s WALL (      16 calls)
     fft          :      0.06s CPU      0.08s WALL (      15 calls)
     ffts         :      0.00s CPU      0.00s WALL (       2 calls)
     fftw         :      0.42s CPU      0.44s WALL (     672 calls)
     davcio       :      0.02s CPU      0.09s WALL (      32 calls)
 
     Parallel routines
     fft_scatter  :      0.30s CPU      0.32s WALL (     689 calls)
 
     Plugins
 
     GIPAW        :      4.55s CPU      5.39s WALL (       1 calls)
