
     Program QE v.6.0 starts on 20May2017 at 16: 8:59 

     This program is part of the open-source Quantum ESPRESSO suite
     for quantum simulation of materials; please cite
         "P. Giannozzi et al., J. Phys.:Condens. Matter 21 395502 (2009);
          URL http://www.quantum-espresso.org", 
     in publications or presentations arising from this work. More details at
     http://www.quantum-espresso.org/quote
 
           ARCH :    x86_64
             CC :    icc
            CPP :    cpp
            F90 :    ifort
            F77 :    ifort
         DFLAGS :    -D__INTEL -D__DFTI
      BLAS LIBS :    -lmkl_intel_lp64  -lmkl_sequential -lmkl_core
    LAPACK LIBS :    
       FFT LIBS :    
      MASS LIBS :    

     Parallel version (MPI & OpenMP), running on      32 processor cores
     Number of MPI processes:                32
     Threads/MPI process:                     1
     R & G space division:  proc/nbgrp/npool/nimage =      32
 
     ***** This is GIPAW svn revision unknown      *****
 
     Parallelizing q-star over 1 images

     Reading data from directory:
     ./scratch/scf-2249.save

   Info: using nr1, nr2, nr3 values from input

   Info: using nr1, nr2, nr3 values from input

     IMPORTANT: XC functional enforced from input :
     Exchange-correlation      =  SLA  PW   PBX  PBC ( 1  4  3  4 0 0)
     Any further DFT definition will be discarded
     Please, verify this is what you really want

               file C.pbe-n-kjpaw_psl.1.0.0.UPF: wavefunction(s)  2S 2P renormalized
               file Cl.pbe-n-kjpaw_psl.1.0.0.UPF: wavefunction(s)  3S 3P renormalized
               file H.pbe-kjpaw_psl.1.0.0.UPF: wavefunction(s)  1S renormalized
 
     Parallelization info
     --------------------
     sticks:   dense  smooth     PW     G-vecs:    dense   smooth      PW
     Min         764     305     83                36108     9133    1292
     Max         765     306     84                36110     9135    1293
     Sum       24467    9791   2657              1155489   292295   41363
 

     Subspace diagonalization in iterative solution of the eigenvalue problem:
     a serial algorithm will be used

     GIPAW projectors -----------------------------------------------
     atom=  C    l=0  rc=    1.2000  rs=    0.8000
     atom=  C    l=0  rc=    1.2000  rs=    0.8000
     atom=  C    l=1  rc=    1.4000  rs=    0.9333
     atom=  C    l=1  rc=    1.4000  rs=    0.9333
     projs nearly linearly dependent: l=1  n1,n2= 1, 2  s=  0.99951561
 
     atom=  Cl   l=0  rc=    1.6000  rs=    1.0667
     atom=  Cl   l=0  rc=    1.6000  rs=    1.0667
     atom=  Cl   l=1  rc=    1.6000  rs=    1.0667
     atom=  Cl   l=1  rc=    1.6000  rs=    1.0667
     atom=  Cl   l=2  rc=    1.6000  rs=    1.0667
     atom=  Cl   l=2  rc=    1.6000  rs=    1.0667
     projs nearly linearly dependent: l=2  n1,n2= 1, 2  s=  0.99993509
 
     atom=  H    l=0  rc=    1.0000  rs=    0.6667
     atom=  H    l=0  rc=    1.0000  rs=    0.6667
     projs nearly linearly dependent: l=0  n1,n2= 1, 2  s=  0.99968852
     -----------------------------------------------------------------
 
     GIPAW integrals: -------------------------------------------
     Atom  i/j   nmr_para   nmr_dia   epr_rmc  epr_para   epr_dia
       C   1 1   0.83E+03  0.17E-01  0.93E+01  0.24E+08  0.24E+03
       C   2 1   0.86E+03 -0.61E-01  0.94E+01  0.25E+08  0.25E+03
       C   2 2   0.90E+03 -0.15E+00  0.97E+01  0.26E+08  0.26E+03
       C   3 3   0.33E+01  0.34E+00  0.18E+01  0.55E+03  0.21E+02
       C   4 3   0.35E+01  0.37E+00  0.20E+01  0.59E+03  0.22E+02
       C   4 4   0.38E+01  0.39E+00  0.22E+01  0.63E+03  0.24E+02
       Cl  1 1   0.14E+04 -0.47E+00  0.84E+01  0.32E+09  0.42E+03
       Cl  2 1   0.21E+04 -0.37E+00  0.12E+02  0.49E+09  0.65E+03
       Cl  2 2   0.33E+04 -0.16E+00  0.21E+02  0.76E+09  0.10E+04
       Cl  3 3   0.21E+02  0.79E-01  0.89E+01  0.23E+05  0.13E+03
       Cl  4 3   0.24E+02  0.67E-01  0.99E+01  0.27E+05  0.15E+03
       Cl  4 4   0.28E+02  0.44E-01  0.11E+02  0.32E+05  0.18E+03
       Cl  5 5   0.77E+00  0.19E+00  0.18E+01  0.12E+03  0.22E+02
       Cl  6 5   0.80E+00  0.19E+00  0.19E+01  0.12E+03  0.23E+02
       Cl  6 6   0.83E+00  0.20E+00  0.19E+01  0.12E+03  0.23E+02
       H   1 1   0.39E+02  0.19E+00  0.29E+00  0.78E+05  0.13E+02
       H   2 1   0.41E+02  0.21E+00  0.32E+00  0.82E+05  0.14E+02
       H   2 2   0.43E+02  0.22E+00  0.36E+00  0.86E+05  0.15E+02
     ------------------------------------------------------------
 
     alpha_pv=     34.3943 eV
 
     Number of occupied bands for each k-point:
     k-point:     1    nbnd_occ=  42
     k-point:     2    nbnd_occ=  42
     k-point:     3    nbnd_occ=  42
     k-point:     4    nbnd_occ=  42
     k-point:     5    nbnd_occ=  42
     k-point:     6    nbnd_occ=  42
     k-point:     7    nbnd_occ=  42
     k-point:     8    nbnd_occ=  42
     k-point:     9    nbnd_occ=  42
     k-point:    10    nbnd_occ=  42
     k-point:    11    nbnd_occ=  42
     k-point:    12    nbnd_occ=  42
     k-point:    13    nbnd_occ=  42
     k-point:    14    nbnd_occ=  42
     k-point:    15    nbnd_occ=  42
     k-point:    16    nbnd_occ=  42
 
 
     q-space interpolation up to   110.00 Rydberg
 
     GIPAW job: efg                                                                             
 
 
     ELECTRIC FIELD GRADIENTS TENSORS IN Hartree/bohrradius^2:
 
     ----- bare term -----
     Cl   1       -0.017951        0.025039       -0.009078
     Cl   1        0.025039       -0.012561       -0.035174
     Cl   1       -0.009078       -0.035174        0.030512
 
     C    2       -0.297278        0.136881       -0.373450
     C    2        0.136881       -0.016909       -0.505951
     C    2       -0.373450       -0.505951        0.314187
 
     C    3       -0.174786        0.345195       -0.248850
     C    3        0.345195       -0.191048       -0.517914
     C    3       -0.248850       -0.517914        0.365833
 
     H    4       -0.483282       -0.135896       -0.504465
     H    4       -0.135896        0.348554       -0.167734
     H    4       -0.504465       -0.167734        0.134728
 
     C    5       -0.292433        0.275171       -0.347918
     C    5        0.275171       -0.094844       -0.410896
     C    5       -0.347918       -0.410896        0.387277
 
     H    6        0.385035       -0.098060       -0.081803
     H    6       -0.098060       -0.399642       -0.550623
     H    6       -0.081803       -0.550623        0.014607
 
     H    7        0.337601        0.230955       -0.100380
     H    7        0.230955       -0.551241        0.421030
     H    7       -0.100380        0.421030        0.213640
 
     C    8       -0.376487       -0.155505       -0.291611
     C    8       -0.155505       -0.232885        0.343127
     C    8       -0.291611        0.343127        0.609372
 
     H    9       -0.576053        0.206259       -0.393389
     H    9        0.206259        0.262647        0.141049
     H    9       -0.393389        0.141049        0.313406
 
     C   10       -0.219542       -0.219651       -0.225207
     C   10       -0.219651       -0.372306        0.423151
     C   10       -0.225207        0.423151        0.591848
 
     C   11       -0.269367        0.082971       -0.309255
     C   11        0.082971       -0.187170        0.417454
     C   11       -0.309255        0.417454        0.456537
 
     Cl  12        0.024140        0.035576       -0.024159
     Cl  12        0.035576       -0.008039       -0.002400
     Cl  12       -0.024159       -0.002400       -0.016102
 
     H   13        0.357690       -0.153210       -0.078497
     H   13       -0.153210       -0.431946       -0.526192
     H   13       -0.078497       -0.526192        0.074256
 
     C   14       -0.358324        0.213097       -0.317346
     C   14        0.213097       -0.062597       -0.428379
     C   14       -0.317346       -0.428379        0.420921
 
     H   15       -0.473632       -0.182346       -0.466242
     H   15       -0.182346        0.299740       -0.152030
     H   15       -0.466242       -0.152030        0.173892
 
     C   16       -0.222427        0.274797       -0.244115
     C   16        0.274797       -0.215911       -0.483670
     C   16       -0.244115       -0.483670        0.438338
 
     C   17       -0.125127       -0.004776       -0.411322
     C   17       -0.004776       -0.115601       -0.439193
     C   17       -0.411322       -0.439193        0.240728
 
     Cl  18       -0.000530       -0.058580        0.012481
     Cl  18       -0.058580        0.018096       -0.021703
     Cl  18        0.012481       -0.021703       -0.017565
 
     H   19        0.327988        0.247373       -0.074633
     H   19        0.247373       -0.572079        0.386115
     H   19       -0.074633        0.386115        0.244091
 
     C   20       -0.382864       -0.157783       -0.262824
     C   20       -0.157783       -0.223232        0.358770
     C   20       -0.262824        0.358770        0.606096
 
     H   21       -0.614427        0.171051       -0.366919
     H   21        0.171051        0.312685        0.135504
     H   21       -0.366919        0.135504        0.301742
 
     C   22       -0.246417       -0.217101       -0.220042
     C   22       -0.217101       -0.371540        0.422416
     C   22       -0.220042        0.422416        0.617957
 
     C   23       -0.283504        0.037649       -0.340794
     C   23        0.037649       -0.237436        0.383361
     C   23       -0.340794        0.383361        0.520940
 
     Cl  24        0.009340        0.048005        0.006026
     Cl  24        0.048005       -0.043965        0.020493
     Cl  24        0.006026        0.020493        0.034625
 
     ----- ionic term -----
     Cl   1        0.181809       -0.226638        0.008156
     Cl   1       -0.226638       -0.011227        0.013272
     Cl   1        0.008156        0.013272       -0.170583
 
     C    2        0.304852       -0.213188        0.285948
     C    2       -0.213188        0.007183        0.401981
     C    2        0.285948        0.401981       -0.312035
 
     C    3        0.119610       -0.284691        0.181335
     C    3       -0.284691        0.164901        0.415467
     C    3        0.181335        0.415467       -0.284511
 
     H    4        0.666663        0.191445        0.684968
     H    4        0.191445       -0.480177        0.205259
     H    4        0.684968        0.205259       -0.186486
 
     C    5        0.241579       -0.212435        0.270844
     C    5       -0.212435        0.063250        0.308230
     C    5        0.270844        0.308230       -0.304829
 
     H    6       -0.522607        0.127967        0.108294
     H    6        0.127967        0.538239        0.755779
     H    6        0.108294        0.755779       -0.015633
 
     H    7       -0.464758       -0.296666        0.138548
     H    7       -0.296666        0.752446       -0.583125
     H    7        0.138548       -0.583125       -0.287687
 
     C    8        0.310385        0.123523        0.226560
     C    8        0.123523        0.171052       -0.257542
     C    8        0.226560       -0.257542       -0.481437
 
     H    9        0.805154       -0.278472        0.535356
     H    9       -0.278472       -0.394062       -0.172500
     H    9        0.535356       -0.172500       -0.411092
 
     C   10        0.150800        0.180485        0.168497
     C   10        0.180485        0.316896       -0.336928
     C   10        0.168497       -0.336928       -0.467697
 
     C   11        0.282125        0.067425        0.223340
     C   11        0.067425        0.164800       -0.342646
     C   11        0.223340       -0.342646       -0.446925
 
     Cl  12        0.136943        0.192010       -0.014527
     Cl  12        0.192010       -0.002809       -0.016176
     Cl  12       -0.014527       -0.016176       -0.134134
 
     H   13       -0.494751        0.185562        0.105269
     H   13        0.185562        0.598273        0.719384
     H   13        0.105269        0.719384       -0.103523
 
     C   14        0.297188       -0.166192        0.249925
     C   14       -0.166192        0.032998        0.325468
     C   14        0.249925        0.325468       -0.330185
 
     H   15        0.663347        0.240673        0.646597
     H   15        0.240673       -0.434779        0.191018
     H   15        0.646597        0.191018       -0.228569
 
     C   16        0.154039       -0.223808        0.171465
     C   16       -0.223808        0.181600        0.393239
     C   16        0.171465        0.393239       -0.335639
 
     C   17        0.159459       -0.136777        0.324895
     C   17       -0.136777        0.124578        0.342339
     C   17        0.324895        0.342339       -0.284037
 
     Cl  18        0.099339       -0.187677        0.018490
     Cl  18       -0.187677        0.041854       -0.017100
     Cl  18        0.018490       -0.017100       -0.141193
 
     H   19       -0.454649       -0.313736        0.114942
     H   19       -0.313736        0.774473       -0.546366
     H   19        0.114942       -0.546366       -0.319823
 
     C   20        0.312607        0.126423        0.208538
     C   20        0.126423        0.160226       -0.268865
     C   20        0.208538       -0.268865       -0.472833
 
     H   21        0.829645       -0.244156        0.515457
     H   21       -0.244156       -0.436444       -0.170146
     H   21        0.515457       -0.170146       -0.393201
 
     C   22        0.167267        0.183039        0.154055
     C   22        0.183039        0.313451       -0.341173
     C   22        0.154055       -0.341173       -0.480717
 
     C   23        0.281455        0.093415        0.264942
     C   23        0.093415        0.215725       -0.299235
     C   23        0.264942       -0.299235       -0.497180
 
     Cl  24        0.109736        0.185756        0.007621
     Cl  24        0.185756        0.066718        0.008049
     Cl  24        0.007621        0.008049       -0.176454
 
     ----- GIPAW term -----
     Cl   1        1.770206       -2.112644       -0.024184
     Cl   1       -2.112644       -0.300568       -0.251398
     Cl   1       -0.024184       -0.251398       -1.469638
 
     C    2        0.034979       -0.098365       -0.069773
     C    2       -0.098365       -0.011633       -0.082231
     C    2       -0.069773       -0.082231       -0.023346
 
     C    3       -0.050258        0.046119       -0.058124
     C    3        0.046119       -0.015432       -0.081549
     C    3       -0.058124       -0.081549        0.065689
 
     H    4        0.000000       -0.000000       -0.000000
     H    4       -0.000000        0.000000        0.000000
     H    4       -0.000000        0.000000       -0.000000
 
     C    5       -0.030921        0.046391       -0.059437
     C    5        0.046391       -0.033013       -0.089812
     C    5       -0.059437       -0.089812        0.063934
 
     H    6        0.000000       -0.000000       -0.000000
     H    6       -0.000000        0.000000        0.000000
     H    6       -0.000000        0.000000       -0.000000
 
     H    7        0.000000       -0.000000       -0.000000
     H    7       -0.000000        0.000000        0.000000
     H    7       -0.000000        0.000000       -0.000000
 
     C    8       -0.042403       -0.021431       -0.050632
     C    8       -0.021431       -0.058945        0.073994
     C    8       -0.050632        0.073994        0.101348
 
     H    9        0.000000       -0.000000       -0.000000
     H    9       -0.000000        0.000000        0.000000
     H    9       -0.000000        0.000000       -0.000000
 
     C   10       -0.064150       -0.027307       -0.049247
     C   10       -0.027307       -0.033878        0.069700
     C   10       -0.049247        0.069700        0.098028
 
     C   11        0.038010        0.162987       -0.074358
     C   11        0.162987       -0.016274        0.052495
     C   11       -0.074358        0.052495       -0.021735
 
     Cl  12        1.707883        2.419858       -0.431415
     Cl  12        2.419858       -0.151277       -0.184927
     Cl  12       -0.431415       -0.184927       -1.556606
 
     H   13        0.000000       -0.000000       -0.000000
     H   13       -0.000000        0.000000        0.000000
     H   13       -0.000000        0.000000       -0.000000
 
     C   14       -0.036120        0.036004       -0.052741
     C   14        0.036004       -0.031855       -0.088193
     C   14       -0.052741       -0.088193        0.067975
 
     H   15        0.000000       -0.000000       -0.000000
     H   15       -0.000000        0.000000        0.000000
     H   15       -0.000000        0.000000       -0.000000
 
     C   16       -0.063584        0.037112       -0.064787
     C   16        0.037112       -0.016388       -0.069021
     C   16       -0.064787       -0.069021        0.079973
 
     C   17        0.044333       -0.156244       -0.061352
     C   17       -0.156244        0.024114       -0.077764
     C   17       -0.061352       -0.077764       -0.068447
 
     Cl  18        1.013168       -2.604494        0.301472
     Cl  18       -2.604494        0.626443       -0.424448
     Cl  18        0.301472       -0.424448       -1.639611
 
     H   19        0.000000       -0.000000       -0.000000
     H   19       -0.000000        0.000000        0.000000
     H   19       -0.000000        0.000000       -0.000000
 
     C   20       -0.045903       -0.020473       -0.042474
     C   20       -0.020473       -0.059329        0.078331
     C   20       -0.042474        0.078331        0.105232
 
     H   21        0.000000       -0.000000       -0.000000
     H   21       -0.000000        0.000000        0.000000
     H   21       -0.000000        0.000000       -0.000000
 
     C   22       -0.072493       -0.022169       -0.057702
     C   22       -0.022169       -0.038126        0.065387
     C   22       -0.057702        0.065387        0.110619
 
     C   23        0.021343        0.146596       -0.057256
     C   23        0.146596       -0.008762        0.069584
     C   23       -0.057256        0.069584       -0.012580
 
     Cl  24        1.254432        2.453699        0.120140
     Cl  24        2.453699        0.219945        0.311090
     Cl  24        0.120140        0.311090       -1.474376
 
     ----- total EFG -----
     Cl   1        1.934064       -2.314244       -0.025106
     Cl   1       -2.314244       -0.324355       -0.273300
     Cl   1       -0.025106       -0.273300       -1.609709
 
     C    2        0.042554       -0.174672       -0.157275
     C    2       -0.174672       -0.021359       -0.186201
     C    2       -0.157275       -0.186201       -0.021195
 
     C    3       -0.105434        0.106623       -0.125638
     C    3        0.106623       -0.041578       -0.183997
     C    3       -0.125638       -0.183997        0.147012
 
     H    4        0.183381        0.055548        0.180503
     H    4        0.055548       -0.131624        0.037525
     H    4        0.180503        0.037525       -0.051758
 
     C    5       -0.081775        0.109127       -0.136511
     C    5        0.109127       -0.064607       -0.192478
     C    5       -0.136511       -0.192478        0.146382
 
     H    6       -0.137572        0.029907        0.026491
     H    6        0.029907        0.138598        0.205156
     H    6        0.026491        0.205156       -0.001025
 
     H    7       -0.127157       -0.065712        0.038168
     H    7       -0.065712        0.201204       -0.162095
     H    7        0.038168       -0.162095       -0.074047
 
     C    8       -0.108505       -0.053412       -0.115684
     C    8       -0.053412       -0.120778        0.159579
     C    8       -0.115684        0.159579        0.229282
 
     H    9        0.229101       -0.072213        0.141967
     H    9       -0.072213       -0.131414       -0.031451
     H    9        0.141967       -0.031451       -0.097686
 
     C   10       -0.132892       -0.066473       -0.105957
     C   10       -0.066473       -0.089288        0.155924
     C   10       -0.105957        0.155924        0.222180
 
     C   11        0.050767        0.313383       -0.160273
     C   11        0.313383       -0.038644        0.127304
     C   11       -0.160273        0.127304       -0.012124
 
     Cl  12        1.868966        2.647445       -0.470101
     Cl  12        2.647445       -0.162125       -0.203503
     Cl  12       -0.470101       -0.203503       -1.706841
 
     H   13       -0.137061        0.032352        0.026772
     H   13        0.032352        0.166327        0.193192
     H   13        0.026772        0.193192       -0.029267
 
     C   14       -0.097257        0.082909       -0.120162
     C   14        0.082909       -0.061454       -0.191104
     C   14       -0.120162       -0.191104        0.158711
 
     H   15        0.189715        0.058327        0.180354
     H   15        0.058327       -0.135038        0.038988
     H   15        0.180354        0.038988       -0.054677
 
     C   16       -0.131972        0.088101       -0.137438
     C   16        0.088101       -0.050699       -0.159453
     C   16       -0.137438       -0.159453        0.182672
 
     C   17        0.078665       -0.297798       -0.147778
     C   17       -0.297798        0.033090       -0.174619
     C   17       -0.147778       -0.174619       -0.111755
 
     Cl  18        1.111976       -2.850752        0.332444
     Cl  18       -2.850752        0.686393       -0.463251
     Cl  18        0.332444       -0.463251       -1.798370
 
     H   19       -0.126661       -0.066362        0.040308
     H   19       -0.066362        0.202393       -0.160251
     H   19        0.040308       -0.160251       -0.075732
 
     C   20       -0.116160       -0.051833       -0.096759
     C   20       -0.051833       -0.122335        0.168237
     C   20       -0.096759        0.168237        0.238494
 
     H   21        0.215218       -0.073104        0.148539
     H   21       -0.073104       -0.123759       -0.034643
     H   21        0.148539       -0.034643       -0.091459
 
     C   22       -0.151644       -0.056231       -0.123690
     C   22       -0.056231       -0.096215        0.146630
     C   22       -0.123690        0.146630        0.247859
 
     C   23        0.019293        0.277660       -0.133108
     C   23        0.277660       -0.030473        0.153710
     C   23       -0.133108        0.153710        0.011180
 
     Cl  24        1.373508        2.687460        0.133787
     Cl  24        2.687460        0.242698        0.339632
     Cl  24        0.133787        0.339632       -1.616206
 
     ----- total EFG (symmetrized) -----
     Cl   1        1.934064       -2.314244       -0.025106
     Cl   1       -2.314244       -0.324355       -0.273300
     Cl   1       -0.025106       -0.273300       -1.609709
 
     C    2        0.042554       -0.174672       -0.157275
     C    2       -0.174672       -0.021359       -0.186201
     C    2       -0.157275       -0.186201       -0.021195
 
     C    3       -0.105434        0.106623       -0.125638
     C    3        0.106623       -0.041578       -0.183997
     C    3       -0.125638       -0.183997        0.147012
 
     H    4        0.183381        0.055548        0.180503
     H    4        0.055548       -0.131624        0.037525
     H    4        0.180503        0.037525       -0.051758
 
     C    5       -0.081775        0.109127       -0.136511
     C    5        0.109127       -0.064607       -0.192478
     C    5       -0.136511       -0.192478        0.146382
 
     H    6       -0.137572        0.029907        0.026491
     H    6        0.029907        0.138598        0.205156
     H    6        0.026491        0.205156       -0.001025
 
     H    7       -0.127157       -0.065712        0.038168
     H    7       -0.065712        0.201204       -0.162095
     H    7        0.038168       -0.162095       -0.074047
 
     C    8       -0.108505       -0.053412       -0.115684
     C    8       -0.053412       -0.120778        0.159579
     C    8       -0.115684        0.159579        0.229282
 
     H    9        0.229101       -0.072213        0.141967
     H    9       -0.072213       -0.131414       -0.031451
     H    9        0.141967       -0.031451       -0.097686
 
     C   10       -0.132892       -0.066473       -0.105957
     C   10       -0.066473       -0.089288        0.155924
     C   10       -0.105957        0.155924        0.222180
 
     C   11        0.050767        0.313383       -0.160273
     C   11        0.313383       -0.038644        0.127304
     C   11       -0.160273        0.127304       -0.012124
 
     Cl  12        1.868966        2.647445       -0.470101
     Cl  12        2.647445       -0.162125       -0.203503
     Cl  12       -0.470101       -0.203503       -1.706841
 
     H   13       -0.137061        0.032352        0.026772
     H   13        0.032352        0.166327        0.193192
     H   13        0.026772        0.193192       -0.029267
 
     C   14       -0.097257        0.082909       -0.120162
     C   14        0.082909       -0.061454       -0.191104
     C   14       -0.120162       -0.191104        0.158711
 
     H   15        0.189715        0.058327        0.180354
     H   15        0.058327       -0.135038        0.038988
     H   15        0.180354        0.038988       -0.054677
 
     C   16       -0.131972        0.088101       -0.137438
     C   16        0.088101       -0.050699       -0.159453
     C   16       -0.137438       -0.159453        0.182672
 
     C   17        0.078665       -0.297798       -0.147778
     C   17       -0.297798        0.033090       -0.174619
     C   17       -0.147778       -0.174619       -0.111755
 
     Cl  18        1.111976       -2.850752        0.332444
     Cl  18       -2.850752        0.686393       -0.463251
     Cl  18        0.332444       -0.463251       -1.798370
 
     H   19       -0.126661       -0.066362        0.040308
     H   19       -0.066362        0.202393       -0.160251
     H   19        0.040308       -0.160251       -0.075732
 
     C   20       -0.116160       -0.051833       -0.096759
     C   20       -0.051833       -0.122335        0.168237
     C   20       -0.096759        0.168237        0.238494
 
     H   21        0.215218       -0.073104        0.148539
     H   21       -0.073104       -0.123759       -0.034643
     H   21        0.148539       -0.034643       -0.091459
 
     C   22       -0.151644       -0.056231       -0.123690
     C   22       -0.056231       -0.096215        0.146630
     C   22       -0.123690        0.146630        0.247859
 
     C   23        0.019293        0.277660       -0.133108
     C   23        0.277660       -0.030473        0.153710
     C   23       -0.133108        0.153710        0.011180
 
     Cl  24        1.373508        2.687460        0.133787
     Cl  24        2.687460        0.242698        0.339632
     Cl  24        0.133787        0.339632       -1.616206
 
 
     NQR/NMR SPECTROSCOPIC PARAMETERS:
     Cl   1    Vxx=   -1.4341    axis=(  0.329722  0.488647 -0.807779)
     Cl   1    Vyy=   -1.9488    axis=( -0.416563 -0.692529 -0.588964)
     Cl   1    Vzz=    3.3830    axis=( -0.847206  0.530685 -0.024790)
     Cl   1  Q=        -8.1650 1e-30 m^2  Cq=       -64.9004 MHz  eta= 0.15214
 
     C    2    Vxx=    0.1603    axis=( -0.347401 -0.487283  0.801167)
     C    2    Vyy=    0.1882    axis=(  0.783698 -0.620023 -0.037281)
     C    2    Vzz=   -0.3485    axis=(  0.514908  0.614921  0.597279)
     C    2  Q=         1.0000 1e-30 m^2  Cq=        -0.8188 MHz  eta= 0.08027
 
     C    3    Vxx=   -0.1362    axis=(  0.559136  0.559634  0.611700)
     C    3    Vyy=   -0.1856    axis=( -0.748240  0.658392  0.081591)
     C    3    Vzz=    0.3217    axis=( -0.357077 -0.503319  0.786871)
     C    3  Q=         1.0000 1e-30 m^2  Cq=         0.7559 MHz  eta= 0.15351
 
     H    4    Vxx=   -0.1384    axis=( -0.357482  0.855771  0.373982)
     H    4    Vyy=   -0.1533    axis=( -0.346352 -0.493369  0.797889)
     H    4    Vzz=    0.2917    axis=( -0.867321 -0.155702 -0.472769)
     H    4  Q=         1.0000 1e-30 m^2  Cq=         0.6855 MHz  eta= 0.05103
 
     C    5    Vxx=   -0.1408    axis=(  0.790577  0.263796  0.552629)
     C    5    Vyy=   -0.1920    axis=( -0.475331  0.833316  0.282214)
     C    5    Vzz=    0.3328    axis=( -0.386068 -0.485794  0.784191)
     C    5  Q=         1.0000 1e-30 m^2  Cq=         0.7820 MHz  eta= 0.15399
 
     H    6    Vxx=   -0.1393    axis=(  0.898573 -0.319086  0.301249)
     H    6    Vyy=   -0.1499    axis=( -0.428917 -0.493580  0.756577)
     H    6    Vzz=    0.2892    axis=(  0.092723  0.809050  0.580379)
     H    6  Q=         1.0000 1e-30 m^2  Cq=         0.6795 MHz  eta= 0.03656
 
     H    7    Vxx=   -0.1369    axis=( -0.854253 -0.350195 -0.384208)
     H    7    Vyy=   -0.1530    axis=( -0.488238  0.286631  0.824298)
     H    7    Vzz=    0.2899    axis=(  0.178539 -0.891743  0.415834)
     H    7  Q=         1.0000 1e-30 m^2  Cq=         0.6813 MHz  eta= 0.05550
 
     C    8    Vxx=   -0.1440    axis=(  0.941345 -0.082813  0.327127)
     C    8    Vyy=   -0.1841    axis=( -0.188807 -0.932730  0.307192)
     C    8    Vzz=    0.3282    axis=( -0.279682  0.350937  0.893656)
     C    8  Q=         1.0000 1e-30 m^2  Cq=         0.7710 MHz  eta= 0.12232
 
     H    9    Vxx=   -0.1435    axis=(  0.321113  0.854575 -0.408153)
     H    9    Vyy=   -0.1531    axis=( -0.221833  0.486860  0.844842)
     H    9    Vzz=    0.2966    axis=( -0.920694  0.180748 -0.345910)
     H    9  Q=         1.0000 1e-30 m^2  Cq=         0.6969 MHz  eta= 0.03223
 
     C   10    Vxx=   -0.1392    axis=( -0.569926  0.680400 -0.460696)
     C   10    Vyy=   -0.1813    axis=(  0.778470  0.626548 -0.037699)
     C   10    Vzz=    0.3204    axis=( -0.262998  0.380124  0.886757)
     C   10  Q=         1.0000 1e-30 m^2  Cq=         0.7529 MHz  eta= 0.13131
 
     C   11    Vxx=    0.0844    axis=( -0.189200  0.430931  0.882328)
     C   11    Vyy=    0.3277    axis=(  0.775652  0.616594 -0.134821)
     C   11    Vzz=   -0.4122    axis=( -0.602136  0.658871 -0.450912)
     C   11  Q=         1.0000 1e-30 m^2  Cq=        -0.9684 MHz  eta= 0.59036
 
     Cl  12    Vxx=   -1.7169    axis=( -0.125145  0.335310  0.933759)
     Cl  12    Vyy=   -2.0185    axis=(  0.556361 -0.755534  0.345875)
     Cl  12    Vzz=    3.7354    axis=(  0.821463  0.562792 -0.092002)
     Cl  12  Q=        -8.1650 1e-30 m^2  Cq=       -71.6619 MHz  eta= 0.08074
 
     H   13    Vxx=   -0.1378    axis=(  0.864146 -0.332119  0.378085)
     H   13    Vyy=   -0.1513    axis=( -0.493780 -0.414584  0.764396)
     H   13    Vzz=    0.2891    axis=(  0.097123  0.847241  0.522255)
     H   13  Q=         1.0000 1e-30 m^2  Cq=         0.6793 MHz  eta= 0.04691
 
     C   14    Vxx=   -0.1437    axis=(  0.878732  0.159467  0.449888)
     C   14    Vyy=   -0.1762    axis=( -0.345320  0.863088  0.368556)
     C   14    Vzz=    0.3200    axis=( -0.329520 -0.479218  0.813490)
     C   14  Q=         1.0000 1e-30 m^2  Cq=         0.7518 MHz  eta= 0.10158
 
     H   15    Vxx=   -0.1410    axis=(  0.396091 -0.787868 -0.471568)
     H   15    Vyy=   -0.1556    axis=(  0.290908  0.594792 -0.749397)
     H   15    Vzz=    0.2967    axis=( -0.870910 -0.159646 -0.464789)
     H   15  Q=         1.0000 1e-30 m^2  Cq=         0.6970 MHz  eta= 0.04924
 
     C   16    Vxx=   -0.1278    axis=(  0.222299  0.823830  0.521428)
     C   16    Vyy=   -0.1939    axis=( -0.914745  0.361297 -0.180850)
     C   16    Vzz=    0.3218    axis=( -0.337380 -0.436771  0.833910)
     C   16  Q=         1.0000 1e-30 m^2  Cq=         0.7561 MHz  eta= 0.20539
 
     C   17    Vxx=    0.0602    axis=( -0.429457 -0.422625  0.798095)
     C   17    Vyy=    0.3548    axis=( -0.726248  0.686901 -0.027052)
     C   17    Vzz=   -0.4151    axis=( -0.536779 -0.591232 -0.601925)
     C   17  Q=         1.0000 1e-30 m^2  Cq=        -0.9752 MHz  eta= 0.70976
 
     Cl  18    Vxx=   -1.7822    axis=( -0.427277 -0.335899  0.839408)
     Cl  18    Vyy=   -2.0313    axis=(  0.536122  0.653456  0.534386)
     Cl  18    Vzz=    3.8135    axis=(  0.728016 -0.678356  0.099124)
     Cl  18  Q=        -8.1650 1e-30 m^2  Cq=       -73.1607 MHz  eta= 0.06532
 
     H   19    Vxx=   -0.1351    axis=( -0.823314 -0.367350 -0.432676)
     H   19    Vyy=   -0.1547    axis=( -0.537569  0.260057  0.802116)
     H   19    Vzz=    0.2898    axis=(  0.182137 -0.892986  0.411585)
     H   19  Q=         1.0000 1e-30 m^2  Cq=         0.6809 MHz  eta= 0.06769
 
     C   20    Vxx=   -0.1396    axis=(  0.941552 -0.143452  0.304798)
     C   20    Vyy=   -0.1918    axis=( -0.239541 -0.921281  0.306367)
     C   20    Vzz=    0.3313    axis=( -0.236855  0.361472  0.901797)
     C   20  Q=         1.0000 1e-30 m^2  Cq=         0.7785 MHz  eta= 0.15746
 
     H   21    Vxx=   -0.1379    axis=(  0.287929  0.930445 -0.226646)
     H   21    Vyy=   -0.1531    axis=( -0.301209  0.312646  0.900847)
     H   21    Vzz=    0.2911    axis=( -0.909049  0.191112 -0.370278)
     H   21  Q=         1.0000 1e-30 m^2  Cq=         0.6839 MHz  eta= 0.05223
 
     C   22    Vxx=   -0.1480    axis=( -0.219108  0.890657 -0.398399)
     C   22    Vyy=   -0.1913    axis=(  0.938696  0.303811  0.162941)
     C   22    Vzz=    0.3393    axis=( -0.266162  0.338274  0.902623)
     C   22  Q=         1.0000 1e-30 m^2  Cq=         0.7972 MHz  eta= 0.12775
 
     C   23    Vxx=    0.1146    axis=( -0.328972  0.314071  0.890582)
     C   23    Vyy=    0.2733    axis=( -0.730455 -0.682337 -0.029191)
     C   23    Vzz=   -0.3879    axis=(  0.598509 -0.660133  0.453884)
     C   23  Q=         1.0000 1e-30 m^2  Cq=        -0.9114 MHz  eta= 0.40935
 
     Cl  24    Vxx=   -1.5525    axis=(  0.309125 -0.291502 -0.905245)
     Cl  24    Vyy=   -2.0214    axis=(  0.552908 -0.719380  0.420458)
     Cl  24    Vzz=    3.5739    axis=(  0.773779  0.630492  0.061204)
     Cl  24  Q=        -8.1650 1e-30 m^2  Cq=       -68.5633 MHz  eta= 0.13118
 
     Initialization:
     gipaw_setup  :      0.18s CPU      0.30s WALL (       1 calls)
 
     Linear response
 
     Apply operators
 
     Induced current
 
     Other routines
     efg          :      0.73s CPU      0.81s WALL (       1 calls)
 
     General routines
     calbec       :      0.05s CPU      0.05s WALL (      16 calls)
     fft          :      0.07s CPU      0.08s WALL (      15 calls)
     ffts         :      0.00s CPU      0.00s WALL (       2 calls)
     fftw         :      0.46s CPU      0.47s WALL (     672 calls)
     davcio       :      0.01s CPU      0.06s WALL (      32 calls)
 
     Parallel routines
     fft_scatter  :      0.35s CPU      0.35s WALL (     689 calls)
 
     Plugins
 
     GIPAW        :      3.85s CPU      4.62s WALL (       1 calls)
