
     Program QE v.6.0 starts on 20May2017 at 11:11: 6 

     This program is part of the open-source Quantum ESPRESSO suite
     for quantum simulation of materials; please cite
         "P. Giannozzi et al., J. Phys.:Condens. Matter 21 395502 (2009);
          URL http://www.quantum-espresso.org", 
     in publications or presentations arising from this work. More details at
     http://www.quantum-espresso.org/quote
 
           ARCH :    x86_64
             CC :    icc
            CPP :    cpp
            F90 :    ifort
            F77 :    ifort
         DFLAGS :    -D__INTEL -D__DFTI
      BLAS LIBS :    -lmkl_intel_lp64  -lmkl_sequential -lmkl_core
    LAPACK LIBS :    
       FFT LIBS :    
      MASS LIBS :    

     Parallel version (MPI & OpenMP), running on      32 processor cores
     Number of MPI processes:                32
     Threads/MPI process:                     1
     R & G space division:  proc/nbgrp/npool/nimage =      32
 
     ***** This is GIPAW svn revision unknown      *****
 
     Parallelizing q-star over 1 images

     Reading data from directory:
     ./scratch/scf-196.save

   Info: using nr1, nr2, nr3 values from input

   Info: using nr1, nr2, nr3 values from input

     IMPORTANT: XC functional enforced from input :
     Exchange-correlation      =  SLA  PW   PBX  PBC ( 1  4  3  4 0 0)
     Any further DFT definition will be discarded
     Please, verify this is what you really want

               file C.pbe-n-kjpaw_psl.1.0.0.UPF: wavefunction(s)  2S 2P renormalized
               file Cl.pbe-n-kjpaw_psl.1.0.0.UPF: wavefunction(s)  3S 3P renormalized
               file H.pbe-kjpaw_psl.1.0.0.UPF: wavefunction(s)  1S renormalized
 
     Parallelization info
     --------------------
     sticks:   dense  smooth     PW     G-vecs:    dense   smooth      PW
     Min         764     305     83                36108     9133    1292
     Max         765     306     84                36110     9135    1293
     Sum       24467    9791   2657              1155489   292295   41363
 

     Subspace diagonalization in iterative solution of the eigenvalue problem:
     a serial algorithm will be used

     GIPAW projectors -----------------------------------------------
     atom=  C    l=0  rc=    1.2000  rs=    0.8000
     atom=  C    l=0  rc=    1.2000  rs=    0.8000
     atom=  C    l=1  rc=    1.4000  rs=    0.9333
     atom=  C    l=1  rc=    1.4000  rs=    0.9333
     projs nearly linearly dependent: l=1  n1,n2= 1, 2  s=  0.99951561
 
     atom=  Cl   l=0  rc=    1.6000  rs=    1.0667
     atom=  Cl   l=0  rc=    1.6000  rs=    1.0667
     atom=  Cl   l=1  rc=    1.6000  rs=    1.0667
     atom=  Cl   l=1  rc=    1.6000  rs=    1.0667
     atom=  Cl   l=2  rc=    1.6000  rs=    1.0667
     atom=  Cl   l=2  rc=    1.6000  rs=    1.0667
     projs nearly linearly dependent: l=2  n1,n2= 1, 2  s=  0.99993509
 
     atom=  H    l=0  rc=    1.0000  rs=    0.6667
     atom=  H    l=0  rc=    1.0000  rs=    0.6667
     projs nearly linearly dependent: l=0  n1,n2= 1, 2  s=  0.99968852
     -----------------------------------------------------------------
 
     GIPAW integrals: -------------------------------------------
     Atom  i/j   nmr_para   nmr_dia   epr_rmc  epr_para   epr_dia
       C   1 1   0.83E+03  0.17E-01  0.93E+01  0.24E+08  0.24E+03
       C   2 1   0.86E+03 -0.61E-01  0.94E+01  0.25E+08  0.25E+03
       C   2 2   0.90E+03 -0.15E+00  0.97E+01  0.26E+08  0.26E+03
       C   3 3   0.33E+01  0.34E+00  0.18E+01  0.55E+03  0.21E+02
       C   4 3   0.35E+01  0.37E+00  0.20E+01  0.59E+03  0.22E+02
       C   4 4   0.38E+01  0.39E+00  0.22E+01  0.63E+03  0.24E+02
       Cl  1 1   0.14E+04 -0.47E+00  0.84E+01  0.32E+09  0.42E+03
       Cl  2 1   0.21E+04 -0.37E+00  0.12E+02  0.49E+09  0.65E+03
       Cl  2 2   0.33E+04 -0.16E+00  0.21E+02  0.76E+09  0.10E+04
       Cl  3 3   0.21E+02  0.79E-01  0.89E+01  0.23E+05  0.13E+03
       Cl  4 3   0.24E+02  0.67E-01  0.99E+01  0.27E+05  0.15E+03
       Cl  4 4   0.28E+02  0.44E-01  0.11E+02  0.32E+05  0.18E+03
       Cl  5 5   0.77E+00  0.19E+00  0.18E+01  0.12E+03  0.22E+02
       Cl  6 5   0.80E+00  0.19E+00  0.19E+01  0.12E+03  0.23E+02
       Cl  6 6   0.83E+00  0.20E+00  0.19E+01  0.12E+03  0.23E+02
       H   1 1   0.39E+02  0.19E+00  0.29E+00  0.78E+05  0.13E+02
       H   2 1   0.41E+02  0.21E+00  0.32E+00  0.82E+05  0.14E+02
       H   2 2   0.43E+02  0.22E+00  0.36E+00  0.86E+05  0.15E+02
     ------------------------------------------------------------
 
     alpha_pv=     33.8067 eV
 
     Number of occupied bands for each k-point:
     k-point:     1    nbnd_occ=  42
     k-point:     2    nbnd_occ=  42
     k-point:     3    nbnd_occ=  42
     k-point:     4    nbnd_occ=  42
     k-point:     5    nbnd_occ=  42
     k-point:     6    nbnd_occ=  42
     k-point:     7    nbnd_occ=  42
     k-point:     8    nbnd_occ=  42
     k-point:     9    nbnd_occ=  42
     k-point:    10    nbnd_occ=  42
     k-point:    11    nbnd_occ=  42
     k-point:    12    nbnd_occ=  42
     k-point:    13    nbnd_occ=  42
     k-point:    14    nbnd_occ=  42
     k-point:    15    nbnd_occ=  42
     k-point:    16    nbnd_occ=  42
 
 
     q-space interpolation up to   110.00 Rydberg
 
     GIPAW job: efg                                                                             
 
 
     ELECTRIC FIELD GRADIENTS TENSORS IN Hartree/bohrradius^2:
 
     ----- bare term -----
     Cl   1        0.004307       -0.020353       -0.037003
     Cl   1       -0.020353        0.007048        0.000777
     Cl   1       -0.037003        0.000777       -0.011355
 
     C    2       -0.195799        0.077164       -0.337109
     C    2        0.077164       -0.012943       -0.537266
     C    2       -0.337109       -0.537266        0.208742
 
     C    3       -0.205804        0.293059       -0.269939
     C    3        0.293059       -0.136314       -0.505371
     C    3       -0.269939       -0.505371        0.342118
 
     H    4       -0.467904       -0.222313       -0.491266
     H    4       -0.222313        0.331559       -0.185893
     H    4       -0.491266       -0.185893        0.136345
 
     C    5       -0.366995        0.267883       -0.325941
     C    5        0.267883       -0.056878       -0.406582
     C    5       -0.325941       -0.406582        0.423872
 
     H    6        0.371236       -0.048400       -0.045494
     H    6       -0.048400       -0.423769       -0.562047
     H    6       -0.045494       -0.562047        0.052534
 
     H    7        0.393887        0.045205       -0.047411
     H    7        0.045205       -0.327868        0.581244
     H    7       -0.047411        0.581244       -0.066019
 
     C    8       -0.225896       -0.332297       -0.402593
     C    8       -0.332297       -0.028663        0.388413
     C    8       -0.402593        0.388413        0.254559
 
     H    9       -0.370491        0.119274       -0.549373
     H    9        0.119274        0.345737        0.151719
     H    9       -0.549373        0.151719        0.024754
 
     C   10       -0.106784       -0.380627       -0.301903
     C   10       -0.380627       -0.134193        0.486412
     C   10       -0.301903        0.486412        0.240977
 
     C   11       -0.076581       -0.120802       -0.407452
     C   11       -0.120802       -0.002889        0.504314
     C   11       -0.407452        0.504314        0.079470
 
     Cl  12        0.001169        0.031732       -0.024286
     Cl  12        0.031732        0.024675        0.007909
     Cl  12       -0.024286        0.007909       -0.025845
 
     H   13        0.371344       -0.072185       -0.064750
     H   13       -0.072185       -0.439899       -0.558644
     H   13       -0.064750       -0.558644        0.068556
 
     C   14       -0.377456        0.266927       -0.308256
     C   14        0.266927       -0.000083       -0.433487
     C   14       -0.308256       -0.433487        0.377539
 
     H   15       -0.395228       -0.212937       -0.526140
     H   15       -0.212937        0.353928       -0.200672
     H   15       -0.526140       -0.200672        0.041300
 
     C   16       -0.217230        0.261676       -0.244951
     C   16        0.261676       -0.130886       -0.542177
     C   16       -0.244951       -0.542177        0.348117
 
     C   17       -0.149843        0.001233       -0.320509
     C   17        0.001233       -0.072215       -0.541843
     C   17       -0.320509       -0.541843        0.222059
 
     Cl  18        0.027262       -0.030263       -0.031629
     Cl  18       -0.030263        0.001758        0.020145
     Cl  18       -0.031629        0.020145       -0.029020
 
     H   19        0.384176        0.053260       -0.050028
     H   19        0.053260       -0.350107        0.564416
     H   19       -0.050028        0.564416       -0.034069
 
     C   20       -0.244300       -0.326010       -0.389915
     C   20       -0.326010       -0.032679        0.395830
     C   20       -0.389915        0.395830        0.276979
 
     H   21       -0.355365        0.138595       -0.537604
     H   21        0.138595        0.360080        0.172311
     H   21       -0.537604        0.172311       -0.004716
 
     C   22       -0.118180       -0.367789       -0.299976
     C   22       -0.367789       -0.151903        0.497612
     C   22       -0.299976        0.497612        0.270083
 
     C   23       -0.087421       -0.168920       -0.435749
     C   23       -0.168920       -0.040563        0.481562
     C   23       -0.435749        0.481562        0.127984
 
     Cl  24        0.014951       -0.000844       -0.009816
     Cl  24       -0.000844       -0.012037        0.017102
     Cl  24       -0.009816        0.017102       -0.002914
 
     ----- ionic term -----
     Cl   1        0.141048       -0.199255       -0.023849
     Cl   1       -0.199255       -0.008773        0.028257
     Cl   1       -0.023849        0.028257       -0.132275
 
     C    2        0.219031       -0.186673        0.237100
     C    2       -0.186673        0.014327        0.442024
     C    2        0.237100        0.442024       -0.233358
 
     C    3        0.141125       -0.237398        0.202150
     C    3       -0.237398        0.121497        0.399433
     C    3        0.202150        0.399433       -0.262622
 
     H    4        0.637646        0.304946        0.668474
     H    4        0.304946       -0.449214        0.239748
     H    4        0.668474        0.239748       -0.188432
 
     C    5        0.298701       -0.214135        0.260665
     C    5       -0.214135        0.033080        0.299560
     C    5        0.260665        0.299560       -0.331781
 
     H    6       -0.513949        0.051508        0.052435
     H    6        0.051508        0.574429        0.764047
     H    6        0.052435        0.764047       -0.060480
 
     H    7       -0.537160       -0.046156        0.055050
     H    7       -0.046156        0.448393       -0.792879
     H    7        0.055050       -0.792879        0.088767
 
     C    8        0.189077        0.260435        0.318601
     C    8        0.260435        0.012647       -0.289159
     C    8        0.318601       -0.289159       -0.201723
 
     H    9        0.511505       -0.160069        0.754496
     H    9       -0.160069       -0.484425       -0.190125
     H    9        0.754496       -0.190125       -0.027080
 
     C   10        0.065176        0.308701        0.219899
     C   10        0.308701        0.116660       -0.390386
     C   10        0.219899       -0.390386       -0.181837
 
     C   11        0.121692        0.230249        0.314564
     C   11        0.230249        0.022270       -0.399035
     C   11        0.314564       -0.399035       -0.143963
 
     Cl  12        0.117057        0.206373        0.024833
     Cl  12        0.206373        0.018249        0.003985
     Cl  12        0.024833        0.003985       -0.135305
 
     H   13       -0.512806        0.082393        0.074513
     H   13        0.082393        0.599778        0.757034
     H   13        0.074513        0.757034       -0.086971
 
     C   14        0.313156       -0.214595        0.243781
     C   14       -0.214595       -0.018232        0.326268
     C   14        0.243781        0.326268       -0.294923
 
     H   15        0.558116        0.279696        0.711640
     H   15        0.279696       -0.476245        0.248977
     H   15        0.711640        0.248977       -0.081871
 
     C   16        0.150429       -0.212204        0.171861
     C   16       -0.212204        0.117538        0.432188
     C   16        0.171861        0.432188       -0.267966
 
     C   17        0.188808       -0.133845        0.217383
     C   17       -0.133845        0.072969        0.449109
     C   17        0.217383        0.449109       -0.261777
 
     Cl  18        0.103855       -0.197254       -0.038708
     Cl  18       -0.197254        0.009398        0.025282
     Cl  18       -0.038708        0.025282       -0.113254
 
     H   19       -0.527045       -0.060308        0.061232
     H   19       -0.060308        0.479253       -0.774705
     H   19        0.061232       -0.774705        0.047792
 
     C   20        0.201901        0.253161        0.307835
     C   20        0.253161        0.014867       -0.294397
     C   20        0.307835       -0.294397       -0.216768
 
     H   21        0.501190       -0.180922        0.739432
     H   21       -0.180922       -0.492555       -0.210062
     H   21        0.739432       -0.210062       -0.008634
 
     C   22        0.073980        0.299057        0.213655
     C   22        0.299057        0.131147       -0.399624
     C   22        0.213655       -0.399624       -0.205128
 
     C   23        0.123179        0.256686        0.343780
     C   23        0.256686        0.053588       -0.374430
     C   23        0.343780       -0.374430       -0.176766
 
     Cl  24        0.093987        0.229510        0.031446
     Cl  24        0.229510        0.050961        0.018797
     Cl  24        0.031446        0.018797       -0.144948
 
     ----- GIPAW term -----
     Cl   1        1.544548       -2.312731       -0.672549
     Cl   1       -2.312731       -0.039174        0.308392
     Cl   1       -0.672549        0.308392       -1.505374
 
     C    2        0.047921       -0.129344       -0.087121
     C    2       -0.129344       -0.003466       -0.068243
     C    2       -0.087121       -0.068243       -0.044455
 
     C    3       -0.057738        0.040550       -0.058363
     C    3        0.040550       -0.003419       -0.087339
     C    3       -0.058363       -0.087339        0.061157
 
     H    4        0.000000       -0.000000       -0.000000
     H    4       -0.000000        0.000000        0.000000
     H    4       -0.000000        0.000000       -0.000000
 
     C    5       -0.044479        0.039321       -0.047802
     C    5        0.039321       -0.027303       -0.095089
     C    5       -0.047802       -0.095089        0.071782
 
     H    6        0.000000       -0.000000       -0.000000
     H    6       -0.000000        0.000000        0.000000
     H    6       -0.000000        0.000000       -0.000000
 
     H    7        0.000000       -0.000000       -0.000000
     H    7       -0.000000        0.000000        0.000000
     H    7       -0.000000        0.000000       -0.000000
 
     C    8       -0.018843       -0.054960       -0.063793
     C    8       -0.054960       -0.019402        0.087002
     C    8       -0.063793        0.087002        0.038245
 
     H    9        0.000000       -0.000000       -0.000000
     H    9       -0.000000        0.000000        0.000000
     H    9       -0.000000        0.000000       -0.000000
 
     C   10       -0.038539       -0.053372       -0.072366
     C   10       -0.053372       -0.005856        0.076782
     C   10       -0.072366        0.076782        0.044395
 
     C   11        0.059363        0.131958       -0.071719
     C   11        0.131958        0.022681        0.082785
     C   11       -0.071719        0.082785       -0.082044
 
     Cl  12        1.250083        2.520858       -0.016355
     Cl  12        2.520858        0.434412        0.133889
     Cl  12       -0.016355        0.133889       -1.684495
 
     H   13        0.000000       -0.000000       -0.000000
     H   13       -0.000000        0.000000        0.000000
     H   13       -0.000000        0.000000       -0.000000
 
     C   14       -0.039830        0.039392       -0.047356
     C   14        0.039392       -0.022565       -0.094032
     C   14       -0.047356       -0.094032        0.062395
 
     H   15        0.000000       -0.000000       -0.000000
     H   15       -0.000000        0.000000        0.000000
     H   15       -0.000000        0.000000       -0.000000
 
     C   16       -0.059063        0.033001       -0.065703
     C   16        0.033001       -0.005403       -0.092480
     C   16       -0.065703       -0.092480        0.064466
 
     C   17        0.062194       -0.147102       -0.093646
     C   17       -0.147102        0.000858       -0.067556
     C   17       -0.093646       -0.067556       -0.063052
 
     Cl  18        1.358374       -2.399426       -0.784400
     Cl  18       -2.399426        0.126768        0.482720
     Cl  18       -0.784400        0.482720       -1.485142
 
     H   19        0.000000       -0.000000       -0.000000
     H   19       -0.000000        0.000000        0.000000
     H   19       -0.000000        0.000000       -0.000000
 
     C   20       -0.022670       -0.056420       -0.062444
     C   20       -0.056420       -0.021003        0.088839
     C   20       -0.062444        0.088839        0.043674
 
     H   21        0.000000       -0.000000       -0.000000
     H   21       -0.000000        0.000000        0.000000
     H   21       -0.000000        0.000000       -0.000000
 
     C   22       -0.040394       -0.052087       -0.076079
     C   22       -0.052087       -0.009440        0.078512
     C   22       -0.076079        0.078512        0.049834
 
     C   23        0.050218        0.112084       -0.068302
     C   23        0.112084        0.019154        0.088272
     C   23       -0.068302        0.088272       -0.069372
 
     Cl  24        1.135489        2.408268        0.198417
     Cl  24        2.408268        0.413592        0.393889
     Cl  24        0.198417        0.393889       -1.549081
 
     ----- total EFG -----
     Cl   1        1.689903       -2.532339       -0.733401
     Cl   1       -2.532339       -0.040899        0.337426
     Cl   1       -0.733401        0.337426       -1.649004
 
     C    2        0.071154       -0.238853       -0.187130
     C    2       -0.238853       -0.002082       -0.163484
     C    2       -0.187130       -0.163484       -0.069072
 
     C    3       -0.122417        0.096210       -0.126152
     C    3        0.096210       -0.018236       -0.193277
     C    3       -0.126152       -0.193277        0.140652
 
     H    4        0.169742        0.082633        0.177208
     H    4        0.082633       -0.117655        0.053855
     H    4        0.177208        0.053855       -0.052086
 
     C    5       -0.112773        0.093069       -0.113078
     C    5        0.093069       -0.051101       -0.202112
     C    5       -0.113078       -0.202112        0.163874
 
     H    6       -0.142713        0.003108        0.006941
     H    6        0.003108        0.150660        0.202000
     H    6        0.006941        0.202000       -0.007946
 
     H    7       -0.143273       -0.000950        0.007639
     H    7       -0.000950        0.120525       -0.211635
     H    7        0.007639       -0.211635        0.022748
 
     C    8       -0.055663       -0.126823       -0.147784
     C    8       -0.126823       -0.035418        0.186257
     C    8       -0.147784        0.186257        0.091081
 
     H    9        0.141015       -0.040795        0.205122
     H    9       -0.040795       -0.138689       -0.038406
     H    9        0.205122       -0.038406       -0.002326
 
     C   10       -0.080147       -0.125298       -0.154370
     C   10       -0.125298       -0.023388        0.172808
     C   10       -0.154370        0.172808        0.103535
 
     C   11        0.104475        0.241404       -0.164607
     C   11        0.241404        0.042062        0.188065
     C   11       -0.164607        0.188065       -0.146537
 
     Cl  12        1.368309        2.758963       -0.015808
     Cl  12        2.758963        0.477336        0.145783
     Cl  12       -0.015808        0.145783       -1.845645
 
     H   13       -0.141463        0.010209        0.009763
     H   13        0.010209        0.159878        0.198391
     H   13        0.009763        0.198391       -0.018415
 
     C   14       -0.104130        0.091724       -0.111831
     C   14        0.091724       -0.040880       -0.201252
     C   14       -0.111831       -0.201252        0.145010
 
     H   15        0.162888        0.066759        0.185500
     H   15        0.066759       -0.122317        0.048305
     H   15        0.185500        0.048305       -0.040571
 
     C   16       -0.125865        0.082472       -0.138793
     C   16        0.082472       -0.018752       -0.202468
     C   16       -0.138793       -0.202468        0.144617
 
     C   17        0.101158       -0.279714       -0.196772
     C   17       -0.279714        0.001612       -0.160291
     C   17       -0.196772       -0.160291       -0.102771
 
     Cl  18        1.489491       -2.626943       -0.854737
     Cl  18       -2.626943        0.137925        0.528148
     Cl  18       -0.854737        0.528148       -1.627415
 
     H   19       -0.142869       -0.007048        0.011204
     H   19       -0.007048        0.129146       -0.210290
     H   19        0.011204       -0.210290        0.013723
 
     C   20       -0.065070       -0.129268       -0.144524
     C   20       -0.129268       -0.038815        0.190272
     C   20       -0.144524        0.190272        0.103885
 
     H   21        0.145825       -0.042327        0.201828
     H   21       -0.042327       -0.132475       -0.037751
     H   21        0.201828       -0.037751       -0.013350
 
     C   22       -0.084594       -0.120818       -0.162401
     C   22       -0.120818       -0.030196        0.176500
     C   22       -0.162401        0.176500        0.114789
 
     C   23        0.085975        0.199850       -0.160271
     C   23        0.199850        0.032179        0.195404
     C   23       -0.160271        0.195404       -0.118154
 
     Cl  24        1.244427        2.636933        0.220047
     Cl  24        2.636933        0.452516        0.429788
     Cl  24        0.220047        0.429788       -1.696943
 
     ----- total EFG (symmetrized) -----
     Cl   1        1.689903       -2.532339       -0.733401
     Cl   1       -2.532339       -0.040899        0.337426
     Cl   1       -0.733401        0.337426       -1.649004
 
     C    2        0.071154       -0.238853       -0.187130
     C    2       -0.238853       -0.002082       -0.163484
     C    2       -0.187130       -0.163484       -0.069072
 
     C    3       -0.122417        0.096210       -0.126152
     C    3        0.096210       -0.018236       -0.193277
     C    3       -0.126152       -0.193277        0.140652
 
     H    4        0.169742        0.082633        0.177208
     H    4        0.082633       -0.117655        0.053855
     H    4        0.177208        0.053855       -0.052086
 
     C    5       -0.112773        0.093069       -0.113078
     C    5        0.093069       -0.051101       -0.202112
     C    5       -0.113078       -0.202112        0.163874
 
     H    6       -0.142713        0.003108        0.006941
     H    6        0.003108        0.150660        0.202000
     H    6        0.006941        0.202000       -0.007946
 
     H    7       -0.143273       -0.000950        0.007639
     H    7       -0.000950        0.120525       -0.211635
     H    7        0.007639       -0.211635        0.022748
 
     C    8       -0.055663       -0.126823       -0.147784
     C    8       -0.126823       -0.035418        0.186257
     C    8       -0.147784        0.186257        0.091081
 
     H    9        0.141015       -0.040795        0.205122
     H    9       -0.040795       -0.138689       -0.038406
     H    9        0.205122       -0.038406       -0.002326
 
     C   10       -0.080147       -0.125298       -0.154370
     C   10       -0.125298       -0.023388        0.172808
     C   10       -0.154370        0.172808        0.103535
 
     C   11        0.104475        0.241404       -0.164607
     C   11        0.241404        0.042062        0.188065
     C   11       -0.164607        0.188065       -0.146537
 
     Cl  12        1.368309        2.758963       -0.015808
     Cl  12        2.758963        0.477336        0.145783
     Cl  12       -0.015808        0.145783       -1.845645
 
     H   13       -0.141463        0.010209        0.009763
     H   13        0.010209        0.159878        0.198391
     H   13        0.009763        0.198391       -0.018415
 
     C   14       -0.104130        0.091724       -0.111831
     C   14        0.091724       -0.040880       -0.201252
     C   14       -0.111831       -0.201252        0.145010
 
     H   15        0.162888        0.066759        0.185500
     H   15        0.066759       -0.122317        0.048305
     H   15        0.185500        0.048305       -0.040571
 
     C   16       -0.125865        0.082472       -0.138793
     C   16        0.082472       -0.018752       -0.202468
     C   16       -0.138793       -0.202468        0.144617
 
     C   17        0.101158       -0.279714       -0.196772
     C   17       -0.279714        0.001612       -0.160291
     C   17       -0.196772       -0.160291       -0.102771
 
     Cl  18        1.489491       -2.626943       -0.854737
     Cl  18       -2.626943        0.137925        0.528148
     Cl  18       -0.854737        0.528148       -1.627415
 
     H   19       -0.142869       -0.007048        0.011204
     H   19       -0.007048        0.129146       -0.210290
     H   19        0.011204       -0.210290        0.013723
 
     C   20       -0.065070       -0.129268       -0.144524
     C   20       -0.129268       -0.038815        0.190272
     C   20       -0.144524        0.190272        0.103885
 
     H   21        0.145825       -0.042327        0.201828
     H   21       -0.042327       -0.132475       -0.037751
     H   21        0.201828       -0.037751       -0.013350
 
     C   22       -0.084594       -0.120818       -0.162401
     C   22       -0.120818       -0.030196        0.176500
     C   22       -0.162401        0.176500        0.114789
 
     C   23        0.085975        0.199850       -0.160271
     C   23        0.199850        0.032179        0.195404
     C   23       -0.160271        0.195404       -0.118154
 
     Cl  24        1.244427        2.636933        0.220047
     Cl  24        2.636933        0.452516        0.429788
     Cl  24        0.220047        0.429788       -1.696943
 
 
     NQR/NMR SPECTROSCOPIC PARAMETERS:
     Cl   1    Vxx=   -1.6539    axis=( -0.253635 -0.562764  0.786744)
     Cl   1    Vyy=   -1.9661    axis=( -0.533653 -0.596955 -0.599049)
     Cl   1    Vzz=    3.6200    axis=(  0.806774 -0.571788 -0.148913)
     Cl   1  Q=        -8.1650 1e-30 m^2  Cq=       -69.4484 MHz  eta= 0.08623
 
     C    2    Vxx=    0.1125    axis=( -0.262914 -0.566427  0.781049)
     C    2    Vyy=    0.2817    axis=( -0.797905  0.582768  0.154043)
     C    2    Vzz=   -0.3942    axis=( -0.542424 -0.582702 -0.605173)
     C    2  Q=         1.0000 1e-30 m^2  Cq=        -0.9262 MHz  eta= 0.42934
 
     C    3    Vxx=   -0.1453    axis=(  0.248997  0.747839  0.615416)
     C    3    Vyy=   -0.1809    axis=( -0.909441  0.399047 -0.116953)
     C    3    Vzz=    0.3261    axis=( -0.333042 -0.530564  0.779477)
     C    3  Q=         1.0000 1e-30 m^2  Cq=         0.7662 MHz  eta= 0.10917
 
     H    4    Vxx=   -0.1376    axis=( -0.412547  0.853908  0.317249)
     H    4    Vyy=   -0.1540    axis=( -0.330855 -0.464942  0.821197)
     H    4    Vzz=    0.2915    axis=( -0.848729 -0.233818 -0.474330)
     H    4  Q=         1.0000 1e-30 m^2  Cq=         0.6850 MHz  eta= 0.05627
 
     C    5    Vxx=   -0.1448    axis=(  0.763021  0.376050  0.525723)
     C    5    Vyy=   -0.1877    axis=( -0.567238  0.779523  0.265680)
     C    5    Vzz=    0.3325    axis=( -0.309904 -0.500930  0.808102)
     C    5  Q=         1.0000 1e-30 m^2  Cq=         0.7813 MHz  eta= 0.12899
 
     H    6    Vxx=   -0.1400    axis=(  0.817200 -0.334784  0.469152)
     H    6    Vyy=   -0.1485    axis=( -0.576158 -0.453304  0.680116)
     H    6    Vzz=    0.2885    axis=(  0.015024  0.826096  0.563328)
     H    6  Q=         1.0000 1e-30 m^2  Cq=         0.6778 MHz  eta= 0.02932
 
     H    7    Vxx=   -0.1390    axis=(  0.775368  0.400844  0.487985)
     H    7    Vyy=   -0.1500    axis=(  0.631382 -0.476486 -0.611815)
     H    7    Vzz=    0.2889    axis=(  0.012725 -0.782487  0.622537)
     H    7  Q=         1.0000 1e-30 m^2  Cq=         0.6788 MHz  eta= 0.03808
 
     C    8    Vxx=   -0.1452    axis=( -0.746914  0.208400 -0.631419)
     C    8    Vyy=   -0.1786    axis=( -0.484251 -0.821238  0.301777)
     C    8    Vzz=    0.3239    axis=( -0.455654  0.531166  0.714312)
     C    8  Q=         1.0000 1e-30 m^2  Cq=         0.7609 MHz  eta= 0.10324
 
     H    9    Vxx=   -0.1392    axis=(  0.459510  0.748015 -0.478878)
     H    9    Vyy=   -0.1546    axis=( -0.369847  0.651353  0.662534)
     H    9    Vzz=    0.2938    axis=( -0.807504  0.127329 -0.575955)
     H    9  Q=         1.0000 1e-30 m^2  Cq=         0.6902 MHz  eta= 0.05252
 
     C   10    Vxx=   -0.1398    axis=( -0.281189  0.689095 -0.667892)
     C   10    Vyy=   -0.1823    axis=( -0.851507 -0.500126 -0.157510)
     C   10    Vzz=    0.3220    axis=( -0.442570  0.524425  0.727400)
     C   10  Q=         1.0000 1e-30 m^2  Cq=         0.7567 MHz  eta= 0.13211
 
     C   11    Vxx=    0.0919    axis=( -0.456998  0.517270  0.723591)
     C   11    Vyy=    0.3167    axis=( -0.750525 -0.660841 -0.001596)
     C   11    Vzz=   -0.4085    axis=(  0.477353 -0.543803  0.690227)
     C   11  Q=         1.0000 1e-30 m^2  Cq=        -0.9599 MHz  eta= 0.55029
 
     Cl  12    Vxx=   -1.7375    axis=( -0.442814  0.502736  0.742410)
     Cl  12    Vyy=   -1.9812    axis=( -0.473982  0.571606 -0.669782)
     Cl  12    Vzz=    3.7187    axis=( -0.761089 -0.648477 -0.014827)
     Cl  12  Q=        -8.1650 1e-30 m^2  Cq=       -71.3422 MHz  eta= 0.06555
 
     H   13    Vxx=   -0.1407    axis=(  0.914850 -0.243594  0.322043)
     H   13    Vyy=   -0.1479    axis=( -0.402505 -0.486455  0.775469)
     H   13    Vzz=    0.2887    axis=(  0.032240  0.839061  0.543081)
     H   13  Q=         1.0000 1e-30 m^2  Cq=         0.6783 MHz  eta= 0.02491
 
     C   14    Vxx=   -0.1428    axis=(  0.810410  0.283223  0.512855)
     C   14    Vyy=   -0.1794    axis=( -0.490980  0.805936  0.330766)
     C   14    Vzz=    0.3222    axis=( -0.319648 -0.519858  0.792195)
     C   14  Q=         1.0000 1e-30 m^2  Cq=         0.7570 MHz  eta= 0.11331
 
     H   15    Vxx=   -0.1351    axis=( -0.374661  0.882514  0.284251)
     H   15    Vyy=   -0.1540    axis=( -0.387874 -0.427655  0.816496)
     H   15    Vzz=    0.2891    axis=( -0.842130 -0.195656 -0.502530)
     H   15  Q=         1.0000 1e-30 m^2  Cq=         0.6793 MHz  eta= 0.06535
 
     C   16    Vxx=   -0.1528    axis=( -0.269795  0.849874  0.452687)
     C   16    Vyy=   -0.1846    axis=( -0.905068 -0.063321 -0.420527)
     C   16    Vzz=    0.3374    axis=( -0.328730 -0.523169  0.786277)
     C   16  Q=         1.0000 1e-30 m^2  Cq=         0.7927 MHz  eta= 0.09427
 
     C   17    Vxx=    0.0841    axis=( -0.279094 -0.563807  0.777321)
     C   17    Vyy=    0.3423    axis=(  0.796606 -0.587959 -0.140440)
     C   17    Vzz=   -0.4264    axis=(  0.536214  0.580023  0.613228)
     C   17  Q=         1.0000 1e-30 m^2  Cq=        -1.0020 MHz  eta= 0.60538
 
     Cl  18    Vxx=   -1.7439    axis=( -0.220522 -0.536475  0.814595)
     Cl  18    Vyy=   -1.9693    axis=( -0.587044 -0.593955 -0.550088)
     Cl  18    Vzz=    3.7132    axis=(  0.778941 -0.599509 -0.183954)
     Cl  18  Q=        -8.1650 1e-30 m^2  Cq=       -71.2351 MHz  eta= 0.06072
 
     H   19    Vxx=   -0.1400    axis=(  0.819710  0.365831  0.440731)
     H   19    Vyy=   -0.1499    axis=(  0.572062 -0.484410 -0.661885)
     H   19    Vzz=    0.2899    axis=(  0.028644 -0.794679  0.606354)
     H   19  Q=         1.0000 1e-30 m^2  Cq=         0.6810 MHz  eta= 0.03406
 
     C   20    Vxx=   -0.1426    axis=( -0.710055  0.291123 -0.641147)
     C   20    Vyy=   -0.1872    axis=( -0.550548 -0.797197  0.247738)
     C   20    Vzz=    0.3298    axis=( -0.438998  0.528890  0.726331)
     C   20  Q=         1.0000 1e-30 m^2  Cq=         0.7749 MHz  eta= 0.13539
 
     H   21    Vxx=   -0.1362    axis=(  0.352099  0.884314 -0.306618)
     H   21    Vyy=   -0.1544    axis=( -0.454433  0.447912  0.769978)
     H   21    Vzz=    0.2907    axis=( -0.818240  0.131771 -0.559571)
     H   21  Q=         1.0000 1e-30 m^2  Cq=         0.6829 MHz  eta= 0.06258
 
     C   22    Vxx=   -0.1464    axis=( -0.209946  0.744515 -0.633735)
     C   22    Vyy=   -0.1850    axis=( -0.874487 -0.432876 -0.218841)
     C   22    Vzz=    0.3314    axis=( -0.437259  0.508248  0.741949)
     C   22  Q=         1.0000 1e-30 m^2  Cq=         0.7787 MHz  eta= 0.11670
 
     C   23    Vxx=    0.1223    axis=( -0.485263  0.491671  0.723035)
     C   23    Vyy=    0.2610    axis=( -0.737261 -0.674646 -0.036044)
     C   23    Vzz=   -0.3833    axis=(  0.470071 -0.550556  0.689871)
     C   23  Q=         1.0000 1e-30 m^2  Cq=        -0.9006 MHz  eta= 0.36193
 
     Cl  24    Vxx=   -1.5904    axis=( -0.458396  0.427791  0.779018)
     Cl  24    Vyy=   -1.9627    axis=( -0.471819  0.625680 -0.621218)
     Cl  24    Vzz=    3.5531    axis=(  0.753167  0.652319  0.084969)
     Cl  24  Q=        -8.1650 1e-30 m^2  Cq=       -68.1645 MHz  eta= 0.10478
 
     Initialization:
     gipaw_setup  :      0.19s CPU      0.31s WALL (       1 calls)
 
     Linear response
 
     Apply operators
 
     Induced current
 
     Other routines
     efg          :      0.63s CPU      0.73s WALL (       1 calls)
 
     General routines
     calbec       :      0.06s CPU      0.06s WALL (      16 calls)
     fft          :      0.05s CPU      0.09s WALL (      15 calls)
     ffts         :      0.00s CPU      0.00s WALL (       2 calls)
     fftw         :      0.38s CPU      0.40s WALL (     672 calls)
     davcio       :      0.02s CPU      0.06s WALL (      32 calls)
 
     Parallel routines
     fft_scatter  :      0.27s CPU      0.28s WALL (     689 calls)
 
     Plugins
 
     GIPAW        :      4.45s CPU      5.57s WALL (       1 calls)
