
     Program QE v.6.0 starts on 20May2017 at 12:29:19 

     This program is part of the open-source Quantum ESPRESSO suite
     for quantum simulation of materials; please cite
         "P. Giannozzi et al., J. Phys.:Condens. Matter 21 395502 (2009);
          URL http://www.quantum-espresso.org", 
     in publications or presentations arising from this work. More details at
     http://www.quantum-espresso.org/quote
 
           ARCH :    x86_64
             CC :    icc
            CPP :    cpp
            F90 :    ifort
            F77 :    ifort
         DFLAGS :    -D__INTEL -D__DFTI
      BLAS LIBS :    -lmkl_intel_lp64  -lmkl_sequential -lmkl_core
    LAPACK LIBS :    
       FFT LIBS :    
      MASS LIBS :    

     Parallel version (MPI & OpenMP), running on      32 processor cores
     Number of MPI processes:                32
     Threads/MPI process:                     1
     R & G space division:  proc/nbgrp/npool/nimage =      32
 
     ***** This is GIPAW svn revision unknown      *****
 
     Parallelizing q-star over 1 images

     Reading data from directory:
     ./scratch/scf-872.save

   Info: using nr1, nr2, nr3 values from input

   Info: using nr1, nr2, nr3 values from input

     IMPORTANT: XC functional enforced from input :
     Exchange-correlation      =  SLA  PW   PBX  PBC ( 1  4  3  4 0 0)
     Any further DFT definition will be discarded
     Please, verify this is what you really want

               file C.pbe-n-kjpaw_psl.1.0.0.UPF: wavefunction(s)  2S 2P renormalized
               file Cl.pbe-n-kjpaw_psl.1.0.0.UPF: wavefunction(s)  3S 3P renormalized
               file H.pbe-kjpaw_psl.1.0.0.UPF: wavefunction(s)  1S renormalized
 
     Parallelization info
     --------------------
     sticks:   dense  smooth     PW     G-vecs:    dense   smooth      PW
     Min         764     305     83                36108     9133    1292
     Max         765     306     84                36110     9135    1293
     Sum       24467    9791   2657              1155489   292295   41363
 

     Subspace diagonalization in iterative solution of the eigenvalue problem:
     a serial algorithm will be used

     GIPAW projectors -----------------------------------------------
     atom=  C    l=0  rc=    1.2000  rs=    0.8000
     atom=  C    l=0  rc=    1.2000  rs=    0.8000
     atom=  C    l=1  rc=    1.4000  rs=    0.9333
     atom=  C    l=1  rc=    1.4000  rs=    0.9333
     projs nearly linearly dependent: l=1  n1,n2= 1, 2  s=  0.99951561
 
     atom=  Cl   l=0  rc=    1.6000  rs=    1.0667
     atom=  Cl   l=0  rc=    1.6000  rs=    1.0667
     atom=  Cl   l=1  rc=    1.6000  rs=    1.0667
     atom=  Cl   l=1  rc=    1.6000  rs=    1.0667
     atom=  Cl   l=2  rc=    1.6000  rs=    1.0667
     atom=  Cl   l=2  rc=    1.6000  rs=    1.0667
     projs nearly linearly dependent: l=2  n1,n2= 1, 2  s=  0.99993509
 
     atom=  H    l=0  rc=    1.0000  rs=    0.6667
     atom=  H    l=0  rc=    1.0000  rs=    0.6667
     projs nearly linearly dependent: l=0  n1,n2= 1, 2  s=  0.99968852
     -----------------------------------------------------------------
 
     GIPAW integrals: -------------------------------------------
     Atom  i/j   nmr_para   nmr_dia   epr_rmc  epr_para   epr_dia
       C   1 1   0.83E+03  0.17E-01  0.93E+01  0.24E+08  0.24E+03
       C   2 1   0.86E+03 -0.61E-01  0.94E+01  0.25E+08  0.25E+03
       C   2 2   0.90E+03 -0.15E+00  0.97E+01  0.26E+08  0.26E+03
       C   3 3   0.33E+01  0.34E+00  0.18E+01  0.55E+03  0.21E+02
       C   4 3   0.35E+01  0.37E+00  0.20E+01  0.59E+03  0.22E+02
       C   4 4   0.38E+01  0.39E+00  0.22E+01  0.63E+03  0.24E+02
       Cl  1 1   0.14E+04 -0.47E+00  0.84E+01  0.32E+09  0.42E+03
       Cl  2 1   0.21E+04 -0.37E+00  0.12E+02  0.49E+09  0.65E+03
       Cl  2 2   0.33E+04 -0.16E+00  0.21E+02  0.76E+09  0.10E+04
       Cl  3 3   0.21E+02  0.79E-01  0.89E+01  0.23E+05  0.13E+03
       Cl  4 3   0.24E+02  0.67E-01  0.99E+01  0.27E+05  0.15E+03
       Cl  4 4   0.28E+02  0.44E-01  0.11E+02  0.32E+05  0.18E+03
       Cl  5 5   0.77E+00  0.19E+00  0.18E+01  0.12E+03  0.22E+02
       Cl  6 5   0.80E+00  0.19E+00  0.19E+01  0.12E+03  0.23E+02
       Cl  6 6   0.83E+00  0.20E+00  0.19E+01  0.12E+03  0.23E+02
       H   1 1   0.39E+02  0.19E+00  0.29E+00  0.78E+05  0.13E+02
       H   2 1   0.41E+02  0.21E+00  0.32E+00  0.82E+05  0.14E+02
       H   2 2   0.43E+02  0.22E+00  0.36E+00  0.86E+05  0.15E+02
     ------------------------------------------------------------
 
     alpha_pv=     34.0506 eV
 
     Number of occupied bands for each k-point:
     k-point:     1    nbnd_occ=  42
     k-point:     2    nbnd_occ=  42
     k-point:     3    nbnd_occ=  42
     k-point:     4    nbnd_occ=  42
     k-point:     5    nbnd_occ=  42
     k-point:     6    nbnd_occ=  42
     k-point:     7    nbnd_occ=  42
     k-point:     8    nbnd_occ=  42
     k-point:     9    nbnd_occ=  42
     k-point:    10    nbnd_occ=  42
     k-point:    11    nbnd_occ=  42
     k-point:    12    nbnd_occ=  42
     k-point:    13    nbnd_occ=  42
     k-point:    14    nbnd_occ=  42
     k-point:    15    nbnd_occ=  42
     k-point:    16    nbnd_occ=  42
 
 
     q-space interpolation up to   110.00 Rydberg
 
     GIPAW job: efg                                                                             
 
 
     ELECTRIC FIELD GRADIENTS TENSORS IN Hartree/bohrradius^2:
 
     ----- bare term -----
     Cl   1        0.004079       -0.055074       -0.015811
     Cl   1       -0.055074        0.004194       -0.013321
     Cl   1       -0.015811       -0.013321       -0.008273
 
     C    2       -0.209014       -0.039785       -0.323500
     C    2       -0.039785       -0.188390       -0.455821
     C    2       -0.323500       -0.455821        0.397404
 
     C    3       -0.270154        0.248880       -0.167997
     C    3        0.248880       -0.258670       -0.495634
     C    3       -0.167997       -0.495634        0.528824
 
     H    4       -0.549108       -0.197869       -0.440016
     H    4       -0.197869        0.301037       -0.155907
     H    4       -0.440016       -0.155907        0.248071
 
     C    5       -0.418345        0.178334       -0.232634
     C    5        0.178334       -0.100169       -0.431090
     C    5       -0.232634       -0.431090        0.518514
 
     H    6        0.345221       -0.168893       -0.075062
     H    6       -0.168893       -0.516198       -0.474894
     H    6       -0.075062       -0.474894        0.170977
 
     H    7        0.367897        0.099327       -0.052471
     H    7        0.099327       -0.487118        0.498450
     H    7       -0.052471        0.498450        0.119221
 
     C    8       -0.288150       -0.254287       -0.405577
     C    8       -0.254287       -0.135951        0.363848
     C    8       -0.405577        0.363848        0.424101
 
     H    9       -0.404608        0.189482       -0.536016
     H    9        0.189482        0.295907        0.181816
     H    9       -0.536016        0.181816        0.108701
 
     C   10       -0.140626       -0.301065       -0.330875
     C   10       -0.301065       -0.270337        0.442599
     C   10       -0.330875        0.442599        0.410963
 
     C   11       -0.108462       -0.102990       -0.430494
     C   11       -0.102990       -0.154614        0.468158
     C   11       -0.430494        0.468158        0.263076
 
     Cl  12       -0.016096        0.020011       -0.029747
     Cl  12        0.020011        0.014016        0.008007
     Cl  12       -0.029747        0.008007        0.002080
 
     H   13        0.382377       -0.140177       -0.076792
     H   13       -0.140177       -0.502160       -0.510328
     H   13       -0.076792       -0.510328        0.119783
 
     C   14       -0.381861        0.173070       -0.263849
     C   14        0.173070       -0.132751       -0.418649
     C   14       -0.263849       -0.418649        0.514612
 
     H   15       -0.533434       -0.256700       -0.384538
     H   15       -0.256700        0.304135       -0.167095
     H   15       -0.384538       -0.167095        0.229298
 
     C   16       -0.253590        0.238229       -0.178762
     C   16        0.238229       -0.230218       -0.482208
     C   16       -0.178762       -0.482208        0.483808
 
     C   17       -0.249865        0.051957       -0.259099
     C   17        0.051957       -0.154868       -0.502752
     C   17       -0.259099       -0.502752        0.404733
 
     Cl  18       -0.023274        0.012209       -0.015541
     Cl  18        0.012209        0.000832        0.001984
     Cl  18       -0.015541        0.001984        0.022442
 
     H   19        0.372909        0.082659       -0.065592
     H   19        0.082659       -0.467568        0.510094
     H   19       -0.065592        0.510094        0.094659
 
     C   20       -0.278328       -0.289220       -0.410037
     C   20       -0.289220       -0.097546        0.368415
     C   20       -0.410037        0.368415        0.375874
 
     H   21       -0.386650        0.160989       -0.524778
     H   21        0.160989        0.344205        0.173190
     H   21       -0.524778        0.173190        0.042445
 
     C   22       -0.161782       -0.316359       -0.322683
     C   22       -0.316359       -0.223627        0.462641
     C   22       -0.322683        0.462641        0.385409
 
     C   23       -0.127023       -0.022077       -0.398393
     C   23       -0.022077       -0.115593        0.488293
     C   23       -0.398393        0.488293        0.242615
 
     Cl  24        0.022518        0.049698       -0.015763
     Cl  24        0.049698       -0.006984        0.003864
     Cl  24       -0.015763        0.003864       -0.015534
 
     ----- ionic term -----
     Cl   1        0.126163       -0.183114        0.012651
     Cl   1       -0.183114        0.019406        0.003971
     Cl   1        0.012651        0.003971       -0.145569
 
     C    2        0.241160       -0.097751        0.244179
     C    2       -0.097751        0.163418        0.364108
     C    2        0.244179        0.364108       -0.404578
 
     C    3        0.189088       -0.203520        0.112035
     C    3       -0.203520        0.218455        0.400226
     C    3        0.112035        0.400226       -0.407543
 
     H    4        0.755153        0.278600        0.595237
     H    4        0.278600       -0.426207        0.198597
     H    4        0.595237        0.198597       -0.328946
 
     C    5        0.335955       -0.142025        0.177980
     C    5       -0.142025        0.064340        0.328983
     C    5        0.177980        0.328983       -0.400295
 
     H    6       -0.480390        0.211802        0.101863
     H    6        0.211802        0.707880        0.651020
     H    6        0.101863        0.651020       -0.227490
 
     H    7       -0.513203       -0.115227        0.068725
     H    7       -0.115227        0.670068       -0.689450
     H    7        0.068725       -0.689450       -0.156866
 
     C    8        0.235461        0.201213        0.322664
     C    8        0.201213        0.093578       -0.269985
     C    8        0.322664       -0.269985       -0.329039
 
     H    9        0.561245       -0.255759        0.726778
     H    9       -0.255759       -0.423311       -0.230681
     H    9        0.726778       -0.230681       -0.137934
 
     C   10        0.093843        0.245782        0.247476
     C   10        0.245782        0.230892       -0.355593
     C   10        0.247476       -0.355593       -0.324735
 
     C   11        0.135529        0.206247        0.339586
     C   11        0.206247        0.147993       -0.364318
     C   11        0.339586       -0.364318       -0.283522
 
     Cl  12        0.124738        0.214839        0.029254
     Cl  12        0.214839        0.030595        0.008446
     Cl  12        0.029254        0.008446       -0.155334
 
     H   13       -0.516760        0.178107        0.101777
     H   13        0.178107        0.683328        0.692608
     H   13        0.101777        0.692608       -0.166567
 
     C   14        0.310442       -0.133764        0.203244
     C   14       -0.133764        0.091930        0.315993
     C   14        0.203244        0.315993       -0.402373
 
     H   15        0.741046        0.337597        0.540982
     H   15        0.337597       -0.424127        0.209966
     H   15        0.540982        0.209966       -0.316919
 
     C   16        0.174293       -0.195805        0.126435
     C   16       -0.195805        0.206602        0.389738
     C   16        0.126435        0.389738       -0.380896
 
     C   17        0.251569       -0.154673        0.176706
     C   17       -0.154673        0.133072        0.414600
     C   17        0.176706        0.414600       -0.384641
 
     Cl  18        0.125134       -0.232348       -0.048181
     Cl  18       -0.232348        0.024427        0.035684
     Cl  18       -0.048181        0.035684       -0.149561
 
     H   19       -0.515988       -0.098077        0.080255
     H   19       -0.098077        0.643782       -0.701938
     H   19        0.080255       -0.701938       -0.127794
 
     C   20        0.230160        0.230105        0.324385
     C   20        0.230105        0.061707       -0.277759
     C   20        0.324385       -0.277759       -0.291868
 
     H   21        0.531400       -0.221033        0.726832
     H   21       -0.221033       -0.472035       -0.222695
     H   21        0.726832       -0.222695       -0.059365
 
     C   22        0.109031        0.254947        0.233995
     C   22        0.254947        0.193505       -0.369251
     C   22        0.233995       -0.369251       -0.302536
 
     C   23        0.169119        0.152689        0.309985
     C   23        0.152689        0.113668       -0.386508
     C   23        0.309985       -0.386508       -0.282787
 
     Cl  24        0.119964        0.188374        0.004972
     Cl  24        0.188374        0.021648       -0.001242
     Cl  24        0.004972       -0.001242       -0.141613
 
     ----- GIPAW term -----
     Cl   1        1.372386       -2.510866       -0.052589
     Cl   1       -2.510866        0.230957       -0.106609
     Cl   1       -0.052589       -0.106609       -1.603343
 
     C    2        0.051866       -0.153596       -0.062380
     C    2       -0.153596       -0.012545       -0.072111
     C    2       -0.062380       -0.072111       -0.039320
 
     C    3       -0.074382        0.029835       -0.050999
     C    3        0.029835       -0.023476       -0.076067
     C    3       -0.050999       -0.076067        0.097857
 
     H    4        0.000000       -0.000000       -0.000000
     H    4       -0.000000        0.000000        0.000000
     H    4       -0.000000        0.000000       -0.000000
 
     C    5       -0.058494        0.028963       -0.042186
     C    5        0.028963       -0.034820       -0.086278
     C    5       -0.042186       -0.086278        0.093314
 
     H    6        0.000000       -0.000000       -0.000000
     H    6       -0.000000        0.000000        0.000000
     H    6       -0.000000        0.000000       -0.000000
 
     H    7        0.000000       -0.000000       -0.000000
     H    7       -0.000000        0.000000        0.000000
     H    7       -0.000000        0.000000       -0.000000
 
     C    8       -0.030742       -0.039825       -0.063186
     C    8       -0.039825       -0.042828        0.083080
     C    8       -0.063186        0.083080        0.073570
 
     H    9        0.000000       -0.000000       -0.000000
     H    9       -0.000000        0.000000        0.000000
     H    9       -0.000000        0.000000       -0.000000
 
     C   10       -0.043229       -0.040388       -0.071429
     C   10       -0.040388       -0.021634        0.070608
     C   10       -0.071429        0.070608        0.064863
 
     C   11        0.042668        0.125872       -0.069135
     C   11        0.125872        0.002539        0.083587
     C   11       -0.069135        0.083587       -0.045207
 
     Cl  12        1.140530        2.492387       -0.034315
     Cl  12        2.492387        0.452204        0.185859
     Cl  12       -0.034315        0.185859       -1.592734
 
     H   13        0.000000       -0.000000       -0.000000
     H   13       -0.000000        0.000000        0.000000
     H   13       -0.000000        0.000000       -0.000000
 
     C   14       -0.047208        0.028386       -0.046673
     C   14        0.028386       -0.041552       -0.088233
     C   14       -0.046673       -0.088233        0.088760
 
     H   15        0.000000       -0.000000       -0.000000
     H   15       -0.000000        0.000000        0.000000
     H   15       -0.000000        0.000000       -0.000000
 
     C   16       -0.074178        0.029334       -0.047524
     C   16        0.029334       -0.006228       -0.070720
     C   16       -0.047524       -0.070720        0.080407
 
     C   17        0.019227       -0.121335       -0.074530
     C   17       -0.121335       -0.010220       -0.057911
     C   17       -0.074530       -0.057911       -0.009007
 
     Cl  18        1.036440       -2.338046       -0.714450
     Cl  18       -2.338046        0.279766        0.397874
     Cl  18       -0.714450        0.397874       -1.316205
 
     H   19        0.000000       -0.000000       -0.000000
     H   19       -0.000000        0.000000        0.000000
     H   19       -0.000000        0.000000       -0.000000
 
     C   20       -0.028505       -0.045040       -0.064582
     C   20       -0.045040       -0.036754        0.079235
     C   20       -0.064582        0.079235        0.065260
 
     H   21        0.000000       -0.000000       -0.000000
     H   21       -0.000000        0.000000        0.000000
     H   21       -0.000000        0.000000       -0.000000
 
     C   22       -0.048010       -0.043823       -0.077925
     C   22       -0.043823       -0.016523        0.076192
     C   22       -0.077925        0.076192        0.064534
 
     C   23        0.062245        0.147145       -0.069952
     C   23        0.147145        0.002728        0.079329
     C   23       -0.069952        0.079329       -0.064973
 
     Cl  24        1.488726        2.498020       -0.143816
     Cl  24        2.498020        0.154696        0.026862
     Cl  24       -0.143816        0.026862       -1.643423
 
     ----- total EFG -----
     Cl   1        1.502628       -2.749054       -0.055749
     Cl   1       -2.749054        0.254557       -0.115958
     Cl   1       -0.055749       -0.115958       -1.757185
 
     C    2        0.084012       -0.291132       -0.141701
     C    2       -0.291132       -0.037518       -0.163824
     C    2       -0.141701       -0.163824       -0.046494
 
     C    3       -0.155448        0.075194       -0.106962
     C    3        0.075194       -0.063690       -0.171475
     C    3       -0.106962       -0.171475        0.219138
 
     H    4        0.206045        0.080732        0.155221
     H    4        0.080732       -0.125170        0.042690
     H    4        0.155221        0.042690       -0.080875
 
     C    5       -0.140885        0.065273       -0.096839
     C    5        0.065273       -0.070649       -0.188385
     C    5       -0.096839       -0.188385        0.211534
 
     H    6       -0.135169        0.042910        0.026801
     H    6        0.042910        0.191683        0.176126
     H    6        0.026801        0.176126       -0.056513
 
     H    7       -0.145306       -0.015900        0.016254
     H    7       -0.015900        0.182950       -0.191000
     H    7        0.016254       -0.191000       -0.037644
 
     C    8       -0.083431       -0.092899       -0.146099
     C    8       -0.092899       -0.085201        0.176943
     C    8       -0.146099        0.176943        0.168632
 
     H    9        0.156637       -0.066278        0.190763
     H    9       -0.066278       -0.127403       -0.048865
     H    9        0.190763       -0.048865       -0.029234
 
     C   10       -0.090012       -0.095671       -0.154827
     C   10       -0.095671       -0.061079        0.157614
     C   10       -0.154827        0.157614        0.151091
 
     C   11        0.069736        0.229129       -0.160044
     C   11        0.229129       -0.004082        0.187427
     C   11       -0.160044        0.187427       -0.065653
 
     Cl  12        1.249173        2.727237       -0.034808
     Cl  12        2.727237        0.496815        0.202313
     Cl  12       -0.034808        0.202313       -1.745987
 
     H   13       -0.134383        0.037930        0.024985
     H   13        0.037930        0.181167        0.182280
     H   13        0.024985        0.182280       -0.046784
 
     C   14       -0.118627        0.067692       -0.107279
     C   14        0.067692       -0.082373       -0.190890
     C   14       -0.107279       -0.190890        0.200999
 
     H   15        0.207612        0.080897        0.156444
     H   15        0.080897       -0.119992        0.042872
     H   15        0.156444        0.042872       -0.087621
 
     C   16       -0.153475        0.071758       -0.099851
     C   16        0.071758       -0.029844       -0.163189
     C   16       -0.099851       -0.163189        0.183319
 
     C   17        0.020931       -0.224050       -0.156922
     C   17       -0.224050       -0.032016       -0.146064
     C   17       -0.156922       -0.146064        0.011085
 
     Cl  18        1.138299       -2.558185       -0.778172
     Cl  18       -2.558185        0.305025        0.435543
     Cl  18       -0.778172        0.435543       -1.443324
 
     H   19       -0.143079       -0.015419        0.014663
     H   19       -0.015419        0.176214       -0.191844
     H   19        0.014663       -0.191844       -0.033135
 
     C   20       -0.076673       -0.104155       -0.150234
     C   20       -0.104155       -0.072594        0.169891
     C   20       -0.150234        0.169891        0.149267
 
     H   21        0.144750       -0.060044        0.202054
     H   21       -0.060044       -0.127830       -0.049504
     H   21        0.202054       -0.049504       -0.016920
 
     C   22       -0.100761       -0.105234       -0.166614
     C   22       -0.105234       -0.046645        0.169581
     C   22       -0.166614        0.169581        0.147407
 
     C   23        0.104341        0.277757       -0.158360
     C   23        0.277757        0.000803        0.181114
     C   23       -0.158360        0.181114       -0.105144
 
     Cl  24        1.631208        2.736092       -0.154607
     Cl  24        2.736092        0.169361        0.029484
     Cl  24       -0.154607        0.029484       -1.800569
 
     ----- total EFG (symmetrized) -----
     Cl   1        1.502628       -2.749054       -0.055749
     Cl   1       -2.749054        0.254557       -0.115958
     Cl   1       -0.055749       -0.115958       -1.757185
 
     C    2        0.084012       -0.291132       -0.141701
     C    2       -0.291132       -0.037518       -0.163824
     C    2       -0.141701       -0.163824       -0.046494
 
     C    3       -0.155448        0.075194       -0.106962
     C    3        0.075194       -0.063690       -0.171475
     C    3       -0.106962       -0.171475        0.219138
 
     H    4        0.206045        0.080732        0.155221
     H    4        0.080732       -0.125170        0.042690
     H    4        0.155221        0.042690       -0.080875
 
     C    5       -0.140885        0.065273       -0.096839
     C    5        0.065273       -0.070649       -0.188385
     C    5       -0.096839       -0.188385        0.211534
 
     H    6       -0.135169        0.042910        0.026801
     H    6        0.042910        0.191683        0.176126
     H    6        0.026801        0.176126       -0.056513
 
     H    7       -0.145306       -0.015900        0.016254
     H    7       -0.015900        0.182950       -0.191000
     H    7        0.016254       -0.191000       -0.037644
 
     C    8       -0.083431       -0.092899       -0.146099
     C    8       -0.092899       -0.085201        0.176943
     C    8       -0.146099        0.176943        0.168632
 
     H    9        0.156637       -0.066278        0.190763
     H    9       -0.066278       -0.127403       -0.048865
     H    9        0.190763       -0.048865       -0.029234
 
     C   10       -0.090012       -0.095671       -0.154827
     C   10       -0.095671       -0.061079        0.157614
     C   10       -0.154827        0.157614        0.151091
 
     C   11        0.069736        0.229129       -0.160044
     C   11        0.229129       -0.004082        0.187427
     C   11       -0.160044        0.187427       -0.065653
 
     Cl  12        1.249173        2.727237       -0.034808
     Cl  12        2.727237        0.496815        0.202313
     Cl  12       -0.034808        0.202313       -1.745987
 
     H   13       -0.134383        0.037930        0.024985
     H   13        0.037930        0.181167        0.182280
     H   13        0.024985        0.182280       -0.046784
 
     C   14       -0.118627        0.067692       -0.107279
     C   14        0.067692       -0.082373       -0.190890
     C   14       -0.107279       -0.190890        0.200999
 
     H   15        0.207612        0.080897        0.156444
     H   15        0.080897       -0.119992        0.042872
     H   15        0.156444        0.042872       -0.087621
 
     C   16       -0.153475        0.071758       -0.099851
     C   16        0.071758       -0.029844       -0.163189
     C   16       -0.099851       -0.163189        0.183319
 
     C   17        0.020931       -0.224050       -0.156922
     C   17       -0.224050       -0.032016       -0.146064
     C   17       -0.156922       -0.146064        0.011085
 
     Cl  18        1.138299       -2.558185       -0.778172
     Cl  18       -2.558185        0.305025        0.435543
     Cl  18       -0.778172        0.435543       -1.443324
 
     H   19       -0.143079       -0.015419        0.014663
     H   19       -0.015419        0.176214       -0.191844
     H   19        0.014663       -0.191844       -0.033135
 
     C   20       -0.076673       -0.104155       -0.150234
     C   20       -0.104155       -0.072594        0.169891
     C   20       -0.150234        0.169891        0.149267
 
     H   21        0.144750       -0.060044        0.202054
     H   21       -0.060044       -0.127830       -0.049504
     H   21        0.202054       -0.049504       -0.016920
 
     C   22       -0.100761       -0.105234       -0.166614
     C   22       -0.105234       -0.046645        0.169581
     C   22       -0.166614        0.169581        0.147407
 
     C   23        0.104341        0.277757       -0.158360
     C   23        0.277757        0.000803        0.181114
     C   23       -0.158360        0.181114       -0.105144
 
     Cl  24        1.631208        2.736092       -0.154607
     Cl  24        2.736092        0.169361        0.029484
     Cl  24       -0.154607        0.029484       -1.800569
 
 
     NQR/NMR SPECTROSCOPIC PARAMETERS:
     Cl   1    Vxx=   -1.6936    axis=(  0.286375  0.351039 -0.891494)
     Cl   1    Vyy=   -2.0041    axis=( -0.554470 -0.698106 -0.453002)
     Cl   1    Vzz=    3.6977    axis=( -0.781379  0.624035 -0.005280)
     Cl   1  Q=        -8.1650 1e-30 m^2  Cq=       -70.9392 MHz  eta= 0.08397
 
     C    2    Vxx=    0.0841    axis=( -0.307504 -0.416323  0.855638)
     C    2    Vyy=    0.3208    axis=( -0.781027  0.624074  0.022962)
     C    2    Vzz=   -0.4049    axis=( -0.543541 -0.661216 -0.517065)
     C    2  Q=         1.0000 1e-30 m^2  Cq=        -0.9515 MHz  eta= 0.58443
 
     C    3    Vxx=   -0.1358    axis=(  0.359930  0.793008  0.491517)
     C    3    Vyy=   -0.1981    axis=(  0.897447 -0.438286  0.049939)
     C    3    Vzz=    0.3340    axis=( -0.255026 -0.423136  0.869435)
     C    3  Q=         1.0000 1e-30 m^2  Cq=         0.7847 MHz  eta= 0.18648
 
     H    4    Vxx=   -0.1400    axis=(  0.398224 -0.780546 -0.481835)
     H    4    Vyy=   -0.1537    axis=(  0.205624  0.587875 -0.782382)
     H    4    Vzz=    0.2938    axis=( -0.893944 -0.212486 -0.394605)
     H    4  Q=         1.0000 1e-30 m^2  Cq=         0.6902 MHz  eta= 0.04678
 
     C    5    Vxx=   -0.1523    axis=(  0.635167  0.603762  0.481700)
     C    5    Vyy=   -0.1818    axis=(  0.735082 -0.663985 -0.137037)
     C    5    Vzz=    0.3341    axis=( -0.237103 -0.441130  0.865556)
     C    5  Q=         1.0000 1e-30 m^2  Cq=         0.7849 MHz  eta= 0.08834
 
     H    6    Vxx=   -0.1393    axis=(  0.899677 -0.290193  0.326143)
     H    6    Vyy=   -0.1497    axis=( -0.420289 -0.373719  0.826856)
     H    6    Vzz=    0.2890    axis=(  0.118062  0.880978  0.458191)
     H    6  Q=         1.0000 1e-30 m^2  Cq=         0.6791 MHz  eta= 0.03614
 
     H    7    Vxx=   -0.1410    axis=(  0.748204  0.363849  0.554801)
     H    7    Vyy=   -0.1533    axis=(  0.661600 -0.346450 -0.665024)
     H    7    Vzz=    0.2943    axis=(  0.049757 -0.864631  0.499938)
     H    7  Q=         1.0000 1e-30 m^2  Cq=         0.6915 MHz  eta= 0.04190
 
     C    8    Vxx=   -0.1476    axis=( -0.818731  0.248735 -0.517504)
     C    8    Vyy=   -0.1837    axis=( -0.426636 -0.866730  0.258383)
     C    8    Vzz=    0.3312    axis=( -0.384267  0.432331  0.815738)
     C    8  Q=         1.0000 1e-30 m^2  Cq=         0.7783 MHz  eta= 0.10906
 
     H    9    Vxx=   -0.1393    axis=(  0.432485  0.813779 -0.388228)
     H    9    Vyy=   -0.1527    axis=( -0.350643  0.548486  0.759086)
     H    9    Vzz=    0.2920    axis=( -0.830666  0.192164 -0.522558)
     H    9  Q=         1.0000 1e-30 m^2  Cq=         0.6860 MHz  eta= 0.04571
 
     C   10    Vxx=   -0.1412    axis=( -0.302187  0.762984 -0.571435)
     C   10    Vyy=   -0.1750    axis=( -0.861351 -0.475355 -0.179196)
     C   10    Vzz=    0.3163    axis=( -0.408358  0.438056  0.800844)
     C   10  Q=         1.0000 1e-30 m^2  Cq=         0.7431 MHz  eta= 0.10684
 
     C   11    Vxx=    0.1229    axis=( -0.392736  0.463636  0.794229)
     C   11    Vyy=    0.2649    axis=( -0.761774 -0.647842  0.001495)
     C   11    Vzz=   -0.3878    axis=(  0.515228 -0.604436  0.607616)
     C   11  Q=         1.0000 1e-30 m^2  Cq=        -0.9112 MHz  eta= 0.36619
 
     Cl  12    Vxx=   -1.6267    axis=( -0.386521  0.418084  0.822075)
     Cl  12    Vyy=   -2.0014    axis=( -0.532101  0.626953 -0.569032)
     Cl  12    Vzz=    3.6282    axis=( -0.753306 -0.657371 -0.019868)
     Cl  12  Q=        -8.1650 1e-30 m^2  Cq=       -69.6047 MHz  eta= 0.10328
 
     H   13    Vxx=   -0.1380    axis=(  0.937379 -0.249929  0.242604)
     H   13    Vyy=   -0.1490    axis=( -0.331517 -0.426504  0.841541)
     H   13    Vzz=    0.2870    axis=(  0.106854  0.869270  0.482652)
     H   13  Q=         1.0000 1e-30 m^2  Cq=         0.6744 MHz  eta= 0.03825
 
     C   14    Vxx=   -0.1492    axis=(  0.892255  0.220967  0.393769)
     C   14    Vyy=   -0.1832    axis=(  0.362119 -0.871116 -0.331703)
     C   14    Vzz=    0.3324    axis=( -0.269723 -0.438555  0.857274)
     C   14  Q=         1.0000 1e-30 m^2  Cq=         0.7810 MHz  eta= 0.10226
 
     H   15    Vxx=   -0.1372    axis=( -0.331235  0.906670  0.261213)
     H   15    Vyy=   -0.1580    axis=( -0.297517 -0.363081  0.882981)
     H   15    Vzz=    0.2952    axis=( -0.895414 -0.214759 -0.390015)
     H   15  Q=         1.0000 1e-30 m^2  Cq=         0.6935 MHz  eta= 0.07036
 
     C   16    Vxx=   -0.1150    axis=(  0.198053  0.830526  0.520578)
     C   16    Vyy=   -0.1892    axis=( -0.945680  0.301591 -0.121374)
     C   16    Vzz=    0.3042    axis=( -0.257806 -0.468262  0.845143)
     C   16  Q=         1.0000 1e-30 m^2  Cq=         0.7147 MHz  eta= 0.24378
 
     C   17    Vxx=    0.1319    axis=( -0.185042 -0.500638  0.845648)
     C   17    Vyy=    0.2237    axis=(  0.788131 -0.589625 -0.176611)
     C   17    Vzz=   -0.3556    axis=(  0.587033  0.633801  0.503674)
     C   17  Q=         1.0000 1e-30 m^2  Cq=        -0.8355 MHz  eta= 0.25820
 
     Cl  18    Vxx=   -1.5176    axis=( -0.158322 -0.434133  0.886827)
     Cl  18    Vyy=   -1.9519    axis=( -0.637922 -0.640568 -0.427467)
     Cl  18    Vzz=    3.4696    axis=(  0.753651 -0.633404 -0.175527)
     Cl  18  Q=        -8.1650 1e-30 m^2  Cq=       -66.5617 MHz  eta= 0.12518
 
     H   19    Vxx=   -0.1406    axis=(  0.804038  0.336135  0.490445)
     H   19    Vyy=   -0.1505    axis=(  0.592659 -0.386868 -0.706462)
     H   19    Vzz=    0.2911    axis=(  0.047729 -0.858689  0.510270)
     H   19  Q=         1.0000 1e-30 m^2  Cq=         0.6839 MHz  eta= 0.03405
 
     C   20    Vxx=   -0.1434    axis=( -0.685904  0.418769 -0.595120)
     C   20    Vyy=   -0.1804    axis=( -0.598592 -0.789734  0.134192)
     C   20    Vzz=    0.3238    axis=( -0.413791  0.448277  0.792354)
     C   20  Q=         1.0000 1e-30 m^2  Cq=         0.7609 MHz  eta= 0.11418
 
     H   21    Vxx=   -0.1386    axis=(  0.376626  0.887877 -0.264250)
     H   21    Vyy=   -0.1571    axis=( -0.444217  0.423417  0.789550)
     H   21    Vzz=    0.2957    axis=( -0.812911  0.179981 -0.553880)
     H   21  Q=         1.0000 1e-30 m^2  Cq=         0.6948 MHz  eta= 0.06284
 
     C   22    Vxx=   -0.1440    axis=( -0.130919  0.822506 -0.553483)
     C   22    Vyy=   -0.1908    axis=( -0.901711 -0.330825 -0.278338)
     C   22    Vzz=    0.3348    axis=( -0.412041  0.462642  0.784974)
     C   22  Q=         1.0000 1e-30 m^2  Cq=         0.7867 MHz  eta= 0.13975
 
     C   23    Vxx=    0.0808    axis=( -0.376528  0.482694  0.790717)
     C   23    Vyy=    0.3352    axis=( -0.773895 -0.633060  0.017934)
     C   23    Vzz=   -0.4160    axis=(  0.509228 -0.605179  0.611919)
     C   23  Q=         1.0000 1e-30 m^2  Cq=        -0.9775 MHz  eta= 0.61146
 
     Cl  24    Vxx=   -1.7330    axis=(  0.296979 -0.413788 -0.860571)
     Cl  24    Vyy=   -2.0013    axis=( -0.531605  0.677006 -0.508978)
     Cl  24    Vzz=    3.7343    axis=(  0.793221  0.608640 -0.018915)
     Cl  24  Q=        -8.1650 1e-30 m^2  Cq=       -71.6407 MHz  eta= 0.07183
 
     Initialization:
     gipaw_setup  :      0.19s CPU      0.31s WALL (       1 calls)
 
     Linear response
 
     Apply operators
 
     Induced current
 
     Other routines
     efg          :      0.70s CPU      0.81s WALL (       1 calls)
 
     General routines
     calbec       :      0.06s CPU      0.05s WALL (      16 calls)
     fft          :      0.08s CPU      0.08s WALL (      15 calls)
     ffts         :      0.00s CPU      0.00s WALL (       2 calls)
     fftw         :      0.44s CPU      0.45s WALL (     672 calls)
     davcio       :      0.02s CPU      0.08s WALL (      32 calls)
 
     Parallel routines
     fft_scatter  :      0.34s CPU      0.34s WALL (     689 calls)
 
     Plugins
 
     GIPAW        :      3.78s CPU      4.58s WALL (       1 calls)
