
     Program QE v.6.0 starts on 22May2017 at 13:48:30 

     This program is part of the open-source Quantum ESPRESSO suite
     for quantum simulation of materials; please cite
         "P. Giannozzi et al., J. Phys.:Condens. Matter 21 395502 (2009);
          URL http://www.quantum-espresso.org", 
     in publications or presentations arising from this work. More details at
     http://www.quantum-espresso.org/quote
 
           ARCH :    x86_64
             CC :    icc
            CPP :    cpp
            F90 :    ifort
            F77 :    ifort
         DFLAGS :    -D__INTEL -D__DFTI
      BLAS LIBS :    -lmkl_intel_lp64  -lmkl_sequential -lmkl_core
    LAPACK LIBS :    
       FFT LIBS :    
      MASS LIBS :    

     Parallel version (MPI & OpenMP), running on      32 processor cores
     Number of MPI processes:                32
     Threads/MPI process:                     1
     R & G space division:  proc/nbgrp/npool/nimage =      32
 
     ***** This is GIPAW svn revision unknown      *****
 
     Parallelizing q-star over 1 images

     Reading data from directory:
     ./scratch/scf-1323.save

   Info: using nr1, nr2, nr3 values from input

   Info: using nr1, nr2, nr3 values from input

     IMPORTANT: XC functional enforced from input :
     Exchange-correlation      =  SLA  PW   PBX  PBC ( 1  4  3  4 0 0)
     Any further DFT definition will be discarded
     Please, verify this is what you really want

               file C.pbe-n-kjpaw_psl.1.0.0.UPF: wavefunction(s)  2S 2P renormalized
               file Cl.pbe-n-kjpaw_psl.1.0.0.UPF: wavefunction(s)  3S 3P renormalized
               file H.pbe-kjpaw_psl.1.0.0.UPF: wavefunction(s)  1S renormalized
 
     Parallelization info
     --------------------
     sticks:   dense  smooth     PW     G-vecs:    dense   smooth      PW
     Min         764     305     83                36108     9133    1292
     Max         765     306     84                36110     9135    1293
     Sum       24467    9791   2657              1155489   292295   41363
 

     Subspace diagonalization in iterative solution of the eigenvalue problem:
     a serial algorithm will be used

     GIPAW projectors -----------------------------------------------
     atom=  C    l=0  rc=    1.2000  rs=    0.8000
     atom=  C    l=0  rc=    1.2000  rs=    0.8000
     atom=  C    l=1  rc=    1.4000  rs=    0.9333
     atom=  C    l=1  rc=    1.4000  rs=    0.9333
     projs nearly linearly dependent: l=1  n1,n2= 1, 2  s=  0.99951561
 
     atom=  Cl   l=0  rc=    1.6000  rs=    1.0667
     atom=  Cl   l=0  rc=    1.6000  rs=    1.0667
     atom=  Cl   l=1  rc=    1.6000  rs=    1.0667
     atom=  Cl   l=1  rc=    1.6000  rs=    1.0667
     atom=  Cl   l=2  rc=    1.6000  rs=    1.0667
     atom=  Cl   l=2  rc=    1.6000  rs=    1.0667
     projs nearly linearly dependent: l=2  n1,n2= 1, 2  s=  0.99993509
 
     atom=  H    l=0  rc=    1.0000  rs=    0.6667
     atom=  H    l=0  rc=    1.0000  rs=    0.6667
     projs nearly linearly dependent: l=0  n1,n2= 1, 2  s=  0.99968852
     -----------------------------------------------------------------
 
     GIPAW integrals: -------------------------------------------
     Atom  i/j   nmr_para   nmr_dia   epr_rmc  epr_para   epr_dia
       C   1 1   0.83E+03  0.17E-01  0.93E+01  0.24E+08  0.24E+03
       C   2 1   0.86E+03 -0.61E-01  0.94E+01  0.25E+08  0.25E+03
       C   2 2   0.90E+03 -0.15E+00  0.97E+01  0.26E+08  0.26E+03
       C   3 3   0.33E+01  0.34E+00  0.18E+01  0.55E+03  0.21E+02
       C   4 3   0.35E+01  0.37E+00  0.20E+01  0.59E+03  0.22E+02
       C   4 4   0.38E+01  0.39E+00  0.22E+01  0.63E+03  0.24E+02
       Cl  1 1   0.14E+04 -0.47E+00  0.84E+01  0.32E+09  0.42E+03
       Cl  2 1   0.21E+04 -0.37E+00  0.12E+02  0.49E+09  0.65E+03
       Cl  2 2   0.33E+04 -0.16E+00  0.21E+02  0.76E+09  0.10E+04
       Cl  3 3   0.21E+02  0.79E-01  0.89E+01  0.23E+05  0.13E+03
       Cl  4 3   0.24E+02  0.67E-01  0.99E+01  0.27E+05  0.15E+03
       Cl  4 4   0.28E+02  0.44E-01  0.11E+02  0.32E+05  0.18E+03
       Cl  5 5   0.77E+00  0.19E+00  0.18E+01  0.12E+03  0.22E+02
       Cl  6 5   0.80E+00  0.19E+00  0.19E+01  0.12E+03  0.23E+02
       Cl  6 6   0.83E+00  0.20E+00  0.19E+01  0.12E+03  0.23E+02
       H   1 1   0.39E+02  0.19E+00  0.29E+00  0.78E+05  0.13E+02
       H   2 1   0.41E+02  0.21E+00  0.32E+00  0.82E+05  0.14E+02
       H   2 2   0.43E+02  0.22E+00  0.36E+00  0.86E+05  0.15E+02
     ------------------------------------------------------------
 
     alpha_pv=     34.4220 eV
 
     Number of occupied bands for each k-point:
     k-point:     1    nbnd_occ=  42
     k-point:     2    nbnd_occ=  42
     k-point:     3    nbnd_occ=  42
     k-point:     4    nbnd_occ=  42
     k-point:     5    nbnd_occ=  42
     k-point:     6    nbnd_occ=  42
     k-point:     7    nbnd_occ=  42
     k-point:     8    nbnd_occ=  42
     k-point:     9    nbnd_occ=  42
     k-point:    10    nbnd_occ=  42
     k-point:    11    nbnd_occ=  42
     k-point:    12    nbnd_occ=  42
     k-point:    13    nbnd_occ=  42
     k-point:    14    nbnd_occ=  42
     k-point:    15    nbnd_occ=  42
     k-point:    16    nbnd_occ=  42
 
 
     q-space interpolation up to   110.00 Rydberg
 
     GIPAW job: efg                                                                             
 
 
     ELECTRIC FIELD GRADIENTS TENSORS IN Hartree/bohrradius^2:
 
     ----- bare term -----
     Cl   1        0.035190       -0.008727        0.000010
     Cl   1       -0.008727       -0.050131       -0.009045
     Cl   1        0.000010       -0.009045        0.014941
 
     C    2       -0.352415       -0.108854       -0.126641
     C    2       -0.108854       -0.227384       -0.399609
     C    2       -0.126641       -0.399609        0.579799
 
     C    3       -0.338170        0.117878        0.027720
     C    3        0.117878       -0.279073       -0.473347
     C    3        0.027720       -0.473347        0.617243
 
     H    4       -0.622652       -0.337395       -0.217112
     H    4       -0.337395        0.257799       -0.153817
     H    4       -0.217112       -0.153817        0.364853
 
     C    5       -0.494554        0.082119       -0.005594
     C    5        0.082119       -0.122220       -0.410041
     C    5       -0.005594       -0.410041        0.616774
 
     H    6        0.363264       -0.144539       -0.031776
     H    6       -0.144539       -0.646925       -0.378256
     H    6       -0.031776       -0.378256        0.283661
 
     H    7        0.365168       -0.066253        0.012712
     H    7       -0.066253       -0.498238        0.499947
     H    7        0.012712        0.499947        0.133070
 
     C    8       -0.338500       -0.265905       -0.394282
     C    8       -0.265905       -0.018890        0.398944
     C    8       -0.394282        0.398944        0.357390
 
     H    9       -0.232795        0.275456       -0.526996
     H    9        0.275456        0.263574        0.270645
     H    9       -0.526996        0.270645       -0.030779
 
     C   10       -0.203204       -0.292622       -0.287695
     C   10       -0.292622       -0.142478        0.480515
     C   10       -0.287695        0.480515        0.345682
 
     C   11       -0.136605       -0.123732       -0.283709
     C   11       -0.123732       -0.148180        0.567789
     C   11       -0.283709        0.567789        0.284784
 
     Cl  12       -0.054710       -0.017624       -0.046513
     Cl  12       -0.017624        0.042521       -0.019492
     Cl  12       -0.046513       -0.019492        0.012189
 
     H   13        0.386680       -0.153305       -0.049787
     H   13       -0.153305       -0.595056       -0.459330
     H   13       -0.049787       -0.459330        0.208376
 
     C   14       -0.473301        0.077601       -0.056786
     C   14        0.077601       -0.157098       -0.399531
     C   14       -0.056786       -0.399531        0.630399
 
     H   15       -0.640146       -0.367308       -0.241392
     H   15       -0.367308        0.239969       -0.140317
     H   15       -0.241392       -0.140317        0.400177
 
     C   16       -0.318723        0.124067       -0.035512
     C   16        0.124067       -0.269735       -0.487806
     C   16       -0.035512       -0.487806        0.588458
 
     C   17       -0.272660       -0.132448       -0.120647
     C   17       -0.132448       -0.213863       -0.457643
     C   17       -0.120647       -0.457643        0.486524
 
     Cl  18        0.007418       -0.031456       -0.031948
     Cl  18       -0.031456        0.003443        0.020542
     Cl  18       -0.031948        0.020542       -0.010862
 
     H   19        0.336491       -0.032176       -0.003361
     H   19       -0.032176       -0.545863        0.463724
     H   19       -0.003361        0.463724        0.209372
 
     C   20       -0.401180       -0.238679       -0.383844
     C   20       -0.238679       -0.052201        0.376281
     C   20       -0.383844        0.376281        0.453381
 
     H   21       -0.348175        0.283103       -0.496182
     H   21        0.283103        0.232032        0.248728
     H   21       -0.496182        0.248728        0.116143
 
     C   22       -0.247638       -0.280263       -0.315652
     C   22       -0.280263       -0.195607        0.452591
     C   22       -0.315652        0.452591        0.443245
 
     C   23       -0.050184       -0.034251       -0.381371
     C   23       -0.034251       -0.167119        0.508884
     C   23       -0.381371        0.508884        0.217302
 
     Cl  24       -0.013769        0.061364       -0.050806
     Cl  24        0.061364        0.033791       -0.002305
     Cl  24       -0.050806       -0.002305       -0.020022
 
     ----- ionic term -----
     Cl   1        0.145531       -0.196205       -0.046850
     Cl   1       -0.196205        0.002266        0.025600
     Cl   1       -0.046850        0.025600       -0.147798
 
     C    2        0.358596       -0.024690        0.059782
     C    2       -0.024690        0.176162        0.330959
     C    2        0.059782        0.330959       -0.534758
 
     C    3        0.242041       -0.099249       -0.040753
     C    3       -0.099249        0.230118        0.377995
     C    3       -0.040753        0.377995       -0.472159
 
     H    4        0.843498        0.461862        0.315767
     H    4        0.461862       -0.353587        0.192538
     H    4        0.315767        0.192538       -0.489912
 
     C    5        0.399539       -0.062107       -0.004711
     C    5       -0.062107        0.076939        0.312883
     C    5       -0.004711        0.312883       -0.476479
 
     H    6       -0.500058        0.184136        0.046466
     H    6        0.184136        0.876985        0.523861
     H    6        0.046466        0.523861       -0.376927
 
     H    7       -0.511492        0.108102       -0.034796
     H    7        0.108102        0.687876       -0.688542
     H    7       -0.034796       -0.688542       -0.176385
 
     C    8        0.275429        0.209216        0.313927
     C    8        0.209216       -0.003000       -0.302129
     C    8        0.313927       -0.302129       -0.272429
 
     H    9        0.331759       -0.365944        0.718971
     H    9       -0.365944       -0.364456       -0.353476
     H    9        0.718971       -0.353476        0.032697
 
     C   10        0.144797        0.240145        0.210031
     C   10        0.240145        0.132217       -0.383914
     C   10        0.210031       -0.383914       -0.277014
 
     C   11        0.175191        0.210427        0.205649
     C   11        0.210427        0.120372       -0.455179
     C   11        0.205649       -0.455179       -0.295563
 
     Cl  12        0.178415        0.239801       -0.022233
     Cl  12        0.239801       -0.025746       -0.014652
     Cl  12       -0.022233       -0.014652       -0.152669
 
     H   13       -0.520172        0.190356        0.069233
     H   13        0.190356        0.801736        0.621921
     H   13        0.069233        0.621921       -0.281564
 
     C   14        0.389501       -0.060503        0.040448
     C   14       -0.060503        0.108693        0.303135
     C   14        0.040448        0.303135       -0.498194
 
     H   15        0.864171        0.492189        0.336142
     H   15        0.492189       -0.338725        0.178249
     H   15        0.336142        0.178249       -0.525446
 
     C   16        0.228454       -0.107342        0.018057
     C   16       -0.107342        0.230034        0.389858
     C   16        0.018057        0.389858       -0.458487
 
     C   17        0.283067       -0.018005        0.046842
     C   17       -0.018005        0.167344        0.394330
     C   17        0.046842        0.394330       -0.450411
 
     Cl  18        0.120914       -0.190907       -0.053901
     Cl  18       -0.190907       -0.003689        0.038043
     Cl  18       -0.053901        0.038043       -0.117225
 
     H   19       -0.483823        0.067321       -0.012533
     H   19        0.067321        0.754013       -0.638599
     H   19       -0.012533       -0.638599       -0.270190
 
     C   20        0.325031        0.190450        0.305695
     C   20        0.190450        0.026140       -0.285886
     C   20        0.305695       -0.285886       -0.351171
 
     H   21        0.460074       -0.395725        0.681344
     H   21       -0.395725       -0.325218       -0.335890
     H   21        0.681344       -0.335890       -0.134857
 
     C   22        0.178725        0.226408        0.228677
     C   22        0.226408        0.169997       -0.356825
     C   22        0.228677       -0.356825       -0.348721
 
     C   23        0.128700        0.163468        0.305083
     C   23        0.163468        0.131483       -0.397999
     C   23        0.305083       -0.397999       -0.260183
 
     Cl  24        0.171287        0.178484        0.039930
     Cl  24        0.178484       -0.026551        0.005691
     Cl  24        0.039930        0.005691       -0.144736
 
     ----- GIPAW term -----
     Cl   1        1.904607       -2.149823       -0.515376
     Cl   1       -2.149823       -0.514142        0.166398
     Cl   1       -0.515376        0.166398       -1.390465
 
     C    2        0.039255       -0.143370       -0.063112
     C    2       -0.143370       -0.044875       -0.050794
     C    2       -0.063112       -0.050794        0.005620
 
     C    3       -0.084108        0.010026       -0.012582
     C    3        0.010026       -0.035046       -0.076860
     C    3       -0.012582       -0.076860        0.119154
 
     H    4        0.000000       -0.000000       -0.000000
     H    4       -0.000000        0.000000        0.000000
     H    4       -0.000000        0.000000       -0.000000
 
     C    5       -0.064902        0.014425       -0.008348
     C    5        0.014425       -0.047068       -0.084285
     C    5       -0.008348       -0.084285        0.111969
 
     H    6        0.000000       -0.000000       -0.000000
     H    6       -0.000000        0.000000        0.000000
     H    6       -0.000000        0.000000       -0.000000
 
     H    7        0.000000       -0.000000       -0.000000
     H    7       -0.000000        0.000000        0.000000
     H    7       -0.000000        0.000000       -0.000000
 
     C    8       -0.039378       -0.044225       -0.057756
     C    8       -0.044225       -0.028497        0.084988
     C    8       -0.057756        0.084988        0.067876
 
     H    9        0.000000       -0.000000       -0.000000
     H    9       -0.000000        0.000000        0.000000
     H    9       -0.000000        0.000000       -0.000000
 
     C   10       -0.050051       -0.034717       -0.067669
     C   10       -0.034717       -0.002154        0.079120
     C   10       -0.067669        0.079120        0.052205
 
     C   11        0.059503        0.107663       -0.069828
     C   11        0.107663       -0.022635        0.084340
     C   11       -0.069828        0.084340       -0.036868
 
     Cl  12        1.244610        2.348489       -0.786398
     Cl  12        2.348489        0.204203       -0.363927
     Cl  12       -0.786398       -0.363927       -1.448813
 
     H   13        0.000000       -0.000000       -0.000000
     H   13       -0.000000        0.000000        0.000000
     H   13       -0.000000        0.000000       -0.000000
 
     C   14       -0.054722        0.010324       -0.010638
     C   14        0.010324       -0.050751       -0.082200
     C   14       -0.010638       -0.082200        0.105473
 
     H   15        0.000000       -0.000000       -0.000000
     H   15       -0.000000        0.000000        0.000000
     H   15       -0.000000        0.000000       -0.000000
 
     C   16       -0.079612        0.006387       -0.017652
     C   16        0.006387       -0.025207       -0.079548
     C   16       -0.017652       -0.079548        0.104819
 
     C   17        0.035197       -0.161831       -0.071994
     C   17       -0.161831       -0.040093       -0.038068
     C   17       -0.071994       -0.038068        0.004896
 
     Cl  18        1.338685       -2.360788       -0.929737
     Cl  18       -2.360788       -0.009360        0.617397
     Cl  18       -0.929737        0.617397       -1.329325
 
     H   19        0.000000       -0.000000       -0.000000
     H   19       -0.000000        0.000000        0.000000
     H   19       -0.000000        0.000000       -0.000000
 
     C   20       -0.052069       -0.040579       -0.057156
     C   20       -0.040579       -0.028846        0.076781
     C   20       -0.057156        0.076781        0.080914
 
     H   21        0.000000       -0.000000       -0.000000
     H   21       -0.000000        0.000000        0.000000
     H   21       -0.000000        0.000000       -0.000000
 
     C   22       -0.058436       -0.036268       -0.074774
     C   22       -0.036268       -0.012907        0.081347
     C   22       -0.074774        0.081347        0.071343
 
     C   23        0.095992        0.145576       -0.056776
     C   23        0.145576       -0.030778        0.087989
     C   23       -0.056776        0.087989       -0.065214
 
     Cl  24        1.647150        2.523110       -0.138094
     Cl  24        2.523110        0.075962        0.034452
     Cl  24       -0.138094        0.034452       -1.723112
 
     ----- total EFG -----
     Cl   1        2.085328       -2.354756       -0.562216
     Cl   1       -2.354756       -0.562007        0.182953
     Cl   1       -0.562216        0.182953       -1.523321
 
     C    2        0.045436       -0.276914       -0.129971
     C    2       -0.276914       -0.096097       -0.119445
     C    2       -0.129971       -0.119445        0.050661
 
     C    3       -0.180237        0.028655       -0.025614
     C    3        0.028655       -0.084001       -0.172212
     C    3       -0.025614       -0.172212        0.264238
 
     H    4        0.220846        0.124467        0.098655
     H    4        0.124467       -0.095788        0.038721
     H    4        0.098655        0.038721       -0.125058
 
     C    5       -0.159916        0.034437       -0.018653
     C    5        0.034437       -0.092349       -0.181443
     C    5       -0.018653       -0.181443        0.252265
 
     H    6       -0.136794        0.039598        0.014690
     H    6        0.039598        0.230059        0.145605
     H    6        0.014690        0.145605       -0.093265
 
     H    7       -0.146323        0.041849       -0.022085
     H    7        0.041849        0.189638       -0.188595
     H    7       -0.022085       -0.188595       -0.043314
 
     C    8       -0.102449       -0.100914       -0.138111
     C    8       -0.100914       -0.050388        0.181804
     C    8       -0.138111        0.181804        0.152836
 
     H    9        0.098964       -0.090487        0.191975
     H    9       -0.090487       -0.100882       -0.082831
     H    9        0.191975       -0.082831        0.001918
 
     C   10       -0.108458       -0.087194       -0.145333
     C   10       -0.087194       -0.012415        0.175721
     C   10       -0.145333        0.175721        0.120873
 
     C   11        0.098090        0.194358       -0.147889
     C   11        0.194358       -0.050443        0.196950
     C   11       -0.147889        0.196950       -0.047647
 
     Cl  12        1.368316        2.570666       -0.855144
     Cl  12        2.570666        0.220977       -0.398071
     Cl  12       -0.855144       -0.398071       -1.589293
 
     H   13       -0.133491        0.037052        0.019446
     H   13        0.037052        0.206680        0.162591
     H   13        0.019446        0.162591       -0.073188
 
     C   14       -0.138522        0.027422       -0.026977
     C   14        0.027422       -0.099156       -0.178596
     C   14       -0.026977       -0.178596        0.237678
 
     H   15        0.224026        0.124881        0.094749
     H   15        0.124881       -0.098757        0.037932
     H   15        0.094749        0.037932       -0.125269
 
     C   16       -0.169881        0.023112       -0.035107
     C   16        0.023112       -0.064908       -0.177495
     C   16       -0.035107       -0.177495        0.234789
 
     C   17        0.045604       -0.312284       -0.145799
     C   17       -0.312284       -0.086613       -0.101380
     C   17       -0.145799       -0.101380        0.041008
 
     Cl  18        1.467017       -2.583151       -1.015586
     Cl  18       -2.583151       -0.009606        0.675982
     Cl  18       -1.015586        0.675982       -1.457412
 
     H   19       -0.147332        0.035145       -0.015895
     H   19        0.035145        0.208150       -0.174875
     H   19       -0.015895       -0.174875       -0.060819
 
     C   20       -0.128218       -0.088807       -0.135305
     C   20       -0.088807       -0.054907        0.167176
     C   20       -0.135305        0.167176        0.183125
 
     H   21        0.111899       -0.112622        0.185161
     H   21       -0.112622       -0.093186       -0.087162
     H   21        0.185161       -0.087162       -0.018714
 
     C   22       -0.127349       -0.090122       -0.161748
     C   22       -0.090122       -0.038517        0.177112
     C   22       -0.161748        0.177112        0.165867
 
     C   23        0.174508        0.274793       -0.133063
     C   23        0.274793       -0.066413        0.198874
     C   23       -0.133063        0.198874       -0.108095
 
     Cl  24        1.804668        2.762959       -0.148970
     Cl  24        2.762959        0.083202        0.037838
     Cl  24       -0.148970        0.037838       -1.887870
 
     ----- total EFG (symmetrized) -----
     Cl   1        2.085328       -2.354756       -0.562216
     Cl   1       -2.354756       -0.562007        0.182953
     Cl   1       -0.562216        0.182953       -1.523321
 
     C    2        0.045436       -0.276914       -0.129971
     C    2       -0.276914       -0.096097       -0.119445
     C    2       -0.129971       -0.119445        0.050661
 
     C    3       -0.180237        0.028655       -0.025614
     C    3        0.028655       -0.084001       -0.172212
     C    3       -0.025614       -0.172212        0.264238
 
     H    4        0.220846        0.124467        0.098655
     H    4        0.124467       -0.095788        0.038721
     H    4        0.098655        0.038721       -0.125058
 
     C    5       -0.159916        0.034437       -0.018653
     C    5        0.034437       -0.092349       -0.181443
     C    5       -0.018653       -0.181443        0.252265
 
     H    6       -0.136794        0.039598        0.014690
     H    6        0.039598        0.230059        0.145605
     H    6        0.014690        0.145605       -0.093265
 
     H    7       -0.146323        0.041849       -0.022085
     H    7        0.041849        0.189638       -0.188595
     H    7       -0.022085       -0.188595       -0.043314
 
     C    8       -0.102449       -0.100914       -0.138111
     C    8       -0.100914       -0.050388        0.181804
     C    8       -0.138111        0.181804        0.152836
 
     H    9        0.098964       -0.090487        0.191975
     H    9       -0.090487       -0.100882       -0.082831
     H    9        0.191975       -0.082831        0.001918
 
     C   10       -0.108458       -0.087194       -0.145333
     C   10       -0.087194       -0.012415        0.175721
     C   10       -0.145333        0.175721        0.120873
 
     C   11        0.098090        0.194358       -0.147889
     C   11        0.194358       -0.050443        0.196950
     C   11       -0.147889        0.196950       -0.047647
 
     Cl  12        1.368316        2.570666       -0.855144
     Cl  12        2.570666        0.220977       -0.398071
     Cl  12       -0.855144       -0.398071       -1.589293
 
     H   13       -0.133491        0.037052        0.019446
     H   13        0.037052        0.206680        0.162591
     H   13        0.019446        0.162591       -0.073188
 
     C   14       -0.138522        0.027422       -0.026977
     C   14        0.027422       -0.099156       -0.178596
     C   14       -0.026977       -0.178596        0.237678
 
     H   15        0.224026        0.124881        0.094749
     H   15        0.124881       -0.098757        0.037932
     H   15        0.094749        0.037932       -0.125269
 
     C   16       -0.169881        0.023112       -0.035107
     C   16        0.023112       -0.064908       -0.177495
     C   16       -0.035107       -0.177495        0.234789
 
     C   17        0.045604       -0.312284       -0.145799
     C   17       -0.312284       -0.086613       -0.101380
     C   17       -0.145799       -0.101380        0.041008
 
     Cl  18        1.467017       -2.583151       -1.015586
     Cl  18       -2.583151       -0.009606        0.675982
     Cl  18       -1.015586        0.675982       -1.457412
 
     H   19       -0.147332        0.035145       -0.015895
     H   19        0.035145        0.208150       -0.174875
     H   19       -0.015895       -0.174875       -0.060819
 
     C   20       -0.128218       -0.088807       -0.135305
     C   20       -0.088807       -0.054907        0.167176
     C   20       -0.135305        0.167176        0.183125
 
     H   21        0.111899       -0.112622        0.185161
     H   21       -0.112622       -0.093186       -0.087162
     H   21        0.185161       -0.087162       -0.018714
 
     C   22       -0.127349       -0.090122       -0.161748
     C   22       -0.090122       -0.038517        0.177112
     C   22       -0.161748        0.177112        0.165867
 
     C   23        0.174508        0.274793       -0.133063
     C   23        0.274793       -0.066413        0.198874
     C   23       -0.133063        0.198874       -0.108095
 
     Cl  24        1.804668        2.762959       -0.148970
     Cl  24        2.762959        0.083202        0.037838
     Cl  24       -0.148970        0.037838       -1.887870
 
 
     NQR/NMR SPECTROSCOPIC PARAMETERS:
     Cl   1    Vxx=   -1.5492    axis=( -0.060059 -0.318565  0.945997)
     Cl   1    Vyy=   -1.9798    axis=( -0.508671 -0.805656 -0.303599)
     Cl   1    Vzz=    3.5290    axis=(  0.858864 -0.499435 -0.113658)
     Cl   1  Q=        -8.1650 1e-30 m^2  Cq=       -67.7027 MHz  eta= 0.12201
 
     C    2    Vxx=    0.1157    axis=( -0.081741 -0.406396  0.910033)
     C    2    Vyy=    0.2658    axis=(  0.808964 -0.560391 -0.177593)
     C    2    Vzz=   -0.3815    axis=(  0.582148  0.721667  0.374566)
     C    2  Q=         1.0000 1e-30 m^2  Cq=        -0.8963 MHz  eta= 0.39352
 
     C    3    Vxx=   -0.1469    axis=(  0.423995  0.825637  0.372226)
     C    3    Vyy=   -0.1904    axis=(  0.903202 -0.415768 -0.106601)
     C    3    Vzz=    0.3373    axis=( -0.066745 -0.381393  0.922000)
     C    3  Q=         1.0000 1e-30 m^2  Cq=         0.7926 MHz  eta= 0.12889
 
     H    4    Vxx=   -0.1376    axis=( -0.381419  0.883819  0.270894)
     H    4    Vyy=   -0.1532    axis=( -0.131595 -0.341977  0.930448)
     H    4    Vzz=    0.2909    axis=( -0.914988 -0.319242 -0.246743)
     H    4  Q=         1.0000 1e-30 m^2  Cq=         0.6834 MHz  eta= 0.05366
 
     C    5    Vxx=   -0.1415    axis=(  0.763702  0.571792  0.299689)
     C    5    Vyy=   -0.1907    axis=(  0.642538 -0.718177 -0.267145)
     C    5    Vzz=    0.3321    axis=( -0.062479 -0.396581  0.915871)
     C    5  Q=         1.0000 1e-30 m^2  Cq=         0.7803 MHz  eta= 0.14814
 
     H    6    Vxx=   -0.1409    axis=( -0.993476  0.071014  0.089234)
     H    6    Vyy=   -0.1492    axis=(  0.057581 -0.363054  0.929987)
     H    6    Vzz=    0.2901    axis=( -0.098439 -0.929058 -0.356596)
     H    6  Q=         1.0000 1e-30 m^2  Cq=         0.6817 MHz  eta= 0.02845
 
     H    7    Vxx=   -0.1481    axis=(  0.320136  0.431308  0.843497)
     H    7    Vyy=   -0.1517    axis=(  0.941486 -0.243933 -0.232595)
     H    7    Vzz=    0.2998    axis=(  0.105437  0.868603 -0.484162)
     H    7  Q=         1.0000 1e-30 m^2  Cq=         0.7045 MHz  eta= 0.01194
 
     C    8    Vxx=   -0.1463    axis=( -0.516961  0.604555 -0.606024)
     C    8    Vyy=   -0.1807    axis=( -0.772481 -0.634506  0.025988)
     C    8    Vzz=    0.3270    axis=( -0.368815  0.481576  0.795022)
     C    8  Q=         1.0000 1e-30 m^2  Cq=         0.7684 MHz  eta= 0.10504
 
     H    9    Vxx=   -0.1334    axis=(  0.537583  0.797177 -0.274796)
     H    9    Vyy=   -0.1537    axis=( -0.388670  0.523473  0.758229)
     H    9    Vzz=    0.2870    axis=( -0.748291  0.300806 -0.591250)
     H    9  Q=         1.0000 1e-30 m^2  Cq=         0.6744 MHz  eta= 0.07081
 
     C   10    Vxx=   -0.1315    axis=(  0.197110  0.854172 -0.481183)
     C   10    Vyy=   -0.1790    axis=( -0.906014 -0.028804 -0.422267)
     C   10    Vzz=    0.3105    axis=( -0.374549  0.519192  0.768214)
     C   10  Q=         1.0000 1e-30 m^2  Cq=         0.7295 MHz  eta= 0.15279
 
     C   11    Vxx=    0.1387    axis=( -0.271328  0.546241  0.792466)
     C   11    Vyy=    0.2326    axis=(  0.845613  0.528531 -0.074787)
     C   11    Vzz=   -0.3714    axis=( -0.459694  0.649828 -0.605314)
     C   11  Q=         1.0000 1e-30 m^2  Cq=        -0.8726 MHz  eta= 0.25284
 
     Cl  12    Vxx=   -1.5704    axis=( -0.287751  0.581963  0.760604)
     Cl  12    Vyy=   -2.0205    axis=(  0.565616 -0.537620  0.625334)
     Cl  12    Vzz=    3.5909    axis=( -0.772837 -0.610151  0.174467)
     Cl  12  Q=        -8.1650 1e-30 m^2  Cq=       -68.8894 MHz  eta= 0.12537
 
     H   13    Vxx=   -0.1372    axis=(  0.973907 -0.173890  0.145835)
     H   13    Vyy=   -0.1482    axis=( -0.204094 -0.390033  0.897898)
     H   13    Vzz=    0.2854    axis=(  0.099255  0.904233  0.415345)
     H   13  Q=         1.0000 1e-30 m^2  Cq=         0.6706 MHz  eta= 0.03868
 
     C   14    Vxx=   -0.1361    axis=(  0.937935  0.281701  0.202291)
     C   14    Vyy=   -0.1814    axis=( -0.337932  0.873482  0.350473)
     C   14    Vzz=    0.3175    axis=( -0.077969 -0.397081  0.914465)
     C   14  Q=         1.0000 1e-30 m^2  Cq=         0.7461 MHz  eta= 0.14273
 
     H   15    Vxx=   -0.1391    axis=( -0.390097  0.826802  0.405244)
     H   15    Vyy=   -0.1525    axis=( -0.067994 -0.464778  0.882813)
     H   15    Vzz=    0.2916    axis=( -0.918260 -0.316829 -0.237526)
     H   15  Q=         1.0000 1e-30 m^2  Cq=         0.6852 MHz  eta= 0.04613
 
     C   16    Vxx=   -0.1460    axis=(  0.217903  0.876732  0.428788)
     C   16    Vyy=   -0.1748    axis=(  0.972310 -0.233029 -0.017644)
     C   16    Vzz=    0.3208    axis=( -0.084450 -0.420759  0.903233)
     C   16  Q=         1.0000 1e-30 m^2  Cq=         0.7536 MHz  eta= 0.08982
 
     C   17    Vxx=    0.0958    axis=( -0.052081 -0.415588  0.908061)
     C   17    Vyy=    0.3096    axis=( -0.793001  0.569894  0.215339)
     C   17    Vzz=   -0.4054    axis=( -0.606990 -0.708878 -0.359242)
     C   17  Q=         1.0000 1e-30 m^2  Cq=        -0.9525 MHz  eta= 0.52752
 
     Cl  18    Vxx=   -1.7239    axis=(  0.003958 -0.361653  0.932304)
     Cl  18    Vyy=   -1.9788    axis=( -0.627291 -0.726965 -0.279336)
     Cl  18    Vzz=    3.7028    axis=(  0.778775 -0.583720 -0.229739)
     Cl  18  Q=        -8.1650 1e-30 m^2  Cq=       -71.0360 MHz  eta= 0.06884
 
     H   19    Vxx=   -0.1466    axis=(  0.292154  0.399461  0.868952)
     H   19    Vyy=   -0.1511    axis=(  0.952468 -0.203538 -0.226666)
     H   19    Vzz=    0.2976    axis=(  0.086321  0.893870 -0.439938)
     H   19  Q=         1.0000 1e-30 m^2  Cq=         0.6993 MHz  eta= 0.01514
 
     C   20    Vxx=   -0.1360    axis=( -0.286798  0.793238 -0.537140)
     C   20    Vyy=   -0.1904    axis=( -0.897831 -0.418125 -0.138096)
     C   20    Vzz=    0.3264    axis=( -0.334135  0.442655  0.832112)
     C   20  Q=         1.0000 1e-30 m^2  Cq=         0.7669 MHz  eta= 0.16663
 
     H   21    Vxx=   -0.1414    axis=(  0.560235  0.773709 -0.295823)
     H   21    Vyy=   -0.1537    axis=( -0.320809  0.531926  0.783669)
     H   21    Vzz=    0.2951    axis=( -0.763687  0.344136 -0.546216)
     H   21  Q=         1.0000 1e-30 m^2  Cq=         0.6933 MHz  eta= 0.04157
 
     C   22    Vxx=   -0.1407    axis=(  0.040400  0.874255 -0.483782)
     C   22    Vyy=   -0.2006    axis=( -0.929173 -0.145175 -0.339943)
     C   22    Vzz=    0.3413    axis=( -0.367430  0.463251  0.806470)
     C   22  Q=         1.0000 1e-30 m^2  Cq=         0.8019 MHz  eta= 0.17556
 
     C   23    Vxx=    0.0719    axis=( -0.322783  0.507368  0.798993)
     C   23    Vyy=    0.3541    axis=( -0.838623 -0.544666  0.007075)
     C   23    Vzz=   -0.4261    axis=(  0.438774 -0.667770  0.601299)
     C   23  Q=         1.0000 1e-30 m^2  Cq=        -1.0010 MHz  eta= 0.66226
 
     Cl  24    Vxx=   -1.7972    axis=(  0.352741 -0.502408 -0.789405)
     Cl  24    Vyy=   -2.0423    axis=( -0.476146  0.629869 -0.613637)
     Cl  24    Vzz=    3.8395    axis=(  0.805518  0.592326 -0.017038)
     Cl  24  Q=        -8.1650 1e-30 m^2  Cq=       -73.6593 MHz  eta= 0.06383
 
     Initialization:
     gipaw_setup  :      0.19s CPU      0.31s WALL (       1 calls)
 
     Linear response
 
     Apply operators
 
     Induced current
 
     Other routines
     efg          :      0.60s CPU      0.71s WALL (       1 calls)
 
     General routines
     calbec       :      0.04s CPU      0.06s WALL (      16 calls)
     fft          :      0.04s CPU      0.09s WALL (      15 calls)
     ffts         :      0.00s CPU      0.00s WALL (       2 calls)
     fftw         :      0.34s CPU      0.36s WALL (     672 calls)
     davcio       :      0.02s CPU      0.08s WALL (      32 calls)
 
     Parallel routines
     fft_scatter  :      0.20s CPU      0.24s WALL (     689 calls)
 
     Plugins
 
     GIPAW        :      3.70s CPU      4.53s WALL (       1 calls)
