
     Program QE v.6.0 starts on 20May2017 at 13:21: 0 

     This program is part of the open-source Quantum ESPRESSO suite
     for quantum simulation of materials; please cite
         "P. Giannozzi et al., J. Phys.:Condens. Matter 21 395502 (2009);
          URL http://www.quantum-espresso.org", 
     in publications or presentations arising from this work. More details at
     http://www.quantum-espresso.org/quote
 
           ARCH :    x86_64
             CC :    icc
            CPP :    cpp
            F90 :    ifort
            F77 :    ifort
         DFLAGS :    -D__INTEL -D__DFTI
      BLAS LIBS :    -lmkl_intel_lp64  -lmkl_sequential -lmkl_core
    LAPACK LIBS :    
       FFT LIBS :    
      MASS LIBS :    

     Parallel version (MPI & OpenMP), running on      32 processor cores
     Number of MPI processes:                32
     Threads/MPI process:                     1
     R & G space division:  proc/nbgrp/npool/nimage =      32
 
     ***** This is GIPAW svn revision unknown      *****
 
     Parallelizing q-star over 1 images

     Reading data from directory:
     ./scratch/scf-2109.save

   Info: using nr1, nr2, nr3 values from input

   Info: using nr1, nr2, nr3 values from input

     IMPORTANT: XC functional enforced from input :
     Exchange-correlation      =  SLA  PW   PBX  PBC ( 1  4  3  4 0 0)
     Any further DFT definition will be discarded
     Please, verify this is what you really want

               file C.pbe-n-kjpaw_psl.1.0.0.UPF: wavefunction(s)  2S 2P renormalized
               file Cl.pbe-n-kjpaw_psl.1.0.0.UPF: wavefunction(s)  3S 3P renormalized
               file H.pbe-kjpaw_psl.1.0.0.UPF: wavefunction(s)  1S renormalized
 
     Parallelization info
     --------------------
     sticks:   dense  smooth     PW     G-vecs:    dense   smooth      PW
     Min         764     305     83                36108     9133    1292
     Max         765     306     84                36110     9135    1293
     Sum       24467    9791   2657              1155489   292295   41363
 

     Subspace diagonalization in iterative solution of the eigenvalue problem:
     a serial algorithm will be used

     GIPAW projectors -----------------------------------------------
     atom=  C    l=0  rc=    1.2000  rs=    0.8000
     atom=  C    l=0  rc=    1.2000  rs=    0.8000
     atom=  C    l=1  rc=    1.4000  rs=    0.9333
     atom=  C    l=1  rc=    1.4000  rs=    0.9333
     projs nearly linearly dependent: l=1  n1,n2= 1, 2  s=  0.99951561
 
     atom=  Cl   l=0  rc=    1.6000  rs=    1.0667
     atom=  Cl   l=0  rc=    1.6000  rs=    1.0667
     atom=  Cl   l=1  rc=    1.6000  rs=    1.0667
     atom=  Cl   l=1  rc=    1.6000  rs=    1.0667
     atom=  Cl   l=2  rc=    1.6000  rs=    1.0667
     atom=  Cl   l=2  rc=    1.6000  rs=    1.0667
     projs nearly linearly dependent: l=2  n1,n2= 1, 2  s=  0.99993509
 
     atom=  H    l=0  rc=    1.0000  rs=    0.6667
     atom=  H    l=0  rc=    1.0000  rs=    0.6667
     projs nearly linearly dependent: l=0  n1,n2= 1, 2  s=  0.99968852
     -----------------------------------------------------------------
 
     GIPAW integrals: -------------------------------------------
     Atom  i/j   nmr_para   nmr_dia   epr_rmc  epr_para   epr_dia
       C   1 1   0.83E+03  0.17E-01  0.93E+01  0.24E+08  0.24E+03
       C   2 1   0.86E+03 -0.61E-01  0.94E+01  0.25E+08  0.25E+03
       C   2 2   0.90E+03 -0.15E+00  0.97E+01  0.26E+08  0.26E+03
       C   3 3   0.33E+01  0.34E+00  0.18E+01  0.55E+03  0.21E+02
       C   4 3   0.35E+01  0.37E+00  0.20E+01  0.59E+03  0.22E+02
       C   4 4   0.38E+01  0.39E+00  0.22E+01  0.63E+03  0.24E+02
       Cl  1 1   0.14E+04 -0.47E+00  0.84E+01  0.32E+09  0.42E+03
       Cl  2 1   0.21E+04 -0.37E+00  0.12E+02  0.49E+09  0.65E+03
       Cl  2 2   0.33E+04 -0.16E+00  0.21E+02  0.76E+09  0.10E+04
       Cl  3 3   0.21E+02  0.79E-01  0.89E+01  0.23E+05  0.13E+03
       Cl  4 3   0.24E+02  0.67E-01  0.99E+01  0.27E+05  0.15E+03
       Cl  4 4   0.28E+02  0.44E-01  0.11E+02  0.32E+05  0.18E+03
       Cl  5 5   0.77E+00  0.19E+00  0.18E+01  0.12E+03  0.22E+02
       Cl  6 5   0.80E+00  0.19E+00  0.19E+01  0.12E+03  0.23E+02
       Cl  6 6   0.83E+00  0.20E+00  0.19E+01  0.12E+03  0.23E+02
       H   1 1   0.39E+02  0.19E+00  0.29E+00  0.78E+05  0.13E+02
       H   2 1   0.41E+02  0.21E+00  0.32E+00  0.82E+05  0.14E+02
       H   2 2   0.43E+02  0.22E+00  0.36E+00  0.86E+05  0.15E+02
     ------------------------------------------------------------
 
     alpha_pv=     34.2655 eV
 
     Number of occupied bands for each k-point:
     k-point:     1    nbnd_occ=  42
     k-point:     2    nbnd_occ=  42
     k-point:     3    nbnd_occ=  42
     k-point:     4    nbnd_occ=  42
     k-point:     5    nbnd_occ=  42
     k-point:     6    nbnd_occ=  42
     k-point:     7    nbnd_occ=  42
     k-point:     8    nbnd_occ=  42
     k-point:     9    nbnd_occ=  42
     k-point:    10    nbnd_occ=  42
     k-point:    11    nbnd_occ=  42
     k-point:    12    nbnd_occ=  42
     k-point:    13    nbnd_occ=  42
     k-point:    14    nbnd_occ=  42
     k-point:    15    nbnd_occ=  42
     k-point:    16    nbnd_occ=  42
 
 
     q-space interpolation up to   110.00 Rydberg
 
     GIPAW job: efg                                                                             
 
 
     ELECTRIC FIELD GRADIENTS TENSORS IN Hartree/bohrradius^2:
 
     ----- bare term -----
     Cl   1        0.004091       -0.075149       -0.041085
     Cl   1       -0.075149        0.035120        0.012829
     Cl   1       -0.041085        0.012829       -0.039211
 
     C    2       -0.063532        0.004397       -0.366841
     C    2        0.004397       -0.092626       -0.523754
     C    2       -0.366841       -0.523754        0.156158
 
     C    3       -0.219083        0.303406       -0.288829
     C    3        0.303406       -0.136333       -0.491236
     C    3       -0.288829       -0.491236        0.355416
 
     H    4       -0.381421       -0.219356       -0.529533
     H    4       -0.219356        0.316377       -0.202257
     H    4       -0.529533       -0.202257        0.065045
 
     C    5       -0.358268        0.270200       -0.369904
     C    5        0.270200       -0.018827       -0.403716
     C    5       -0.369904       -0.403716        0.377095
 
     H    6        0.364001       -0.015582       -0.033035
     H    6       -0.015582       -0.439583       -0.540639
     H    6       -0.033035       -0.540639        0.075582
 
     H    7        0.379438       -0.011137       -0.012155
     H    7       -0.011137       -0.400763        0.555805
     H    7       -0.012155        0.555805        0.021325
 
     C    8       -0.299976       -0.313940       -0.383187
     C    8       -0.313940        0.002635        0.403697
     C    8       -0.383187        0.403697        0.297341
 
     H    9       -0.336555        0.194989       -0.539221
     H    9        0.194989        0.325847        0.208923
     H    9       -0.539221        0.208923        0.010708
 
     C   10       -0.171354       -0.352225       -0.282539
     C   10       -0.352225       -0.108617        0.501772
     C   10       -0.282539        0.501772        0.279971
 
     C   11       -0.156663       -0.187375       -0.374423
     C   11       -0.187375       -0.025406        0.533559
     C   11       -0.374423        0.533559        0.182069
 
     Cl  12       -0.027684       -0.021190       -0.036309
     Cl  12       -0.021190        0.018657        0.009493
     Cl  12       -0.036309        0.009493        0.009027
 
     H   13        0.369430       -0.018515       -0.028333
     H   13       -0.018515       -0.486997       -0.513040
     H   13       -0.028333       -0.513040        0.117567
 
     C   14       -0.352730        0.265424       -0.338729
     C   14        0.265424       -0.022762       -0.421517
     C   14       -0.338729       -0.421517        0.375492
 
     H   15       -0.316105       -0.244024       -0.546030
     H   15       -0.244024        0.317540       -0.245069
     H   15       -0.546030       -0.245069       -0.001434
 
     C   16       -0.211085        0.280212       -0.257365
     C   16        0.280212       -0.168122       -0.515022
     C   16       -0.257365       -0.515022        0.379207
 
     C   17       -0.152488        0.164937       -0.354497
     C   17        0.164937       -0.151661       -0.529433
     C   17       -0.354497       -0.529433        0.304149
 
     Cl  18       -0.024128        0.041126       -0.034440
     Cl  18        0.041126        0.007714       -0.001870
     Cl  18       -0.034440       -0.001870        0.016413
 
     H   19        0.370861       -0.012117       -0.014826
     H   19       -0.012117       -0.374845        0.561887
     H   19       -0.014826        0.561887        0.003984
 
     C   20       -0.309168       -0.310853       -0.393263
     C   20       -0.310853        0.007322        0.393174
     C   20       -0.393263        0.393174        0.301847
 
     H   21       -0.317773        0.209370       -0.586868
     H   21        0.209370        0.363341        0.218999
     H   21       -0.586868        0.218999       -0.045568
 
     C   22       -0.167298       -0.349575       -0.313780
     C   22       -0.349575       -0.094953        0.499306
     C   22       -0.313780        0.499306        0.262251
 
     C   23       -0.071332       -0.101431       -0.372781
     C   23       -0.101431       -0.032084        0.530196
     C   23       -0.372781        0.530196        0.103416
 
     Cl  24        0.023099        0.029231       -0.020537
     Cl  24        0.029231        0.009283       -0.004155
     Cl  24       -0.020537       -0.004155       -0.032381
 
     ----- ionic term -----
     Cl   1        0.119273       -0.172833        0.016807
     Cl   1       -0.172833        0.005697        0.000850
     Cl   1        0.016807        0.000850       -0.124970
 
     C    2        0.129753       -0.151362        0.279936
     C    2       -0.151362        0.084474        0.420654
     C    2        0.279936        0.420654       -0.214226
 
     C    3        0.153141       -0.244922        0.207268
     C    3       -0.244922        0.122504        0.392457
     C    3        0.207268        0.392457       -0.275645
 
     H    4        0.516891        0.301901        0.720681
     H    4        0.301901       -0.433022        0.267412
     H    4        0.720681        0.267412       -0.083869
 
     C    5        0.293294       -0.216587        0.293713
     C    5       -0.216587        0.000891        0.306082
     C    5        0.293713        0.306082       -0.294185
 
     H    6       -0.508871        0.002255        0.028001
     H    6        0.002255        0.608043        0.736934
     H    6        0.028001        0.736934       -0.099171
 
     H    7       -0.525530        0.028905        0.003202
     H    7        0.028905        0.548467       -0.763618
     H    7        0.003202       -0.763618       -0.022937
 
     C    8        0.245485        0.243540        0.302532
     C    8        0.243540       -0.014416       -0.302362
     C    8        0.302532       -0.302362       -0.231069
 
     H    9        0.462644       -0.263122        0.738408
     H    9       -0.263122       -0.448954       -0.268557
     H    9        0.738408       -0.268557       -0.013690
 
     C   10        0.119949        0.287099        0.205769
     C   10        0.287099        0.095714       -0.401500
     C   10        0.205769       -0.401500       -0.215663
 
     C   11        0.190368        0.259188        0.285357
     C   11        0.259188        0.023555       -0.421930
     C   11        0.285357       -0.421930       -0.213924
 
     Cl  12        0.168818        0.237930        0.020053
     Cl  12        0.237930       -0.010353       -0.001708
     Cl  12        0.020053       -0.001708       -0.158465
 
     H   13       -0.516175        0.013340        0.026751
     H   13        0.013340        0.671147        0.705902
     H   13        0.026751        0.705902       -0.154972
 
     C   14        0.288736       -0.206694        0.264154
     C   14       -0.206694       -0.000996        0.318197
     C   14        0.264154        0.318197       -0.287740
 
     H   15        0.455323        0.317809        0.733218
     H   15        0.317809       -0.431967        0.302471
     H   15        0.733218        0.302471       -0.023356
 
     C   16        0.149913       -0.229511        0.178541
     C   16       -0.229511        0.149002        0.413583
     C   16        0.178541        0.413583       -0.298915
 
     C   17        0.176253       -0.240367        0.268309
     C   17       -0.240367        0.134053        0.419099
     C   17        0.268309        0.419099       -0.310305
 
     Cl  18        0.134317       -0.259593        0.006014
     Cl  18       -0.259593        0.020874        0.004377
     Cl  18        0.006014        0.004377       -0.155191
 
     H   19       -0.516239        0.032471        0.004075
     H   19        0.032471        0.516346       -0.770272
     H   19        0.004075       -0.770272       -0.000107
 
     C   20        0.251856        0.244548        0.315928
     C   20        0.244548       -0.015733       -0.296014
     C   20        0.315928       -0.296014       -0.236123
 
     H   21        0.446876       -0.279541        0.777978
     H   21       -0.279541       -0.479644       -0.277275
     H   21        0.777978       -0.277275        0.032768
 
     C   22        0.108177        0.284919        0.221548
     C   22        0.284919        0.088445       -0.396312
     C   22        0.221548       -0.396312       -0.196623
 
     C   23        0.129914        0.217089        0.289480
     C   23        0.217089        0.034838       -0.421206
     C   23        0.289480       -0.421206       -0.164752
 
     Cl  24        0.105642        0.206581        0.015002
     Cl  24        0.206581        0.019018        0.011732
     Cl  24        0.015002        0.011732       -0.124661
 
     ----- GIPAW term -----
     Cl   1        1.285821       -2.613561       -0.281018
     Cl   1       -2.613561        0.432088        0.144544
     Cl   1       -0.281018        0.144544       -1.717909
 
     C    2        0.079188       -0.162459       -0.068402
     C    2       -0.162459       -0.002873       -0.078301
     C    2       -0.068402       -0.078301       -0.076315
 
     C    3       -0.057736        0.040022       -0.072578
     C    3        0.040022       -0.002857       -0.081010
     C    3       -0.072578       -0.081010        0.060592
 
     H    4        0.000000       -0.000000       -0.000000
     H    4       -0.000000        0.000000        0.000000
     H    4       -0.000000        0.000000       -0.000000
 
     C    5       -0.043215        0.042159       -0.056391
     C    5        0.042159       -0.022085       -0.083228
     C    5       -0.056391       -0.083228        0.065300
 
     H    6        0.000000       -0.000000       -0.000000
     H    6       -0.000000        0.000000        0.000000
     H    6       -0.000000        0.000000       -0.000000
 
     H    7        0.000000       -0.000000       -0.000000
     H    7       -0.000000        0.000000        0.000000
     H    7       -0.000000        0.000000       -0.000000
 
     C    8       -0.031770       -0.055050       -0.060072
     C    8       -0.055050       -0.017362        0.089211
     C    8       -0.060072        0.089211        0.049132
 
     H    9        0.000000       -0.000000       -0.000000
     H    9       -0.000000        0.000000        0.000000
     H    9       -0.000000        0.000000       -0.000000
 
     C   10       -0.045190       -0.047582       -0.066412
     C   10       -0.047582       -0.003857        0.080984
     C   10       -0.066412        0.080984        0.049047
 
     C   11        0.055737        0.096248       -0.071267
     C   11        0.096248       -0.001336        0.088094
     C   11       -0.071267        0.088094       -0.054401
 
     Cl  12        1.487347        2.292269       -0.204107
     Cl  12        2.292269        0.077146        0.092110
     Cl  12       -0.204107        0.092110       -1.564493
 
     H   13        0.000000       -0.000000       -0.000000
     H   13       -0.000000        0.000000        0.000000
     H   13       -0.000000        0.000000       -0.000000
 
     C   14       -0.038811        0.046354       -0.056055
     C   14        0.046354       -0.028354       -0.090438
     C   14       -0.056055       -0.090438        0.067165
 
     H   15        0.000000       -0.000000       -0.000000
     H   15       -0.000000        0.000000        0.000000
     H   15       -0.000000        0.000000       -0.000000
 
     C   16       -0.053751        0.035452       -0.069992
     C   16        0.035452       -0.009149       -0.083130
     C   16       -0.069992       -0.083130        0.062900
 
     C   17        0.042853       -0.098184       -0.070969
     C   17       -0.098184       -0.009516       -0.088184
     C   17       -0.070969       -0.088184       -0.033337
 
     Cl  18        1.120096       -2.315091       -0.355778
     Cl  18       -2.315091        0.327627        0.017108
     Cl  18       -0.355778        0.017108       -1.447723
 
     H   19        0.000000       -0.000000       -0.000000
     H   19       -0.000000        0.000000        0.000000
     H   19       -0.000000        0.000000       -0.000000
 
     C   20       -0.035794       -0.051970       -0.056243
     C   20       -0.051970       -0.014349        0.084185
     C   20       -0.056243        0.084185        0.050143
 
     H   21        0.000000       -0.000000       -0.000000
     H   21       -0.000000        0.000000        0.000000
     H   21       -0.000000        0.000000       -0.000000
 
     C   22       -0.052284       -0.046205       -0.082011
     C   22       -0.046205        0.002313        0.084898
     C   22       -0.082011        0.084898        0.049971
 
     C   23        0.074257        0.136679       -0.064068
     C   23        0.136679        0.005054        0.085571
     C   23       -0.064068        0.085571       -0.079311
 
     Cl  24        1.331710        2.477273       -0.104440
     Cl  24        2.477273        0.319299        0.082906
     Cl  24       -0.104440        0.082906       -1.651008
 
     ----- total EFG -----
     Cl   1        1.409185       -2.861543       -0.305295
     Cl   1       -2.861543        0.472904        0.158223
     Cl   1       -0.305295        0.158223       -1.882090
 
     C    2        0.145409       -0.309424       -0.155307
     C    2       -0.309424       -0.011025       -0.181400
     C    2       -0.155307       -0.181400       -0.134383
 
     C    3       -0.123677        0.098506       -0.154139
     C    3        0.098506       -0.016686       -0.179788
     C    3       -0.154139       -0.179788        0.140363
 
     H    4        0.135470        0.082545        0.191148
     H    4        0.082545       -0.116645        0.065155
     H    4        0.191148        0.065155       -0.018824
 
     C    5       -0.108190        0.095773       -0.132582
     C    5        0.095773       -0.040021       -0.180863
     C    5       -0.132582       -0.180863        0.148210
 
     H    6       -0.144870       -0.013327       -0.005034
     H    6       -0.013327        0.168459        0.196295
     H    6       -0.005034        0.196295       -0.023589
 
     H    7       -0.146091        0.017769       -0.008953
     H    7        0.017769        0.147704       -0.207813
     H    7       -0.008953       -0.207813       -0.001612
 
     C    8       -0.086260       -0.125450       -0.140727
     C    8       -0.125450       -0.029144        0.190547
     C    8       -0.140727        0.190547        0.115404
 
     H    9        0.126090       -0.068133        0.199187
     H    9       -0.068133       -0.123107       -0.059634
     H    9        0.199187       -0.059634       -0.002982
 
     C   10       -0.096595       -0.112709       -0.143182
     C   10       -0.112709       -0.016760        0.181257
     C   10       -0.143182        0.181257        0.113355
 
     C   11        0.089443        0.168060       -0.160334
     C   11        0.168060       -0.003186        0.199723
     C   11       -0.160334        0.199723       -0.086256
 
     Cl  12        1.628481        2.509009       -0.220363
     Cl  12        2.509009        0.085451        0.099896
     Cl  12       -0.220363        0.099896       -1.713931
 
     H   13       -0.146745       -0.005176       -0.001582
     H   13       -0.005176        0.184150        0.192862
     H   13       -0.001582        0.192862       -0.037405
 
     C   14       -0.102806        0.105085       -0.130630
     C   14        0.105085       -0.052111       -0.193758
     C   14       -0.130630       -0.193758        0.154917
 
     H   15        0.139218        0.073785        0.187188
     H   15        0.073785       -0.114427        0.057403
     H   15        0.187188        0.057403       -0.024790
 
     C   16       -0.114924        0.086153       -0.148815
     C   16        0.086153       -0.028270       -0.184569
     C   16       -0.148815       -0.184569        0.143193
 
     C   17        0.066619       -0.173614       -0.157157
     C   17       -0.173614       -0.027124       -0.198518
     C   17       -0.157157       -0.198518       -0.039494
 
     Cl  18        1.230285       -2.533558       -0.384205
     Cl  18       -2.533558        0.356216        0.019614
     Cl  18       -0.384205        0.019614       -1.586501
 
     H   19       -0.145378        0.020354       -0.010750
     H   19        0.020354        0.141500       -0.208384
     H   19       -0.010750       -0.208384        0.003878
 
     C   20       -0.093106       -0.118275       -0.133577
     C   20       -0.118275       -0.022760        0.181345
     C   20       -0.133577        0.181345        0.115867
 
     H   21        0.129103       -0.070171        0.191109
     H   21       -0.070171       -0.116303       -0.058276
     H   21        0.191109       -0.058276       -0.012800
 
     C   22       -0.111405       -0.110861       -0.174244
     C   22       -0.110861       -0.004195        0.187892
     C   22       -0.174244        0.187892        0.115599
 
     C   23        0.132840        0.252337       -0.147369
     C   23        0.252337        0.007807        0.194562
     C   23       -0.147369        0.194562       -0.140647
 
     Cl  24        1.460451        2.713084       -0.109975
     Cl  24        2.713084        0.347600        0.090483
     Cl  24       -0.109975        0.090483       -1.808050
 
     ----- total EFG (symmetrized) -----
     Cl   1        1.409185       -2.861543       -0.305295
     Cl   1       -2.861543        0.472904        0.158223
     Cl   1       -0.305295        0.158223       -1.882090
 
     C    2        0.145409       -0.309424       -0.155307
     C    2       -0.309424       -0.011025       -0.181400
     C    2       -0.155307       -0.181400       -0.134383
 
     C    3       -0.123677        0.098506       -0.154139
     C    3        0.098506       -0.016686       -0.179788
     C    3       -0.154139       -0.179788        0.140363
 
     H    4        0.135470        0.082545        0.191148
     H    4        0.082545       -0.116645        0.065155
     H    4        0.191148        0.065155       -0.018824
 
     C    5       -0.108190        0.095773       -0.132582
     C    5        0.095773       -0.040021       -0.180863
     C    5       -0.132582       -0.180863        0.148210
 
     H    6       -0.144870       -0.013327       -0.005034
     H    6       -0.013327        0.168459        0.196295
     H    6       -0.005034        0.196295       -0.023589
 
     H    7       -0.146091        0.017769       -0.008953
     H    7        0.017769        0.147704       -0.207813
     H    7       -0.008953       -0.207813       -0.001612
 
     C    8       -0.086260       -0.125450       -0.140727
     C    8       -0.125450       -0.029144        0.190547
     C    8       -0.140727        0.190547        0.115404
 
     H    9        0.126090       -0.068133        0.199187
     H    9       -0.068133       -0.123107       -0.059634
     H    9        0.199187       -0.059634       -0.002982
 
     C   10       -0.096595       -0.112709       -0.143182
     C   10       -0.112709       -0.016760        0.181257
     C   10       -0.143182        0.181257        0.113355
 
     C   11        0.089443        0.168060       -0.160334
     C   11        0.168060       -0.003186        0.199723
     C   11       -0.160334        0.199723       -0.086256
 
     Cl  12        1.628481        2.509009       -0.220363
     Cl  12        2.509009        0.085451        0.099896
     Cl  12       -0.220363        0.099896       -1.713931
 
     H   13       -0.146745       -0.005176       -0.001582
     H   13       -0.005176        0.184150        0.192862
     H   13       -0.001582        0.192862       -0.037405
 
     C   14       -0.102806        0.105085       -0.130630
     C   14        0.105085       -0.052111       -0.193758
     C   14       -0.130630       -0.193758        0.154917
 
     H   15        0.139218        0.073785        0.187188
     H   15        0.073785       -0.114427        0.057403
     H   15        0.187188        0.057403       -0.024790
 
     C   16       -0.114924        0.086153       -0.148815
     C   16        0.086153       -0.028270       -0.184569
     C   16       -0.148815       -0.184569        0.143193
 
     C   17        0.066619       -0.173614       -0.157157
     C   17       -0.173614       -0.027124       -0.198518
     C   17       -0.157157       -0.198518       -0.039494
 
     Cl  18        1.230285       -2.533558       -0.384205
     Cl  18       -2.533558        0.356216        0.019614
     Cl  18       -0.384205        0.019614       -1.586501
 
     H   19       -0.145378        0.020354       -0.010750
     H   19        0.020354        0.141500       -0.208384
     H   19       -0.010750       -0.208384        0.003878
 
     C   20       -0.093106       -0.118275       -0.133577
     C   20       -0.118275       -0.022760        0.181345
     C   20       -0.133577        0.181345        0.115867
 
     H   21        0.129103       -0.070171        0.191109
     H   21       -0.070171       -0.116303       -0.058276
     H   21        0.191109       -0.058276       -0.012800
 
     C   22       -0.111405       -0.110861       -0.174244
     C   22       -0.110861       -0.004195        0.187892
     C   22       -0.174244        0.187892        0.115599
 
     C   23        0.132840        0.252337       -0.147369
     C   23        0.252337        0.007807        0.194562
     C   23       -0.147369        0.194562       -0.140647
 
     Cl  24        1.460451        2.713084       -0.109975
     Cl  24        2.713084        0.347600        0.090483
     Cl  24       -0.109975        0.090483       -1.808050
 
 
     NQR/NMR SPECTROSCOPIC PARAMETERS:
     Cl   1    Vxx=   -1.8480    axis=( -0.333319 -0.466801  0.819143)
     Cl   1    Vyy=   -2.0122    axis=( -0.556223 -0.604157 -0.570622)
     Cl   1    Vzz=    3.8602    axis=( -0.761258  0.645825  0.058268)
     Cl   1  Q=        -8.1650 1e-30 m^2  Cq=       -74.0557 MHz  eta= 0.04252
 
     C    2    Vxx=    0.0523    axis=( -0.358346 -0.502708  0.786685)
     C    2    Vyy=    0.3866    axis=( -0.794604  0.606585  0.025667)
     C    2    Vzz=   -0.4389    axis=( -0.490094 -0.615906 -0.616821)
     C    2  Q=         1.0000 1e-30 m^2  Cq=        -1.0313 MHz  eta= 0.76178
 
     C    3    Vxx=   -0.1343    axis=( -0.026572  0.843159  0.537007)
     C    3    Vyy=   -0.1972    axis=( -0.927507  0.179575 -0.327847)
     C    3    Vzz=    0.3315    axis=( -0.372860 -0.506789  0.777264)
     C    3  Q=         1.0000 1e-30 m^2  Cq=         0.7790 MHz  eta= 0.18983
 
     H    4    Vxx=   -0.1378    axis=(  0.504938 -0.770403 -0.389252)
     H    4    Vyy=   -0.1536    axis=(  0.323266  0.586930 -0.742302)
     H    4    Vzz=    0.2914    axis=( -0.800336 -0.248984 -0.545408)
     H    4  Q=         1.0000 1e-30 m^2  Cq=         0.6847 MHz  eta= 0.05407
 
     C    5    Vxx=   -0.1441    axis=(  0.392760  0.691675  0.606073)
     C    5    Vyy=   -0.1760    axis=( -0.847938  0.527490 -0.052494)
     C    5    Vzz=    0.3201    axis=( -0.356006 -0.493295  0.793675)
     C    5  Q=         1.0000 1e-30 m^2  Cq=         0.7521 MHz  eta= 0.09953
 
     H    6    Vxx=   -0.1429    axis=(  0.753660 -0.327144  0.570064)
     H    6    Vyy=   -0.1485    axis=( -0.656484 -0.416917  0.628656)
     H    6    Vzz=    0.2914    axis=( -0.032009  0.848032  0.528978)
     H    6  Q=         1.0000 1e-30 m^2  Cq=         0.6847 MHz  eta= 0.01928
 
     H    7    Vxx=   -0.1444    axis=(  0.753223  0.350231  0.556770)
     H    7    Vyy=   -0.1503    axis=(  0.656251 -0.457542 -0.599992)
     H    7    Vzz=    0.2947    axis=( -0.044610 -0.817309  0.574471)
     H    7  Q=         1.0000 1e-30 m^2  Cq=         0.6925 MHz  eta= 0.01984
 
     C    8    Vxx=   -0.1437    axis=( -0.565528  0.487276 -0.665387)
     C    8    Vyy=   -0.1873    axis=( -0.715640 -0.690945  0.102246)
     C    8    Vzz=    0.3310    axis=( -0.409924  0.534000  0.739463)
     C    8  Q=         1.0000 1e-30 m^2  Cq=         0.7778 MHz  eta= 0.13151
 
     H    9    Vxx=   -0.1369    axis=(  0.488106  0.788141 -0.374948)
     H    9    Vyy=   -0.1537    axis=( -0.375526  0.577448  0.724937)
     H    9    Vzz=    0.2906    axis=( -0.787866  0.213044 -0.577823)
     H    9  Q=         1.0000 1e-30 m^2  Cq=         0.6828 MHz  eta= 0.05758
 
     C   10    Vxx=   -0.1419    axis=( -0.230253  0.727874 -0.645897)
     C   10    Vyy=   -0.1784    axis=( -0.887054 -0.429913 -0.168254)
     C   10    Vzz=    0.3203    axis=( -0.400147  0.534204  0.744653)
     C   10  Q=         1.0000 1e-30 m^2  Cq=         0.7526 MHz  eta= 0.11372
 
     C   11    Vxx=    0.1480    axis=( -0.353652  0.578273  0.735208)
     C   11    Vyy=    0.2178    axis=(  0.818491  0.571782 -0.056019)
     C   11    Vzz=   -0.3658    axis=( -0.452773  0.581950 -0.675523)
     C   11  Q=         1.0000 1e-30 m^2  Cq=        -0.8594 MHz  eta= 0.19099
 
     Cl  12    Vxx=   -1.5295    axis=( -0.379804  0.543773  0.748372)
     Cl  12    Vyy=   -1.9551    axis=(  0.456346 -0.593569  0.662891)
     Cl  12    Vzz=    3.4846    axis=( -0.804672 -0.593285  0.022709)
     Cl  12  Q=        -8.1650 1e-30 m^2  Cq=       -66.8502 MHz  eta= 0.12213
 
     H   13    Vxx=   -0.1463    axis=(  0.914762 -0.192870  0.354980)
     H   13    Vyy=   -0.1496    axis=( -0.403817 -0.462432  0.789360)
     H   13    Vzz=    0.2958    axis=( -0.011910  0.865424  0.500899)
     H   13  Q=         1.0000 1e-30 m^2  Cq=         0.6951 MHz  eta= 0.01120
 
     C   14    Vxx=   -0.1457    axis=(  0.675690  0.450130  0.583803)
     C   14    Vyy=   -0.1887    axis=( -0.645612  0.743605  0.173887)
     C   14    Vzz=    0.3343    axis=( -0.355847 -0.494404  0.793056)
     C   14  Q=         1.0000 1e-30 m^2  Cq=         0.7855 MHz  eta= 0.12859
 
     H   15    Vxx=   -0.1324    axis=( -0.419606  0.867547  0.267007)
     H   15    Vyy=   -0.1510    axis=( -0.404206 -0.441967  0.800801)
     H   15    Vzz=    0.2834    axis=( -0.812741 -0.228095 -0.536120)
     H   15  Q=         1.0000 1e-30 m^2  Cq=         0.6659 MHz  eta= 0.06530
 
     C   16    Vxx=   -0.1448    axis=( -0.170104  0.867228  0.467954)
     C   16    Vyy=   -0.1829    axis=( -0.916555  0.035173 -0.398358)
     C   16    Vzz=    0.3277    axis=( -0.361927 -0.496668  0.788879)
     C   16  Q=         1.0000 1e-30 m^2  Cq=         0.7699 MHz  eta= 0.11642
 
     C   17    Vxx=    0.1602    axis=( -0.311636 -0.539855  0.781946)
     C   17    Vyy=    0.1998    axis=(  0.819638 -0.569043 -0.066210)
     C   17    Vzz=   -0.3600    axis=(  0.480705  0.620279  0.619820)
     C   17  Q=         1.0000 1e-30 m^2  Cq=        -0.8460 MHz  eta= 0.11013
 
     Cl  18    Vxx=   -1.4440    axis=( -0.327834 -0.470300  0.819355)
     Cl  18    Vyy=   -1.9391    axis=( -0.554098 -0.606731 -0.569959)
     Cl  18    Vzz=    3.3832    axis=( -0.765180  0.640855  0.061685)
     Cl  18  Q=        -8.1650 1e-30 m^2  Cq=       -64.9044 MHz  eta= 0.14634
 
     H   19    Vxx=   -0.1435    axis=( -0.717052 -0.377348 -0.586041)
     H   19    Vyy=   -0.1499    axis=(  0.695085 -0.449708 -0.560909)
     H   19    Vzz=    0.2933    axis=( -0.051889 -0.809550  0.584754)
     H   19  Q=         1.0000 1e-30 m^2  Cq=         0.6892 MHz  eta= 0.02188
 
     C   20    Vxx=   -0.1360    axis=( -0.461517  0.585512 -0.666466)
     C   20    Vyy=   -0.1813    axis=( -0.793368 -0.608564  0.014751)
     C   20    Vzz=    0.3173    axis=( -0.396950  0.535561  0.745389)
     C   20  Q=         1.0000 1e-30 m^2  Cq=         0.7455 MHz  eta= 0.14307
 
     H   21    Vxx=   -0.1326    axis=(  0.445554  0.843309 -0.300518)
     H   21    Vyy=   -0.1501    axis=( -0.405480  0.489366  0.772079)
     H   21    Vzz=    0.2827    axis=( -0.798165  0.222149 -0.559984)
     H   21  Q=         1.0000 1e-30 m^2  Cq=         0.6643 MHz  eta= 0.06188
 
     C   22    Vxx=   -0.1393    axis=(  0.162647  0.844061 -0.510986)
     C   22    Vyy=   -0.2066    axis=( -0.896945 -0.089313 -0.433027)
     C   22    Vzz=    0.3459    axis=( -0.411139  0.528757  0.742550)
     C   22  Q=         1.0000 1e-30 m^2  Cq=         0.8127 MHz  eta= 0.19447
 
     C   23    Vxx=    0.0801    axis=( -0.422376  0.521334  0.741492)
     C   23    Vyy=    0.3303    axis=( -0.784384 -0.620182 -0.010765)
     C   23    Vzz=   -0.4104    axis=(  0.454248 -0.586161  0.670876)
     C   23  Q=         1.0000 1e-30 m^2  Cq=        -0.9643 MHz  eta= 0.60971
 
     Cl  24    Vxx=   -1.6943    axis=( -0.396357  0.492296  0.774949)
     Cl  24    Vyy=   -1.9794    axis=(  0.492277 -0.598528  0.632003)
     Cl  24    Vzz=    3.6737    axis=( -0.774961 -0.631988  0.005116)
     Cl  24  Q=        -8.1650 1e-30 m^2  Cq=       -70.4785 MHz  eta= 0.07760
 
     Initialization:
     gipaw_setup  :      0.18s CPU      0.30s WALL (       1 calls)
 
     Linear response
 
     Apply operators
 
     Induced current
 
     Other routines
     efg          :      0.68s CPU      0.80s WALL (       1 calls)
 
     General routines
     calbec       :      0.05s CPU      0.05s WALL (      16 calls)
     fft          :      0.05s CPU      0.09s WALL (      15 calls)
     ffts         :      0.00s CPU      0.00s WALL (       2 calls)
     fftw         :      0.40s CPU      0.44s WALL (     672 calls)
     davcio       :      0.02s CPU      0.08s WALL (      32 calls)
 
     Parallel routines
     fft_scatter  :      0.30s CPU      0.33s WALL (     689 calls)
 
     Plugins
 
     GIPAW        :      3.84s CPU      4.59s WALL (       1 calls)
