
     Program QE v.6.0 starts on 20May2017 at 13:58:14 

     This program is part of the open-source Quantum ESPRESSO suite
     for quantum simulation of materials; please cite
         "P. Giannozzi et al., J. Phys.:Condens. Matter 21 395502 (2009);
          URL http://www.quantum-espresso.org", 
     in publications or presentations arising from this work. More details at
     http://www.quantum-espresso.org/quote
 
           ARCH :    x86_64
             CC :    icc
            CPP :    cpp
            F90 :    ifort
            F77 :    ifort
         DFLAGS :    -D__INTEL -D__DFTI
      BLAS LIBS :    -lmkl_intel_lp64  -lmkl_sequential -lmkl_core
    LAPACK LIBS :    
       FFT LIBS :    
      MASS LIBS :    

     Parallel version (MPI & OpenMP), running on      32 processor cores
     Number of MPI processes:                32
     Threads/MPI process:                     1
     R & G space division:  proc/nbgrp/npool/nimage =      32
 
     ***** This is GIPAW svn revision unknown      *****
 
     Parallelizing q-star over 1 images

     Reading data from directory:
     ./scratch/scf-946.save

   Info: using nr1, nr2, nr3 values from input

   Info: using nr1, nr2, nr3 values from input

     IMPORTANT: XC functional enforced from input :
     Exchange-correlation      =  SLA  PW   PBX  PBC ( 1  4  3  4 0 0)
     Any further DFT definition will be discarded
     Please, verify this is what you really want

               file C.pbe-n-kjpaw_psl.1.0.0.UPF: wavefunction(s)  2S 2P renormalized
               file Cl.pbe-n-kjpaw_psl.1.0.0.UPF: wavefunction(s)  3S 3P renormalized
               file H.pbe-kjpaw_psl.1.0.0.UPF: wavefunction(s)  1S renormalized
 
     Parallelization info
     --------------------
     sticks:   dense  smooth     PW     G-vecs:    dense   smooth      PW
     Min         764     305     83                36108     9133    1292
     Max         765     306     84                36110     9135    1293
     Sum       24467    9791   2657              1155489   292295   41363
 

     Subspace diagonalization in iterative solution of the eigenvalue problem:
     a serial algorithm will be used

     GIPAW projectors -----------------------------------------------
     atom=  C    l=0  rc=    1.2000  rs=    0.8000
     atom=  C    l=0  rc=    1.2000  rs=    0.8000
     atom=  C    l=1  rc=    1.4000  rs=    0.9333
     atom=  C    l=1  rc=    1.4000  rs=    0.9333
     projs nearly linearly dependent: l=1  n1,n2= 1, 2  s=  0.99951561
 
     atom=  Cl   l=0  rc=    1.6000  rs=    1.0667
     atom=  Cl   l=0  rc=    1.6000  rs=    1.0667
     atom=  Cl   l=1  rc=    1.6000  rs=    1.0667
     atom=  Cl   l=1  rc=    1.6000  rs=    1.0667
     atom=  Cl   l=2  rc=    1.6000  rs=    1.0667
     atom=  Cl   l=2  rc=    1.6000  rs=    1.0667
     projs nearly linearly dependent: l=2  n1,n2= 1, 2  s=  0.99993509
 
     atom=  H    l=0  rc=    1.0000  rs=    0.6667
     atom=  H    l=0  rc=    1.0000  rs=    0.6667
     projs nearly linearly dependent: l=0  n1,n2= 1, 2  s=  0.99968852
     -----------------------------------------------------------------
 
     GIPAW integrals: -------------------------------------------
     Atom  i/j   nmr_para   nmr_dia   epr_rmc  epr_para   epr_dia
       C   1 1   0.83E+03  0.17E-01  0.93E+01  0.24E+08  0.24E+03
       C   2 1   0.86E+03 -0.61E-01  0.94E+01  0.25E+08  0.25E+03
       C   2 2   0.90E+03 -0.15E+00  0.97E+01  0.26E+08  0.26E+03
       C   3 3   0.33E+01  0.34E+00  0.18E+01  0.55E+03  0.21E+02
       C   4 3   0.35E+01  0.37E+00  0.20E+01  0.59E+03  0.22E+02
       C   4 4   0.38E+01  0.39E+00  0.22E+01  0.63E+03  0.24E+02
       Cl  1 1   0.14E+04 -0.47E+00  0.84E+01  0.32E+09  0.42E+03
       Cl  2 1   0.21E+04 -0.37E+00  0.12E+02  0.49E+09  0.65E+03
       Cl  2 2   0.33E+04 -0.16E+00  0.21E+02  0.76E+09  0.10E+04
       Cl  3 3   0.21E+02  0.79E-01  0.89E+01  0.23E+05  0.13E+03
       Cl  4 3   0.24E+02  0.67E-01  0.99E+01  0.27E+05  0.15E+03
       Cl  4 4   0.28E+02  0.44E-01  0.11E+02  0.32E+05  0.18E+03
       Cl  5 5   0.77E+00  0.19E+00  0.18E+01  0.12E+03  0.22E+02
       Cl  6 5   0.80E+00  0.19E+00  0.19E+01  0.12E+03  0.23E+02
       Cl  6 6   0.83E+00  0.20E+00  0.19E+01  0.12E+03  0.23E+02
       H   1 1   0.39E+02  0.19E+00  0.29E+00  0.78E+05  0.13E+02
       H   2 1   0.41E+02  0.21E+00  0.32E+00  0.82E+05  0.14E+02
       H   2 2   0.43E+02  0.22E+00  0.36E+00  0.86E+05  0.15E+02
     ------------------------------------------------------------
 
     alpha_pv=     34.4229 eV
 
     Number of occupied bands for each k-point:
     k-point:     1    nbnd_occ=  42
     k-point:     2    nbnd_occ=  42
     k-point:     3    nbnd_occ=  42
     k-point:     4    nbnd_occ=  42
     k-point:     5    nbnd_occ=  42
     k-point:     6    nbnd_occ=  42
     k-point:     7    nbnd_occ=  42
     k-point:     8    nbnd_occ=  42
     k-point:     9    nbnd_occ=  42
     k-point:    10    nbnd_occ=  42
     k-point:    11    nbnd_occ=  42
     k-point:    12    nbnd_occ=  42
     k-point:    13    nbnd_occ=  42
     k-point:    14    nbnd_occ=  42
     k-point:    15    nbnd_occ=  42
     k-point:    16    nbnd_occ=  42
 
 
     q-space interpolation up to   110.00 Rydberg
 
     GIPAW job: efg                                                                             
 
 
     ELECTRIC FIELD GRADIENTS TENSORS IN Hartree/bohrradius^2:
 
     ----- bare term -----
     Cl   1       -0.007766       -0.040578       -0.015924
     Cl   1       -0.040578        0.026993       -0.018033
     Cl   1       -0.015924       -0.018033       -0.019226
 
     C    2       -0.076868        0.081114       -0.436634
     C    2        0.081114       -0.066271       -0.467800
     C    2       -0.436634       -0.467800        0.143139
 
     C    3       -0.184381        0.324394       -0.261546
     C    3        0.324394       -0.155438       -0.511655
     C    3       -0.261546       -0.511655        0.339819
 
     H    4       -0.415907       -0.136903       -0.533321
     H    4       -0.136903        0.322316       -0.154256
     H    4       -0.533321       -0.154256        0.093591
 
     C    5       -0.324329        0.299600       -0.346261
     C    5        0.299600        0.000970       -0.419948
     C    5       -0.346261       -0.419948        0.323359
 
     H    6        0.369019       -0.093815       -0.069555
     H    6       -0.093815       -0.386538       -0.558937
     H    6       -0.069555       -0.558937        0.017519
 
     H    7        0.375512        0.116057       -0.080515
     H    7        0.116057       -0.424862        0.557370
     H    7       -0.080515        0.557370        0.049351
 
     C    8       -0.362362       -0.244252       -0.280676
     C    8       -0.244252       -0.056835        0.442303
     C    8       -0.280676        0.442303        0.419197
 
     H    9       -0.526731        0.168030       -0.472069
     H    9        0.168030        0.345951        0.162834
     H    9       -0.472069        0.162834        0.180780
 
     C   10       -0.222673       -0.287282       -0.213732
     C   10       -0.287282       -0.162126        0.534663
     C   10       -0.213732        0.534663        0.384799
 
     C   11       -0.257057       -0.091556       -0.346802
     C   11       -0.091556       -0.035980        0.512110
     C   11       -0.346802        0.512110        0.293037
 
     Cl  12       -0.002487        0.007245       -0.019968
     Cl  12        0.007245       -0.005125        0.022728
     Cl  12       -0.019968        0.022728        0.007612
 
     H   13        0.400714       -0.047827       -0.051520
     H   13       -0.047827       -0.345610       -0.577623
     H   13       -0.051520       -0.577623       -0.055104
 
     C   14       -0.260130        0.324930       -0.366245
     C   14        0.324930       -0.019345       -0.407016
     C   14       -0.366245       -0.407016        0.279475
 
     H   15       -0.374572       -0.136234       -0.536565
     H   15       -0.136234        0.394557       -0.164457
     H   15       -0.536565       -0.164457       -0.019986
 
     C   16       -0.142348        0.351712       -0.275593
     C   16        0.351712       -0.109140       -0.519275
     C   16       -0.275593       -0.519275        0.251488
 
     C   17       -0.145328        0.203804       -0.383772
     C   17        0.203804       -0.043284       -0.515533
     C   17       -0.383772       -0.515533        0.188611
 
     Cl  18       -0.007805        0.018583       -0.012768
     Cl  18        0.018583       -0.014135       -0.016766
     Cl  18       -0.012768       -0.016766        0.021940
 
     H   19        0.370000        0.133861       -0.099262
     H   19        0.133861       -0.402981        0.573510
     H   19       -0.099262        0.573510        0.032981
 
     C   20       -0.370560       -0.235294       -0.285693
     C   20       -0.235294       -0.023572        0.450458
     C   20       -0.285693        0.450458        0.394132
 
     H   21       -0.464603        0.182963       -0.469039
     H   21        0.182963        0.323722        0.167814
     H   21       -0.469039        0.167814        0.140881
 
     C   22       -0.221720       -0.267352       -0.213032
     C   22       -0.267352       -0.152321        0.537278
     C   22       -0.213032        0.537278        0.374041
 
     C   23       -0.160670        0.027834       -0.345494
     C   23        0.027834       -0.058530        0.501037
     C   23       -0.345494        0.501037        0.219200
 
     Cl  24        0.035529        0.044478       -0.019628
     Cl  24        0.044478        0.012328       -0.010193
     Cl  24       -0.019628       -0.010193       -0.047857
 
     ----- ionic term -----
     Cl   1        0.106229       -0.200022        0.036862
     Cl   1       -0.200022        0.033870       -0.012765
     Cl   1        0.036862       -0.012765       -0.140100
 
     C    2        0.117628       -0.200933        0.341917
     C    2       -0.200933        0.084303        0.367640
     C    2        0.341917        0.367640       -0.201931
 
     C    3        0.131527       -0.258831        0.187265
     C    3       -0.258831        0.128328        0.414111
     C    3        0.187265        0.414111       -0.259855
 
     H    4        0.573345        0.184952        0.732351
     H    4        0.184952       -0.462208        0.194383
     H    4        0.732351        0.194383       -0.111137
 
     C    5        0.269258       -0.235331        0.267938
     C    5       -0.235331       -0.017409        0.317366
     C    5        0.267938        0.317366       -0.251849
 
     H    6       -0.509343        0.109078        0.085892
     H    6        0.109078        0.534850        0.761079
     H    6        0.085892        0.761079       -0.025507
 
     H    7       -0.511295       -0.148726        0.107576
     H    7       -0.148726        0.572164       -0.757512
     H    7        0.107576       -0.757512       -0.060869
 
     C    8        0.297437        0.192946        0.218774
     C    8        0.192946        0.029816       -0.329854
     C    8        0.218774       -0.329854       -0.327252
 
     H    9        0.717495       -0.234038        0.643480
     H    9       -0.234038       -0.474126       -0.203615
     H    9        0.643480       -0.203615       -0.243369
 
     C   10        0.157992        0.235384        0.153141
     C   10        0.235384        0.140009       -0.429091
     C   10        0.153141       -0.429091       -0.298001
 
     C   11        0.265873        0.187972        0.250935
     C   11        0.187972        0.034779       -0.415714
     C   11        0.250935       -0.415714       -0.300652
 
     Cl  12        0.146515        0.211230       -0.013103
     Cl  12        0.211230        0.005990       -0.027922
     Cl  12       -0.013103       -0.027922       -0.152506
 
     H   13       -0.541095        0.057361        0.064752
     H   13        0.057361        0.467318        0.788892
     H   13        0.064752        0.788892        0.073777
 
     C   14        0.217027       -0.253940        0.288399
     C   14       -0.253940        0.001338        0.304028
     C   14        0.288399        0.304028       -0.218366
 
     H   15        0.526041        0.180716        0.735877
     H   15        0.180716       -0.524098        0.203707
     H   15        0.735877        0.203707       -0.001944
 
     C   16        0.091769       -0.285711        0.194592
     C   16       -0.285711        0.098408        0.418748
     C   16        0.194592        0.418748       -0.190176
 
     C   17        0.158681       -0.276646        0.290341
     C   17       -0.276646        0.054841        0.412863
     C   17        0.290341        0.412863       -0.213523
 
     Cl  18        0.092732       -0.239270       -0.001922
     Cl  18       -0.239270        0.070695        0.007867
     Cl  18       -0.001922        0.007867       -0.163428
 
     H   19       -0.503954       -0.164716        0.124422
     H   19       -0.164716        0.549259       -0.769905
     H   19        0.124422       -0.769905       -0.045305
 
     C   20        0.308027        0.188116        0.223819
     C   20        0.188116        0.001533       -0.340012
     C   20        0.223819       -0.340012       -0.309560
 
     H   21        0.658012       -0.239406        0.646966
     H   21       -0.239406       -0.456907       -0.204785
     H   21        0.646966       -0.204785       -0.201105
 
     C   22        0.151261        0.217210        0.148257
     C   22        0.217210        0.135135       -0.432037
     C   22        0.148257       -0.432037       -0.286397
 
     C   23        0.197144        0.120399        0.243268
     C   23        0.120399        0.064945       -0.415247
     C   23        0.243268       -0.415247       -0.262089
 
     Cl  24        0.094241        0.194690       -0.020778
     Cl  24        0.194690        0.013572       -0.017492
     Cl  24       -0.020778       -0.017492       -0.107812
 
     ----- GIPAW term -----
     Cl   1        1.039279       -2.553134        0.208788
     Cl   1       -2.553134        0.619497       -0.343478
     Cl   1        0.208788       -0.343478       -1.658776
 
     C    2        0.052562       -0.140005       -0.069276
     C    2       -0.140005        0.027862       -0.082088
     C    2       -0.069276       -0.082088       -0.080424
 
     C    3       -0.048079        0.049010       -0.066155
     C    3        0.049010       -0.013526       -0.077255
     C    3       -0.066155       -0.077255        0.061605
 
     H    4        0.000000       -0.000000       -0.000000
     H    4       -0.000000        0.000000        0.000000
     H    4       -0.000000        0.000000       -0.000000
 
     C    5       -0.032729        0.051730       -0.061086
     C    5        0.051730       -0.019848       -0.087689
     C    5       -0.061086       -0.087689        0.052577
 
     H    6        0.000000       -0.000000       -0.000000
     H    6       -0.000000        0.000000        0.000000
     H    6       -0.000000        0.000000       -0.000000
 
     H    7        0.000000       -0.000000       -0.000000
     H    7       -0.000000        0.000000        0.000000
     H    7       -0.000000        0.000000       -0.000000
 
     C    8       -0.041378       -0.036837       -0.048160
     C    8       -0.036837       -0.028875        0.098796
     C    8       -0.048160        0.098796        0.070253
 
     H    9        0.000000       -0.000000       -0.000000
     H    9       -0.000000        0.000000        0.000000
     H    9       -0.000000        0.000000       -0.000000
 
     C   10       -0.058190       -0.037978       -0.052712
     C   10       -0.037978       -0.010351        0.084926
     C   10       -0.052712        0.084926        0.068541
 
     C   11        0.034331        0.117353       -0.080494
     C   11        0.117353       -0.001000        0.072352
     C   11       -0.080494        0.072352       -0.033332
 
     Cl  12        1.545118        2.301167       -0.367075
     Cl  12        2.301167       -0.025694       -0.046913
     Cl  12       -0.367075       -0.046913       -1.519424
 
     H   13        0.000000       -0.000000       -0.000000
     H   13       -0.000000        0.000000        0.000000
     H   13       -0.000000        0.000000       -0.000000
 
     C   14       -0.023890        0.052746       -0.059298
     C   14        0.052746       -0.021783       -0.090733
     C   14       -0.059298       -0.090733        0.045673
 
     H   15        0.000000       -0.000000       -0.000000
     H   15       -0.000000        0.000000        0.000000
     H   15       -0.000000        0.000000       -0.000000
 
     C   16       -0.045714        0.048774       -0.072682
     C   16        0.048774       -0.002336       -0.079990
     C   16       -0.072682       -0.079990        0.048051
 
     C   17        0.028084       -0.098537       -0.074319
     C   17       -0.098537        0.017778       -0.080545
     C   17       -0.074319       -0.080545       -0.045862
 
     Cl  18        0.879902       -2.321380       -0.190669
     Cl  18       -2.321380        0.611279       -0.101081
     Cl  18       -0.190669       -0.101081       -1.491181
 
     H   19        0.000000       -0.000000       -0.000000
     H   19       -0.000000        0.000000        0.000000
     H   19       -0.000000        0.000000       -0.000000
 
     C   20       -0.038963       -0.034919       -0.046818
     C   20       -0.034919       -0.025365        0.095347
     C   20       -0.046818        0.095347        0.064328
 
     H   21        0.000000       -0.000000       -0.000000
     H   21       -0.000000        0.000000        0.000000
     H   21       -0.000000        0.000000       -0.000000
 
     C   22       -0.064712       -0.035132       -0.059191
     C   22       -0.035132       -0.005361        0.084629
     C   22       -0.059191        0.084629        0.070073
 
     C   23        0.054172        0.161911       -0.087647
     C   23        0.161911        0.011307        0.061052
     C   23       -0.087647        0.061052       -0.065479
 
     Cl  24        1.347023        2.530435       -0.457165
     Cl  24        2.530435        0.275774       -0.287125
     Cl  24       -0.457165       -0.287125       -1.622797
 
     ----- total EFG -----
     Cl   1        1.137742       -2.793734        0.229726
     Cl   1       -2.793734        0.680360       -0.374276
     Cl   1        0.229726       -0.374276       -1.818102
 
     C    2        0.093323       -0.259824       -0.163993
     C    2       -0.259824        0.045894       -0.182248
     C    2       -0.163993       -0.182248       -0.139217
 
     C    3       -0.100933        0.114574       -0.140436
     C    3        0.114574       -0.040636       -0.174799
     C    3       -0.140436       -0.174799        0.141569
 
     H    4        0.157438        0.048049        0.199030
     H    4        0.048049       -0.139892        0.040127
     H    4        0.199030        0.040127       -0.017546
 
     C    5       -0.087800        0.116000       -0.139409
     C    5        0.116000       -0.036287       -0.190271
     C    5       -0.139409       -0.190271        0.124087
 
     H    6       -0.140324        0.015263        0.016337
     H    6        0.015263        0.148312        0.202143
     H    6        0.016337        0.202143       -0.007988
 
     H    7       -0.135783       -0.032669        0.027061
     H    7       -0.032669        0.147302       -0.200142
     H    7        0.027061       -0.200142       -0.011519
 
     C    8       -0.106303       -0.088144       -0.110062
     C    8       -0.088144       -0.055894        0.211245
     C    8       -0.110062        0.211245        0.162197
 
     H    9        0.190764       -0.066008        0.171411
     H    9       -0.066008       -0.128175       -0.040781
     H    9        0.171411       -0.040781       -0.062589
 
     C   10       -0.122871       -0.089876       -0.113303
     C   10       -0.089876       -0.032468        0.190498
     C   10       -0.113303        0.190498        0.155339
 
     C   11        0.043148        0.213769       -0.176361
     C   11        0.213769       -0.002201        0.168748
     C   11       -0.176361        0.168748       -0.040947
 
     Cl  12        1.689146        2.519642       -0.400145
     Cl  12        2.519642       -0.024829       -0.052107
     Cl  12       -0.400145       -0.052107       -1.664317
 
     H   13       -0.140381        0.009534        0.013232
     H   13        0.009534        0.121708        0.211269
     H   13        0.013232        0.211269        0.018673
 
     C   14       -0.066993        0.123736       -0.137145
     C   14        0.123736       -0.039790       -0.193721
     C   14       -0.137145       -0.193721        0.106782
 
     H   15        0.151470        0.044481        0.199312
     H   15        0.044481       -0.129541        0.039250
     H   15        0.199312        0.039250       -0.021929
 
     C   16       -0.096294        0.114775       -0.153682
     C   16        0.114775       -0.013069       -0.180517
     C   16       -0.153682       -0.180517        0.109362
 
     C   17        0.041438       -0.171379       -0.167750
     C   17       -0.171379        0.029336       -0.183215
     C   17       -0.167750       -0.183215       -0.070773
 
     Cl  18        0.964829       -2.542068       -0.205358
     Cl  18       -2.542068        0.667840       -0.109980
     Cl  18       -0.205358       -0.109980       -1.632669
 
     H   19       -0.133953       -0.030854        0.025160
     H   19       -0.030854        0.146278       -0.196395
     H   19        0.025160       -0.196395       -0.012324
 
     C   20       -0.101496       -0.082097       -0.108691
     C   20       -0.082097       -0.047404        0.205793
     C   20       -0.108691        0.205793        0.148900
 
     H   21        0.193409       -0.056442        0.177927
     H   21       -0.056442       -0.133185       -0.036971
     H   21        0.177927       -0.036971       -0.060224
 
     C   22       -0.135171       -0.085274       -0.123967
     C   22       -0.085274       -0.022546        0.189870
     C   22       -0.123967        0.189870        0.157717
 
     C   23        0.090646        0.310144       -0.189872
     C   23        0.310144        0.017722        0.146842
     C   23       -0.189872        0.146842       -0.108368
 
     Cl  24        1.476793        2.769604       -0.497571
     Cl  24        2.769604        0.301673       -0.314810
     Cl  24       -0.497571       -0.314810       -1.778466
 
     ----- total EFG (symmetrized) -----
     Cl   1        1.137742       -2.793734        0.229726
     Cl   1       -2.793734        0.680360       -0.374276
     Cl   1        0.229726       -0.374276       -1.818102
 
     C    2        0.093323       -0.259824       -0.163993
     C    2       -0.259824        0.045894       -0.182248
     C    2       -0.163993       -0.182248       -0.139217
 
     C    3       -0.100933        0.114574       -0.140436
     C    3        0.114574       -0.040636       -0.174799
     C    3       -0.140436       -0.174799        0.141569
 
     H    4        0.157438        0.048049        0.199030
     H    4        0.048049       -0.139892        0.040127
     H    4        0.199030        0.040127       -0.017546
 
     C    5       -0.087800        0.116000       -0.139409
     C    5        0.116000       -0.036287       -0.190271
     C    5       -0.139409       -0.190271        0.124087
 
     H    6       -0.140324        0.015263        0.016337
     H    6        0.015263        0.148312        0.202143
     H    6        0.016337        0.202143       -0.007988
 
     H    7       -0.135783       -0.032669        0.027061
     H    7       -0.032669        0.147302       -0.200142
     H    7        0.027061       -0.200142       -0.011519
 
     C    8       -0.106303       -0.088144       -0.110062
     C    8       -0.088144       -0.055894        0.211245
     C    8       -0.110062        0.211245        0.162197
 
     H    9        0.190764       -0.066008        0.171411
     H    9       -0.066008       -0.128175       -0.040781
     H    9        0.171411       -0.040781       -0.062589
 
     C   10       -0.122871       -0.089876       -0.113303
     C   10       -0.089876       -0.032468        0.190498
     C   10       -0.113303        0.190498        0.155339
 
     C   11        0.043148        0.213769       -0.176361
     C   11        0.213769       -0.002201        0.168748
     C   11       -0.176361        0.168748       -0.040947
 
     Cl  12        1.689146        2.519642       -0.400145
     Cl  12        2.519642       -0.024829       -0.052107
     Cl  12       -0.400145       -0.052107       -1.664317
 
     H   13       -0.140381        0.009534        0.013232
     H   13        0.009534        0.121708        0.211269
     H   13        0.013232        0.211269        0.018673
 
     C   14       -0.066993        0.123736       -0.137145
     C   14        0.123736       -0.039790       -0.193721
     C   14       -0.137145       -0.193721        0.106782
 
     H   15        0.151470        0.044481        0.199312
     H   15        0.044481       -0.129541        0.039250
     H   15        0.199312        0.039250       -0.021929
 
     C   16       -0.096294        0.114775       -0.153682
     C   16        0.114775       -0.013069       -0.180517
     C   16       -0.153682       -0.180517        0.109362
 
     C   17        0.041438       -0.171379       -0.167750
     C   17       -0.171379        0.029336       -0.183215
     C   17       -0.167750       -0.183215       -0.070773
 
     Cl  18        0.964829       -2.542068       -0.205358
     Cl  18       -2.542068        0.667840       -0.109980
     Cl  18       -0.205358       -0.109980       -1.632669
 
     H   19       -0.133953       -0.030854        0.025160
     H   19       -0.030854        0.146278       -0.196395
     H   19        0.025160       -0.196395       -0.012324
 
     C   20       -0.101496       -0.082097       -0.108691
     C   20       -0.082097       -0.047404        0.205793
     C   20       -0.108691        0.205793        0.148900
 
     H   21        0.193409       -0.056442        0.177927
     H   21       -0.056442       -0.133185       -0.036971
     H   21        0.177927       -0.036971       -0.060224
 
     C   22       -0.135171       -0.085274       -0.123967
     C   22       -0.085274       -0.022546        0.189870
     C   22       -0.123967        0.189870        0.157717
 
     C   23        0.090646        0.310144       -0.189872
     C   23        0.310144        0.017722        0.146842
     C   23       -0.189872        0.146842       -0.108368
 
     Cl  24        1.476793        2.769604       -0.497571
     Cl  24        2.769604        0.301673       -0.314810
     Cl  24       -0.497571       -0.314810       -1.778466
 
 
     NQR/NMR SPECTROSCOPIC PARAMETERS:
     Cl   1    Vxx=   -1.7509    axis=( -0.477265 -0.430483  0.766096)
     Cl   1    Vyy=   -1.9933    axis=(  0.485931  0.597090  0.638243)
     Cl   1    Vzz=    3.7442    axis=(  0.732181 -0.676880  0.075785)
     Cl   1  Q=        -8.1650 1e-30 m^2  Cq=       -71.8315 MHz  eta= 0.06475
 
     C    2    Vxx=    0.0813    axis=( -0.454726 -0.490348  0.743493)
     C    2    Vyy=    0.3305    axis=( -0.736963  0.675915 -0.004954)
     C    2    Vzz=   -0.4118    axis=( -0.500109 -0.550180 -0.668725)
     C    2  Q=         1.0000 1e-30 m^2  Cq=        -0.9676 MHz  eta= 0.60525
 
     C    3    Vxx=   -0.1343    axis=(  0.432624  0.645557  0.629358)
     C    3    Vyy=   -0.1894    axis=( -0.812707  0.581448 -0.037756)
     C    3    Vzz=    0.3237    axis=( -0.390313 -0.495150  0.776198)
     C    3  Q=         1.0000 1e-30 m^2  Cq=         0.7606 MHz  eta= 0.17041
 
     H    4    Vxx=   -0.1408    axis=(  0.484439 -0.668207 -0.564640)
     H    4    Vyy=   -0.1554    axis=(  0.283192  0.730460 -0.621475)
     H    4    Vzz=    0.2962    axis=( -0.827721 -0.141165 -0.543094)
     H    4  Q=         1.0000 1e-30 m^2  Cq=         0.6960 MHz  eta= 0.04924
 
     C    5    Vxx=   -0.1463    axis=(  0.614627  0.460124  0.640717)
     C    5    Vyy=   -0.1823    axis=( -0.681091  0.719307  0.136794)
     C    5    Vzz=    0.3286    axis=( -0.397931 -0.520464  0.755492)
     C    5  Q=         1.0000 1e-30 m^2  Cq=         0.7721 MHz  eta= 0.10962
 
     H    6    Vxx=   -0.1385    axis=(  0.855647 -0.327794  0.400524)
     H    6    Vyy=   -0.1495    axis=( -0.515052 -0.463189  0.721234)
     H    6    Vzz=    0.2880    axis=(  0.050898  0.823412  0.565157)
     H    6  Q=         1.0000 1e-30 m^2  Cq=         0.6767 MHz  eta= 0.03802
 
     H    7    Vxx=   -0.1382    axis=( -0.911770 -0.300522 -0.279931)
     H    7    Vyy=   -0.1492    axis=( -0.398516  0.482584  0.779935)
     H    7    Vzz=    0.2874    axis=(  0.099298 -0.822678  0.559768)
     H    7  Q=         1.0000 1e-30 m^2  Cq=         0.6753 MHz  eta= 0.03807
 
     C    8    Vxx=   -0.1434    axis=( -0.878568  0.181471 -0.441799)
     C    8    Vyy=   -0.1918    axis=( -0.369757 -0.843936  0.388653)
     C    8    Vzz=    0.3352    axis=( -0.302321  0.504817  0.808555)
     C    8  Q=         1.0000 1e-30 m^2  Cq=         0.7877 MHz  eta= 0.14424
 
     H    9    Vxx=   -0.1384    axis=(  0.375028  0.837397 -0.397642)
     H    9    Vyy=   -0.1531    axis=( -0.300897  0.515686  0.802203)
     H    9    Vzz=    0.2915    axis=( -0.876821  0.181200 -0.445367)
     H    9  Q=         1.0000 1e-30 m^2  Cq=         0.6848 MHz  eta= 0.05053
 
     C   10    Vxx=   -0.1420    axis=( -0.469367  0.651409 -0.596122)
     C   10    Vyy=   -0.1784    axis=( -0.827300 -0.560404  0.039012)
     C   10    Vzz=    0.3204    axis=( -0.308656  0.511482  0.801946)
     C   10  Q=         1.0000 1e-30 m^2  Cq=         0.7529 MHz  eta= 0.11350
 
     C   11    Vxx=    0.1353    axis=( -0.284909  0.533909  0.796096)
     C   11    Vyy=    0.2378    axis=(  0.783475  0.608202 -0.127504)
     C   11    Vzz=   -0.3731    axis=( -0.552263  0.587394 -0.591586)
     C   11  Q=         1.0000 1e-30 m^2  Cq=        -0.8767 MHz  eta= 0.27457
 
     Cl  12    Vxx=   -1.5563    axis=( -0.285916  0.498263  0.818527)
     Cl  12    Vyy=   -1.9617    axis=(  0.507985 -0.645474  0.570363)
     Cl  12    Vzz=    3.5180    axis=( -0.812529 -0.578875  0.068559)
     Cl  12  Q=        -8.1650 1e-30 m^2  Cq=       -67.4910 MHz  eta= 0.11526
 
     H   13    Vxx=   -0.1386    axis=(  0.886316 -0.310959  0.343144)
     H   13    Vyy=   -0.1496    axis=( -0.461636 -0.534831  0.707706)
     H   13    Vzz=    0.2882    axis=(  0.036544  0.785659  0.617580)
     H   13  Q=         1.0000 1e-30 m^2  Cq=         0.6772 MHz  eta= 0.03822
 
     C   14    Vxx=   -0.1390    axis=(  0.765515  0.223466  0.603365)
     C   14    Vyy=   -0.1872    axis=( -0.484651  0.817062  0.312286)
     C   14    Vzz=    0.3262    axis=( -0.423202 -0.531481  0.733777)
     C   14  Q=         1.0000 1e-30 m^2  Cq=         0.7664 MHz  eta= 0.14795
 
     H   15    Vxx=   -0.1340    axis=( -0.331388  0.903111  0.273080)
     H   15    Vyy=   -0.1563    axis=( -0.454493 -0.406441  0.792617)
     H   15    Vzz=    0.2903    axis=( -0.826812 -0.138551 -0.545148)
     H   15  Q=         1.0000 1e-30 m^2  Cq=         0.6822 MHz  eta= 0.07698
 
     C   16    Vxx=   -0.1422    axis=(  0.073763  0.788347  0.610792)
     C   16    Vyy=   -0.1837    axis=( -0.907463  0.307068 -0.286740)
     C   16    Vzz=    0.3259    axis=( -0.413605 -0.533121  0.738047)
     C   16  Q=         1.0000 1e-30 m^2  Cq=         0.7657 MHz  eta= 0.12735
 
     C   17    Vxx=    0.1466    axis=( -0.515416 -0.416638  0.748838)
     C   17    Vyy=    0.2073    axis=(  0.683760 -0.726688  0.066309)
     C   17    Vzz=   -0.3539    axis=(  0.516545  0.546202  0.659427)
     C   17  Q=         1.0000 1e-30 m^2  Cq=        -0.8316 MHz  eta= 0.17146
 
     Cl  18    Vxx=   -1.4558    axis=( -0.421750 -0.464514  0.778687)
     Cl  18    Vyy=   -1.9080    axis=( -0.540781 -0.560473 -0.627237)
     Cl  18    Vzz=    3.3638    axis=( -0.727793  0.685636  0.014821)
     Cl  18  Q=        -8.1650 1e-30 m^2  Cq=       -64.5334 MHz  eta= 0.13442
 
     H   19    Vxx=   -0.1362    axis=( -0.918720 -0.288103 -0.270095)
     H   19    Vyy=   -0.1463    axis=( -0.383370  0.486519  0.785065)
     H   19    Vzz=    0.2826    axis=(  0.094773 -0.824801  0.557424)
     H   19  Q=         1.0000 1e-30 m^2  Cq=         0.6639 MHz  eta= 0.03570
 
     C   20    Vxx=   -0.1416    axis=( -0.910102  0.090306 -0.404424)
     C   20    Vyy=   -0.1806    axis=( -0.280288 -0.852989  0.440282)
     C   20    Vzz=    0.3223    axis=( -0.305209  0.514057  0.801619)
     C   20  Q=         1.0000 1e-30 m^2  Cq=         0.7572 MHz  eta= 0.12088
 
     H   21    Vxx=   -0.1397    axis=(  0.347200  0.858315 -0.377821)
     H   21    Vyy=   -0.1559    axis=( -0.331821  0.489259  0.806548)
     H   21    Vzz=    0.2956    axis=( -0.877125  0.154665 -0.454677)
     H   21  Q=         1.0000 1e-30 m^2  Cq=         0.6945 MHz  eta= 0.05450
 
     C   22    Vxx=   -0.1419    axis=( -0.122518  0.814586 -0.566956)
     C   22    Vyy=   -0.1848    axis=( -0.942950 -0.273731 -0.189519)
     C   22    Vzz=    0.3267    axis=( -0.309573  0.511392  0.801650)
     C   22  Q=         1.0000 1e-30 m^2  Cq=         0.7676 MHz  eta= 0.13152
 
     C   23    Vxx=    0.0601    axis=( -0.306899  0.518726  0.797957)
     C   23    Vyy=    0.3715    axis=( -0.769827 -0.628287  0.112349)
     C   23    Vzz=   -0.4316    axis=(  0.559624 -0.579809  0.592150)
     C   23  Q=         1.0000 1e-30 m^2  Cq=        -1.0141 MHz  eta= 0.72143
 
     Cl  24    Vxx=   -1.8058    axis=( -0.208760  0.407171  0.889174)
     Cl  24    Vyy=   -1.9762    axis=(  0.598367 -0.665981  0.445451)
     Cl  24    Vzz=    3.7820    axis=(  0.773548  0.625045 -0.104608)
     Cl  24  Q=        -8.1650 1e-30 m^2  Cq=       -72.5555 MHz  eta= 0.04505
 
     Initialization:
     gipaw_setup  :      0.17s CPU      0.30s WALL (       1 calls)
 
     Linear response
 
     Apply operators
 
     Induced current
 
     Other routines
     efg          :      0.72s CPU      0.82s WALL (       1 calls)
 
     General routines
     calbec       :      0.04s CPU      0.05s WALL (      16 calls)
     fft          :      0.06s CPU      0.08s WALL (      15 calls)
     ffts         :      0.00s CPU      0.00s WALL (       2 calls)
     fftw         :      0.44s CPU      0.48s WALL (     672 calls)
     davcio       :      0.02s CPU      0.06s WALL (      32 calls)
 
     Parallel routines
     fft_scatter  :      0.34s CPU      0.37s WALL (     689 calls)
 
     Plugins
 
     GIPAW        :      3.83s CPU      4.63s WALL (       1 calls)
