
     Program QE v.6.0 starts on 20May2017 at 11:59:18 

     This program is part of the open-source Quantum ESPRESSO suite
     for quantum simulation of materials; please cite
         "P. Giannozzi et al., J. Phys.:Condens. Matter 21 395502 (2009);
          URL http://www.quantum-espresso.org", 
     in publications or presentations arising from this work. More details at
     http://www.quantum-espresso.org/quote
 
           ARCH :    x86_64
             CC :    icc
            CPP :    cpp
            F90 :    ifort
            F77 :    ifort
         DFLAGS :    -D__INTEL -D__DFTI
      BLAS LIBS :    -lmkl_intel_lp64  -lmkl_sequential -lmkl_core
    LAPACK LIBS :    
       FFT LIBS :    
      MASS LIBS :    

     Parallel version (MPI & OpenMP), running on      32 processor cores
     Number of MPI processes:                32
     Threads/MPI process:                     1
     R & G space division:  proc/nbgrp/npool/nimage =      32
 
     ***** This is GIPAW svn revision unknown      *****
 
     Parallelizing q-star over 1 images

     Reading data from directory:
     ./scratch/scf-142.save

   Info: using nr1, nr2, nr3 values from input

   Info: using nr1, nr2, nr3 values from input

     IMPORTANT: XC functional enforced from input :
     Exchange-correlation      =  SLA  PW   PBX  PBC ( 1  4  3  4 0 0)
     Any further DFT definition will be discarded
     Please, verify this is what you really want

               file C.pbe-n-kjpaw_psl.1.0.0.UPF: wavefunction(s)  2S 2P renormalized
               file Cl.pbe-n-kjpaw_psl.1.0.0.UPF: wavefunction(s)  3S 3P renormalized
               file H.pbe-kjpaw_psl.1.0.0.UPF: wavefunction(s)  1S renormalized
 
     Parallelization info
     --------------------
     sticks:   dense  smooth     PW     G-vecs:    dense   smooth      PW
     Min         764     305     83                36108     9133    1292
     Max         765     306     84                36110     9135    1293
     Sum       24467    9791   2657              1155489   292295   41363
 

     Subspace diagonalization in iterative solution of the eigenvalue problem:
     a serial algorithm will be used

     GIPAW projectors -----------------------------------------------
     atom=  C    l=0  rc=    1.2000  rs=    0.8000
     atom=  C    l=0  rc=    1.2000  rs=    0.8000
     atom=  C    l=1  rc=    1.4000  rs=    0.9333
     atom=  C    l=1  rc=    1.4000  rs=    0.9333
     projs nearly linearly dependent: l=1  n1,n2= 1, 2  s=  0.99951561
 
     atom=  Cl   l=0  rc=    1.6000  rs=    1.0667
     atom=  Cl   l=0  rc=    1.6000  rs=    1.0667
     atom=  Cl   l=1  rc=    1.6000  rs=    1.0667
     atom=  Cl   l=1  rc=    1.6000  rs=    1.0667
     atom=  Cl   l=2  rc=    1.6000  rs=    1.0667
     atom=  Cl   l=2  rc=    1.6000  rs=    1.0667
     projs nearly linearly dependent: l=2  n1,n2= 1, 2  s=  0.99993509
 
     atom=  H    l=0  rc=    1.0000  rs=    0.6667
     atom=  H    l=0  rc=    1.0000  rs=    0.6667
     projs nearly linearly dependent: l=0  n1,n2= 1, 2  s=  0.99968852
     -----------------------------------------------------------------
 
     GIPAW integrals: -------------------------------------------
     Atom  i/j   nmr_para   nmr_dia   epr_rmc  epr_para   epr_dia
       C   1 1   0.83E+03  0.17E-01  0.93E+01  0.24E+08  0.24E+03
       C   2 1   0.86E+03 -0.61E-01  0.94E+01  0.25E+08  0.25E+03
       C   2 2   0.90E+03 -0.15E+00  0.97E+01  0.26E+08  0.26E+03
       C   3 3   0.33E+01  0.34E+00  0.18E+01  0.55E+03  0.21E+02
       C   4 3   0.35E+01  0.37E+00  0.20E+01  0.59E+03  0.22E+02
       C   4 4   0.38E+01  0.39E+00  0.22E+01  0.63E+03  0.24E+02
       Cl  1 1   0.14E+04 -0.47E+00  0.84E+01  0.32E+09  0.42E+03
       Cl  2 1   0.21E+04 -0.37E+00  0.12E+02  0.49E+09  0.65E+03
       Cl  2 2   0.33E+04 -0.16E+00  0.21E+02  0.76E+09  0.10E+04
       Cl  3 3   0.21E+02  0.79E-01  0.89E+01  0.23E+05  0.13E+03
       Cl  4 3   0.24E+02  0.67E-01  0.99E+01  0.27E+05  0.15E+03
       Cl  4 4   0.28E+02  0.44E-01  0.11E+02  0.32E+05  0.18E+03
       Cl  5 5   0.77E+00  0.19E+00  0.18E+01  0.12E+03  0.22E+02
       Cl  6 5   0.80E+00  0.19E+00  0.19E+01  0.12E+03  0.23E+02
       Cl  6 6   0.83E+00  0.20E+00  0.19E+01  0.12E+03  0.23E+02
       H   1 1   0.39E+02  0.19E+00  0.29E+00  0.78E+05  0.13E+02
       H   2 1   0.41E+02  0.21E+00  0.32E+00  0.82E+05  0.14E+02
       H   2 2   0.43E+02  0.22E+00  0.36E+00  0.86E+05  0.15E+02
     ------------------------------------------------------------
 
     alpha_pv=     33.7000 eV
 
     Number of occupied bands for each k-point:
     k-point:     1    nbnd_occ=  42
     k-point:     2    nbnd_occ=  42
     k-point:     3    nbnd_occ=  42
     k-point:     4    nbnd_occ=  42
     k-point:     5    nbnd_occ=  42
     k-point:     6    nbnd_occ=  42
     k-point:     7    nbnd_occ=  42
     k-point:     8    nbnd_occ=  42
     k-point:     9    nbnd_occ=  42
     k-point:    10    nbnd_occ=  42
     k-point:    11    nbnd_occ=  42
     k-point:    12    nbnd_occ=  42
     k-point:    13    nbnd_occ=  42
     k-point:    14    nbnd_occ=  42
     k-point:    15    nbnd_occ=  42
     k-point:    16    nbnd_occ=  42
 
 
     q-space interpolation up to   110.00 Rydberg
 
     GIPAW job: efg                                                                             
 
 
     ELECTRIC FIELD GRADIENTS TENSORS IN Hartree/bohrradius^2:
 
     ----- bare term -----
     Cl   1        0.011437       -0.042504       -0.034190
     Cl   1       -0.042504        0.013145        0.007025
     Cl   1       -0.034190        0.007025       -0.024581
 
     C    2       -0.177586       -0.045090       -0.333729
     C    2       -0.045090       -0.190685       -0.475318
     C    2       -0.333729       -0.475318        0.368271
 
     C    3       -0.220918        0.252692       -0.303256
     C    3        0.252692       -0.267427       -0.438869
     C    3       -0.303256       -0.438869        0.488345
 
     H    4       -0.402960       -0.258999       -0.503833
     H    4       -0.258999        0.268122       -0.210314
     H    4       -0.503833       -0.210314        0.134838
 
     C    5       -0.364206        0.220432       -0.373987
     C    5        0.220432       -0.123133       -0.362895
     C    5       -0.373987       -0.362895        0.487339
 
     H    6        0.365797       -0.073150       -0.047207
     H    6       -0.073150       -0.555187       -0.454373
     H    6       -0.047207       -0.454373        0.189390
 
     H    7        0.359169       -0.014095       -0.008201
     H    7       -0.014095       -0.526113        0.484932
     H    7       -0.008201        0.484932        0.166944
 
     C    8       -0.351782       -0.261659       -0.400372
     C    8       -0.261659       -0.058723        0.377648
     C    8       -0.400372        0.377648        0.410504
 
     H    9       -0.312281        0.246626       -0.546691
     H    9        0.246626        0.290690        0.232404
     H    9       -0.546691        0.232404        0.021591
 
     C   10       -0.201524       -0.297371       -0.322276
     C   10       -0.297371       -0.188615        0.458518
     C   10       -0.322276        0.458518        0.390139
 
     C   11       -0.091238       -0.118701       -0.364053
     C   11       -0.118701       -0.163655        0.523295
     C   11       -0.364053        0.523295        0.254893
 
     Cl  12       -0.029711        0.022230       -0.049192
     Cl  12        0.022230        0.024948       -0.008239
     Cl  12       -0.049192       -0.008239        0.004763
 
     H   13        0.367562       -0.044014       -0.032675
     H   13       -0.044014       -0.543306       -0.462985
     H   13       -0.032675       -0.462985        0.175745
 
     C   14       -0.338253        0.214536       -0.389469
     C   14        0.214536       -0.190986       -0.309961
     C   14       -0.389469       -0.309961        0.529240
 
     H   15       -0.455914       -0.280522       -0.442502
     H   15       -0.280522        0.282675       -0.202592
     H   15       -0.442502       -0.202592        0.173239
 
     C   16       -0.186316        0.272661       -0.332699
     C   16        0.272661       -0.275482       -0.411638
     C   16       -0.332699       -0.411638        0.461797
 
     C   17       -0.212213        0.058111       -0.355785
     C   17        0.058111       -0.150529       -0.494746
     C   17       -0.355785       -0.494746        0.362742
 
     Cl  18        0.006505       -0.007555       -0.023378
     Cl  18       -0.007555       -0.021881       -0.004299
     Cl  18       -0.023378       -0.004299        0.015375
 
     H   19        0.361121       -0.021938       -0.017554
     H   19       -0.021938       -0.505179        0.495947
     H   19       -0.017554        0.495947        0.144057
 
     C   20       -0.341201       -0.281001       -0.405716
     C   20       -0.281001       -0.033647        0.382951
     C   20       -0.405716        0.382951        0.374848
 
     H   21       -0.267613        0.254019       -0.545060
     H   21        0.254019        0.289692        0.253054
     H   21       -0.545060        0.253054       -0.022079
 
     C   22       -0.198245       -0.302640       -0.307673
     C   22       -0.302640       -0.167961        0.473754
     C   22       -0.307673        0.473754        0.366206
 
     C   23       -0.105326       -0.085254       -0.334608
     C   23       -0.085254       -0.139892        0.538070
     C   23       -0.334608        0.538070        0.245218
 
     Cl  24       -0.013192        0.004266       -0.044036
     Cl  24        0.004266        0.022648       -0.017462
     Cl  24       -0.044036       -0.017462       -0.009455
 
     ----- ionic term -----
     Cl   1        0.143712       -0.192248        0.010772
     Cl   1       -0.192248       -0.009836        0.001977
     Cl   1        0.010772        0.001977       -0.133876
 
     C    2        0.219138       -0.096282        0.251994
     C    2       -0.096282        0.166779        0.374565
     C    2        0.251994        0.374565       -0.385917
 
     C    3        0.154131       -0.208314        0.223128
     C    3       -0.208314        0.226961        0.349390
     C    3        0.223128        0.349390       -0.381092
 
     H    4        0.559703        0.350356        0.680912
     H    4        0.350356       -0.379139        0.271236
     H    4        0.680912        0.271236       -0.180564
 
     C    5        0.299093       -0.173969        0.299028
     C    5       -0.173969        0.083625        0.274361
     C    5        0.299028        0.274361       -0.382718
 
     H    6       -0.511875        0.078467        0.053509
     H    6        0.078467        0.761295        0.629590
     H    6        0.053509        0.629590       -0.249421
 
     H    7       -0.507340        0.039368       -0.002379
     H    7        0.039368        0.724874       -0.668703
     H    7       -0.002379       -0.668703       -0.217534
 
     C    8        0.282784        0.208006        0.318855
     C    8        0.208006        0.031135       -0.284709
     C    8        0.318855       -0.284709       -0.313919
 
     H    9        0.426798       -0.341953        0.733560
     H    9       -0.341953       -0.391680       -0.310394
     H    9        0.733560       -0.310394       -0.035119
 
     C   10        0.141366        0.240612        0.234465
     C   10        0.240612        0.167294       -0.364603
     C   10        0.234465       -0.364603       -0.308659
 
     C   11        0.135600        0.216593        0.282330
     C   11        0.216593        0.141281       -0.413874
     C   11        0.282330       -0.413874       -0.276881
 
     Cl  12        0.145780        0.209584        0.014019
     Cl  12        0.209584        0.008418       -0.002650
     Cl  12        0.014019       -0.002650       -0.154198
 
     H   13       -0.516428        0.043102        0.036662
     H   13        0.043102        0.742180        0.647024
     H   13        0.036662        0.647024       -0.225753
 
     C   14        0.272092       -0.166871        0.314176
     C   14       -0.166871        0.143128        0.224121
     C   14        0.314176        0.224121       -0.415220
 
     H   15        0.632531        0.385286        0.606955
     H   15        0.385286       -0.384831        0.260723
     H   15        0.606955        0.260723       -0.247700
 
     C   16        0.119701       -0.226341        0.252295
     C   16       -0.226341        0.235674        0.319625
     C   16        0.252295        0.319625       -0.355374
 
     C   17        0.238454       -0.165157        0.274268
     C   17       -0.165157        0.118702        0.393949
     C   17        0.274268        0.393949       -0.357156
 
     Cl  18        0.155137       -0.210513        0.003646
     Cl  18       -0.210513        0.004547        0.001525
     Cl  18        0.003646        0.001525       -0.159683
 
     H   19       -0.508415        0.048469        0.004754
     H   19        0.048469        0.698697       -0.681405
     H   19        0.004754       -0.681405       -0.190281
 
     C   20        0.276576        0.222393        0.321141
     C   20        0.222393        0.010333       -0.290570
     C   20        0.321141       -0.290570       -0.286909
 
     H   21        0.379144       -0.338975        0.740174
     H   21       -0.338975       -0.398380       -0.327148
     H   21        0.740174       -0.327148        0.019237
 
     C   22        0.138084        0.243364        0.222938
     C   22        0.243364        0.152504       -0.375617
     C   22        0.222938       -0.375617       -0.290587
 
     C   23        0.157655        0.190188        0.252280
     C   23        0.190188        0.115766       -0.429593
     C   23        0.252280       -0.429593       -0.273421
 
     Cl  24        0.156603        0.221295       -0.008788
     Cl  24        0.221295       -0.017210       -0.007811
     Cl  24       -0.008788       -0.007811       -0.139393
 
     ----- GIPAW term -----
     Cl   1        1.623120       -2.482089       -0.283965
     Cl   1       -2.482089        0.023228        0.091581
     Cl   1       -0.283965        0.091581       -1.646348
 
     C    2        0.065629       -0.153876       -0.068258
     C    2       -0.153876       -0.016728       -0.078374
     C    2       -0.068258       -0.078374       -0.048901
 
     C    3       -0.059671        0.029053       -0.068658
     C    3        0.029053       -0.025529       -0.073026
     C    3       -0.068658       -0.073026        0.085200
 
     H    4        0.000000       -0.000000       -0.000000
     H    4       -0.000000        0.000000        0.000000
     H    4       -0.000000        0.000000       -0.000000
 
     C    5       -0.040000        0.036077       -0.055182
     C    5        0.036077       -0.041362       -0.077415
     C    5       -0.055182       -0.077415        0.081362
 
     H    6        0.000000       -0.000000       -0.000000
     H    6       -0.000000        0.000000        0.000000
     H    6       -0.000000        0.000000       -0.000000
 
     H    7        0.000000       -0.000000       -0.000000
     H    7       -0.000000        0.000000        0.000000
     H    7       -0.000000        0.000000       -0.000000
 
     C    8       -0.045878       -0.042582       -0.060100
     C    8       -0.042582       -0.030747        0.080906
     C    8       -0.060100        0.080906        0.076625
 
     H    9        0.000000       -0.000000       -0.000000
     H    9       -0.000000        0.000000        0.000000
     H    9       -0.000000        0.000000       -0.000000
 
     C   10       -0.052424       -0.038918       -0.075587
     C   10       -0.038918       -0.008869        0.078310
     C   10       -0.075587        0.078310        0.061293
 
     C   11        0.062095        0.119916       -0.065693
     C   11        0.119916       -0.015610        0.084886
     C   11       -0.065693        0.084886       -0.046484
 
     Cl  12        1.197105        2.440548       -0.418635
     Cl  12        2.440548        0.364621       -0.116435
     Cl  12       -0.418635       -0.116435       -1.561726
 
     H   13        0.000000       -0.000000       -0.000000
     H   13       -0.000000        0.000000        0.000000
     H   13       -0.000000        0.000000       -0.000000
 
     C   14       -0.041809        0.035030       -0.054715
     C   14        0.035030       -0.049587       -0.076697
     C   14       -0.054715       -0.076697        0.091396
 
     H   15        0.000000       -0.000000       -0.000000
     H   15       -0.000000        0.000000        0.000000
     H   15       -0.000000        0.000000       -0.000000
 
     C   16       -0.059502        0.032506       -0.068463
     C   16        0.032506       -0.023384       -0.077539
     C   16       -0.068463       -0.077539        0.082886
 
     C   17        0.052482       -0.126509       -0.065977
     C   17       -0.126509       -0.031432       -0.076491
     C   17       -0.065977       -0.076491       -0.021050
 
     Cl  18        1.695736       -2.288761       -0.251638
     Cl  18       -2.288761       -0.184568       -0.034024
     Cl  18       -0.251638       -0.034024       -1.511167
 
     H   19        0.000000       -0.000000       -0.000000
     H   19       -0.000000        0.000000        0.000000
     H   19       -0.000000        0.000000       -0.000000
 
     C   20       -0.042963       -0.047415       -0.061896
     C   20       -0.047415       -0.027539        0.079593
     C   20       -0.061896        0.079593        0.070502
 
     H   21        0.000000       -0.000000       -0.000000
     H   21       -0.000000        0.000000        0.000000
     H   21       -0.000000        0.000000       -0.000000
 
     C   22       -0.053099       -0.041320       -0.074100
     C   22       -0.041320       -0.004991        0.081319
     C   22       -0.074100        0.081319        0.058091
 
     C   23        0.072975        0.124325       -0.070840
     C   23        0.124325       -0.020074        0.082062
     C   23       -0.070840        0.082062       -0.052901
 
     Cl  24        1.473392        2.383660       -0.610210
     Cl  24        2.383660        0.074883       -0.265548
     Cl  24       -0.610210       -0.265548       -1.548274
 
     ----- total EFG -----
     Cl   1        1.778268       -2.716841       -0.307382
     Cl   1       -2.716841        0.026537        0.100583
     Cl   1       -0.307382        0.100583       -1.804805
 
     C    2        0.107181       -0.295248       -0.149994
     C    2       -0.295248       -0.040634       -0.179128
     C    2       -0.149994       -0.179128       -0.066547
 
     C    3       -0.126458        0.073431       -0.148785
     C    3        0.073431       -0.065995       -0.162505
     C    3       -0.148785       -0.162505        0.192453
 
     H    4        0.156743        0.091358        0.177079
     H    4        0.091358       -0.111017        0.060923
     H    4        0.177079        0.060923       -0.045726
 
     C    5       -0.105114        0.082540       -0.130140
     C    5        0.082540       -0.080869       -0.165949
     C    5       -0.130140       -0.165949        0.185983
 
     H    6       -0.146078        0.005317        0.006302
     H    6        0.005317        0.206109        0.175217
     H    6        0.006302        0.175217       -0.060031
 
     H    7       -0.148171        0.025272       -0.010579
     H    7        0.025272        0.198761       -0.183771
     H    7       -0.010579       -0.183771       -0.050590
 
     C    8       -0.114876       -0.096234       -0.141616
     C    8       -0.096234       -0.058334        0.173845
     C    8       -0.141616        0.173845        0.173210
 
     H    9        0.114517       -0.095327        0.186869
     H    9       -0.095327       -0.100989       -0.077990
     H    9        0.186869       -0.077990       -0.013528
 
     C   10       -0.112583       -0.095677       -0.163399
     C   10       -0.095677       -0.030190        0.172225
     C   10       -0.163399        0.172225        0.142773
 
     C   11        0.106457        0.217809       -0.147416
     C   11        0.217809       -0.037985        0.194306
     C   11       -0.147416        0.194306       -0.068472
 
     Cl  12        1.313173        2.672363       -0.453808
     Cl  12        2.672363        0.397987       -0.127325
     Cl  12       -0.453808       -0.127325       -1.711160
 
     H   13       -0.148866       -0.000911        0.003987
     H   13       -0.000911        0.198874        0.184039
     H   13        0.003987        0.184039       -0.050008
 
     C   14       -0.107970        0.082695       -0.130007
     C   14        0.082695       -0.097446       -0.162537
     C   14       -0.130007       -0.162537        0.205416
 
     H   15        0.176617        0.104765        0.164454
     H   15        0.104765       -0.102155        0.058131
     H   15        0.164454        0.058131       -0.074462
 
     C   16       -0.126117        0.078826       -0.148867
     C   16        0.078826       -0.063192       -0.169551
     C   16       -0.148867       -0.169551        0.189309
 
     C   17        0.078724       -0.233555       -0.147494
     C   17       -0.233555       -0.063260       -0.177288
     C   17       -0.147494       -0.177288       -0.015464
 
     Cl  18        1.857378       -2.506828       -0.271370
     Cl  18       -2.506828       -0.201902       -0.036798
     Cl  18       -0.271370       -0.036798       -1.655475
 
     H   19       -0.147294        0.026531       -0.012800
     H   19        0.026531        0.193518       -0.185458
     H   19       -0.012800       -0.185458       -0.046224
 
     C   20       -0.107587       -0.106024       -0.146470
     C   20       -0.106024       -0.050853        0.171974
     C   20       -0.146470        0.171974        0.158441
 
     H   21        0.111530       -0.084956        0.195114
     H   21       -0.084956       -0.108688       -0.074094
     H   21        0.195114       -0.074094       -0.002842
 
     C   22       -0.113261       -0.100596       -0.158835
     C   22       -0.100596       -0.020448        0.179456
     C   22       -0.158835        0.179456        0.133710
 
     C   23        0.125304        0.229259       -0.153169
     C   23        0.229259       -0.044200        0.190540
     C   23       -0.153169        0.190540       -0.081104
 
     Cl  24        1.616802        2.609220       -0.663035
     Cl  24        2.609220        0.080321       -0.290822
     Cl  24       -0.663035       -0.290822       -1.697123
 
     ----- total EFG (symmetrized) -----
     Cl   1        1.778268       -2.716841       -0.307382
     Cl   1       -2.716841        0.026537        0.100583
     Cl   1       -0.307382        0.100583       -1.804805
 
     C    2        0.107181       -0.295248       -0.149994
     C    2       -0.295248       -0.040634       -0.179128
     C    2       -0.149994       -0.179128       -0.066547
 
     C    3       -0.126458        0.073431       -0.148785
     C    3        0.073431       -0.065995       -0.162505
     C    3       -0.148785       -0.162505        0.192453
 
     H    4        0.156743        0.091358        0.177079
     H    4        0.091358       -0.111017        0.060923
     H    4        0.177079        0.060923       -0.045726
 
     C    5       -0.105114        0.082540       -0.130140
     C    5        0.082540       -0.080869       -0.165949
     C    5       -0.130140       -0.165949        0.185983
 
     H    6       -0.146078        0.005317        0.006302
     H    6        0.005317        0.206109        0.175217
     H    6        0.006302        0.175217       -0.060031
 
     H    7       -0.148171        0.025272       -0.010579
     H    7        0.025272        0.198761       -0.183771
     H    7       -0.010579       -0.183771       -0.050590
 
     C    8       -0.114876       -0.096234       -0.141616
     C    8       -0.096234       -0.058334        0.173845
     C    8       -0.141616        0.173845        0.173210
 
     H    9        0.114517       -0.095327        0.186869
     H    9       -0.095327       -0.100989       -0.077990
     H    9        0.186869       -0.077990       -0.013528
 
     C   10       -0.112583       -0.095677       -0.163399
     C   10       -0.095677       -0.030190        0.172225
     C   10       -0.163399        0.172225        0.142773
 
     C   11        0.106457        0.217809       -0.147416
     C   11        0.217809       -0.037985        0.194306
     C   11       -0.147416        0.194306       -0.068472
 
     Cl  12        1.313173        2.672363       -0.453808
     Cl  12        2.672363        0.397987       -0.127325
     Cl  12       -0.453808       -0.127325       -1.711160
 
     H   13       -0.148866       -0.000911        0.003987
     H   13       -0.000911        0.198874        0.184039
     H   13        0.003987        0.184039       -0.050008
 
     C   14       -0.107970        0.082695       -0.130007
     C   14        0.082695       -0.097446       -0.162537
     C   14       -0.130007       -0.162537        0.205416
 
     H   15        0.176617        0.104765        0.164454
     H   15        0.104765       -0.102155        0.058131
     H   15        0.164454        0.058131       -0.074462
 
     C   16       -0.126117        0.078826       -0.148867
     C   16        0.078826       -0.063192       -0.169551
     C   16       -0.148867       -0.169551        0.189309
 
     C   17        0.078724       -0.233555       -0.147494
     C   17       -0.233555       -0.063260       -0.177288
     C   17       -0.147494       -0.177288       -0.015464
 
     Cl  18        1.857378       -2.506828       -0.271370
     Cl  18       -2.506828       -0.201902       -0.036798
     Cl  18       -0.271370       -0.036798       -1.655475
 
     H   19       -0.147294        0.026531       -0.012800
     H   19        0.026531        0.193518       -0.185458
     H   19       -0.012800       -0.185458       -0.046224
 
     C   20       -0.107587       -0.106024       -0.146470
     C   20       -0.106024       -0.050853        0.171974
     C   20       -0.146470        0.171974        0.158441
 
     H   21        0.111530       -0.084956        0.195114
     H   21       -0.084956       -0.108688       -0.074094
     H   21        0.195114       -0.074094       -0.002842
 
     C   22       -0.113261       -0.100596       -0.158835
     C   22       -0.100596       -0.020448        0.179456
     C   22       -0.158835        0.179456        0.133710
 
     C   23        0.125304        0.229259       -0.153169
     C   23        0.229259       -0.044200        0.190540
     C   23       -0.153169        0.190540       -0.081104
 
     Cl  24        1.616802        2.609220       -0.663035
     Cl  24        2.609220        0.080321       -0.290822
     Cl  24       -0.663035       -0.290822       -1.697123
 
 
     NQR/NMR SPECTROSCOPIC PARAMETERS:
     Cl   1    Vxx=   -1.7680    axis=(  0.240339  0.413095 -0.878402)
     Cl   1    Vyy=   -2.0059    axis=(  0.538417  0.696227  0.474738)
     Cl   1    Vzz=    3.7739    axis=( -0.807678  0.587044  0.055087)
     Cl   1  Q=        -8.1650 1e-30 m^2  Cq=       -72.4006 MHz  eta= 0.06304
 
     C    2    Vxx=    0.0859    axis=( -0.315650 -0.447747  0.836593)
     C    2    Vyy=    0.3378    axis=( -0.794016  0.607362  0.025476)
     C    2    Vzz=   -0.4238    axis=( -0.519522 -0.656227 -0.547232)
     C    2  Q=         1.0000 1e-30 m^2  Cq=        -0.9956 MHz  eta= 0.59450
 
     C    3    Vxx=   -0.1443    axis=(  0.030724  0.894839  0.445331)
     C    3    Vyy=   -0.1867    axis=(  0.939583 -0.177831  0.292507)
     C    3    Vzz=    0.3310    axis=( -0.340941 -0.409438  0.846239)
     C    3  Q=         1.0000 1e-30 m^2  Cq=         0.7778 MHz  eta= 0.12787
 
     H    4    Vxx=   -0.1372    axis=( -0.451897  0.832505  0.320508)
     H    4    Vyy=   -0.1523    axis=( -0.321316 -0.487070  0.812108)
     H    4    Vzz=    0.2895    axis=( -0.832193 -0.264005 -0.487602)
     H    4  Q=         1.0000 1e-30 m^2  Cq=         0.6802 MHz  eta= 0.05242
 
     C    5    Vxx=   -0.1432    axis=(  0.665384  0.526950  0.528760)
     C    5    Vyy=   -0.1774    axis=(  0.665222 -0.739962 -0.099677)
     C    5    Vzz=    0.3206    axis=( -0.338737 -0.418067  0.842898)
     C    5  Q=         1.0000 1e-30 m^2  Cq=         0.7533 MHz  eta= 0.10687
 
     H    6    Vxx=   -0.1433    axis=(  0.747171 -0.306986  0.589487)
     H    6    Vyy=   -0.1499    axis=( -0.664409 -0.322017  0.674438)
     H    6    Vzz=    0.2932    axis=(  0.017218  0.895581  0.444566)
     H    6  Q=         1.0000 1e-30 m^2  Cq=         0.6889 MHz  eta= 0.02254
 
     H    7    Vxx=   -0.1463    axis=(  0.569101  0.353694  0.742310)
     H    7    Vyy=   -0.1516    axis=( -0.819997  0.311161  0.480400)
     H    7    Vzz=    0.2978    axis=( -0.061064 -0.882088  0.467110)
     H    7  Q=         1.0000 1e-30 m^2  Cq=         0.6998 MHz  eta= 0.01779
 
     C    8    Vxx=   -0.1437    axis=( -0.389348  0.723055 -0.570614)
     C    8    Vyy=   -0.1877    axis=( -0.849122 -0.521818 -0.081840)
     C    8    Vzz=    0.3314    axis=( -0.356931  0.452656  0.817130)
     C    8  Q=         1.0000 1e-30 m^2  Cq=         0.7786 MHz  eta= 0.13265
 
     H    9    Vxx=   -0.1350    axis=(  0.522214  0.802758 -0.287875)
     H    9    Vyy=   -0.1519    axis=( -0.361545  0.514118  0.777796)
     H    9    Vzz=    0.2870    axis=( -0.772384  0.302096 -0.558713)
     H    9  Q=         1.0000 1e-30 m^2  Cq=         0.6743 MHz  eta= 0.05892
 
     C   10    Vxx=   -0.1362    axis=(  0.062532  0.865167 -0.497569)
     C   10    Vyy=   -0.1938    axis=( -0.917285 -0.146638 -0.370252)
     C   10    Vzz=    0.3300    axis=( -0.393292  0.479565  0.784435)
     C   10  Q=         1.0000 1e-30 m^2  Cq=         0.7753 MHz  eta= 0.17479
 
     C   11    Vxx=    0.1199    axis=( -0.332207  0.514488  0.790531)
     C   11    Vyy=    0.2639    axis=( -0.819219 -0.572771  0.028504)
     C   11    Vzz=   -0.3838    axis=(  0.467459 -0.638149  0.611758)
     C   11  Q=         1.0000 1e-30 m^2  Cq=        -0.9018 MHz  eta= 0.37503
 
     Cl  12    Vxx=   -1.5986    axis=( -0.338547  0.503823  0.794700)
     Cl  12    Vyy=   -2.0030    axis=(  0.549512 -0.579725  0.601628)
     Cl  12    Vzz=    3.6015    axis=( -0.763821 -0.640376  0.080593)
     Cl  12  Q=        -8.1650 1e-30 m^2  Cq=       -69.0934 MHz  eta= 0.11229
 
     H   13    Vxx=   -0.1443    axis=(  0.654672 -0.355896  0.666890)
     H   13    Vyy=   -0.1523    axis=(  0.755909  0.305438 -0.579059)
     H   13    Vzz=    0.2966    axis=(  0.002391  0.883202  0.468987)
     H   13  Q=         1.0000 1e-30 m^2  Cq=         0.6969 MHz  eta= 0.02690
 
     C   14    Vxx=   -0.1417    axis=(  0.715536  0.490330  0.497579)
     C   14    Vyy=   -0.1875    axis=(  0.615987 -0.778817 -0.118340)
     C   14    Vzz=    0.3293    axis=( -0.329497 -0.391179  0.859308)
     C   14  Q=         1.0000 1e-30 m^2  Cq=         0.7736 MHz  eta= 0.13922
 
     H   15    Vxx=   -0.1368    axis=( -0.371254  0.920616  0.120982)
     H   15    Vyy=   -0.1574    axis=( -0.358781 -0.262402  0.895780)
     H   15    Vzz=    0.2941    axis=( -0.856415 -0.289156 -0.427717)
     H   15  Q=         1.0000 1e-30 m^2  Cq=         0.6911 MHz  eta= 0.07002
 
     C   16    Vxx=   -0.1480    axis=(  0.080175  0.875977  0.475643)
     C   16    Vyy=   -0.1878    axis=(  0.936084 -0.230138  0.266050)
     C   16    Vzz=    0.3358    axis=( -0.342518 -0.423911  0.838440)
     C   16  Q=         1.0000 1e-30 m^2  Cq=         0.7891 MHz  eta= 0.11840
 
     C   17    Vxx=    0.1285    axis=( -0.245656 -0.479631  0.842382)
     C   17    Vyy=    0.2529    axis=( -0.822740  0.562695  0.080456)
     C   17    Vzz=   -0.3814    axis=( -0.512593 -0.673297 -0.532841)
     C   17  Q=         1.0000 1e-30 m^2  Cq=        -0.8961 MHz  eta= 0.32617
 
     Cl  18    Vxx=   -1.5610    axis=( -0.244834 -0.428038  0.869965)
     Cl  18    Vyy=   -1.9849    axis=( -0.499942 -0.713057 -0.491536)
     Cl  18    Vzz=    3.5459    axis=( -0.830731  0.555277  0.039413)
     Cl  18  Q=        -8.1650 1e-30 m^2  Cq=       -68.0257 MHz  eta= 0.11954
 
     H   19    Vxx=   -0.1464    axis=(  0.455488  0.398685  0.795978)
     H   19    Vyy=   -0.1500    axis=( -0.887780  0.269872  0.372848)
     H   19    Vzz=    0.2964    axis=( -0.066163 -0.876481  0.476868)
     H   19  Q=         1.0000 1e-30 m^2  Cq=         0.6965 MHz  eta= 0.01195
 
     C   20    Vxx=   -0.1391    axis=( -0.373678  0.711391 -0.595220)
     C   20    Vyy=   -0.1901    axis=( -0.845693 -0.524889 -0.096409)
     C   20    Vzz=    0.3291    axis=( -0.381009  0.467348  0.797758)
     C   20  Q=         1.0000 1e-30 m^2  Cq=         0.7734 MHz  eta= 0.15506
 
     H   21    Vxx=   -0.1356    axis=(  0.497447  0.823998 -0.271244)
     H   21    Vyy=   -0.1538    axis=( -0.405046  0.497120  0.767339)
     H   21    Vzz=    0.2894    axis=( -0.767127  0.271844 -0.581048)
     H   21  Q=         1.0000 1e-30 m^2  Cq=         0.6800 MHz  eta= 0.06306
 
     C   22    Vxx=   -0.1385    axis=(  0.051718  0.847383 -0.528458)
     C   22    Vyy=   -0.1929    axis=( -0.919618 -0.165920 -0.356051)
     C   22    Vzz=    0.3314    axis=( -0.389393  0.504394  0.770688)
     C   22  Q=         1.0000 1e-30 m^2  Cq=         0.7787 MHz  eta= 0.16416
 
     C   23    Vxx=    0.1080    axis=( -0.289900  0.546683  0.785555)
     C   23    Vyy=    0.2861    axis=( -0.837589 -0.542038  0.068112)
     C   23    Vzz=   -0.3941    axis=(  0.463036 -0.638226  0.615032)
     C   23  Q=         1.0000 1e-30 m^2  Cq=        -0.9261 MHz  eta= 0.45187
 
     Cl  24    Vxx=   -1.6628    axis=( -0.284191  0.555740  0.781274)
     Cl  24    Vyy=   -1.9986    axis=(  0.534101 -0.584959  0.610376)
     Cl  24    Vzz=    3.6614    axis=( -0.796223 -0.590743  0.130582)
     Cl  24  Q=        -8.1650 1e-30 m^2  Cq=       -70.2421 MHz  eta= 0.09171
 
     Initialization:
     gipaw_setup  :      0.19s CPU      0.30s WALL (       1 calls)
 
     Linear response
 
     Apply operators
 
     Induced current
 
     Other routines
     efg          :      0.68s CPU      0.75s WALL (       1 calls)
 
     General routines
     calbec       :      0.05s CPU      0.05s WALL (      16 calls)
     fft          :      0.07s CPU      0.08s WALL (      15 calls)
     ffts         :      0.00s CPU      0.00s WALL (       2 calls)
     fftw         :      0.44s CPU      0.44s WALL (     672 calls)
     davcio       :      0.01s CPU      0.04s WALL (      32 calls)
 
     Parallel routines
     fft_scatter  :      0.30s CPU      0.32s WALL (     689 calls)
 
     Plugins
 
     GIPAW        :      3.84s CPU      4.59s WALL (       1 calls)
