
     Program QE v.6.0 starts on 20May2017 at 11: 1:22 

     This program is part of the open-source Quantum ESPRESSO suite
     for quantum simulation of materials; please cite
         "P. Giannozzi et al., J. Phys.:Condens. Matter 21 395502 (2009);
          URL http://www.quantum-espresso.org", 
     in publications or presentations arising from this work. More details at
     http://www.quantum-espresso.org/quote
 
           ARCH :    x86_64
             CC :    icc
            CPP :    cpp
            F90 :    ifort
            F77 :    ifort
         DFLAGS :    -D__INTEL -D__DFTI
      BLAS LIBS :    -lmkl_intel_lp64  -lmkl_sequential -lmkl_core
    LAPACK LIBS :    
       FFT LIBS :    
      MASS LIBS :    

     Parallel version (MPI & OpenMP), running on      32 processor cores
     Number of MPI processes:                32
     Threads/MPI process:                     1
     R & G space division:  proc/nbgrp/npool/nimage =      32
 
     ***** This is GIPAW svn revision unknown      *****
 
     Parallelizing q-star over 1 images

     Reading data from directory:
     ./scratch/scf-271.save

   Info: using nr1, nr2, nr3 values from input

   Info: using nr1, nr2, nr3 values from input

     IMPORTANT: XC functional enforced from input :
     Exchange-correlation      =  SLA  PW   PBX  PBC ( 1  4  3  4 0 0)
     Any further DFT definition will be discarded
     Please, verify this is what you really want

               file C.pbe-n-kjpaw_psl.1.0.0.UPF: wavefunction(s)  2S 2P renormalized
               file Cl.pbe-n-kjpaw_psl.1.0.0.UPF: wavefunction(s)  3S 3P renormalized
               file H.pbe-kjpaw_psl.1.0.0.UPF: wavefunction(s)  1S renormalized
 
     Parallelization info
     --------------------
     sticks:   dense  smooth     PW     G-vecs:    dense   smooth      PW
     Min         764     305     83                36108     9133    1292
     Max         765     306     84                36110     9135    1293
     Sum       24467    9791   2657              1155489   292295   41363
 

     Subspace diagonalization in iterative solution of the eigenvalue problem:
     a serial algorithm will be used

     GIPAW projectors -----------------------------------------------
     atom=  C    l=0  rc=    1.2000  rs=    0.8000
     atom=  C    l=0  rc=    1.2000  rs=    0.8000
     atom=  C    l=1  rc=    1.4000  rs=    0.9333
     atom=  C    l=1  rc=    1.4000  rs=    0.9333
     projs nearly linearly dependent: l=1  n1,n2= 1, 2  s=  0.99951561
 
     atom=  Cl   l=0  rc=    1.6000  rs=    1.0667
     atom=  Cl   l=0  rc=    1.6000  rs=    1.0667
     atom=  Cl   l=1  rc=    1.6000  rs=    1.0667
     atom=  Cl   l=1  rc=    1.6000  rs=    1.0667
     atom=  Cl   l=2  rc=    1.6000  rs=    1.0667
     atom=  Cl   l=2  rc=    1.6000  rs=    1.0667
     projs nearly linearly dependent: l=2  n1,n2= 1, 2  s=  0.99993509
 
     atom=  H    l=0  rc=    1.0000  rs=    0.6667
     atom=  H    l=0  rc=    1.0000  rs=    0.6667
     projs nearly linearly dependent: l=0  n1,n2= 1, 2  s=  0.99968852
     -----------------------------------------------------------------
 
     GIPAW integrals: -------------------------------------------
     Atom  i/j   nmr_para   nmr_dia   epr_rmc  epr_para   epr_dia
       C   1 1   0.83E+03  0.17E-01  0.93E+01  0.24E+08  0.24E+03
       C   2 1   0.86E+03 -0.61E-01  0.94E+01  0.25E+08  0.25E+03
       C   2 2   0.90E+03 -0.15E+00  0.97E+01  0.26E+08  0.26E+03
       C   3 3   0.33E+01  0.34E+00  0.18E+01  0.55E+03  0.21E+02
       C   4 3   0.35E+01  0.37E+00  0.20E+01  0.59E+03  0.22E+02
       C   4 4   0.38E+01  0.39E+00  0.22E+01  0.63E+03  0.24E+02
       Cl  1 1   0.14E+04 -0.47E+00  0.84E+01  0.32E+09  0.42E+03
       Cl  2 1   0.21E+04 -0.37E+00  0.12E+02  0.49E+09  0.65E+03
       Cl  2 2   0.33E+04 -0.16E+00  0.21E+02  0.76E+09  0.10E+04
       Cl  3 3   0.21E+02  0.79E-01  0.89E+01  0.23E+05  0.13E+03
       Cl  4 3   0.24E+02  0.67E-01  0.99E+01  0.27E+05  0.15E+03
       Cl  4 4   0.28E+02  0.44E-01  0.11E+02  0.32E+05  0.18E+03
       Cl  5 5   0.77E+00  0.19E+00  0.18E+01  0.12E+03  0.22E+02
       Cl  6 5   0.80E+00  0.19E+00  0.19E+01  0.12E+03  0.23E+02
       Cl  6 6   0.83E+00  0.20E+00  0.19E+01  0.12E+03  0.23E+02
       H   1 1   0.39E+02  0.19E+00  0.29E+00  0.78E+05  0.13E+02
       H   2 1   0.41E+02  0.21E+00  0.32E+00  0.82E+05  0.14E+02
       H   2 2   0.43E+02  0.22E+00  0.36E+00  0.86E+05  0.15E+02
     ------------------------------------------------------------
 
     alpha_pv=     33.8547 eV
 
     Number of occupied bands for each k-point:
     k-point:     1    nbnd_occ=  42
     k-point:     2    nbnd_occ=  42
     k-point:     3    nbnd_occ=  42
     k-point:     4    nbnd_occ=  42
     k-point:     5    nbnd_occ=  42
     k-point:     6    nbnd_occ=  42
     k-point:     7    nbnd_occ=  42
     k-point:     8    nbnd_occ=  42
     k-point:     9    nbnd_occ=  42
     k-point:    10    nbnd_occ=  42
     k-point:    11    nbnd_occ=  42
     k-point:    12    nbnd_occ=  42
     k-point:    13    nbnd_occ=  42
     k-point:    14    nbnd_occ=  42
     k-point:    15    nbnd_occ=  42
     k-point:    16    nbnd_occ=  42
 
 
     q-space interpolation up to   110.00 Rydberg
 
     GIPAW job: efg                                                                             
 
 
     ELECTRIC FIELD GRADIENTS TENSORS IN Hartree/bohrradius^2:
 
     ----- bare term -----
     Cl   1       -0.011808       -0.028449       -0.029106
     Cl   1       -0.028449        0.003019       -0.007718
     Cl   1       -0.029106       -0.007718        0.008789
 
     C    2       -0.137994        0.061310       -0.417065
     C    2        0.061310       -0.179328       -0.462840
     C    2       -0.417065       -0.462840        0.317322
 
     C    3       -0.137466        0.298155       -0.347095
     C    3        0.298155       -0.323122       -0.405128
     C    3       -0.347095       -0.405128        0.460588
 
     H    4       -0.446531       -0.200584       -0.504899
     H    4       -0.200584        0.288121       -0.175483
     H    4       -0.504899       -0.175483        0.158410
 
     C    5       -0.287220        0.225201       -0.416431
     C    5        0.225201       -0.198619       -0.325058
     C    5       -0.416431       -0.325058        0.485839
 
     H    6        0.362532       -0.117071       -0.057245
     H    6       -0.117071       -0.525311       -0.463578
     H    6       -0.057245       -0.463578        0.162779
 
     H    7        0.352651        0.171537       -0.071602
     H    7        0.171537       -0.506352        0.485986
     H    7       -0.071602        0.485986        0.153701
 
     C    8       -0.404954       -0.168059       -0.259581
     C    8       -0.168059       -0.145663        0.396908
     C    8       -0.259581        0.396908        0.550617
 
     H    9       -0.573796        0.224679       -0.405399
     H    9        0.224679        0.296780        0.155310
     H    9       -0.405399        0.155310        0.277016
 
     C   10       -0.240776       -0.243818       -0.225295
     C   10       -0.243818       -0.282096        0.467464
     C   10       -0.225295        0.467464        0.522872
 
     C   11       -0.214339        0.021373       -0.351097
     C   11        0.021373       -0.150180        0.459718
     C   11       -0.351097        0.459718        0.364519
 
     Cl  12        0.015754        0.045943       -0.017959
     Cl  12        0.045943       -0.007936        0.007963
     Cl  12       -0.017959        0.007963       -0.007818
 
     H   13        0.362638       -0.123445       -0.068415
     H   13       -0.123445       -0.558863       -0.437260
     H   13       -0.068415       -0.437260        0.196225
 
     C   14       -0.304975        0.240371       -0.399504
     C   14        0.240371       -0.141908       -0.357630
     C   14       -0.399504       -0.357630        0.446883
 
     H   15       -0.388913       -0.198094       -0.517267
     H   15       -0.198094        0.307445       -0.185554
     H   15       -0.517267       -0.185554        0.081468
 
     C   16       -0.194218        0.273360       -0.310733
     C   16        0.273360       -0.282836       -0.421028
     C   16       -0.310733       -0.421028        0.477054
 
     C   17       -0.164650        0.002992       -0.382554
     C   17        0.002992       -0.187105       -0.444537
     C   17       -0.382554       -0.444537        0.351754
 
     Cl  18        0.023309       -0.028005       -0.028535
     Cl  18       -0.028005       -0.009050        0.005300
     Cl  18       -0.028535        0.005300       -0.014260
 
     H   19        0.380374        0.127622       -0.095684
     H   19        0.127622       -0.478041        0.527906
     H   19       -0.095684        0.527906        0.097667
 
     C   20       -0.355414       -0.222745       -0.304457
     C   20       -0.222745       -0.122859        0.407870
     C   20       -0.304457        0.407870        0.478273
 
     H   21       -0.488805        0.214832       -0.453425
     H   21        0.214832        0.348491        0.183453
     H   21       -0.453425        0.183453        0.140314
 
     C   22       -0.217840       -0.262821       -0.223342
     C   22       -0.262821       -0.214095        0.509547
     C   22       -0.223342        0.509547        0.431936
 
     C   23       -0.288694        0.014900       -0.234991
     C   23        0.014900       -0.074600        0.526032
     C   23       -0.234991        0.526032        0.363294
 
     Cl  24        0.027527        0.000362       -0.013767
     Cl  24        0.000362       -0.022404        0.000800
     Cl  24       -0.013767        0.000800       -0.005123
 
     ----- ionic term -----
     Cl   1        0.145358       -0.204507        0.028383
     Cl   1       -0.204507        0.015676       -0.007727
     Cl   1        0.028383       -0.007727       -0.161035
 
     C    2        0.166986       -0.175272        0.333602
     C    2       -0.175272        0.158089        0.359892
     C    2        0.333602        0.359892       -0.325075
 
     C    3        0.087343       -0.243827        0.260860
     C    3       -0.243827        0.276968        0.321033
     C    3        0.260860        0.321033       -0.364311
 
     H    4        0.612664        0.275182        0.689418
     H    4        0.275182       -0.411241        0.225230
     H    4        0.689418        0.225230       -0.201423
 
     C    5        0.228759       -0.178517        0.334461
     C    5       -0.178517        0.146824        0.239072
     C    5        0.334461        0.239072       -0.375583
 
     H    6       -0.507687        0.137603        0.075880
     H    6        0.137603        0.718419        0.645524
     H    6        0.075880        0.645524       -0.210732
 
     H    7       -0.487907       -0.212464        0.101051
     H    7       -0.212464        0.689992       -0.667524
     H    7        0.101051       -0.667524       -0.202086
 
     C    8        0.326610        0.134088        0.208966
     C    8        0.134088        0.104928       -0.295777
     C    8        0.208966       -0.295777       -0.431538
 
     H    9        0.784012       -0.308002        0.553490
     H    9       -0.308002       -0.418128       -0.195605
     H    9        0.553490       -0.195605       -0.365884
 
     C   10        0.167546        0.201399        0.165267
     C   10        0.201399        0.238818       -0.375020
     C   10        0.165267       -0.375020       -0.406364
 
     C   11        0.238624        0.115851        0.262752
     C   11        0.115851        0.135172       -0.371359
     C   11        0.262752       -0.371359       -0.373796
 
     Cl  12        0.126411        0.188972        0.000968
     Cl  12        0.188972        0.019816       -0.009474
     Cl  12        0.000968       -0.009474       -0.146227
 
     H   13       -0.506150        0.150172        0.086047
     H   13        0.150172        0.769085        0.608361
     H   13        0.086047        0.608361       -0.262935
 
     C   14        0.250196       -0.190431        0.313911
     C   14       -0.190431        0.093891        0.271902
     C   14        0.313911        0.271902       -0.344087
 
     H   15        0.545608        0.265450        0.712022
     H   15        0.265450       -0.432651        0.235907
     H   15        0.712022        0.235907       -0.112957
 
     C   16        0.134849       -0.220142        0.224257
     C   16       -0.220142        0.244452        0.335766
     C   16        0.224257        0.335766       -0.379301
 
     C   17        0.199672       -0.128671        0.296841
     C   17       -0.128671        0.170032        0.347075
     C   17        0.296841        0.347075       -0.369704
 
     Cl  18        0.126591       -0.204522        0.008028
     Cl  18       -0.204522        0.012012       -0.002752
     Cl  18        0.008028       -0.002752       -0.138602
 
     H   19       -0.514429       -0.165689        0.122486
     H   19       -0.165689        0.642863       -0.717722
     H   19        0.122486       -0.717722       -0.128434
 
     C   20        0.292066        0.175422        0.239954
     C   20        0.175422        0.084408       -0.306283
     C   20        0.239954       -0.306283       -0.376474
 
     H   21        0.690633       -0.283925        0.615815
     H   21       -0.283925       -0.469727       -0.221749
     H   21        0.615815       -0.221749       -0.220906
 
     C   22        0.144496        0.216707        0.160999
     C   22        0.216707        0.191027       -0.404064
     C   22        0.160999       -0.404064       -0.335523
 
     C   23        0.302377        0.101867        0.146164
     C   23        0.101867        0.055293       -0.436626
     C   23        0.146164       -0.436626       -0.357670
 
     Cl  24        0.136531        0.199243       -0.071653
     Cl  24        0.199243       -0.017023       -0.040940
     Cl  24       -0.071653       -0.040940       -0.119508
 
     ----- GIPAW term -----
     Cl   1        1.407922       -2.464487       -0.037307
     Cl   1       -2.464487        0.178745       -0.171206
     Cl   1       -0.037307       -0.171206       -1.586667
 
     C    2        0.047667       -0.135694       -0.063144
     C    2       -0.135694       -0.014379       -0.081847
     C    2       -0.063144       -0.081847       -0.033288
 
     C    3       -0.046394        0.039285       -0.073709
     C    3        0.039285       -0.026512       -0.069846
     C    3       -0.073709       -0.069846        0.072906
 
     H    4        0.000000       -0.000000       -0.000000
     H    4       -0.000000        0.000000        0.000000
     H    4       -0.000000        0.000000       -0.000000
 
     C    5       -0.037743        0.034490       -0.061007
     C    5        0.034490       -0.050488       -0.075439
     C    5       -0.061007       -0.075439        0.088230
 
     H    6        0.000000       -0.000000       -0.000000
     H    6       -0.000000        0.000000        0.000000
     H    6       -0.000000        0.000000       -0.000000
 
     H    7        0.000000       -0.000000       -0.000000
     H    7       -0.000000        0.000000        0.000000
     H    7       -0.000000        0.000000       -0.000000
 
     C    8       -0.052892       -0.024456       -0.038152
     C    8       -0.024456       -0.040245        0.087848
     C    8       -0.038152        0.087848        0.093138
 
     H    9        0.000000       -0.000000       -0.000000
     H    9       -0.000000        0.000000        0.000000
     H    9       -0.000000        0.000000       -0.000000
 
     C   10       -0.066666       -0.029254       -0.052185
     C   10       -0.029254       -0.024560        0.075769
     C   10       -0.052185        0.075769        0.091227
 
     C   11        0.046277        0.153295       -0.071751
     C   11        0.153295       -0.008120        0.066523
     C   11       -0.071751        0.066523       -0.038157
 
     Cl  12        1.501362        2.482459       -0.202903
     Cl  12        2.482459        0.105531       -0.009532
     Cl  12       -0.202903       -0.009532       -1.606893
 
     H   13        0.000000       -0.000000       -0.000000
     H   13       -0.000000        0.000000        0.000000
     H   13       -0.000000        0.000000       -0.000000
 
     C   14       -0.032504        0.037860       -0.065057
     C   14        0.037860       -0.047380       -0.075231
     C   14       -0.065057       -0.075231        0.079885
 
     H   15        0.000000       -0.000000       -0.000000
     H   15       -0.000000        0.000000        0.000000
     H   15       -0.000000        0.000000       -0.000000
 
     C   16       -0.055353        0.037764       -0.074821
     C   16        0.037764       -0.020294       -0.067675
     C   16       -0.074821       -0.067675        0.075647
 
     C   17        0.056849       -0.140549       -0.070056
     C   17       -0.140549       -0.007301       -0.074200
     C   17       -0.070056       -0.074200       -0.049548
 
     Cl  18        1.561802       -2.454158       -0.255921
     Cl  18       -2.454158        0.030295        0.023144
     Cl  18       -0.255921        0.023144       -1.592097
 
     H   19        0.000000       -0.000000       -0.000000
     H   19       -0.000000        0.000000        0.000000
     H   19       -0.000000        0.000000       -0.000000
 
     C   20       -0.040959       -0.033580       -0.047781
     C   20       -0.033580       -0.039261        0.089117
     C   20       -0.047781        0.089117        0.080220
 
     H   21        0.000000       -0.000000       -0.000000
     H   21       -0.000000        0.000000        0.000000
     H   21       -0.000000        0.000000       -0.000000
 
     C   22       -0.067740       -0.032307       -0.054853
     C   22       -0.032307       -0.010996        0.085704
     C   22       -0.054853        0.085704        0.078736
 
     C   23        0.042128        0.129894       -0.086876
     C   23        0.129894       -0.021562        0.060129
     C   23       -0.086876        0.060129       -0.020566
 
     Cl  24        1.723904        2.098353       -0.950941
     Cl  24        2.098353       -0.425457       -0.426525
     Cl  24       -0.950941       -0.426525       -1.298447
 
     ----- total EFG -----
     Cl   1        1.541473       -2.697442       -0.038030
     Cl   1       -2.697442        0.197440       -0.186651
     Cl   1       -0.038030       -0.186651       -1.738913
 
     C    2        0.076659       -0.249656       -0.146607
     C    2       -0.249656       -0.035618       -0.184794
     C    2       -0.146607       -0.184794       -0.041041
 
     C    3       -0.096517        0.093614       -0.159945
     C    3        0.093614       -0.072666       -0.153942
     C    3       -0.159945       -0.153942        0.169184
 
     H    4        0.166133        0.074597        0.184519
     H    4        0.074597       -0.123120        0.049748
     H    4        0.184519        0.049748       -0.043013
 
     C    5       -0.096204        0.081174       -0.142978
     C    5        0.081174       -0.102283       -0.161425
     C    5       -0.142978       -0.161425        0.198487
 
     H    6       -0.145155        0.020532        0.018635
     H    6        0.020532        0.193107        0.181946
     H    6        0.018635        0.181946       -0.047952
 
     H    7       -0.135255       -0.040927        0.029449
     H    7       -0.040927        0.183640       -0.181538
     H    7        0.029449       -0.181538       -0.048385
 
     C    8       -0.131236       -0.058427       -0.088767
     C    8       -0.058427       -0.080980        0.188979
     C    8       -0.088767        0.188979        0.212217
 
     H    9        0.210216       -0.083322        0.148091
     H    9       -0.083322       -0.121348       -0.040295
     H    9        0.148091       -0.040295       -0.088868
 
     C   10       -0.139896       -0.071674       -0.112213
     C   10       -0.071674       -0.067838        0.168213
     C   10       -0.112213        0.168213        0.207734
 
     C   11        0.070562        0.290520       -0.160096
     C   11        0.290520       -0.023128        0.154881
     C   11       -0.160096        0.154881       -0.047434
 
     Cl  12        1.643526        2.717373       -0.219894
     Cl  12        2.717373        0.117411       -0.011043
     Cl  12       -0.219894       -0.011043       -1.760937
 
     H   13       -0.143512        0.026727        0.017632
     H   13        0.026727        0.210222        0.171101
     H   13        0.017632        0.171101       -0.066710
 
     C   14       -0.087283        0.087800       -0.150649
     C   14        0.087800       -0.095398       -0.160958
     C   14       -0.150649       -0.160958        0.182680
 
     H   15        0.156695        0.067356        0.194755
     H   15        0.067356       -0.125206        0.050353
     H   15        0.194755        0.050353       -0.031489
 
     C   16       -0.114722        0.090982       -0.161297
     C   16        0.090982       -0.058677       -0.152936
     C   16       -0.161297       -0.152936        0.173399
 
     C   17        0.091871       -0.266228       -0.155769
     C   17       -0.266228       -0.024374       -0.171662
     C   17       -0.155769       -0.171662       -0.067497
 
     Cl  18        1.711702       -2.686685       -0.276428
     Cl  18       -2.686685        0.033257        0.025693
     Cl  18       -0.276428        0.025693       -1.744959
 
     H   19       -0.134055       -0.038067        0.026802
     H   19       -0.038067        0.164822       -0.189816
     H   19        0.026802       -0.189816       -0.030767
 
     C   20       -0.104307       -0.080903       -0.112284
     C   20       -0.080903       -0.077712        0.190704
     C   20       -0.112284        0.190704        0.182019
 
     H   21        0.201828       -0.069093        0.162390
     H   21       -0.069093       -0.121236       -0.038296
     H   21        0.162390       -0.038296       -0.080592
 
     C   22       -0.141084       -0.078421       -0.117196
     C   22       -0.078421       -0.034065        0.191188
     C   22       -0.117196        0.191188        0.175149
 
     C   23        0.055812        0.246661       -0.175703
     C   23        0.246661       -0.040869        0.149534
     C   23       -0.175703        0.149534       -0.014942
 
     Cl  24        1.887962        2.297959       -1.036361
     Cl  24        2.297959       -0.464883       -0.466665
     Cl  24       -1.036361       -0.466665       -1.423079
 
     ----- total EFG (symmetrized) -----
     Cl   1        1.541473       -2.697442       -0.038030
     Cl   1       -2.697442        0.197440       -0.186651
     Cl   1       -0.038030       -0.186651       -1.738913
 
     C    2        0.076659       -0.249656       -0.146607
     C    2       -0.249656       -0.035618       -0.184794
     C    2       -0.146607       -0.184794       -0.041041
 
     C    3       -0.096517        0.093614       -0.159945
     C    3        0.093614       -0.072666       -0.153942
     C    3       -0.159945       -0.153942        0.169184
 
     H    4        0.166133        0.074597        0.184519
     H    4        0.074597       -0.123120        0.049748
     H    4        0.184519        0.049748       -0.043013
 
     C    5       -0.096204        0.081174       -0.142978
     C    5        0.081174       -0.102283       -0.161425
     C    5       -0.142978       -0.161425        0.198487
 
     H    6       -0.145155        0.020532        0.018635
     H    6        0.020532        0.193107        0.181946
     H    6        0.018635        0.181946       -0.047952
 
     H    7       -0.135255       -0.040927        0.029449
     H    7       -0.040927        0.183640       -0.181538
     H    7        0.029449       -0.181538       -0.048385
 
     C    8       -0.131236       -0.058427       -0.088767
     C    8       -0.058427       -0.080980        0.188979
     C    8       -0.088767        0.188979        0.212217
 
     H    9        0.210216       -0.083322        0.148091
     H    9       -0.083322       -0.121348       -0.040295
     H    9        0.148091       -0.040295       -0.088868
 
     C   10       -0.139896       -0.071674       -0.112213
     C   10       -0.071674       -0.067838        0.168213
     C   10       -0.112213        0.168213        0.207734
 
     C   11        0.070562        0.290520       -0.160096
     C   11        0.290520       -0.023128        0.154881
     C   11       -0.160096        0.154881       -0.047434
 
     Cl  12        1.643526        2.717373       -0.219894
     Cl  12        2.717373        0.117411       -0.011043
     Cl  12       -0.219894       -0.011043       -1.760937
 
     H   13       -0.143512        0.026727        0.017632
     H   13        0.026727        0.210222        0.171101
     H   13        0.017632        0.171101       -0.066710
 
     C   14       -0.087283        0.087800       -0.150649
     C   14        0.087800       -0.095398       -0.160958
     C   14       -0.150649       -0.160958        0.182680
 
     H   15        0.156695        0.067356        0.194755
     H   15        0.067356       -0.125206        0.050353
     H   15        0.194755        0.050353       -0.031489
 
     C   16       -0.114722        0.090982       -0.161297
     C   16        0.090982       -0.058677       -0.152936
     C   16       -0.161297       -0.152936        0.173399
 
     C   17        0.091871       -0.266228       -0.155769
     C   17       -0.266228       -0.024374       -0.171662
     C   17       -0.155769       -0.171662       -0.067497
 
     Cl  18        1.711702       -2.686685       -0.276428
     Cl  18       -2.686685        0.033257        0.025693
     Cl  18       -0.276428        0.025693       -1.744959
 
     H   19       -0.134055       -0.038067        0.026802
     H   19       -0.038067        0.164822       -0.189816
     H   19        0.026802       -0.189816       -0.030767
 
     C   20       -0.104307       -0.080903       -0.112284
     C   20       -0.080903       -0.077712        0.190704
     C   20       -0.112284        0.190704        0.182019
 
     H   21        0.201828       -0.069093        0.162390
     H   21       -0.069093       -0.121236       -0.038296
     H   21        0.162390       -0.038296       -0.080592
 
     C   22       -0.141084       -0.078421       -0.117196
     C   22       -0.078421       -0.034065        0.191188
     C   22       -0.117196        0.191188        0.175149
 
     C   23        0.055812        0.246661       -0.175703
     C   23        0.246661       -0.040869        0.149534
     C   23       -0.175703        0.149534       -0.014942
 
     Cl  24        1.887962        2.297959       -1.036361
     Cl  24        2.297959       -0.464883       -0.466665
     Cl  24       -1.036361       -0.466665       -1.423079
 
 
     NQR/NMR SPECTROSCOPIC PARAMETERS:
     Cl   1    Vxx=   -1.6348    axis=(  0.334658  0.406055 -0.850367)
     Cl   1    Vyy=   -2.0159    axis=( -0.517453 -0.674993 -0.525954)
     Cl   1    Vzz=    3.6507    axis=( -0.787558  0.616039 -0.015777)
     Cl   1  Q=        -8.1650 1e-30 m^2  Cq=       -70.0366 MHz  eta= 0.10438
 
     C    2    Vxx=    0.1169    axis=( -0.351561 -0.431269  0.830910)
     C    2    Vyy=    0.2764    axis=( -0.779474  0.626417 -0.004668)
     C    2    Vzz=   -0.3933    axis=( -0.518483 -0.649314 -0.556387)
     C    2  Q=         1.0000 1e-30 m^2  Cq=        -0.9241 MHz  eta= 0.40555
 
     C    3    Vxx=   -0.1427    axis=(  0.316962  0.775833  0.545545)
     C    3    Vyy=   -0.1824    axis=( -0.859156  0.478509 -0.181330)
     C    3    Vzz=    0.3251    axis=( -0.401729 -0.411233  0.818230)
     C    3  Q=         1.0000 1e-30 m^2  Cq=         0.7638 MHz  eta= 0.12226
 
     H    4    Vxx=   -0.1398    axis=( -0.386425  0.876814  0.286136)
     H    4    Vyy=   -0.1531    axis=( -0.373325 -0.432379  0.820778)
     H    4    Vzz=    0.2929    axis=( -0.843389 -0.210347 -0.494418)
     H    4  Q=         1.0000 1e-30 m^2  Cq=         0.6882 MHz  eta= 0.04570
 
     C    5    Vxx=   -0.1480    axis=(  0.776798  0.383751  0.499320)
     C    5    Vyy=   -0.1833    axis=(  0.518376 -0.839866 -0.160968)
     C    5    Vzz=    0.3313    axis=( -0.357591 -0.383875  0.851333)
     C    5  Q=         1.0000 1e-30 m^2  Cq=         0.7785 MHz  eta= 0.10659
 
     H    6    Vxx=   -0.1395    axis=(  0.675123 -0.385656  0.628871)
     H    6    Vyy=   -0.1530    axis=( -0.735147 -0.280790  0.617021)
     H    6    Vzz=    0.2925    axis=(  0.061377  0.878878  0.473082)
     H    6  Q=         1.0000 1e-30 m^2  Cq=         0.6872 MHz  eta= 0.04591
 
     H    7    Vxx=   -0.1375    axis=( -0.853468 -0.334608 -0.399536)
     H    7    Vyy=   -0.1515    axis=( -0.507802  0.361581  0.781918)
     H    7    Vzz=    0.2890    axis=(  0.117171 -0.870228  0.478513)
     H    7  Q=         1.0000 1e-30 m^2  Cq=         0.6790 MHz  eta= 0.04825
 
     C    8    Vxx=   -0.1485    axis=(  0.863215 -0.327676  0.384041)
     C    8    Vyy=   -0.1804    axis=( -0.452690 -0.839132  0.301545)
     C    8    Vzz=    0.3290    axis=( -0.223452  0.434150  0.872687)
     C    8  Q=         1.0000 1e-30 m^2  Cq=         0.7729 MHz  eta= 0.09685
 
     H    9    Vxx=   -0.1392    axis=(  0.354528  0.867753 -0.348302)
     H    9    Vyy=   -0.1526    axis=( -0.248346  0.446504  0.859627)
     H    9    Vzz=    0.2918    axis=( -0.901462  0.218263 -0.373801)
     H    9  Q=         1.0000 1e-30 m^2  Cq=         0.6856 MHz  eta= 0.04580
 
     C   10    Vxx=   -0.1405    axis=( -0.382251  0.777815 -0.498887)
     C   10    Vyy=   -0.1845    axis=(  0.882613  0.467199  0.052147)
     C   10    Vzz=    0.3250    axis=( -0.273640  0.420391  0.865097)
     C   10  Q=         1.0000 1e-30 m^2  Cq=         0.7636 MHz  eta= 0.13527
 
     C   11    Vxx=    0.0878    axis=( -0.279951  0.450573  0.847709)
     C   11    Vyy=    0.3196    axis=( -0.777202 -0.624720  0.075384)
     C   11    Vzz=   -0.4074    axis=(  0.563547 -0.637737  0.525077)
     C   11  Q=         1.0000 1e-30 m^2  Cq=        -0.9572 MHz  eta= 0.56914
 
     Cl  12    Vxx=   -1.7028    axis=( -0.254052  0.384662  0.887408)
     Cl  12    Vyy=   -2.0062    axis=(  0.547980 -0.698796  0.459784)
     Cl  12    Vzz=    3.7090    axis=( -0.796979 -0.603091  0.033256)
     Cl  12  Q=        -8.1650 1e-30 m^2  Cq=       -71.1553 MHz  eta= 0.08182
 
     H   13    Vxx=   -0.1425    axis=(  0.797344 -0.311239  0.517081)
     H   13    Vyy=   -0.1517    axis=( -0.599181 -0.305623  0.739984)
     H   13    Vzz=    0.2942    axis=(  0.072279  0.899847  0.430175)
     H   13  Q=         1.0000 1e-30 m^2  Cq=         0.6912 MHz  eta= 0.03108
 
     C   14    Vxx=   -0.1479    axis=(  0.737139  0.411249  0.536191)
     C   14    Vyy=   -0.1809    axis=(  0.555106 -0.821005 -0.133446)
     C   14    Vzz=    0.3288    axis=( -0.385336 -0.396011  0.833482)
     C   14  Q=         1.0000 1e-30 m^2  Cq=         0.7726 MHz  eta= 0.10050
 
     H   15    Vxx=   -0.1389    axis=( -0.371076  0.893119  0.254245)
     H   15    Vyy=   -0.1567    axis=( -0.418117 -0.405166  0.813031)
     H   15    Vzz=    0.2956    axis=( -0.829145 -0.195392 -0.523776)
     H   15  Q=         1.0000 1e-30 m^2  Cq=         0.6945 MHz  eta= 0.06049
 
     C   16    Vxx=   -0.1333    axis=(  0.136162  0.856098  0.498553)
     C   16    Vyy=   -0.1936    axis=( -0.912204  0.304648 -0.273996)
     C   16    Vzz=    0.3268    axis=( -0.386451 -0.417475  0.822418)
     C   16  Q=         1.0000 1e-30 m^2  Cq=         0.7679 MHz  eta= 0.18446
 
     C   17    Vxx=    0.0930    axis=( -0.317417 -0.477870  0.819077)
     C   17    Vyy=    0.3069    axis=( -0.790887  0.609967  0.049377)
     C   17    Vzz=   -0.3999    axis=( -0.523206 -0.632124 -0.571555)
     C   17  Q=         1.0000 1e-30 m^2  Cq=        -0.9397 MHz  eta= 0.53484
 
     Cl  18    Vxx=   -1.6780    axis=( -0.250469 -0.406420  0.878686)
     Cl  18    Vyy=   -2.0195    axis=( -0.537001 -0.696870 -0.475396)
     Cl  18    Vzz=    3.6976    axis=( -0.805540  0.590927  0.043703)
     Cl  18  Q=        -8.1650 1e-30 m^2  Cq=       -70.9365 MHz  eta= 0.09236
 
     H   19    Vxx=   -0.1381    axis=( -0.934391 -0.265954 -0.237028)
     H   19    Vyy=   -0.1476    axis=( -0.338840  0.458021  0.821830)
     H   19    Vzz=    0.2857    axis=(  0.110005 -0.848225  0.518086)
     H   19  Q=         1.0000 1e-30 m^2  Cq=         0.6713 MHz  eta= 0.03330
 
     C   20    Vxx=   -0.1395    axis=(  0.862999 -0.240757  0.444150)
     C   20    Vyy=   -0.1870    axis=( -0.403797 -0.857052  0.320016)
     C   20    Vzz=    0.3266    axis=( -0.303614  0.455520  0.836851)
     C   20  Q=         1.0000 1e-30 m^2  Cq=         0.7673 MHz  eta= 0.14549
 
     H   21    Vxx=   -0.1344    axis=(  0.284225  0.940023 -0.188606)
     H   21    Vyy=   -0.1564    axis=( -0.349648  0.284799  0.892545)
     H   21    Vzz=    0.2909    axis=( -0.892728  0.187738 -0.409624)
     H   21  Q=         1.0000 1e-30 m^2  Cq=         0.6834 MHz  eta= 0.07558
 
     C   22    Vxx=   -0.1459    axis=( -0.185220  0.813155 -0.551790)
     C   22    Vyy=   -0.1846    axis=( -0.940114 -0.310125 -0.141452)
     C   22    Vzz=    0.3305    axis=( -0.286146  0.492546  0.821900)
     C   22  Q=         1.0000 1e-30 m^2  Cq=         0.7766 MHz  eta= 0.11693
 
     C   23    Vxx=    0.1166    axis=( -0.147931  0.549371  0.822379)
     C   23    Vyy=    0.2679    axis=( -0.811224 -0.543042  0.216842)
     C   23    Vzz=   -0.3845    axis=(  0.565713 -0.635056  0.525996)
     C   23  Q=         1.0000 1e-30 m^2  Cq=        -0.9033 MHz  eta= 0.39365
 
     Cl  24    Vxx=   -1.6058    axis=( -0.073290  0.500473  0.862645)
     Cl  24    Vyy=   -1.9433    axis=(  0.545340 -0.704091  0.454818)
     Cl  24    Vzz=    3.5490    axis=(  0.835004  0.503768 -0.221325)
     Cl  24  Q=        -8.1650 1e-30 m^2  Cq=       -68.0866 MHz  eta= 0.09510
 
     Initialization:
     gipaw_setup  :      0.17s CPU      0.30s WALL (       1 calls)
 
     Linear response
 
     Apply operators
 
     Induced current
 
     Other routines
     efg          :      0.92s CPU      1.03s WALL (       1 calls)
 
     General routines
     calbec       :      0.05s CPU      0.05s WALL (      16 calls)
     fft          :      0.06s CPU      0.10s WALL (      15 calls)
     ffts         :      0.00s CPU      0.00s WALL (       2 calls)
     fftw         :      0.69s CPU      0.68s WALL (     672 calls)
     davcio       :      0.01s CPU      0.08s WALL (      32 calls)
 
     Parallel routines
     fft_scatter  :      0.56s CPU      0.57s WALL (     689 calls)
 
     Plugins
 
     GIPAW        :      4.05s CPU      4.94s WALL (       1 calls)
