
     Program QE v.6.0 starts on 20May2017 at 13:10:52 

     This program is part of the open-source Quantum ESPRESSO suite
     for quantum simulation of materials; please cite
         "P. Giannozzi et al., J. Phys.:Condens. Matter 21 395502 (2009);
          URL http://www.quantum-espresso.org", 
     in publications or presentations arising from this work. More details at
     http://www.quantum-espresso.org/quote
 
           ARCH :    x86_64
             CC :    icc
            CPP :    cpp
            F90 :    ifort
            F77 :    ifort
         DFLAGS :    -D__INTEL -D__DFTI
      BLAS LIBS :    -lmkl_intel_lp64  -lmkl_sequential -lmkl_core
    LAPACK LIBS :    
       FFT LIBS :    
      MASS LIBS :    

     Parallel version (MPI & OpenMP), running on      32 processor cores
     Number of MPI processes:                32
     Threads/MPI process:                     1
     R & G space division:  proc/nbgrp/npool/nimage =      32
 
     ***** This is GIPAW svn revision unknown      *****
 
     Parallelizing q-star over 1 images

     Reading data from directory:
     ./scratch/scf-664.save

   Info: using nr1, nr2, nr3 values from input

   Info: using nr1, nr2, nr3 values from input

     IMPORTANT: XC functional enforced from input :
     Exchange-correlation      =  SLA  PW   PBX  PBC ( 1  4  3  4 0 0)
     Any further DFT definition will be discarded
     Please, verify this is what you really want

               file C.pbe-n-kjpaw_psl.1.0.0.UPF: wavefunction(s)  2S 2P renormalized
               file Cl.pbe-n-kjpaw_psl.1.0.0.UPF: wavefunction(s)  3S 3P renormalized
               file H.pbe-kjpaw_psl.1.0.0.UPF: wavefunction(s)  1S renormalized
 
     Parallelization info
     --------------------
     sticks:   dense  smooth     PW     G-vecs:    dense   smooth      PW
     Min         764     305     83                36108     9133    1292
     Max         765     306     84                36110     9135    1293
     Sum       24467    9791   2657              1155489   292295   41363
 

     Subspace diagonalization in iterative solution of the eigenvalue problem:
     a serial algorithm will be used

     GIPAW projectors -----------------------------------------------
     atom=  C    l=0  rc=    1.2000  rs=    0.8000
     atom=  C    l=0  rc=    1.2000  rs=    0.8000
     atom=  C    l=1  rc=    1.4000  rs=    0.9333
     atom=  C    l=1  rc=    1.4000  rs=    0.9333
     projs nearly linearly dependent: l=1  n1,n2= 1, 2  s=  0.99951561
 
     atom=  Cl   l=0  rc=    1.6000  rs=    1.0667
     atom=  Cl   l=0  rc=    1.6000  rs=    1.0667
     atom=  Cl   l=1  rc=    1.6000  rs=    1.0667
     atom=  Cl   l=1  rc=    1.6000  rs=    1.0667
     atom=  Cl   l=2  rc=    1.6000  rs=    1.0667
     atom=  Cl   l=2  rc=    1.6000  rs=    1.0667
     projs nearly linearly dependent: l=2  n1,n2= 1, 2  s=  0.99993509
 
     atom=  H    l=0  rc=    1.0000  rs=    0.6667
     atom=  H    l=0  rc=    1.0000  rs=    0.6667
     projs nearly linearly dependent: l=0  n1,n2= 1, 2  s=  0.99968852
     -----------------------------------------------------------------
 
     GIPAW integrals: -------------------------------------------
     Atom  i/j   nmr_para   nmr_dia   epr_rmc  epr_para   epr_dia
       C   1 1   0.83E+03  0.17E-01  0.93E+01  0.24E+08  0.24E+03
       C   2 1   0.86E+03 -0.61E-01  0.94E+01  0.25E+08  0.25E+03
       C   2 2   0.90E+03 -0.15E+00  0.97E+01  0.26E+08  0.26E+03
       C   3 3   0.33E+01  0.34E+00  0.18E+01  0.55E+03  0.21E+02
       C   4 3   0.35E+01  0.37E+00  0.20E+01  0.59E+03  0.22E+02
       C   4 4   0.38E+01  0.39E+00  0.22E+01  0.63E+03  0.24E+02
       Cl  1 1   0.14E+04 -0.47E+00  0.84E+01  0.32E+09  0.42E+03
       Cl  2 1   0.21E+04 -0.37E+00  0.12E+02  0.49E+09  0.65E+03
       Cl  2 2   0.33E+04 -0.16E+00  0.21E+02  0.76E+09  0.10E+04
       Cl  3 3   0.21E+02  0.79E-01  0.89E+01  0.23E+05  0.13E+03
       Cl  4 3   0.24E+02  0.67E-01  0.99E+01  0.27E+05  0.15E+03
       Cl  4 4   0.28E+02  0.44E-01  0.11E+02  0.32E+05  0.18E+03
       Cl  5 5   0.77E+00  0.19E+00  0.18E+01  0.12E+03  0.22E+02
       Cl  6 5   0.80E+00  0.19E+00  0.19E+01  0.12E+03  0.23E+02
       Cl  6 6   0.83E+00  0.20E+00  0.19E+01  0.12E+03  0.23E+02
       H   1 1   0.39E+02  0.19E+00  0.29E+00  0.78E+05  0.13E+02
       H   2 1   0.41E+02  0.21E+00  0.32E+00  0.82E+05  0.14E+02
       H   2 2   0.43E+02  0.22E+00  0.36E+00  0.86E+05  0.15E+02
     ------------------------------------------------------------
 
     alpha_pv=     34.7083 eV
 
     Number of occupied bands for each k-point:
     k-point:     1    nbnd_occ=  42
     k-point:     2    nbnd_occ=  42
     k-point:     3    nbnd_occ=  42
     k-point:     4    nbnd_occ=  42
     k-point:     5    nbnd_occ=  42
     k-point:     6    nbnd_occ=  42
     k-point:     7    nbnd_occ=  42
     k-point:     8    nbnd_occ=  42
     k-point:     9    nbnd_occ=  42
     k-point:    10    nbnd_occ=  42
     k-point:    11    nbnd_occ=  42
     k-point:    12    nbnd_occ=  42
     k-point:    13    nbnd_occ=  42
     k-point:    14    nbnd_occ=  42
     k-point:    15    nbnd_occ=  42
     k-point:    16    nbnd_occ=  42
 
 
     q-space interpolation up to   110.00 Rydberg
 
     GIPAW job: efg                                                                             
 
 
     ELECTRIC FIELD GRADIENTS TENSORS IN Hartree/bohrradius^2:
 
     ----- bare term -----
     Cl   1       -0.005335        0.035759       -0.021039
     Cl   1        0.035759       -0.029359       -0.023591
     Cl   1       -0.021039       -0.023591        0.034694
 
     C    2        0.011532        0.300828       -0.501420
     C    2        0.300828       -0.090018       -0.406981
     C    2       -0.501420       -0.406981        0.078486
 
     C    3       -0.009939        0.381741       -0.360409
     C    3        0.381741       -0.203951       -0.447215
     C    3       -0.360409       -0.447215        0.213889
 
     H    4       -0.322830       -0.106939       -0.590291
     H    4       -0.106939        0.357432       -0.154380
     H    4       -0.590291       -0.154380       -0.034602
 
     C    5       -0.150166        0.371973       -0.443661
     C    5        0.371973       -0.098797       -0.328853
     C    5       -0.443661       -0.328853        0.248963
 
     H    6        0.396096       -0.045580       -0.029982
     H    6       -0.045580       -0.348432       -0.550895
     H    6       -0.029982       -0.550895       -0.047664
 
     H    7        0.343532        0.046625       -0.036095
     H    7        0.046625       -0.418856        0.543109
     H    7       -0.036095        0.543109        0.075325
 
     C    8       -0.401307       -0.250733       -0.322304
     C    8       -0.250733       -0.048738        0.407293
     C    8       -0.322304        0.407293        0.450045
 
     H    9       -0.450448        0.248007       -0.498059
     H    9        0.248007        0.289211        0.190980
     H    9       -0.498059        0.190980        0.161237
 
     C   10       -0.219023       -0.273231       -0.277820
     C   10       -0.273231       -0.179439        0.492004
     C   10       -0.277820        0.492004        0.398462
 
     C   11       -0.087508       -0.041736       -0.397490
     C   11       -0.041736       -0.113952        0.490322
     C   11       -0.397490        0.490322        0.201460
 
     Cl  12       -0.016933        0.054172       -0.020825
     Cl  12        0.054172        0.038393        0.009442
     Cl  12       -0.020825        0.009442       -0.021459
 
     H   13        0.406207       -0.036747       -0.040912
     H   13       -0.036747       -0.293218       -0.575921
     H   13       -0.040912       -0.575921       -0.112989
 
     C   14       -0.123896        0.405871       -0.435854
     C   14        0.405871       -0.031833       -0.324326
     C   14       -0.435854       -0.324326        0.155729
 
     H   15       -0.257130       -0.061788       -0.600483
     H   15       -0.061788        0.369801       -0.122228
     H   15       -0.600483       -0.122228       -0.112671
 
     C   16       -0.003964        0.400950       -0.349844
     C   16        0.400950       -0.147729       -0.476867
     C   16       -0.349844       -0.476867        0.151693
 
     C   17        0.008238        0.132471       -0.439163
     C   17        0.132471       -0.012132       -0.485837
     C   17       -0.439163       -0.485837        0.003894
 
     Cl  18        0.006651       -0.044810       -0.015022
     Cl  18       -0.044810        0.025699       -0.011462
     Cl  18       -0.015022       -0.011462       -0.032350
 
     H   19        0.392606        0.027848       -0.040297
     H   19        0.027848       -0.429903        0.563069
     H   19       -0.040297        0.563069        0.037297
 
     C   20       -0.349450       -0.285364       -0.325723
     C   20       -0.285364       -0.004449        0.424640
     C   20       -0.325723        0.424640        0.353899
 
     H   21       -0.399578        0.209999       -0.560128
     H   21        0.209999        0.354813        0.191266
     H   21       -0.560128        0.191266        0.044765
 
     C   22       -0.225275       -0.269956       -0.249735
     C   22       -0.269956       -0.110282        0.525246
     C   22       -0.249735        0.525246        0.335557
 
     C   23       -0.150864       -0.070446       -0.295322
     C   23       -0.070446       -0.111395        0.563841
     C   23       -0.295322        0.563841        0.262259
 
     Cl  24       -0.034866        0.016816       -0.036423
     Cl  24        0.016816        0.035032       -0.014460
     Cl  24       -0.036423       -0.014460       -0.000166
 
     ----- ionic term -----
     Cl   1        0.061636       -0.245813        0.048708
     Cl   1       -0.245813        0.108674       -0.033933
     Cl   1        0.048708       -0.033933       -0.170310
 
     C    2        0.012169       -0.349518        0.398551
     C    2       -0.349518        0.110487        0.309710
     C    2        0.398551        0.309710       -0.122656
 
     C    3       -0.009179       -0.308588        0.270484
     C    3       -0.308588        0.169094        0.359255
     C    3        0.270484        0.359255       -0.159916
 
     H    4        0.449649        0.137859        0.798910
     H    4        0.137859       -0.495442        0.185982
     H    4        0.798910        0.185982        0.045793
 
     C    5        0.127791       -0.288978        0.350480
     C    5       -0.288978        0.067872        0.236853
     C    5        0.350480        0.236853       -0.195664
 
     H    6       -0.540663        0.047459        0.040813
     H    6        0.047459        0.476108        0.763571
     H    6        0.040813        0.763571        0.064555
 
     H    7       -0.489390       -0.043897        0.039039
     H    7       -0.043897        0.584143       -0.743290
     H    7        0.039039       -0.743290       -0.094753
 
     C    8        0.327510        0.199773        0.253686
     C    8        0.199773        0.027862       -0.302470
     C    8        0.253686       -0.302470       -0.355372
 
     H    9        0.617239       -0.340857        0.670494
     H    9       -0.340857       -0.403174       -0.250232
     H    9        0.670494       -0.250232       -0.214065
 
     C   10        0.151398        0.221350        0.203306
     C   10        0.221350        0.149513       -0.395865
     C   10        0.203306       -0.395865       -0.300910
 
     C   11        0.121259        0.175875        0.307440
     C   11        0.175875        0.120252       -0.390803
     C   11        0.307440       -0.390803       -0.241512
 
     Cl  12        0.090210        0.190789        0.030606
     Cl  12        0.190789        0.045638        0.012053
     Cl  12        0.030606        0.012053       -0.135848
 
     H   13       -0.548654        0.035068        0.048632
     H   13        0.035068        0.406026        0.787929
     H   13        0.048632        0.787929        0.142628
 
     C   14        0.112034       -0.323418        0.346783
     C   14       -0.323418        0.011284        0.240214
     C   14        0.346783        0.240214       -0.123318
 
     H   15        0.361034        0.076557        0.815602
     H   15        0.076557       -0.513553        0.144695
     H   15        0.815602        0.144695        0.152519
 
     C   16       -0.012618       -0.320338        0.254334
     C   16       -0.320338        0.123147        0.382145
     C   16        0.254334        0.382145       -0.110529
 
     C   17        0.032652       -0.246592        0.344488
     C   17       -0.246592        0.061267        0.384227
     C   17        0.344488        0.384227       -0.093919
 
     Cl  18        0.065349       -0.194822        0.028063
     Cl  18       -0.194822        0.061901       -0.010061
     Cl  18        0.028063       -0.010061       -0.127250
 
     H   19       -0.532881       -0.026730        0.042312
     H   19       -0.026730        0.585389       -0.762379
     H   19        0.042312       -0.762379       -0.052508
 
     C   20        0.294662        0.223172        0.251468
     C   20        0.223172       -0.014643       -0.319715
     C   20        0.251468       -0.319715       -0.280019
 
     H   21        0.547654       -0.284709        0.744776
     H   21       -0.284709       -0.472769       -0.248716
     H   21        0.744776       -0.248716       -0.074886
 
     C   22        0.156222        0.220288        0.176206
     C   22        0.220288        0.101171       -0.424070
     C   22        0.176206       -0.424070       -0.257393
 
     C   23        0.169210        0.175689        0.199121
     C   23        0.175689        0.113668       -0.465670
     C   23        0.199121       -0.465670       -0.282878
 
     Cl  24        0.097185        0.211946       -0.028204
     Cl  24        0.211946        0.037542       -0.033684
     Cl  24       -0.028204       -0.033684       -0.134727
 
     ----- GIPAW term -----
     Cl   1        0.605011       -2.227431        0.275790
     Cl   1       -2.227431        0.808593       -0.638865
     Cl   1        0.275790       -0.638865       -1.413604
 
     C    2        0.029556       -0.076627       -0.074535
     C    2       -0.076627        0.029912       -0.085018
     C    2       -0.074535       -0.085018       -0.059468
 
     C    3       -0.019150        0.058602       -0.075548
     C    3        0.058602       -0.021001       -0.069649
     C    3       -0.075548       -0.069649        0.040152
 
     H    4        0.000000       -0.000000       -0.000000
     H    4       -0.000000        0.000000        0.000000
     H    4       -0.000000        0.000000       -0.000000
 
     C    5       -0.005967        0.064200       -0.071799
     C    5        0.064200       -0.031513       -0.083622
     C    5       -0.071799       -0.083622        0.037480
 
     H    6        0.000000       -0.000000       -0.000000
     H    6       -0.000000        0.000000        0.000000
     H    6       -0.000000        0.000000       -0.000000
 
     H    7        0.000000       -0.000000       -0.000000
     H    7       -0.000000        0.000000        0.000000
     H    7       -0.000000        0.000000       -0.000000
 
     C    8       -0.049409       -0.041090       -0.052213
     C    8       -0.041090       -0.024368        0.090010
     C    8       -0.052213        0.090010        0.073776
 
     H    9        0.000000       -0.000000       -0.000000
     H    9       -0.000000        0.000000        0.000000
     H    9       -0.000000        0.000000       -0.000000
 
     C   10       -0.059588       -0.036608       -0.065735
     C   10       -0.036608       -0.015282        0.078031
     C   10       -0.065735        0.078031        0.074870
 
     C   11        0.044359        0.153653       -0.065489
     C   11        0.153653        0.016919        0.080550
     C   11       -0.065489        0.080550       -0.061279
 
     Cl  12        0.758629        2.589171        0.081829
     Cl  12        2.589171        0.881994        0.237971
     Cl  12        0.081829        0.237971       -1.640623
 
     H   13        0.000000       -0.000000       -0.000000
     H   13       -0.000000        0.000000        0.000000
     H   13       -0.000000        0.000000       -0.000000
 
     C   14        0.001110        0.063203       -0.066998
     C   14        0.063203       -0.022800       -0.074894
     C   14       -0.066998       -0.074894        0.021690
 
     H   15        0.000000       -0.000000       -0.000000
     H   15       -0.000000        0.000000        0.000000
     H   15       -0.000000        0.000000       -0.000000
 
     C   16       -0.015595        0.060621       -0.084852
     C   16        0.060621       -0.014205       -0.079238
     C   16       -0.084852       -0.079238        0.029800
 
     C   17        0.051555       -0.135738       -0.070664
     C   17       -0.135738        0.054720       -0.085677
     C   17       -0.070664       -0.085677       -0.106275
 
     Cl  18        0.761847       -2.535665        0.111930
     Cl  18       -2.535665        0.905857       -0.235181
     Cl  18        0.111930       -0.235181       -1.667704
 
     H   19        0.000000       -0.000000       -0.000000
     H   19       -0.000000        0.000000        0.000000
     H   19       -0.000000        0.000000       -0.000000
 
     C   20       -0.031982       -0.047859       -0.056746
     C   20       -0.047859       -0.023577        0.091567
     C   20       -0.056746        0.091567        0.055559
 
     H   21        0.000000       -0.000000       -0.000000
     H   21       -0.000000        0.000000        0.000000
     H   21       -0.000000        0.000000       -0.000000
 
     C   22       -0.061441       -0.032694       -0.066459
     C   22       -0.032694       -0.001325        0.081365
     C   22       -0.066459        0.081365        0.062765
 
     C   23        0.034878        0.124703       -0.086156
     C   23        0.124703        0.011470        0.070256
     C   23       -0.086156        0.070256       -0.046348
 
     Cl  24        0.625016        2.414776       -0.725879
     Cl  24        2.414776        0.776664       -0.519779
     Cl  24       -0.725879       -0.519779       -1.401680
 
     ----- total EFG -----
     Cl   1        0.661312       -2.437484        0.303459
     Cl   1       -2.437484        0.887908       -0.696389
     Cl   1        0.303459       -0.696389       -1.549221
 
     C    2        0.053257       -0.125317       -0.177404
     C    2       -0.125317        0.050381       -0.182289
     C    2       -0.177404       -0.182289       -0.103638
 
     C    3       -0.038268        0.131755       -0.165473
     C    3        0.131755       -0.055858       -0.157609
     C    3       -0.165473       -0.157609        0.094125
 
     H    4        0.126819        0.030920        0.208619
     H    4        0.030920       -0.138010        0.031603
     H    4        0.208619        0.031603        0.011191
 
     C    5       -0.028342        0.147195       -0.164980
     C    5        0.147195       -0.062438       -0.175622
     C    5       -0.164980       -0.175622        0.090780
 
     H    6       -0.144566        0.001879        0.010831
     H    6        0.001879        0.127676        0.212676
     H    6        0.010831        0.212676        0.016890
 
     H    7       -0.145859        0.002727        0.002945
     H    7        0.002727        0.165287       -0.200181
     H    7        0.002945       -0.200181       -0.019428
 
     C    8       -0.123205       -0.092049       -0.120831
     C    8       -0.092049       -0.045244        0.194833
     C    8       -0.120831        0.194833        0.168449
 
     H    9        0.166791       -0.092851        0.172435
     H    9       -0.092851       -0.113963       -0.059252
     H    9        0.172435       -0.059252       -0.052828
 
     C   10       -0.127213       -0.088488       -0.140249
     C   10       -0.088488       -0.045208        0.174170
     C   10       -0.140249        0.174170        0.172422
 
     C   11        0.078110        0.287793       -0.155538
     C   11        0.287793        0.023220        0.180069
     C   11       -0.155538        0.180069       -0.101330
 
     Cl  12        0.831905        2.834132        0.091610
     Cl  12        2.834132        0.966025        0.259467
     Cl  12        0.091610        0.259467       -1.797930
 
     H   13       -0.142447       -0.001680        0.007720
     H   13       -0.001680        0.112809        0.212007
     H   13        0.007720        0.212007        0.029638
 
     C   14       -0.010753        0.145656       -0.156068
     C   14        0.145656       -0.043348       -0.159006
     C   14       -0.156068       -0.159006        0.054101
 
     H   15        0.103904        0.014769        0.215119
     H   15        0.014769       -0.143752        0.022468
     H   15        0.215119        0.022468        0.039848
 
     C   16       -0.032177        0.141233       -0.180363
     C   16        0.141233       -0.038787       -0.173961
     C   16       -0.180363       -0.173961        0.070963
 
     C   17        0.092445       -0.249859       -0.165339
     C   17       -0.249859        0.103855       -0.187288
     C   17       -0.165339       -0.187288       -0.196300
 
     Cl  18        0.833846       -2.775297        0.124972
     Cl  18       -2.775297        0.993457       -0.256704
     Cl  18        0.124972       -0.256704       -1.827304
 
     H   19       -0.140275        0.001118        0.002015
     H   19        0.001118        0.155485       -0.199311
     H   19        0.002015       -0.199311       -0.015210
 
     C   20       -0.086770       -0.110051       -0.131001
     C   20       -0.110051       -0.042669        0.196491
     C   20       -0.131001        0.196491        0.129439
 
     H   21        0.148076       -0.074710        0.184648
     H   21       -0.074710       -0.117956       -0.057450
     H   21        0.184648       -0.057450       -0.030120
 
     C   22       -0.130494       -0.082362       -0.139987
     C   22       -0.082362       -0.010435        0.182540
     C   22       -0.139987        0.182540        0.140929
 
     C   23        0.053225        0.229946       -0.182358
     C   23        0.229946        0.013743        0.168428
     C   23       -0.182358        0.168428       -0.066967
 
     Cl  24        0.687335        2.643538       -0.790506
     Cl  24        2.643538        0.849238       -0.567924
     Cl  24       -0.790506       -0.567924       -1.536572
 
     ----- total EFG (symmetrized) -----
     Cl   1        0.661312       -2.437484        0.303459
     Cl   1       -2.437484        0.887908       -0.696389
     Cl   1        0.303459       -0.696389       -1.549221
 
     C    2        0.053257       -0.125317       -0.177404
     C    2       -0.125317        0.050381       -0.182289
     C    2       -0.177404       -0.182289       -0.103638
 
     C    3       -0.038268        0.131755       -0.165473
     C    3        0.131755       -0.055858       -0.157609
     C    3       -0.165473       -0.157609        0.094125
 
     H    4        0.126819        0.030920        0.208619
     H    4        0.030920       -0.138010        0.031603
     H    4        0.208619        0.031603        0.011191
 
     C    5       -0.028342        0.147195       -0.164980
     C    5        0.147195       -0.062438       -0.175622
     C    5       -0.164980       -0.175622        0.090780
 
     H    6       -0.144566        0.001879        0.010831
     H    6        0.001879        0.127676        0.212676
     H    6        0.010831        0.212676        0.016890
 
     H    7       -0.145859        0.002727        0.002945
     H    7        0.002727        0.165287       -0.200181
     H    7        0.002945       -0.200181       -0.019428
 
     C    8       -0.123205       -0.092049       -0.120831
     C    8       -0.092049       -0.045244        0.194833
     C    8       -0.120831        0.194833        0.168449
 
     H    9        0.166791       -0.092851        0.172435
     H    9       -0.092851       -0.113963       -0.059252
     H    9        0.172435       -0.059252       -0.052828
 
     C   10       -0.127213       -0.088488       -0.140249
     C   10       -0.088488       -0.045208        0.174170
     C   10       -0.140249        0.174170        0.172422
 
     C   11        0.078110        0.287793       -0.155538
     C   11        0.287793        0.023220        0.180069
     C   11       -0.155538        0.180069       -0.101330
 
     Cl  12        0.831905        2.834132        0.091610
     Cl  12        2.834132        0.966025        0.259467
     Cl  12        0.091610        0.259467       -1.797930
 
     H   13       -0.142447       -0.001680        0.007720
     H   13       -0.001680        0.112809        0.212007
     H   13        0.007720        0.212007        0.029638
 
     C   14       -0.010753        0.145656       -0.156068
     C   14        0.145656       -0.043348       -0.159006
     C   14       -0.156068       -0.159006        0.054101
 
     H   15        0.103904        0.014769        0.215119
     H   15        0.014769       -0.143752        0.022468
     H   15        0.215119        0.022468        0.039848
 
     C   16       -0.032177        0.141233       -0.180363
     C   16        0.141233       -0.038787       -0.173961
     C   16       -0.180363       -0.173961        0.070963
 
     C   17        0.092445       -0.249859       -0.165339
     C   17       -0.249859        0.103855       -0.187288
     C   17       -0.165339       -0.187288       -0.196300
 
     Cl  18        0.833846       -2.775297        0.124972
     Cl  18       -2.775297        0.993457       -0.256704
     Cl  18        0.124972       -0.256704       -1.827304
 
     H   19       -0.140275        0.001118        0.002015
     H   19        0.001118        0.155485       -0.199311
     H   19        0.002015       -0.199311       -0.015210
 
     C   20       -0.086770       -0.110051       -0.131001
     C   20       -0.110051       -0.042669        0.196491
     C   20       -0.131001        0.196491        0.129439
 
     H   21        0.148076       -0.074710        0.184648
     H   21       -0.074710       -0.117956       -0.057450
     H   21        0.184648       -0.057450       -0.030120
 
     C   22       -0.130494       -0.082362       -0.139987
     C   22       -0.082362       -0.010435        0.182540
     C   22       -0.139987        0.182540        0.140929
 
     C   23        0.053225        0.229946       -0.182358
     C   23        0.229946        0.013743        0.168428
     C   23       -0.182358        0.168428       -0.066967
 
     Cl  24        0.687335        2.643538       -0.790506
     Cl  24        2.643538        0.849238       -0.567924
     Cl  24       -0.790506       -0.567924       -1.536572
 
 
     NQR/NMR SPECTROSCOPIC PARAMETERS:
     Cl   1    Vxx=   -1.4011    axis=( -0.580885 -0.403489  0.706943)
     Cl   1    Vyy=   -1.9184    axis=(  0.450986  0.563477  0.692174)
     Cl   1    Vzz=    3.3195    axis=(  0.677631 -0.720896  0.145347)
     Cl   1  Q=        -8.1650 1e-30 m^2  Cq=       -63.6832 MHz  eta= 0.15584
 
     C    2    Vxx=    0.1661    axis=(  0.595052  0.427650 -0.680462)
     C    2    Vyy=    0.1773    axis=( -0.644444  0.759795 -0.086048)
     C    2    Vzz=   -0.3434    axis=(  0.480213  0.489723  0.727714)
     C    2  Q=         1.0000 1e-30 m^2  Cq=        -0.8068 MHz  eta= 0.03278
 
     C    3    Vxx=   -0.1390    axis=(  0.545697  0.461471  0.699471)
     C    3    Vyy=   -0.1792    axis=( -0.665553  0.745857  0.027162)
     C    3    Vzz=    0.3181    axis=( -0.509171 -0.480357  0.714145)
     C    3  Q=         1.0000 1e-30 m^2  Cq=         0.7474 MHz  eta= 0.12642
 
     H    4    Vxx=   -0.1381    axis=(  0.409011 -0.821320 -0.397672)
     H    4    Vyy=   -0.1519    axis=(  0.455156  0.561329 -0.691190)
     H    4    Vzz=    0.2900    axis=( -0.790913 -0.101702 -0.603418)
     H    4  Q=         1.0000 1e-30 m^2  Cq=         0.6813 MHz  eta= 0.04741
 
     C    5    Vxx=   -0.1390    axis=(  0.685117  0.251159  0.683764)
     C    5    Vyy=   -0.1983    axis=(  0.515021 -0.830838 -0.210859)
     C    5    Vzz=    0.3373    axis=(  0.515138  0.496616 -0.698573)
     C    5  Q=         1.0000 1e-30 m^2  Cq=         0.7925 MHz  eta= 0.17557
 
     H    6    Vxx=   -0.1386    axis=(  0.769144 -0.402179  0.496658)
     H    6    Vyy=   -0.1537    axis=( -0.638805 -0.461246  0.615776)
     H    6    Vzz=    0.2922    axis=(  0.018571  0.790889  0.611678)
     H    6  Q=         1.0000 1e-30 m^2  Cq=         0.6866 MHz  eta= 0.05166
 
     H    7    Vxx=   -0.1427    axis=(  0.776798  0.338377  0.531117)
     H    7    Vyy=   -0.1507    axis=(  0.629748 -0.419552 -0.653754)
     H    7    Vzz=    0.2934    axis=( -0.001616 -0.842305  0.538999)
     H    7  Q=         1.0000 1e-30 m^2  Cq=         0.6893 MHz  eta= 0.02752
 
     C    8    Vxx=   -0.1490    axis=( -0.539979  0.609999 -0.579934)
     C    8    Vyy=   -0.1847    axis=( -0.780945 -0.620092  0.074903)
     C    8    Vzz=    0.3337    axis=( -0.313921  0.493343  0.811213)
     C    8  Q=         1.0000 1e-30 m^2  Cq=         0.7841 MHz  eta= 0.10703
 
     H    9    Vxx=   -0.1384    axis=(  0.477869  0.763398 -0.434585)
     H    9    Vyy=   -0.1529    axis=( -0.243539  0.590472  0.769436)
     H    9    Vzz=    0.2912    axis=( -0.843996  0.261851 -0.468086)
     H    9  Q=         1.0000 1e-30 m^2  Cq=         0.6843 MHz  eta= 0.04987
 
     C   10    Vxx=   -0.1401    axis=( -0.170699  0.826150 -0.536971)
     C   10    Vyy=   -0.1889    axis=( -0.924359 -0.322985 -0.203079)
     C   10    Vzz=    0.3291    axis=( -0.341208  0.461688  0.818793)
     C   10  Q=         1.0000 1e-30 m^2  Cq=         0.7732 MHz  eta= 0.14834
 
     C   11    Vxx=    0.0776    axis=( -0.418126  0.432500  0.798821)
     C   11    Vyy=    0.3399    axis=( -0.734902 -0.677944 -0.017614)
     C   11    Vzz=   -0.4174    axis=(  0.533938 -0.594420  0.601311)
     C   11  Q=         1.0000 1e-30 m^2  Cq=        -0.9808 MHz  eta= 0.62833
 
     Cl  12    Vxx=   -1.7407    axis=( -0.391916  0.327967  0.859557)
     Cl  12    Vyy=   -2.0044    axis=( -0.600111  0.617034 -0.509053)
     Cl  12    Vzz=    3.7451    axis=(  0.697329  0.715337  0.045009)
     Cl  12  Q=        -8.1650 1e-30 m^2  Cq=       -71.8486 MHz  eta= 0.07042
 
     H   13    Vxx=   -0.1365    axis=(  0.763068 -0.415680  0.494911)
     H   13    Vyy=   -0.1508    axis=( -0.646264 -0.480776  0.592620)
     H   13    Vzz=    0.2873    axis=(  0.008399  0.772052  0.635504)
     H   13  Q=         1.0000 1e-30 m^2  Cq=         0.6750 MHz  eta= 0.04960
 
     C   14    Vxx=   -0.1348    axis=(  0.652669  0.220625  0.724809)
     C   14    Vyy=   -0.1769    axis=(  0.520259 -0.825963 -0.217062)
     C   14    Vzz=    0.3117    axis=(  0.550776  0.518758 -0.653863)
     C   14  Q=         1.0000 1e-30 m^2  Cq=         0.7324 MHz  eta= 0.13489
 
     H   15    Vxx=   -0.1381    axis=(  0.489280 -0.713572 -0.501418)
     H   15    Vyy=   -0.1528    axis=(  0.435876  0.698060 -0.568089)
     H   15    Vzz=    0.2909    axis=( -0.755392 -0.059398 -0.652576)
     H   15  Q=         1.0000 1e-30 m^2  Cq=         0.6835 MHz  eta= 0.05061
 
     C   16    Vxx=   -0.1627    axis=(  0.428529  0.534363  0.728573)
     C   16    Vyy=   -0.1769    axis=( -0.735689  0.674478 -0.061974)
     C   16    Vzz=    0.3396    axis=( -0.524523 -0.509445  0.682159)
     C   16  Q=         1.0000 1e-30 m^2  Cq=         0.7978 MHz  eta= 0.04165
 
     C   17    Vxx=    0.0755    axis=(  0.559463  0.483389 -0.673303)
     C   17    Vyy=    0.3489    axis=( -0.682662  0.729435 -0.043552)
     C   17    Vzz=   -0.4244    axis=(  0.470079  0.484004  0.738083)
     C   17  Q=         1.0000 1e-30 m^2  Cq=        -0.9972 MHz  eta= 0.64401
 
     Cl  18    Vxx=   -1.7619    axis=( -0.500731 -0.434620  0.748581)
     Cl  18    Vyy=   -1.9415    axis=(  0.515354  0.545146  0.661231)
     Cl  18    Vzz=    3.7034    axis=(  0.695470 -0.716883  0.048988)
     Cl  18  Q=        -8.1650 1e-30 m^2  Cq=       -71.0478 MHz  eta= 0.04852
 
     H   19    Vxx=   -0.1395    axis=( -0.951963 -0.168934 -0.255398)
     H   19    Vyy=   -0.1474    axis=( -0.306213  0.524063  0.794727)
     H   19    Vzz=    0.2870    axis=(  0.000412 -0.834757  0.550619)
     H   19  Q=         1.0000 1e-30 m^2  Cq=         0.6742 MHz  eta= 0.02747
 
     C   20    Vxx=   -0.1435    axis=( -0.760911  0.295317 -0.577756)
     C   20    Vyy=   -0.1841    axis=( -0.526035 -0.802058  0.282825)
     C   20    Vzz=    0.3277    axis=( -0.379871  0.519125  0.765642)
     C   20  Q=         1.0000 1e-30 m^2  Cq=         0.7699 MHz  eta= 0.12393
 
     H   21    Vxx=   -0.1337    axis=(  0.464600  0.796718 -0.386507)
     H   21    Vyy=   -0.1522    axis=( -0.328254  0.560330  0.760447)
     H   21    Vzz=    0.2858    axis=( -0.822433  0.226431 -0.521855)
     H   21  Q=         1.0000 1e-30 m^2  Cq=         0.6715 MHz  eta= 0.06475
 
     C   22    Vxx=   -0.1311    axis=(  0.138406  0.853841 -0.501797)
     C   22    Vyy=   -0.1900    axis=( -0.930891 -0.060793 -0.360203)
     C   22    Vzz=    0.3211    axis=( -0.338062  0.516972  0.786418)
     C   22  Q=         1.0000 1e-30 m^2  Cq=         0.7545 MHz  eta= 0.18367
 
     C   23    Vxx=    0.1219    axis=( -0.328500  0.524748  0.785320)
     C   23    Vyy=    0.2664    axis=(  0.768313  0.632063 -0.100957)
     C   23    Vzz=   -0.3882    axis=( -0.549348  0.570207 -0.610803)
     C   23  Q=         1.0000 1e-30 m^2  Cq=        -0.9121 MHz  eta= 0.37222
 
     Cl  24    Vxx=   -1.6088    axis=(  0.272885 -0.485400 -0.830614)
     Cl  24    Vyy=   -1.9835    axis=( -0.671959  0.521704 -0.525639)
     Cl  24    Vzz=    3.5922    axis=(  0.688480  0.701578 -0.183804)
     Cl  24  Q=        -8.1650 1e-30 m^2  Cq=       -68.9147 MHz  eta= 0.10431
 
     Initialization:
     gipaw_setup  :      0.18s CPU      0.31s WALL (       1 calls)
 
     Linear response
 
     Apply operators
 
     Induced current
 
     Other routines
     efg          :      0.63s CPU      0.76s WALL (       1 calls)
 
     General routines
     calbec       :      0.05s CPU      0.05s WALL (      16 calls)
     fft          :      0.05s CPU      0.10s WALL (      15 calls)
     ffts         :      0.00s CPU      0.00s WALL (       2 calls)
     fftw         :      0.39s CPU      0.40s WALL (     672 calls)
     davcio       :      0.02s CPU      0.09s WALL (      32 calls)
 
     Parallel routines
     fft_scatter  :      0.24s CPU      0.28s WALL (     689 calls)
 
     Plugins
 
     GIPAW        :      3.77s CPU      4.61s WALL (       1 calls)
