
     Program QE v.6.0 starts on 22May2017 at 16:45: 7 

     This program is part of the open-source Quantum ESPRESSO suite
     for quantum simulation of materials; please cite
         "P. Giannozzi et al., J. Phys.:Condens. Matter 21 395502 (2009);
          URL http://www.quantum-espresso.org", 
     in publications or presentations arising from this work. More details at
     http://www.quantum-espresso.org/quote
 
           ARCH :    x86_64
             CC :    icc
            CPP :    cpp
            F90 :    ifort
            F77 :    ifort
         DFLAGS :    -D__INTEL -D__DFTI
      BLAS LIBS :    -lmkl_intel_lp64  -lmkl_sequential -lmkl_core
    LAPACK LIBS :    
       FFT LIBS :    
      MASS LIBS :    

     Parallel version (MPI & OpenMP), running on      32 processor cores
     Number of MPI processes:                32
     Threads/MPI process:                     1
     R & G space division:  proc/nbgrp/npool/nimage =      32
 
     ***** This is GIPAW svn revision unknown      *****
 
     Parallelizing q-star over 1 images

     Reading data from directory:
     ./scratch/scf-1731.save

   Info: using nr1, nr2, nr3 values from input

   Info: using nr1, nr2, nr3 values from input

     IMPORTANT: XC functional enforced from input :
     Exchange-correlation      =  SLA  PW   PBX  PBC ( 1  4  3  4 0 0)
     Any further DFT definition will be discarded
     Please, verify this is what you really want

               file C.pbe-n-kjpaw_psl.1.0.0.UPF: wavefunction(s)  2S 2P renormalized
               file Cl.pbe-n-kjpaw_psl.1.0.0.UPF: wavefunction(s)  3S 3P renormalized
               file H.pbe-kjpaw_psl.1.0.0.UPF: wavefunction(s)  1S renormalized
 
     Parallelization info
     --------------------
     sticks:   dense  smooth     PW     G-vecs:    dense   smooth      PW
     Min         764     305     83                36108     9133    1292
     Max         765     306     84                36110     9135    1293
     Sum       24467    9791   2657              1155489   292295   41363
 

     Subspace diagonalization in iterative solution of the eigenvalue problem:
     a serial algorithm will be used

     GIPAW projectors -----------------------------------------------
     atom=  C    l=0  rc=    1.2000  rs=    0.8000
     atom=  C    l=0  rc=    1.2000  rs=    0.8000
     atom=  C    l=1  rc=    1.4000  rs=    0.9333
     atom=  C    l=1  rc=    1.4000  rs=    0.9333
     projs nearly linearly dependent: l=1  n1,n2= 1, 2  s=  0.99951561
 
     atom=  Cl   l=0  rc=    1.6000  rs=    1.0667
     atom=  Cl   l=0  rc=    1.6000  rs=    1.0667
     atom=  Cl   l=1  rc=    1.6000  rs=    1.0667
     atom=  Cl   l=1  rc=    1.6000  rs=    1.0667
     atom=  Cl   l=2  rc=    1.6000  rs=    1.0667
     atom=  Cl   l=2  rc=    1.6000  rs=    1.0667
     projs nearly linearly dependent: l=2  n1,n2= 1, 2  s=  0.99993509
 
     atom=  H    l=0  rc=    1.0000  rs=    0.6667
     atom=  H    l=0  rc=    1.0000  rs=    0.6667
     projs nearly linearly dependent: l=0  n1,n2= 1, 2  s=  0.99968852
     -----------------------------------------------------------------
 
     GIPAW integrals: -------------------------------------------
     Atom  i/j   nmr_para   nmr_dia   epr_rmc  epr_para   epr_dia
       C   1 1   0.83E+03  0.17E-01  0.93E+01  0.24E+08  0.24E+03
       C   2 1   0.86E+03 -0.61E-01  0.94E+01  0.25E+08  0.25E+03
       C   2 2   0.90E+03 -0.15E+00  0.97E+01  0.26E+08  0.26E+03
       C   3 3   0.33E+01  0.34E+00  0.18E+01  0.55E+03  0.21E+02
       C   4 3   0.35E+01  0.37E+00  0.20E+01  0.59E+03  0.22E+02
       C   4 4   0.38E+01  0.39E+00  0.22E+01  0.63E+03  0.24E+02
       Cl  1 1   0.14E+04 -0.47E+00  0.84E+01  0.32E+09  0.42E+03
       Cl  2 1   0.21E+04 -0.37E+00  0.12E+02  0.49E+09  0.65E+03
       Cl  2 2   0.33E+04 -0.16E+00  0.21E+02  0.76E+09  0.10E+04
       Cl  3 3   0.21E+02  0.79E-01  0.89E+01  0.23E+05  0.13E+03
       Cl  4 3   0.24E+02  0.67E-01  0.99E+01  0.27E+05  0.15E+03
       Cl  4 4   0.28E+02  0.44E-01  0.11E+02  0.32E+05  0.18E+03
       Cl  5 5   0.77E+00  0.19E+00  0.18E+01  0.12E+03  0.22E+02
       Cl  6 5   0.80E+00  0.19E+00  0.19E+01  0.12E+03  0.23E+02
       Cl  6 6   0.83E+00  0.20E+00  0.19E+01  0.12E+03  0.23E+02
       H   1 1   0.39E+02  0.19E+00  0.29E+00  0.78E+05  0.13E+02
       H   2 1   0.41E+02  0.21E+00  0.32E+00  0.82E+05  0.14E+02
       H   2 2   0.43E+02  0.22E+00  0.36E+00  0.86E+05  0.15E+02
     ------------------------------------------------------------
 
     alpha_pv=     34.4068 eV
 
     Number of occupied bands for each k-point:
     k-point:     1    nbnd_occ=  42
     k-point:     2    nbnd_occ=  42
     k-point:     3    nbnd_occ=  42
     k-point:     4    nbnd_occ=  42
     k-point:     5    nbnd_occ=  42
     k-point:     6    nbnd_occ=  42
     k-point:     7    nbnd_occ=  42
     k-point:     8    nbnd_occ=  42
     k-point:     9    nbnd_occ=  42
     k-point:    10    nbnd_occ=  42
     k-point:    11    nbnd_occ=  42
     k-point:    12    nbnd_occ=  42
     k-point:    13    nbnd_occ=  42
     k-point:    14    nbnd_occ=  42
     k-point:    15    nbnd_occ=  42
     k-point:    16    nbnd_occ=  42
 
 
     q-space interpolation up to   110.00 Rydberg
 
     GIPAW job: efg                                                                             
 
 
     ELECTRIC FIELD GRADIENTS TENSORS IN Hartree/bohrradius^2:
 
     ----- bare term -----
     Cl   1        0.025069       -0.044457       -0.028631
     Cl   1       -0.044457        0.014035        0.017940
     Cl   1       -0.028631        0.017940       -0.039104
 
     C    2       -0.083211        0.049924       -0.393866
     C    2        0.049924       -0.030109       -0.497154
     C    2       -0.393866       -0.497154        0.113320
 
     C    3       -0.122245        0.316692       -0.312058
     C    3        0.316692       -0.163104       -0.489292
     C    3       -0.312058       -0.489292        0.285349
 
     H    4       -0.398663       -0.151168       -0.529626
     H    4       -0.151168        0.348896       -0.158606
     H    4       -0.529626       -0.158606        0.049767
 
     C    5       -0.271267        0.315670       -0.389701
     C    5        0.315670       -0.058008       -0.385316
     C    5       -0.389701       -0.385316        0.329276
 
     H    6        0.388175       -0.091252       -0.088795
     H    6       -0.091252       -0.352662       -0.587722
     H    6       -0.088795       -0.587722       -0.035513
 
     H    7        0.395595        0.011603       -0.033601
     H    7        0.011603       -0.335865        0.580264
     H    7       -0.033601        0.580264       -0.059730
 
     C    8       -0.281233       -0.322986       -0.362884
     C    8       -0.322986        0.020619        0.416426
     C    8       -0.362884        0.416426        0.260614
 
     H    9       -0.374713        0.163625       -0.541265
     H    9        0.163625        0.377059        0.180634
     H    9       -0.541265        0.180634       -0.002347
 
     C   10       -0.177477       -0.365867       -0.251443
     C   10       -0.365867       -0.044645        0.527235
     C   10       -0.251443        0.527235        0.222123
 
     C   11       -0.209290       -0.130006       -0.315418
     C   11       -0.130006        0.066230        0.558958
     C   11       -0.315418        0.558958        0.143060
 
     Cl  12        0.005368       -0.004604       -0.024108
     Cl  12       -0.004604        0.008167        0.004292
     Cl  12       -0.024108        0.004292       -0.013535
 
     H   13        0.381042       -0.087714       -0.071905
     H   13       -0.087714       -0.368698       -0.562894
     H   13       -0.071905       -0.562894       -0.012344
 
     C   14       -0.265067        0.326195       -0.368965
     C   14        0.326195       -0.070550       -0.395968
     C   14       -0.368965       -0.395968        0.335617
 
     H   15       -0.419699       -0.128136       -0.545415
     H   15       -0.128136        0.359607       -0.156721
     H   15       -0.545415       -0.156721        0.060092
 
     C   16       -0.109696        0.331805       -0.299803
     C   16        0.331805       -0.191565       -0.512279
     C   16       -0.299803       -0.512279        0.301261
 
     C   17       -0.156101        0.198381       -0.421243
     C   17        0.198381       -0.074598       -0.494979
     C   17       -0.421243       -0.494979        0.230699
 
     Cl  18       -0.009897        0.026581       -0.016056
     Cl  18        0.026581       -0.017093       -0.023760
     Cl  18       -0.016056       -0.023760        0.026990
 
     H   19        0.369873        0.054393       -0.034932
     H   19        0.054393       -0.361630        0.571218
     H   19       -0.034932        0.571218       -0.008243
 
     C   20       -0.342496       -0.271183       -0.333604
     C   20       -0.271183        0.005136        0.431461
     C   20       -0.333604        0.431461        0.337361
 
     H   21       -0.429556        0.180250       -0.520241
     H   21        0.180250        0.321079        0.184297
     H   21       -0.520241        0.184297        0.108478
 
     C   22       -0.189878       -0.344484       -0.264678
     C   22       -0.344484       -0.129774        0.514448
     C   22       -0.264678        0.514448        0.319652
 
     C   23       -0.090442       -0.113216       -0.422646
     C   23       -0.113216       -0.033145        0.488657
     C   23       -0.422646        0.488657        0.123588
 
     Cl  24       -0.006427        0.025920       -0.010736
     Cl  24        0.025920        0.018022        0.024180
     Cl  24       -0.010736        0.024180       -0.011595
 
     ----- ionic term -----
     Cl   1        0.067782       -0.196447       -0.014853
     Cl   1       -0.196447        0.047187        0.016838
     Cl   1       -0.014853        0.016838       -0.114969
 
     C    2        0.113828       -0.183985        0.286595
     C    2       -0.183985        0.062358        0.412537
     C    2        0.286595        0.412537       -0.176186
 
     C    3        0.071736       -0.251770        0.229546
     C    3       -0.251770        0.144603        0.391940
     C    3        0.229546        0.391940       -0.216338
 
     H    4        0.563178        0.192284        0.724441
     H    4        0.192284       -0.484319        0.192243
     H    4        0.724441        0.192243       -0.078859
 
     C    5        0.229692       -0.252720        0.308968
     C    5       -0.252720        0.033444        0.285111
     C    5        0.308968        0.285111       -0.263136
 
     H    6       -0.524583        0.109251        0.109061
     H    6        0.109251        0.484055        0.789983
     H    6        0.109061        0.789983        0.040528
 
     H    7       -0.539441       -0.006789        0.033245
     H    7       -0.006789        0.451686       -0.795840
     H    7        0.033245       -0.795840        0.087755
 
     C    8        0.235730        0.249668        0.285504
     C    8        0.249668       -0.027909       -0.313860
     C    8        0.285504       -0.313860       -0.207821
 
     H    9        0.521397       -0.219839        0.734739
     H    9       -0.219839       -0.502449       -0.227852
     H    9        0.734739       -0.227852       -0.018948
 
     C   10        0.116860        0.299397        0.177176
     C   10        0.299397        0.049440       -0.418231
     C   10        0.177176       -0.418231       -0.166301
 
     C   11        0.245662        0.215989        0.223690
     C   11        0.215989       -0.062959       -0.452711
     C   11        0.223690       -0.452711       -0.182703
 
     Cl  12        0.163023        0.211223       -0.022298
     Cl  12        0.211223       -0.030895       -0.016776
     Cl  12       -0.022298       -0.016776       -0.132128
 
     H   13       -0.520301        0.110539        0.096279
     H   13        0.110539        0.500973        0.769892
     H   13        0.096279        0.769892        0.019328
 
     C   14        0.218225       -0.258234        0.289765
     C   14       -0.258234        0.043811        0.290166
     C   14        0.289765        0.290166       -0.262036
 
     H   15        0.581882        0.167033        0.743337
     H   15        0.167033       -0.497299        0.189483
     H   15        0.743337        0.189483       -0.084583
 
     C   16        0.070875       -0.268716        0.223223
     C   16       -0.268716        0.159856        0.413167
     C   16        0.223223        0.413167       -0.230731
 
     C   17        0.162826       -0.269050        0.320185
     C   17       -0.269050        0.087777        0.394912
     C   17        0.320185        0.394912       -0.250603
 
     Cl  18        0.101774       -0.245783        0.007375
     Cl  18       -0.245783        0.067348        0.008117
     Cl  18        0.007375        0.008117       -0.169122
 
     H   19       -0.513960       -0.053460        0.040347
     H   19       -0.053460        0.494641       -0.780881
     H   19        0.040347       -0.780881        0.019319
 
     C   20        0.276383        0.211318        0.266681
     C   20        0.211318       -0.012298       -0.323390
     C   20        0.266681       -0.323390       -0.264085
 
     H   21        0.590227       -0.247821        0.711694
     H   21       -0.247821       -0.451191       -0.234519
     H   21        0.711694       -0.234519       -0.139036
 
     C   22        0.133087        0.282234        0.189140
     C   22        0.282234        0.106976       -0.414224
     C   22        0.189140       -0.414224       -0.240063
 
     C   23        0.135935        0.222022        0.336401
     C   23        0.222022        0.042368       -0.379731
     C   23        0.336401       -0.379731       -0.178303
 
     Cl  24        0.114755        0.208676        0.047412
     Cl  24        0.208676        0.025938        0.021478
     Cl  24        0.047412        0.021478       -0.140693
 
     ----- GIPAW term -----
     Cl   1        0.965718       -2.551154       -0.491402
     Cl   1       -2.551154        0.640272        0.365790
     Cl   1       -0.491402        0.365790       -1.605991
 
     C    2        0.044271       -0.151348       -0.090336
     C    2       -0.151348        0.035828       -0.058983
     C    2       -0.090336       -0.058983       -0.080100
 
     C    3       -0.047901        0.048657       -0.073343
     C    3        0.048657       -0.004771       -0.078361
     C    3       -0.073343       -0.078361        0.052672
 
     H    4        0.000000       -0.000000       -0.000000
     H    4       -0.000000        0.000000        0.000000
     H    4       -0.000000        0.000000       -0.000000
 
     C    5       -0.023225        0.047419       -0.061646
     C    5        0.047419       -0.026223       -0.088003
     C    5       -0.061646       -0.088003        0.049448
 
     H    6        0.000000       -0.000000       -0.000000
     H    6       -0.000000        0.000000        0.000000
     H    6       -0.000000        0.000000       -0.000000
 
     H    7        0.000000       -0.000000       -0.000000
     H    7       -0.000000        0.000000        0.000000
     H    7       -0.000000        0.000000       -0.000000
 
     C    8       -0.025143       -0.055066       -0.057853
     C    8       -0.055066       -0.013219        0.090335
     C    8       -0.057853        0.090335        0.038363
 
     H    9        0.000000       -0.000000       -0.000000
     H    9       -0.000000        0.000000        0.000000
     H    9       -0.000000        0.000000       -0.000000
 
     C   10       -0.054110       -0.048185       -0.066036
     C   10       -0.048185        0.009460        0.088233
     C   10       -0.066036        0.088233        0.044650
 
     C   11        0.062845        0.106390       -0.080270
     C   11        0.106390       -0.003491        0.078201
     C   11       -0.080270        0.078201       -0.059355
 
     Cl  12        1.781948        2.163114       -0.527518
     Cl  12        2.163114       -0.247212       -0.133227
     Cl  12       -0.527518       -0.133227       -1.534736
 
     H   13        0.000000       -0.000000       -0.000000
     H   13       -0.000000        0.000000        0.000000
     H   13       -0.000000        0.000000       -0.000000
 
     C   14       -0.027273        0.051336       -0.061035
     C   14        0.051336       -0.027696       -0.094156
     C   14       -0.061035       -0.094156        0.054968
 
     H   15        0.000000       -0.000000       -0.000000
     H   15       -0.000000        0.000000        0.000000
     H   15       -0.000000        0.000000       -0.000000
 
     C   16       -0.035852        0.048167       -0.066184
     C   16        0.048167       -0.019310       -0.080869
     C   16       -0.066184       -0.080869        0.055162
 
     C   17        0.025163       -0.095847       -0.080928
     C   17       -0.095847        0.018643       -0.081799
     C   17       -0.080928       -0.081799       -0.043806
 
     Cl  18        0.982123       -2.326709       -0.117196
     Cl  18       -2.326709        0.504419       -0.182084
     Cl  18       -0.117196       -0.182084       -1.486542
 
     H   19        0.000000       -0.000000       -0.000000
     H   19       -0.000000        0.000000        0.000000
     H   19       -0.000000        0.000000       -0.000000
 
     C   20       -0.041704       -0.047429       -0.049871
     C   20       -0.047429       -0.012439        0.093126
     C   20       -0.049871        0.093126        0.054143
 
     H   21        0.000000       -0.000000       -0.000000
     H   21       -0.000000        0.000000        0.000000
     H   21       -0.000000        0.000000       -0.000000
 
     C   22       -0.050577       -0.045696       -0.066586
     C   22       -0.045696       -0.010533        0.080722
     C   22       -0.066586        0.080722        0.061109
 
     C   23        0.058416        0.131788       -0.060311
     C   23        0.131788        0.016030        0.091395
     C   23       -0.060311        0.091395       -0.074446
 
     Cl  24        1.140277        2.477882        0.371755
     Cl  24        2.477882        0.449886        0.499376
     Cl  24        0.371755        0.499376       -1.590163
 
     ----- total EFG -----
     Cl   1        1.058570       -2.792058       -0.534886
     Cl   1       -2.792058        0.701494        0.400568
     Cl   1       -0.534886        0.400568       -1.760064
 
     C    2        0.074888       -0.285408       -0.197606
     C    2       -0.285408        0.068077       -0.143600
     C    2       -0.197606       -0.143600       -0.142966
 
     C    3       -0.098410        0.113580       -0.155855
     C    3        0.113580       -0.023273       -0.175713
     C    3       -0.155855       -0.175713        0.121683
 
     H    4        0.164515        0.041116        0.194815
     H    4        0.041116       -0.135423        0.033637
     H    4        0.194815        0.033637       -0.029092
 
     C    5       -0.064800        0.110369       -0.142379
     C    5        0.110369       -0.050788       -0.188208
     C    5       -0.142379       -0.188208        0.115587
 
     H    6       -0.136408        0.017999        0.020265
     H    6        0.017999        0.131393        0.202261
     H    6        0.020265        0.202261        0.005015
 
     H    7       -0.143847        0.004814       -0.000356
     H    7        0.004814        0.115821       -0.215576
     H    7       -0.000356       -0.215576        0.028026
 
     C    8       -0.070647       -0.128385       -0.135233
     C    8       -0.128385       -0.020509        0.192901
     C    8       -0.135233        0.192901        0.091156
 
     H    9        0.146685       -0.056214        0.193474
     H    9       -0.056214       -0.125390       -0.047217
     H    9        0.193474       -0.047217       -0.021295
 
     C   10       -0.114727       -0.114655       -0.140303
     C   10       -0.114655        0.014255        0.197236
     C   10       -0.140303        0.197236        0.100472
 
     C   11        0.099218        0.192374       -0.171998
     C   11        0.192374       -0.000219        0.184448
     C   11       -0.171998        0.184448       -0.098998
 
     Cl  12        1.950339        2.369733       -0.573925
     Cl  12        2.369733       -0.269940       -0.145711
     Cl  12       -0.573925       -0.145711       -1.680399
 
     H   13       -0.139259        0.022825        0.024374
     H   13        0.022825        0.132275        0.206998
     H   13        0.024374        0.206998        0.006984
 
     C   14       -0.074115        0.119297       -0.140235
     C   14        0.119297       -0.054435       -0.199958
     C   14       -0.140235       -0.199958        0.128550
 
     H   15        0.162183        0.038897        0.197922
     H   15        0.038897       -0.137692        0.032762
     H   15        0.197922        0.032762       -0.024491
 
     C   16       -0.074674        0.111256       -0.142764
     C   16        0.111256       -0.051019       -0.179980
     C   16       -0.142764       -0.179980        0.125692
 
     C   17        0.031888       -0.166516       -0.181986
     C   17       -0.166516        0.031822       -0.181866
     C   17       -0.181986       -0.181866       -0.063710
 
     Cl  18        1.074000       -2.545911       -0.125877
     Cl  18       -2.545911        0.554674       -0.197727
     Cl  18       -0.125877       -0.197727       -1.628674
 
     H   19       -0.144087        0.000933        0.005416
     H   19        0.000933        0.133011       -0.209663
     H   19        0.005416       -0.209663        0.011076
 
     C   20       -0.107817       -0.107294       -0.116794
     C   20       -0.107294       -0.019601        0.201197
     C   20       -0.116794        0.201197        0.127418
 
     H   21        0.160670       -0.067571        0.191453
     H   21       -0.067571       -0.130112       -0.050222
     H   21        0.191453       -0.050222       -0.030558
 
     C   22       -0.107368       -0.107946       -0.142124
     C   22       -0.107946       -0.033331        0.180946
     C   22       -0.142124        0.180946        0.140699
 
     C   23        0.103909        0.240594       -0.146556
     C   23        0.240594        0.025252        0.200321
     C   23       -0.146556        0.200321       -0.129161
 
     Cl  24        1.248605        2.712478        0.408431
     Cl  24        2.712478        0.493846        0.545034
     Cl  24        0.408431        0.545034       -1.742451
 
     ----- total EFG (symmetrized) -----
     Cl   1        1.058570       -2.792058       -0.534886
     Cl   1       -2.792058        0.701494        0.400568
     Cl   1       -0.534886        0.400568       -1.760064
 
     C    2        0.074888       -0.285408       -0.197606
     C    2       -0.285408        0.068077       -0.143600
     C    2       -0.197606       -0.143600       -0.142966
 
     C    3       -0.098410        0.113580       -0.155855
     C    3        0.113580       -0.023273       -0.175713
     C    3       -0.155855       -0.175713        0.121683
 
     H    4        0.164515        0.041116        0.194815
     H    4        0.041116       -0.135423        0.033637
     H    4        0.194815        0.033637       -0.029092
 
     C    5       -0.064800        0.110369       -0.142379
     C    5        0.110369       -0.050788       -0.188208
     C    5       -0.142379       -0.188208        0.115587
 
     H    6       -0.136408        0.017999        0.020265
     H    6        0.017999        0.131393        0.202261
     H    6        0.020265        0.202261        0.005015
 
     H    7       -0.143847        0.004814       -0.000356
     H    7        0.004814        0.115821       -0.215576
     H    7       -0.000356       -0.215576        0.028026
 
     C    8       -0.070647       -0.128385       -0.135233
     C    8       -0.128385       -0.020509        0.192901
     C    8       -0.135233        0.192901        0.091156
 
     H    9        0.146685       -0.056214        0.193474
     H    9       -0.056214       -0.125390       -0.047217
     H    9        0.193474       -0.047217       -0.021295
 
     C   10       -0.114727       -0.114655       -0.140303
     C   10       -0.114655        0.014255        0.197236
     C   10       -0.140303        0.197236        0.100472
 
     C   11        0.099218        0.192374       -0.171998
     C   11        0.192374       -0.000219        0.184448
     C   11       -0.171998        0.184448       -0.098998
 
     Cl  12        1.950339        2.369733       -0.573925
     Cl  12        2.369733       -0.269940       -0.145711
     Cl  12       -0.573925       -0.145711       -1.680399
 
     H   13       -0.139259        0.022825        0.024374
     H   13        0.022825        0.132275        0.206998
     H   13        0.024374        0.206998        0.006984
 
     C   14       -0.074115        0.119297       -0.140235
     C   14        0.119297       -0.054435       -0.199958
     C   14       -0.140235       -0.199958        0.128550
 
     H   15        0.162183        0.038897        0.197922
     H   15        0.038897       -0.137692        0.032762
     H   15        0.197922        0.032762       -0.024491
 
     C   16       -0.074674        0.111256       -0.142764
     C   16        0.111256       -0.051019       -0.179980
     C   16       -0.142764       -0.179980        0.125692
 
     C   17        0.031888       -0.166516       -0.181986
     C   17       -0.166516        0.031822       -0.181866
     C   17       -0.181986       -0.181866       -0.063710
 
     Cl  18        1.074000       -2.545911       -0.125877
     Cl  18       -2.545911        0.554674       -0.197727
     Cl  18       -0.125877       -0.197727       -1.628674
 
     H   19       -0.144087        0.000933        0.005416
     H   19        0.000933        0.133011       -0.209663
     H   19        0.005416       -0.209663        0.011076
 
     C   20       -0.107817       -0.107294       -0.116794
     C   20       -0.107294       -0.019601        0.201197
     C   20       -0.116794        0.201197        0.127418
 
     H   21        0.160670       -0.067571        0.191453
     H   21       -0.067571       -0.130112       -0.050222
     H   21        0.191453       -0.050222       -0.030558
 
     C   22       -0.107368       -0.107946       -0.142124
     C   22       -0.107946       -0.033331        0.180946
     C   22       -0.142124        0.180946        0.140699
 
     C   23        0.103909        0.240594       -0.146556
     C   23        0.240594        0.025252        0.200321
     C   23       -0.146556        0.200321       -0.129161
 
     Cl  24        1.248605        2.712478        0.408431
     Cl  24        2.712478        0.493846        0.545034
     Cl  24        0.408431        0.545034       -1.742451
 
 
     NQR/NMR SPECTROSCOPIC PARAMETERS:
     Cl   1    Vxx=   -1.7959    axis=( -0.277403 -0.446570  0.850660)
     Cl   1    Vyy=   -1.9618    axis=( -0.630237 -0.583703 -0.511949)
     Cl   1    Vzz=    3.7577    axis=(  0.725154 -0.678134 -0.119524)
     Cl   1  Q=        -8.1650 1e-30 m^2  Cq=       -72.0905 MHz  eta= 0.04415
 
     C    2    Vxx=    0.0621    axis=( -0.388240 -0.536246  0.749474)
     C    2    Vyy=    0.3608    axis=( -0.736140  0.669719  0.097849)
     C    2    Vzz=   -0.4230    axis=( -0.554408 -0.513728 -0.654763)
     C    2  Q=         1.0000 1e-30 m^2  Cq=        -0.9938 MHz  eta= 0.70615
 
     C    3    Vxx=   -0.1398    axis=(  0.134744  0.783416  0.606715)
     C    3    Vyy=   -0.1868    axis=( -0.900719  0.352031 -0.254518)
     C    3    Vzz=    0.3267    axis=( -0.412976 -0.512185  0.753072)
     C    3  Q=         1.0000 1e-30 m^2  Cq=         0.7675 MHz  eta= 0.14395
 
     H    4    Vxx=   -0.1379    axis=( -0.354637  0.858988  0.369285)
     H    4    Vyy=   -0.1538    axis=( -0.405304 -0.497149  0.767184)
     H    4    Vzz=    0.2917    axis=( -0.842592 -0.122399 -0.524459)
     H    4  Q=         1.0000 1e-30 m^2  Cq=         0.6855 MHz  eta= 0.05440
 
     C    5    Vxx=   -0.1424    axis=(  0.830273  0.118528  0.544608)
     C    5    Vyy=   -0.1792    axis=( -0.364465  0.854721  0.369618)
     C    5    Vzz=    0.3217    axis=( -0.421678 -0.505374  0.752851)
     C    5  Q=         1.0000 1e-30 m^2  Cq=         0.7558 MHz  eta= 0.11441
 
     H    6    Vxx=   -0.1346    axis=(  0.848118 -0.355869  0.392496)
     H    6    Vyy=   -0.1472    axis=( -0.526016 -0.477135  0.704023)
     H    6    Vzz=    0.2818    axis=(  0.063267  0.803554  0.591860)
     H    6  Q=         1.0000 1e-30 m^2  Cq=         0.6621 MHz  eta= 0.04479
 
     H    7    Vxx=   -0.1425    axis=(  0.895411  0.275319  0.349912)
     H    7    Vyy=   -0.1495    axis=(  0.445148 -0.569584 -0.690954)
     H    7    Vzz=    0.2920    axis=( -0.009072 -0.774451  0.632569)
     H    7  Q=         1.0000 1e-30 m^2  Cq=         0.6860 MHz  eta= 0.02380
 
     C    8    Vxx=   -0.1420    axis=( -0.695754  0.300620 -0.652345)
     C    8    Vyy=   -0.1815    axis=( -0.578196 -0.773251  0.260333)
     C    8    Vzz=    0.3234    axis=( -0.426165  0.558311  0.711809)
     C    8  Q=         1.0000 1e-30 m^2  Cq=         0.7599 MHz  eta= 0.12208
 
     H    9    Vxx=   -0.1334    axis=(  0.400983  0.853623 -0.332476)
     H    9    Vyy=   -0.1531    axis=( -0.405579  0.490847  0.771087)
     H    9    Vzz=    0.2865    axis=( -0.821413  0.174348 -0.543033)
     H    9  Q=         1.0000 1e-30 m^2  Cq=         0.6732 MHz  eta= 0.06879
 
     C   10    Vxx=   -0.1445    axis=( -0.025762  0.771388 -0.635843)
     C   10    Vyy=   -0.1881    axis=( -0.926508 -0.257273 -0.274578)
     C   10    Vzz=    0.3326    axis=( -0.375392  0.582040  0.721325)
     C   10  Q=         1.0000 1e-30 m^2  Cq=         0.7816 MHz  eta= 0.13122
 
     C   11    Vxx=    0.1259    axis=( -0.299810  0.612403  0.731489)
     C   11    Vyy=    0.2510    axis=(  0.828449  0.547345 -0.118687)
     C   11    Vzz=   -0.3769    axis=( -0.473061  0.570418 -0.671444)
     C   11  Q=         1.0000 1e-30 m^2  Cq=        -0.8855 MHz  eta= 0.33178
 
     Cl  12    Vxx=   -1.5742    axis=( -0.291311  0.611456  0.735703)
     Cl  12    Vyy=   -1.9438    axis=(  0.455967 -0.587328  0.668685)
     Cl  12    Vzz=    3.5180    axis=( -0.840971 -0.530252  0.107709)
     Cl  12  Q=        -8.1650 1e-30 m^2  Cq=       -67.4914 MHz  eta= 0.10504
 
     H   13    Vxx=   -0.1378    axis=(  0.827522 -0.383929  0.409641)
     H   13    Vyy=   -0.1506    axis=( -0.556182 -0.461038  0.691452)
     H   13    Vzz=    0.2884    axis=(  0.076609  0.800027  0.595053)
     H   13  Q=         1.0000 1e-30 m^2  Cq=         0.6777 MHz  eta= 0.04458
 
     C   14    Vxx=   -0.1425    axis=(  0.795501  0.211654  0.567786)
     C   14    Vyy=   -0.1955    axis=( -0.450054  0.833799  0.319735)
     C   14    Vzz=    0.3380    axis=( -0.405746 -0.509884  0.758544)
     C   14  Q=         1.0000 1e-30 m^2  Cq=         0.7941 MHz  eta= 0.15693
 
     H   15    Vxx=   -0.1393    axis=(  0.370429 -0.838612 -0.399389)
     H   15    Vyy=   -0.1543    axis=(  0.400920  0.532215 -0.745661)
     H   15    Vzz=    0.2936    axis=( -0.837881 -0.116091 -0.533364)
     H   15  Q=         1.0000 1e-30 m^2  Cq=         0.6898 MHz  eta= 0.05117
 
     C   16    Vxx=   -0.1425    axis=(  0.696024  0.367293  0.616966)
     C   16    Vyy=   -0.1776    axis=( -0.585593  0.787598  0.191756)
     C   16    Vzz=    0.3201    axis=( -0.415491 -0.494758  0.763271)
     C   16  Q=         1.0000 1e-30 m^2  Cq=         0.7520 MHz  eta= 0.10950
 
     C   17    Vxx=    0.1605    axis=( -0.462996 -0.466199  0.753852)
     C   17    Vyy=    0.1984    axis=( -0.708128  0.706082  0.001745)
     C   17    Vzz=   -0.3589    axis=( -0.533095 -0.533016 -0.657042)
     C   17  Q=         1.0000 1e-30 m^2  Cq=        -0.8433 MHz  eta= 0.10544
 
     Cl  18    Vxx=   -1.4486    axis=(  0.417105  0.452269 -0.788338)
     Cl  18    Vyy=   -1.9251    axis=(  0.525049  0.588100  0.615193)
     Cl  18    Vzz=    3.3738    axis=( -0.741854  0.670516 -0.007836)
     Cl  18  Q=        -8.1650 1e-30 m^2  Cq=       -64.7239 MHz  eta= 0.14123
 
     H   19    Vxx=   -0.1402    axis=(  0.780913  0.378609  0.496819)
     H   19    Vyy=   -0.1502    axis=(  0.624613 -0.465969 -0.626683)
     H   19    Vzz=    0.2904    axis=(  0.005766 -0.799705  0.600365)
     H   19  Q=         1.0000 1e-30 m^2  Cq=         0.6823 MHz  eta= 0.03453
 
     C   20    Vxx=   -0.1428    axis=( -0.622104  0.474860 -0.622490)
     C   20    Vyy=   -0.1825    axis=( -0.704397 -0.686541  0.180239)
     C   20    Vzz=    0.3253    axis=( -0.341777  0.550608  0.761590)
     C   20  Q=         1.0000 1e-30 m^2  Cq=         0.7643 MHz  eta= 0.12211
 
     H   21    Vxx=   -0.1407    axis=(  0.467545  0.747340 -0.472108)
     H   21    Vyy=   -0.1549    axis=( -0.296315  0.635678  0.712818)
     H   21    Vzz=    0.2956    axis=( -0.832826  0.193382 -0.518656)
     H   21  Q=         1.0000 1e-30 m^2  Cq=         0.6945 MHz  eta= 0.04828
 
     C   22    Vxx=   -0.1417    axis=( -0.323413  0.714343 -0.620579)
     C   22    Vyy=   -0.1856    axis=( -0.867069 -0.486349 -0.107961)
     C   22    Vzz=    0.3273    axis=( -0.378939  0.503169  0.776676)
     C   22  Q=         1.0000 1e-30 m^2  Cq=         0.7689 MHz  eta= 0.13432
 
     C   23    Vxx=    0.0938    axis=( -0.481523  0.470619  0.739360)
     C   23    Vyy=    0.3094    axis=( -0.741563 -0.668415 -0.057497)
     C   23    Vzz=   -0.4032    axis=(  0.467140 -0.575968  0.670851)
     C   23  Q=         1.0000 1e-30 m^2  Cq=        -0.9474 MHz  eta= 0.53475
 
     Cl  24    Vxx=   -1.7022    axis=( -0.498933  0.429429  0.752766)
     Cl  24    Vyy=   -1.9893    axis=( -0.440083  0.622736 -0.646937)
     Cl  24    Vzz=    3.6915    axis=(  0.746588  0.654057  0.121719)
     Cl  24  Q=        -8.1650 1e-30 m^2  Cq=       -70.8194 MHz  eta= 0.07775
 
     Initialization:
     gipaw_setup  :      0.17s CPU      0.30s WALL (       1 calls)
 
     Linear response
 
     Apply operators
 
     Induced current
 
     Other routines
     efg          :      0.63s CPU      0.73s WALL (       1 calls)
 
     General routines
     calbec       :      0.04s CPU      0.05s WALL (      16 calls)
     fft          :      0.07s CPU      0.08s WALL (      15 calls)
     ffts         :      0.00s CPU      0.00s WALL (       2 calls)
     fftw         :      0.39s CPU      0.38s WALL (     672 calls)
     davcio       :      0.02s CPU      0.09s WALL (      32 calls)
 
     Parallel routines
     fft_scatter  :      0.27s CPU      0.26s WALL (     689 calls)
 
     Plugins
 
     GIPAW        :      3.78s CPU      4.59s WALL (       1 calls)
