
     Program QE v.6.0 starts on 20May2017 at 14:47:40 

     This program is part of the open-source Quantum ESPRESSO suite
     for quantum simulation of materials; please cite
         "P. Giannozzi et al., J. Phys.:Condens. Matter 21 395502 (2009);
          URL http://www.quantum-espresso.org", 
     in publications or presentations arising from this work. More details at
     http://www.quantum-espresso.org/quote
 
           ARCH :    x86_64
             CC :    icc
            CPP :    cpp
            F90 :    ifort
            F77 :    ifort
         DFLAGS :    -D__INTEL -D__DFTI
      BLAS LIBS :    -lmkl_intel_lp64  -lmkl_sequential -lmkl_core
    LAPACK LIBS :    
       FFT LIBS :    
      MASS LIBS :    

     Parallel version (MPI & OpenMP), running on      32 processor cores
     Number of MPI processes:                32
     Threads/MPI process:                     1
     R & G space division:  proc/nbgrp/npool/nimage =      32
 
     ***** This is GIPAW svn revision unknown      *****
 
     Parallelizing q-star over 1 images

     Reading data from directory:
     ./scratch/scf-1887.save

   Info: using nr1, nr2, nr3 values from input

   Info: using nr1, nr2, nr3 values from input

     IMPORTANT: XC functional enforced from input :
     Exchange-correlation      =  SLA  PW   PBX  PBC ( 1  4  3  4 0 0)
     Any further DFT definition will be discarded
     Please, verify this is what you really want

               file C.pbe-n-kjpaw_psl.1.0.0.UPF: wavefunction(s)  2S 2P renormalized
               file Cl.pbe-n-kjpaw_psl.1.0.0.UPF: wavefunction(s)  3S 3P renormalized
               file H.pbe-kjpaw_psl.1.0.0.UPF: wavefunction(s)  1S renormalized
 
     Parallelization info
     --------------------
     sticks:   dense  smooth     PW     G-vecs:    dense   smooth      PW
     Min         764     305     83                36108     9133    1292
     Max         765     306     84                36110     9135    1293
     Sum       24467    9791   2657              1155489   292295   41363
 

     Subspace diagonalization in iterative solution of the eigenvalue problem:
     a serial algorithm will be used

     GIPAW projectors -----------------------------------------------
     atom=  C    l=0  rc=    1.2000  rs=    0.8000
     atom=  C    l=0  rc=    1.2000  rs=    0.8000
     atom=  C    l=1  rc=    1.4000  rs=    0.9333
     atom=  C    l=1  rc=    1.4000  rs=    0.9333
     projs nearly linearly dependent: l=1  n1,n2= 1, 2  s=  0.99951561
 
     atom=  Cl   l=0  rc=    1.6000  rs=    1.0667
     atom=  Cl   l=0  rc=    1.6000  rs=    1.0667
     atom=  Cl   l=1  rc=    1.6000  rs=    1.0667
     atom=  Cl   l=1  rc=    1.6000  rs=    1.0667
     atom=  Cl   l=2  rc=    1.6000  rs=    1.0667
     atom=  Cl   l=2  rc=    1.6000  rs=    1.0667
     projs nearly linearly dependent: l=2  n1,n2= 1, 2  s=  0.99993509
 
     atom=  H    l=0  rc=    1.0000  rs=    0.6667
     atom=  H    l=0  rc=    1.0000  rs=    0.6667
     projs nearly linearly dependent: l=0  n1,n2= 1, 2  s=  0.99968852
     -----------------------------------------------------------------
 
     GIPAW integrals: -------------------------------------------
     Atom  i/j   nmr_para   nmr_dia   epr_rmc  epr_para   epr_dia
       C   1 1   0.83E+03  0.17E-01  0.93E+01  0.24E+08  0.24E+03
       C   2 1   0.86E+03 -0.61E-01  0.94E+01  0.25E+08  0.25E+03
       C   2 2   0.90E+03 -0.15E+00  0.97E+01  0.26E+08  0.26E+03
       C   3 3   0.33E+01  0.34E+00  0.18E+01  0.55E+03  0.21E+02
       C   4 3   0.35E+01  0.37E+00  0.20E+01  0.59E+03  0.22E+02
       C   4 4   0.38E+01  0.39E+00  0.22E+01  0.63E+03  0.24E+02
       Cl  1 1   0.14E+04 -0.47E+00  0.84E+01  0.32E+09  0.42E+03
       Cl  2 1   0.21E+04 -0.37E+00  0.12E+02  0.49E+09  0.65E+03
       Cl  2 2   0.33E+04 -0.16E+00  0.21E+02  0.76E+09  0.10E+04
       Cl  3 3   0.21E+02  0.79E-01  0.89E+01  0.23E+05  0.13E+03
       Cl  4 3   0.24E+02  0.67E-01  0.99E+01  0.27E+05  0.15E+03
       Cl  4 4   0.28E+02  0.44E-01  0.11E+02  0.32E+05  0.18E+03
       Cl  5 5   0.77E+00  0.19E+00  0.18E+01  0.12E+03  0.22E+02
       Cl  6 5   0.80E+00  0.19E+00  0.19E+01  0.12E+03  0.23E+02
       Cl  6 6   0.83E+00  0.20E+00  0.19E+01  0.12E+03  0.23E+02
       H   1 1   0.39E+02  0.19E+00  0.29E+00  0.78E+05  0.13E+02
       H   2 1   0.41E+02  0.21E+00  0.32E+00  0.82E+05  0.14E+02
       H   2 2   0.43E+02  0.22E+00  0.36E+00  0.86E+05  0.15E+02
     ------------------------------------------------------------
 
     alpha_pv=     34.0856 eV
 
     Number of occupied bands for each k-point:
     k-point:     1    nbnd_occ=  42
     k-point:     2    nbnd_occ=  42
     k-point:     3    nbnd_occ=  42
     k-point:     4    nbnd_occ=  42
     k-point:     5    nbnd_occ=  42
     k-point:     6    nbnd_occ=  42
     k-point:     7    nbnd_occ=  42
     k-point:     8    nbnd_occ=  42
     k-point:     9    nbnd_occ=  42
     k-point:    10    nbnd_occ=  42
     k-point:    11    nbnd_occ=  42
     k-point:    12    nbnd_occ=  42
     k-point:    13    nbnd_occ=  42
     k-point:    14    nbnd_occ=  42
     k-point:    15    nbnd_occ=  42
     k-point:    16    nbnd_occ=  42
 
 
     q-space interpolation up to   110.00 Rydberg
 
     GIPAW job: efg                                                                             
 
 
     ELECTRIC FIELD GRADIENTS TENSORS IN Hartree/bohrradius^2:
 
     ----- bare term -----
     Cl   1        0.002545       -0.031545       -0.030081
     Cl   1       -0.031545        0.012341        0.007430
     Cl   1       -0.030081        0.007430       -0.014886
 
     C    2       -0.065804        0.107283       -0.401133
     C    2        0.107283       -0.072068       -0.503954
     C    2       -0.401133       -0.503954        0.137872
 
     C    3       -0.091838        0.352764       -0.313022
     C    3        0.352764       -0.205456       -0.472637
     C    3       -0.313022       -0.472637        0.297295
 
     H    4       -0.380488       -0.102656       -0.547098
     H    4       -0.102656        0.361394       -0.134001
     H    4       -0.547098       -0.134001        0.019094
 
     C    5       -0.214631        0.318302       -0.408930
     C    5        0.318302       -0.095247       -0.379998
     C    5       -0.408930       -0.379998        0.309878
 
     H    6        0.389544       -0.100646       -0.085576
     H    6       -0.100646       -0.386304       -0.563679
     H    6       -0.085576       -0.563679       -0.003240
 
     H    7        0.384454        0.128004       -0.086608
     H    7        0.128004       -0.374092        0.575438
     H    7       -0.086608        0.575438       -0.010362
 
     C    8       -0.301929       -0.281581       -0.325211
     C    8       -0.281581       -0.030644        0.434194
     C    8       -0.325211        0.434194        0.332573
 
     H    9       -0.465383        0.124606       -0.501953
     H    9        0.124606        0.366262        0.141326
     H    9       -0.501953        0.141326        0.099121
 
     C   10       -0.159047       -0.313301       -0.249905
     C   10       -0.313301       -0.161473        0.524246
     C   10       -0.249905        0.524246        0.320520
 
     C   11       -0.130904       -0.166511       -0.408704
     C   11       -0.166511       -0.073163        0.488077
     C   11       -0.408704        0.488077        0.204067
 
     Cl  12        0.000571       -0.005933       -0.015086
     Cl  12       -0.005933       -0.011091        0.014723
     Cl  12       -0.015086        0.014723        0.010520
 
     H   13        0.382000       -0.112629       -0.076947
     H   13       -0.112629       -0.400167       -0.554239
     H   13       -0.076947       -0.554239        0.018167
 
     C   14       -0.236182        0.307709       -0.397282
     C   14        0.307709       -0.076311       -0.391617
     C   14       -0.397282       -0.391617        0.312493
 
     H   15       -0.380218       -0.102697       -0.571798
     H   15       -0.102697        0.354451       -0.135353
     H   15       -0.571798       -0.135353        0.025768
 
     C   16       -0.117111        0.336083       -0.315069
     C   16        0.336083       -0.201194       -0.462477
     C   16       -0.315069       -0.462477        0.318305
 
     C   17       -0.053466        0.097869       -0.419546
     C   17        0.097869       -0.102692       -0.479056
     C   17       -0.419546       -0.479056        0.156158
 
     Cl  18       -0.006129       -0.044465       -0.035516
     Cl  18       -0.044465        0.026493        0.007029
     Cl  18       -0.035516        0.007029       -0.020364
 
     H   19        0.385644        0.102488       -0.102573
     H   19        0.102488       -0.332018        0.591302
     H   19       -0.102573        0.591302       -0.053626
 
     C   20       -0.276459       -0.330066       -0.352825
     C   20       -0.330066       -0.015815        0.419153
     C   20       -0.352825        0.419153        0.292274
 
     H   21       -0.439883        0.086485       -0.552184
     H   21        0.086485        0.383267        0.131434
     H   21       -0.552184        0.131434        0.056616
 
     C   22       -0.151552       -0.357653       -0.263569
     C   22       -0.357653       -0.110088        0.529769
     C   22       -0.263569        0.529769        0.261640
 
     C   23       -0.163328       -0.080797       -0.377252
     C   23       -0.080797        0.031785        0.509340
     C   23       -0.377252        0.509340        0.131543
 
     Cl  24        0.029698        0.034398       -0.023008
     Cl  24        0.034398        0.002355        0.007132
     Cl  24       -0.023008        0.007132       -0.032053
 
     ----- ionic term -----
     Cl   1        0.097657       -0.203417       -0.012571
     Cl   1       -0.203417        0.037502        0.017819
     Cl   1       -0.012571        0.017819       -0.135158
 
     C    2        0.101319       -0.218250        0.302411
     C    2       -0.218250        0.087355        0.406763
     C    2        0.302411        0.406763       -0.188674
 
     C    3        0.050857       -0.282022        0.228472
     C    3       -0.282022        0.183618        0.381040
     C    3        0.228472        0.381040       -0.234475
 
     H    4        0.527853        0.134733        0.751976
     H    4        0.134733       -0.498173        0.165248
     H    4        0.751976        0.165248       -0.029681
 
     C    5        0.175671       -0.254504        0.319576
     C    5       -0.254504        0.063511        0.280887
     C    5        0.319576        0.280887       -0.239181
 
     H    6       -0.527197        0.125833        0.110598
     H    6        0.125833        0.527612        0.764633
     H    6        0.110598        0.764633       -0.000415
 
     H    7       -0.517927       -0.162061        0.118954
     H    7       -0.162061        0.505647       -0.778827
     H    7        0.118954       -0.778827        0.012280
 
     C    8        0.248934        0.223082        0.254448
     C    8        0.223082        0.009019       -0.323255
     C    8        0.254448       -0.323255       -0.257952
 
     H    9        0.640612       -0.160166        0.694165
     H    9       -0.160166       -0.502965       -0.171405
     H    9        0.694165       -0.171405       -0.137648
 
     C   10        0.109419        0.252830        0.180062
     C   10        0.252830        0.138431       -0.426705
     C   10        0.180062       -0.426705       -0.247850
 
     C   11        0.144164        0.252212        0.306864
     C   11        0.252212        0.090124       -0.393253
     C   11        0.306864       -0.393253       -0.234288
 
     Cl  12        0.081805        0.232200       -0.006131
     Cl  12        0.232200        0.073568       -0.015528
     Cl  12       -0.006131       -0.015528       -0.155373
 
     H   13       -0.519889        0.137847        0.102057
     H   13        0.137847        0.550588        0.751980
     H   13        0.102057        0.751980       -0.030698
 
     C   14        0.193009       -0.246307        0.309040
     C   14       -0.246307        0.044840        0.288934
     C   14        0.309040        0.288934       -0.237849
 
     H   15        0.525332        0.135251        0.776684
     H   15        0.135251       -0.493937        0.167054
     H   15        0.776684        0.167054       -0.031395
 
     C   16        0.073203       -0.268445        0.228322
     C   16       -0.268445        0.177064        0.377111
     C   16        0.228322        0.377111       -0.250267
 
     C   17        0.084387       -0.210438        0.320616
     C   17       -0.210438        0.123794        0.381526
     C   17        0.320616        0.381526       -0.208180
 
     Cl  18        0.078579       -0.196348        0.007980
     Cl  18       -0.196348        0.056409        0.007912
     Cl  18        0.007980        0.007912       -0.134988
 
     H   19       -0.520105       -0.128785        0.129709
     H   19       -0.128785        0.444543       -0.797332
     H   19        0.129709       -0.797332        0.075562
 
     C   20        0.229511        0.261809        0.275709
     C   20        0.261809       -0.001598       -0.313121
     C   20        0.275709       -0.313121       -0.227913
 
     H   21        0.606818       -0.116061        0.748431
     H   21       -0.116061       -0.523526       -0.158257
     H   21        0.748431       -0.158257       -0.083292
 
     C   22        0.097863        0.285554        0.188321
     C   22        0.285554        0.100250       -0.423759
     C   22        0.188321       -0.423759       -0.198114
 
     C   23        0.194646        0.196904        0.274045
     C   23        0.196904       -0.011068       -0.418534
     C   23        0.274045       -0.418534       -0.183579
 
     Cl  24        0.114929        0.193470       -0.012643
     Cl  24        0.193470        0.007673       -0.022763
     Cl  24       -0.012643       -0.022763       -0.122602
 
     ----- GIPAW term -----
     Cl   1        1.046409       -2.482494       -0.485274
     Cl   1       -2.482494        0.520762        0.271011
     Cl   1       -0.485274        0.271011       -1.567171
 
     C    2        0.048818       -0.132735       -0.083225
     C    2       -0.132735        0.021075       -0.070988
     C    2       -0.083225       -0.070988       -0.069893
 
     C    3       -0.040187        0.052572       -0.075121
     C    3        0.052572       -0.006308       -0.073702
     C    3       -0.075121       -0.073702        0.046495
 
     H    4        0.000000       -0.000000       -0.000000
     H    4       -0.000000        0.000000        0.000000
     H    4       -0.000000        0.000000       -0.000000
 
     C    5       -0.023979        0.048634       -0.068946
     C    5        0.048634       -0.030765       -0.086545
     C    5       -0.068946       -0.086545        0.054744
 
     H    6        0.000000       -0.000000       -0.000000
     H    6       -0.000000        0.000000        0.000000
     H    6       -0.000000        0.000000       -0.000000
 
     H    7        0.000000       -0.000000       -0.000000
     H    7       -0.000000        0.000000        0.000000
     H    7       -0.000000        0.000000       -0.000000
 
     C    8       -0.031266       -0.043233       -0.055470
     C    8       -0.043233       -0.023299        0.097225
     C    8       -0.055470        0.097225        0.054566
 
     H    9        0.000000       -0.000000       -0.000000
     H    9       -0.000000        0.000000        0.000000
     H    9       -0.000000        0.000000       -0.000000
 
     C   10       -0.045831       -0.045291       -0.061769
     C   10       -0.045291       -0.009638        0.077211
     C   10       -0.061769        0.077211        0.055469
 
     C   11        0.027132        0.109797       -0.082503
     C   11        0.109797        0.026160        0.072639
     C   11       -0.082503        0.072639       -0.053292
 
     Cl  12        0.860188        2.399765       -0.250558
     Cl  12        2.399765        0.656688        0.001513
     Cl  12       -0.250558        0.001513       -1.516876
 
     H   13        0.000000       -0.000000       -0.000000
     H   13       -0.000000        0.000000        0.000000
     H   13       -0.000000        0.000000       -0.000000
 
     C   14       -0.026321        0.047087       -0.068591
     C   14        0.047087       -0.030541       -0.089599
     C   14       -0.068591       -0.089599        0.056862
 
     H   15        0.000000       -0.000000       -0.000000
     H   15       -0.000000        0.000000        0.000000
     H   15       -0.000000        0.000000       -0.000000
 
     C   16       -0.043839        0.049902       -0.076537
     C   16        0.049902       -0.006674       -0.066160
     C   16       -0.076537       -0.066160        0.050514
 
     C   17        0.039832       -0.133294       -0.080111
     C   17       -0.133294        0.033578       -0.072113
     C   17       -0.080111       -0.072113       -0.073410
 
     Cl  18        0.755352       -2.552086       -0.320133
     Cl  18       -2.552086        0.862042        0.157760
     Cl  18       -0.320133        0.157760       -1.617394
 
     H   19        0.000000       -0.000000       -0.000000
     H   19       -0.000000        0.000000        0.000000
     H   19       -0.000000        0.000000       -0.000000
 
     C   20       -0.029456       -0.051627       -0.058770
     C   20       -0.051627       -0.019391        0.092108
     C   20       -0.058770        0.092108        0.048847
 
     H   21        0.000000       -0.000000       -0.000000
     H   21       -0.000000        0.000000        0.000000
     H   21       -0.000000        0.000000       -0.000000
 
     C   22       -0.050707       -0.054396       -0.067139
     C   22       -0.054396        0.000062        0.085228
     C   22       -0.067139        0.085228        0.050646
 
     C   23        0.052210        0.136186       -0.087284
     C   23        0.136186        0.018893        0.065756
     C   23       -0.087284        0.065756       -0.071103
 
     Cl  24        1.542605        2.402518       -0.398903
     Cl  24        2.402518        0.079765       -0.161080
     Cl  24       -0.398903       -0.161080       -1.622371
 
     ----- total EFG -----
     Cl   1        1.146611       -2.717455       -0.527926
     Cl   1       -2.717455        0.570605        0.296260
     Cl   1       -0.527926        0.296260       -1.717215
 
     C    2        0.084333       -0.243703       -0.181947
     C    2       -0.243703        0.036362       -0.168179
     C    2       -0.181947       -0.168179       -0.120695
 
     C    3       -0.081168        0.123313       -0.159671
     C    3        0.123313       -0.028147       -0.165299
     C    3       -0.159671       -0.165299        0.109315
 
     H    4        0.147365        0.032077        0.204878
     H    4        0.032077       -0.136778        0.031247
     H    4        0.204878        0.031247       -0.010587
 
     C    5       -0.062938        0.112432       -0.158300
     C    5        0.112432       -0.062502       -0.185657
     C    5       -0.158300       -0.185657        0.125441
 
     H    6       -0.137654        0.025186        0.025021
     H    6        0.025186        0.141309        0.200954
     H    6        0.025021        0.200954       -0.003655
 
     H    7       -0.133473       -0.034057        0.032347
     H    7       -0.034057        0.131554       -0.203388
     H    7        0.032347       -0.203388        0.001919
 
     C    8       -0.084262       -0.101731       -0.126232
     C    8       -0.101731       -0.044925        0.208163
     C    8       -0.126232        0.208163        0.129186
 
     H    9        0.175229       -0.035559        0.192213
     H    9       -0.035559       -0.136703       -0.030078
     H    9        0.192213       -0.030078       -0.038527
 
     C   10       -0.095459       -0.105762       -0.131611
     C   10       -0.105762       -0.032681        0.174752
     C   10       -0.131611        0.174752        0.128140
 
     C   11        0.040392        0.195498       -0.184344
     C   11        0.195498        0.043121        0.167463
     C   11       -0.184344        0.167463       -0.083513
 
     Cl  12        0.942564        2.626032       -0.271775
     Cl  12        2.626032        0.719164        0.000709
     Cl  12       -0.271775        0.000709       -1.661729
 
     H   13       -0.137889        0.025218        0.025111
     H   13        0.025218        0.150420        0.197741
     H   13        0.025111        0.197741       -0.012532
 
     C   14       -0.069493        0.108489       -0.156832
     C   14        0.108489       -0.062012       -0.192282
     C   14       -0.156832       -0.192282        0.131506
 
     H   15        0.145114        0.032554        0.204886
     H   15        0.032554       -0.139486        0.031701
     H   15        0.204886        0.031701       -0.005628
 
     C   16       -0.087747        0.117540       -0.163284
     C   16        0.117540       -0.030804       -0.151526
     C   16       -0.163284       -0.151526        0.118551
 
     C   17        0.070753       -0.245862       -0.179041
     C   17       -0.245862        0.054680       -0.169643
     C   17       -0.179041       -0.169643       -0.125432
 
     Cl  18        0.827802       -2.792899       -0.347669
     Cl  18       -2.792899        0.944944        0.172701
     Cl  18       -0.347669        0.172701       -1.772746
 
     H   19       -0.134461       -0.026297        0.027136
     H   19       -0.026297        0.112526       -0.206030
     H   19        0.027136       -0.206030        0.021936
 
     C   20       -0.076404       -0.119885       -0.135885
     C   20       -0.119885       -0.036804        0.198140
     C   20       -0.135885        0.198140        0.113208
 
     H   21        0.166935       -0.029576        0.196247
     H   21       -0.029576       -0.140259       -0.026823
     H   21        0.196247       -0.026823       -0.026675
 
     C   22       -0.104396       -0.126495       -0.142387
     C   22       -0.126495       -0.009776        0.191238
     C   22       -0.142387        0.191238        0.114172
 
     C   23        0.083529        0.252293       -0.190491
     C   23        0.252293        0.039609        0.156562
     C   23       -0.190491        0.156562       -0.123138
 
     Cl  24        1.687233        2.630386       -0.434554
     Cl  24        2.630386        0.089793       -0.176711
     Cl  24       -0.434554       -0.176711       -1.777026
 
     ----- total EFG (symmetrized) -----
     Cl   1        1.146611       -2.717455       -0.527926
     Cl   1       -2.717455        0.570605        0.296260
     Cl   1       -0.527926        0.296260       -1.717215
 
     C    2        0.084333       -0.243703       -0.181947
     C    2       -0.243703        0.036362       -0.168179
     C    2       -0.181947       -0.168179       -0.120695
 
     C    3       -0.081168        0.123313       -0.159671
     C    3        0.123313       -0.028147       -0.165299
     C    3       -0.159671       -0.165299        0.109315
 
     H    4        0.147365        0.032077        0.204878
     H    4        0.032077       -0.136778        0.031247
     H    4        0.204878        0.031247       -0.010587
 
     C    5       -0.062938        0.112432       -0.158300
     C    5        0.112432       -0.062502       -0.185657
     C    5       -0.158300       -0.185657        0.125441
 
     H    6       -0.137654        0.025186        0.025021
     H    6        0.025186        0.141309        0.200954
     H    6        0.025021        0.200954       -0.003655
 
     H    7       -0.133473       -0.034057        0.032347
     H    7       -0.034057        0.131554       -0.203388
     H    7        0.032347       -0.203388        0.001919
 
     C    8       -0.084262       -0.101731       -0.126232
     C    8       -0.101731       -0.044925        0.208163
     C    8       -0.126232        0.208163        0.129186
 
     H    9        0.175229       -0.035559        0.192213
     H    9       -0.035559       -0.136703       -0.030078
     H    9        0.192213       -0.030078       -0.038527
 
     C   10       -0.095459       -0.105762       -0.131611
     C   10       -0.105762       -0.032681        0.174752
     C   10       -0.131611        0.174752        0.128140
 
     C   11        0.040392        0.195498       -0.184344
     C   11        0.195498        0.043121        0.167463
     C   11       -0.184344        0.167463       -0.083513
 
     Cl  12        0.942564        2.626032       -0.271775
     Cl  12        2.626032        0.719164        0.000709
     Cl  12       -0.271775        0.000709       -1.661729
 
     H   13       -0.137889        0.025218        0.025111
     H   13        0.025218        0.150420        0.197741
     H   13        0.025111        0.197741       -0.012532
 
     C   14       -0.069493        0.108489       -0.156832
     C   14        0.108489       -0.062012       -0.192282
     C   14       -0.156832       -0.192282        0.131506
 
     H   15        0.145114        0.032554        0.204886
     H   15        0.032554       -0.139486        0.031701
     H   15        0.204886        0.031701       -0.005628
 
     C   16       -0.087747        0.117540       -0.163284
     C   16        0.117540       -0.030804       -0.151526
     C   16       -0.163284       -0.151526        0.118551
 
     C   17        0.070753       -0.245862       -0.179041
     C   17       -0.245862        0.054680       -0.169643
     C   17       -0.179041       -0.169643       -0.125432
 
     Cl  18        0.827802       -2.792899       -0.347669
     Cl  18       -2.792899        0.944944        0.172701
     Cl  18       -0.347669        0.172701       -1.772746
 
     H   19       -0.134461       -0.026297        0.027136
     H   19       -0.026297        0.112526       -0.206030
     H   19        0.027136       -0.206030        0.021936
 
     C   20       -0.076404       -0.119885       -0.135885
     C   20       -0.119885       -0.036804        0.198140
     C   20       -0.135885        0.198140        0.113208
 
     H   21        0.166935       -0.029576        0.196247
     H   21       -0.029576       -0.140259       -0.026823
     H   21        0.196247       -0.026823       -0.026675
 
     C   22       -0.104396       -0.126495       -0.142387
     C   22       -0.126495       -0.009776        0.191238
     C   22       -0.142387        0.191238        0.114172
 
     C   23        0.083529        0.252293       -0.190491
     C   23        0.252293        0.039609        0.156562
     C   23       -0.190491        0.156562       -0.123138
 
     Cl  24        1.687233        2.630386       -0.434554
     Cl  24        2.630386        0.089793       -0.176711
     Cl  24       -0.434554       -0.176711       -1.777026
 
 
     NQR/NMR SPECTROSCOPIC PARAMETERS:
     Cl   1    Vxx=   -1.6883    axis=( -0.320043 -0.491254  0.810088)
     Cl   1    Vyy=   -1.9679    axis=( -0.590667 -0.565072 -0.576027)
     Cl   1    Vzz=    3.6562    axis=( -0.740733  0.662845  0.109320)
     Cl   1  Q=        -8.1650 1e-30 m^2  Cq=       -70.1431 MHz  eta= 0.07648
 
     C    2    Vxx=    0.0950    axis=( -0.385605 -0.541127  0.747322)
     C    2    Vyy=    0.3068    axis=( -0.762753  0.642692  0.071798)
     C    2    Vzz=   -0.4018    axis=( -0.519149 -0.542337 -0.660572)
     C    2  Q=         1.0000 1e-30 m^2  Cq=        -0.9440 MHz  eta= 0.52727
 
     C    3    Vxx=   -0.1352    axis=(  0.224257  0.733118  0.642065)
     C    3    Vyy=   -0.1853    axis=( -0.865309  0.452858 -0.214848)
     C    3    Vzz=    0.3205    axis=( -0.448273 -0.507403  0.735930)
     C    3  Q=         1.0000 1e-30 m^2  Cq=         0.7531 MHz  eta= 0.15647
 
     H    4    Vxx=   -0.1372    axis=( -0.344447  0.874481  0.341524)
     H    4    Vyy=   -0.1553    axis=( -0.458540 -0.474152  0.751613)
     H    4    Vzz=    0.2925    axis=( -0.819205 -0.102288 -0.564305)
     H    4  Q=         1.0000 1e-30 m^2  Cq=         0.6873 MHz  eta= 0.06181
 
     C    5    Vxx=   -0.1520    axis=(  0.811167  0.152245  0.564650)
     C    5    Vyy=   -0.1821    axis=( -0.386664  0.863986  0.322520)
     C    5    Vzz=    0.3342    axis=( -0.438748 -0.479948  0.759704)
     C    5  Q=         1.0000 1e-30 m^2  Cq=         0.7851 MHz  eta= 0.09006
 
     H    6    Vxx=   -0.1363    axis=(  0.814179 -0.387088  0.432754)
     H    6    Vyy=   -0.1490    axis=( -0.574729 -0.431449  0.695369)
     H    6    Vzz=    0.2853    axis=(  0.082457  0.814871  0.573748)
     H    6  Q=         1.0000 1e-30 m^2  Cq=         0.6705 MHz  eta= 0.04448
 
     H    7    Vxx=   -0.1355    axis=( -0.877563 -0.356298 -0.320836)
     H    7    Vyy=   -0.1499    axis=( -0.466542  0.480267  0.742753)
     H    7    Vzz=    0.2854    axis=(  0.110554 -0.801496  0.587692)
     H    7  Q=         1.0000 1e-30 m^2  Cq=         0.6705 MHz  eta= 0.05059
 
     C    8    Vxx=   -0.1425    axis=( -0.882520  0.071492 -0.464809)
     C    8    Vyy=   -0.1881    axis=( -0.299059 -0.848099  0.437369)
     C    8    Vzz=    0.3307    axis=( -0.362936  0.524992  0.769845)
     C    8  Q=         1.0000 1e-30 m^2  Cq=         0.7769 MHz  eta= 0.13804
 
     H    9    Vxx=   -0.1373    axis=(  0.325177  0.871320 -0.367507)
     H    9    Vyy=   -0.1559    axis=( -0.401619  0.479085  0.780500)
     H    9    Vzz=    0.2932    axis=( -0.856132  0.106203 -0.505726)
     H    9  Q=         1.0000 1e-30 m^2  Cq=         0.6889 MHz  eta= 0.06347
 
     C   10    Vxx=   -0.1354    axis=( -0.447641  0.625879 -0.638665)
     C   10    Vyy=   -0.1744    axis=( -0.807914 -0.589195 -0.011131)
     C   10    Vzz=    0.3098    axis=( -0.383265  0.511004  0.769404)
     C   10  Q=         1.0000 1e-30 m^2  Cq=         0.7278 MHz  eta= 0.12604
 
     C   11    Vxx=    0.1320    axis=( -0.408827  0.517369  0.751791)
     C   11    Vyy=    0.2380    axis=(  0.732788  0.677103 -0.067477)
     C   11    Vzz=   -0.3700    axis=( -0.543950  0.523317 -0.655940)
     C   11  Q=         1.0000 1e-30 m^2  Cq=        -0.8693 MHz  eta= 0.28658
 
     Cl  12    Vxx=   -1.5343    axis=( -0.379744  0.442267  0.812524)
     Cl  12    Vyy=   -1.9324    axis=(  0.577876 -0.572462  0.581676)
     Cl  12    Vzz=    3.4668    axis=( -0.722395 -0.690426  0.038187)
     Cl  12  Q=        -8.1650 1e-30 m^2  Cq=       -66.5079 MHz  eta= 0.11483
 
     H   13    Vxx=   -0.1357    axis=(  0.800900 -0.386590  0.457283)
     H   13    Vyy=   -0.1500    axis=( -0.593131 -0.407351  0.694450)
     H   13    Vzz=    0.2857    axis=(  0.082193  0.827414  0.555546)
     H   13  Q=         1.0000 1e-30 m^2  Cq=         0.6713 MHz  eta= 0.04986
 
     C   14    Vxx=   -0.1550    axis=(  0.851980  0.076881  0.517898)
     C   14    Vyy=   -0.1838    axis=( -0.308816  0.872568  0.378494)
     C   14    Vzz=    0.3389    axis=( -0.422803 -0.482405  0.767153)
     C   14  Q=         1.0000 1e-30 m^2  Cq=         0.7962 MHz  eta= 0.08492
 
     H   15    Vxx=   -0.1387    axis=(  0.409915 -0.798459 -0.440945)
     H   15    Vyy=   -0.1540    axis=(  0.410027  0.593135 -0.692870)
     H   15    Vzz=    0.2927    axis=( -0.814768 -0.103218 -0.570525)
     H   15  Q=         1.0000 1e-30 m^2  Cq=         0.6877 MHz  eta= 0.05234
 
     C   16    Vxx=   -0.1229    axis=(  0.157094  0.785176  0.599016)
     C   16    Vyy=   -0.1905    axis=( -0.880195  0.386379 -0.275624)
     C   16    Vzz=    0.3134    axis=( -0.447861 -0.483952  0.751805)
     C   16  Q=         1.0000 1e-30 m^2  Cq=         0.7363 MHz  eta= 0.21568
 
     C   17    Vxx=    0.0935    axis=( -0.435583 -0.503260  0.746322)
     C   17    Vyy=    0.3091    axis=( -0.729965  0.682625  0.034271)
     C   17    Vzz=   -0.4025    axis=( -0.526705 -0.529861 -0.664702)
     C   17  Q=         1.0000 1e-30 m^2  Cq=        -0.9458 MHz  eta= 0.53566
 
     Cl  18    Vxx=   -1.7136    axis=( -0.352915 -0.424904  0.833611)
     Cl  18    Vyy=   -1.9909    axis=( -0.621776 -0.559257 -0.548294)
     Cl  18    Vzz=    3.7044    axis=( -0.699175  0.711820  0.066825)
     Cl  18  Q=        -8.1650 1e-30 m^2  Cq=       -71.0678 MHz  eta= 0.07485
 
     H   19    Vxx=   -0.1353    axis=(  0.872263  0.364052  0.326532)
     H   19    Vyy=   -0.1463    axis=(  0.480724 -0.515715 -0.709184)
     H   19    Vzz=    0.2816    axis=(  0.089782 -0.775567  0.624848)
     H   19  Q=         1.0000 1e-30 m^2  Cq=         0.6616 MHz  eta= 0.03908
 
     C   20    Vxx=   -0.1435    axis=( -0.764127  0.247614 -0.595648)
     C   20    Vyy=   -0.1864    axis=( -0.501585 -0.808698  0.307278)
     C   20    Vzz=    0.3299    axis=( -0.405613  0.533568  0.742148)
     C   20  Q=         1.0000 1e-30 m^2  Cq=         0.7752 MHz  eta= 0.13023
 
     H   21    Vxx=   -0.1387    axis=(  0.370351  0.809959 -0.454759)
     H   21    Vyy=   -0.1538    axis=( -0.385816  0.579475  0.717883)
     H   21    Vzz=    0.2925    axis=( -0.844977  0.090415 -0.527104)
     H   21  Q=         1.0000 1e-30 m^2  Cq=         0.6873 MHz  eta= 0.05153
 
     C   22    Vxx=   -0.1423    axis=( -0.327026  0.661571 -0.674817)
     C   22    Vyy=   -0.1928    axis=( -0.857803 -0.507432 -0.081767)
     C   22    Vzz=    0.3351    axis=( -0.396519  0.552121  0.733441)
     C   22  Q=         1.0000 1e-30 m^2  Cq=         0.7874 MHz  eta= 0.15064
 
     C   23    Vxx=    0.0861    axis=( -0.359910  0.559809  0.746377)
     C   23    Vyy=    0.3185    axis=( -0.766260 -0.633754  0.105840)
     C   23    Vzz=   -0.4047    axis=(  0.532270 -0.533825  0.657053)
     C   23  Q=         1.0000 1e-30 m^2  Cq=        -0.9508 MHz  eta= 0.57422
 
     Cl  24    Vxx=   -1.7190    axis=( -0.326117  0.549400  0.769290)
     Cl  24    Vyy=   -1.9564    axis=(  0.501152 -0.589538  0.633475)
     Cl  24    Vzz=    3.6754    axis=( -0.801557 -0.592119  0.083074)
     Cl  24  Q=        -8.1650 1e-30 m^2  Cq=       -70.5100 MHz  eta= 0.06458
 
     Initialization:
     gipaw_setup  :      0.20s CPU      0.30s WALL (       1 calls)
 
     Linear response
 
     Apply operators
 
     Induced current
 
     Other routines
     efg          :      0.70s CPU      0.79s WALL (       1 calls)
 
     General routines
     calbec       :      0.05s CPU      0.05s WALL (      16 calls)
     fft          :      0.06s CPU      0.09s WALL (      15 calls)
     ffts         :      0.00s CPU      0.00s WALL (       2 calls)
     fftw         :      0.43s CPU      0.46s WALL (     672 calls)
     davcio       :      0.00s CPU      0.06s WALL (      32 calls)
 
     Parallel routines
     fft_scatter  :      0.31s CPU      0.34s WALL (     689 calls)
 
     Plugins
 
     GIPAW        :      3.83s CPU      4.59s WALL (       1 calls)
