
     Program QE v.6.0 starts on 20May2017 at 15: 2:23 

     This program is part of the open-source Quantum ESPRESSO suite
     for quantum simulation of materials; please cite
         "P. Giannozzi et al., J. Phys.:Condens. Matter 21 395502 (2009);
          URL http://www.quantum-espresso.org", 
     in publications or presentations arising from this work. More details at
     http://www.quantum-espresso.org/quote
 
           ARCH :    x86_64
             CC :    icc
            CPP :    cpp
            F90 :    ifort
            F77 :    ifort
         DFLAGS :    -D__INTEL -D__DFTI
      BLAS LIBS :    -lmkl_intel_lp64  -lmkl_sequential -lmkl_core
    LAPACK LIBS :    
       FFT LIBS :    
      MASS LIBS :    

     Parallel version (MPI & OpenMP), running on      32 processor cores
     Number of MPI processes:                32
     Threads/MPI process:                     1
     R & G space division:  proc/nbgrp/npool/nimage =      32
 
     ***** This is GIPAW svn revision unknown      *****
 
     Parallelizing q-star over 1 images

     Reading data from directory:
     ./scratch/scf-758.save

   Info: using nr1, nr2, nr3 values from input

   Info: using nr1, nr2, nr3 values from input

     IMPORTANT: XC functional enforced from input :
     Exchange-correlation      =  SLA  PW   PBX  PBC ( 1  4  3  4 0 0)
     Any further DFT definition will be discarded
     Please, verify this is what you really want

               file C.pbe-n-kjpaw_psl.1.0.0.UPF: wavefunction(s)  2S 2P renormalized
               file Cl.pbe-n-kjpaw_psl.1.0.0.UPF: wavefunction(s)  3S 3P renormalized
               file H.pbe-kjpaw_psl.1.0.0.UPF: wavefunction(s)  1S renormalized
 
     Parallelization info
     --------------------
     sticks:   dense  smooth     PW     G-vecs:    dense   smooth      PW
     Min         764     305     83                36108     9133    1292
     Max         765     306     84                36110     9135    1293
     Sum       24467    9791   2657              1155489   292295   41363
 

     Subspace diagonalization in iterative solution of the eigenvalue problem:
     a serial algorithm will be used

     GIPAW projectors -----------------------------------------------
     atom=  C    l=0  rc=    1.2000  rs=    0.8000
     atom=  C    l=0  rc=    1.2000  rs=    0.8000
     atom=  C    l=1  rc=    1.4000  rs=    0.9333
     atom=  C    l=1  rc=    1.4000  rs=    0.9333
     projs nearly linearly dependent: l=1  n1,n2= 1, 2  s=  0.99951561
 
     atom=  Cl   l=0  rc=    1.6000  rs=    1.0667
     atom=  Cl   l=0  rc=    1.6000  rs=    1.0667
     atom=  Cl   l=1  rc=    1.6000  rs=    1.0667
     atom=  Cl   l=1  rc=    1.6000  rs=    1.0667
     atom=  Cl   l=2  rc=    1.6000  rs=    1.0667
     atom=  Cl   l=2  rc=    1.6000  rs=    1.0667
     projs nearly linearly dependent: l=2  n1,n2= 1, 2  s=  0.99993509
 
     atom=  H    l=0  rc=    1.0000  rs=    0.6667
     atom=  H    l=0  rc=    1.0000  rs=    0.6667
     projs nearly linearly dependent: l=0  n1,n2= 1, 2  s=  0.99968852
     -----------------------------------------------------------------
 
     GIPAW integrals: -------------------------------------------
     Atom  i/j   nmr_para   nmr_dia   epr_rmc  epr_para   epr_dia
       C   1 1   0.83E+03  0.17E-01  0.93E+01  0.24E+08  0.24E+03
       C   2 1   0.86E+03 -0.61E-01  0.94E+01  0.25E+08  0.25E+03
       C   2 2   0.90E+03 -0.15E+00  0.97E+01  0.26E+08  0.26E+03
       C   3 3   0.33E+01  0.34E+00  0.18E+01  0.55E+03  0.21E+02
       C   4 3   0.35E+01  0.37E+00  0.20E+01  0.59E+03  0.22E+02
       C   4 4   0.38E+01  0.39E+00  0.22E+01  0.63E+03  0.24E+02
       Cl  1 1   0.14E+04 -0.47E+00  0.84E+01  0.32E+09  0.42E+03
       Cl  2 1   0.21E+04 -0.37E+00  0.12E+02  0.49E+09  0.65E+03
       Cl  2 2   0.33E+04 -0.16E+00  0.21E+02  0.76E+09  0.10E+04
       Cl  3 3   0.21E+02  0.79E-01  0.89E+01  0.23E+05  0.13E+03
       Cl  4 3   0.24E+02  0.67E-01  0.99E+01  0.27E+05  0.15E+03
       Cl  4 4   0.28E+02  0.44E-01  0.11E+02  0.32E+05  0.18E+03
       Cl  5 5   0.77E+00  0.19E+00  0.18E+01  0.12E+03  0.22E+02
       Cl  6 5   0.80E+00  0.19E+00  0.19E+01  0.12E+03  0.23E+02
       Cl  6 6   0.83E+00  0.20E+00  0.19E+01  0.12E+03  0.23E+02
       H   1 1   0.39E+02  0.19E+00  0.29E+00  0.78E+05  0.13E+02
       H   2 1   0.41E+02  0.21E+00  0.32E+00  0.82E+05  0.14E+02
       H   2 2   0.43E+02  0.22E+00  0.36E+00  0.86E+05  0.15E+02
     ------------------------------------------------------------
 
     alpha_pv=     34.4985 eV
 
     Number of occupied bands for each k-point:
     k-point:     1    nbnd_occ=  42
     k-point:     2    nbnd_occ=  42
     k-point:     3    nbnd_occ=  42
     k-point:     4    nbnd_occ=  42
     k-point:     5    nbnd_occ=  42
     k-point:     6    nbnd_occ=  42
     k-point:     7    nbnd_occ=  42
     k-point:     8    nbnd_occ=  42
     k-point:     9    nbnd_occ=  42
     k-point:    10    nbnd_occ=  42
     k-point:    11    nbnd_occ=  42
     k-point:    12    nbnd_occ=  42
     k-point:    13    nbnd_occ=  42
     k-point:    14    nbnd_occ=  42
     k-point:    15    nbnd_occ=  42
     k-point:    16    nbnd_occ=  42
 
 
     q-space interpolation up to   110.00 Rydberg
 
     GIPAW job: efg                                                                             
 
 
     ELECTRIC FIELD GRADIENTS TENSORS IN Hartree/bohrradius^2:
 
     ----- bare term -----
     Cl   1        0.019991       -0.017538       -0.018863
     Cl   1       -0.017538        0.017901       -0.005219
     Cl   1       -0.018863       -0.005219       -0.037892
 
     C    2       -0.145122        0.087347       -0.365086
     C    2        0.087347        0.039379       -0.519005
     C    2       -0.365086       -0.519005        0.105743
 
     C    3       -0.136399        0.374693       -0.255951
     C    3        0.374693       -0.131182       -0.511463
     C    3       -0.255951       -0.511463        0.267580
 
     H    4       -0.452338       -0.124906       -0.502873
     H    4       -0.124906        0.328135       -0.154534
     H    4       -0.502873       -0.154534        0.124203
 
     C    5       -0.286232        0.291454       -0.354705
     C    5        0.291454       -0.037248       -0.417478
     C    5       -0.354705       -0.417478        0.323480
 
     H    6        0.383949       -0.085092       -0.084269
     H    6       -0.085092       -0.294675       -0.599446
     H    6       -0.084269       -0.599446       -0.089274
 
     H    7        0.381093        0.133571       -0.095104
     H    7        0.133571       -0.404038        0.546551
     H    7       -0.095104        0.546551        0.022944
 
     C    8       -0.261044       -0.283595       -0.369764
     C    8       -0.283595       -0.096412        0.404761
     C    8       -0.369764        0.404761        0.357455
 
     H    9       -0.457562        0.100187       -0.534369
     H    9        0.100187        0.376512        0.140398
     H    9       -0.534369        0.140398        0.081050
 
     C   10       -0.146749       -0.328188       -0.287687
     C   10       -0.328188       -0.209065        0.500946
     C   10       -0.287687        0.500946        0.355814
 
     C   11       -0.207890       -0.102815       -0.404341
     C   11       -0.102815       -0.056612        0.484045
     C   11       -0.404341        0.484045        0.264502
 
     Cl  12        0.019658        0.020632       -0.011164
     Cl  12        0.020632       -0.027043        0.021834
     Cl  12       -0.011164        0.021834        0.007386
 
     H   13        0.390141       -0.100485       -0.073767
     H   13       -0.100485       -0.377255       -0.573951
     H   13       -0.073767       -0.573951       -0.012886
 
     C   14       -0.308272        0.282926       -0.318031
     C   14        0.282926       -0.008200       -0.444621
     C   14       -0.318031       -0.444621        0.316473
 
     H   15       -0.468370       -0.114003       -0.507029
     H   15       -0.114003        0.380474       -0.150631
     H   15       -0.507029       -0.150631        0.087897
 
     C   16       -0.200553        0.340231       -0.230210
     C   16        0.340231       -0.117295       -0.519759
     C   16       -0.230210       -0.519759        0.317848
 
     C   17       -0.228004        0.183803       -0.379268
     C   17        0.183803       -0.026909       -0.492641
     C   17       -0.379268       -0.492641        0.254913
 
     Cl  18       -0.019279        0.007982       -0.015611
     Cl  18        0.007982       -0.013381       -0.029960
     Cl  18       -0.015611       -0.029960        0.032660
 
     H   19        0.365964        0.150896       -0.100015
     H   19        0.150896       -0.372561        0.555411
     H   19       -0.100015        0.555411        0.006597
 
     C   20       -0.276979       -0.261266       -0.374562
     C   20       -0.261266       -0.112080        0.396002
     C   20       -0.374562        0.396002        0.389059
 
     H   21       -0.459518        0.113058       -0.499654
     H   21        0.113058        0.301771        0.132047
     H   21       -0.499654        0.132047        0.157746
 
     C   22       -0.125298       -0.327633       -0.297775
     C   22       -0.327633       -0.245905        0.480026
     C   22       -0.297775        0.480026        0.371203
 
     C   23       -0.124833       -0.033531       -0.432162
     C   23       -0.033531       -0.053600        0.467311
     C   23       -0.432162        0.467311        0.178432
 
     Cl  24        0.016862        0.045147       -0.006466
     Cl  24        0.045147        0.012538        0.013377
     Cl  24       -0.006466        0.013377       -0.029399
 
     ----- ionic term -----
     Cl   1        0.131963       -0.210208       -0.002085
     Cl   1       -0.210208       -0.010912        0.011508
     Cl   1       -0.002085        0.011508       -0.121050
 
     C    2        0.187921       -0.203229        0.270210
     C    2       -0.203229       -0.030060        0.420972
     C    2        0.270210        0.420972       -0.157861
 
     C    3        0.081472       -0.304253        0.185886
     C    3       -0.304253        0.117407        0.406597
     C    3        0.185886        0.406597       -0.198879
 
     H    4        0.637727        0.167177        0.690366
     H    4        0.167177       -0.469008        0.185741
     H    4        0.690366        0.185741       -0.168719
 
     C    5        0.232741       -0.227758        0.281303
     C    5       -0.227758        0.026481        0.310679
     C    5        0.281303        0.310679       -0.259222
 
     H    6       -0.523911        0.098461        0.102292
     H    6        0.098461        0.397803        0.810612
     H    6        0.102292        0.810612        0.126108
 
     H    7       -0.514471       -0.173710        0.130448
     H    7       -0.173710        0.545455       -0.747681
     H    7        0.130448       -0.747681       -0.030983
 
     C    8        0.218725        0.223430        0.290213
     C    8        0.223430        0.060566       -0.301738
     C    8        0.290213       -0.301738       -0.279291
 
     H    9        0.631514       -0.138712        0.723338
     H    9       -0.138712       -0.510578       -0.170567
     H    9        0.723338       -0.170567       -0.120936
 
     C   10        0.096726        0.267895        0.207827
     C   10        0.267895        0.180141       -0.403279
     C   10        0.207827       -0.403279       -0.276867
 
     C   11        0.223521        0.200375        0.307393
     C   11        0.200375        0.063674       -0.385199
     C   11        0.307393       -0.385199       -0.287195
 
     Cl  12        0.117314        0.204793        0.001662
     Cl  12        0.204793        0.038952       -0.010890
     Cl  12        0.001662       -0.010890       -0.156266
 
     H   13       -0.526059        0.126311        0.098885
     H   13        0.126311        0.504507        0.780507
     H   13        0.098885        0.780507        0.021551
 
     C   14        0.251933       -0.218138        0.247552
     C   14       -0.218138       -0.006113        0.332853
     C   14        0.247552        0.332853       -0.245821
 
     H   15        0.642420        0.163107        0.698163
     H   15        0.163107       -0.514332        0.188217
     H   15        0.698163        0.188217       -0.128088
 
     C   16        0.139105       -0.277287        0.161402
     C   16       -0.277287        0.101858        0.422574
     C   16        0.161402        0.422574       -0.240964
 
     C   17        0.237112       -0.252461        0.283554
     C   17       -0.252461        0.036432        0.393479
     C   17        0.283554        0.393479       -0.273544
 
     Cl  18        0.130556       -0.224305        0.000889
     Cl  18       -0.224305        0.043414        0.017972
     Cl  18        0.000889        0.017972       -0.173970
 
     H   19       -0.500755       -0.185978        0.133802
     H   19       -0.185978        0.511760       -0.755215
     H   19        0.133802       -0.755215       -0.011005
 
     C   20        0.228383        0.206643        0.297160
     C   20        0.206643        0.078303       -0.293484
     C   20        0.297160       -0.293484       -0.306686
 
     H   21        0.648125       -0.152431        0.690563
     H   21       -0.152431       -0.446181       -0.161185
     H   21        0.690563       -0.161185       -0.201943
 
     C   22        0.078069        0.266584        0.220567
     C   22        0.266584        0.209445       -0.385343
     C   22        0.220567       -0.385343       -0.287514
 
     C   23        0.157839        0.168559        0.335538
     C   23        0.168559        0.069032       -0.370613
     C   23        0.335538       -0.370613       -0.226871
 
     Cl  24        0.117819        0.196040        0.018399
     Cl  24        0.196040        0.015091        0.004135
     Cl  24        0.018399        0.004135       -0.132911
 
     ----- GIPAW term -----
     Cl   1        1.603936       -2.413811       -0.249632
     Cl   1       -2.413811        0.056206        0.056953
     Cl   1       -0.249632        0.056953       -1.660141
 
     C    2        0.060905       -0.137652       -0.078739
     C    2       -0.137652        0.007977       -0.072488
     C    2       -0.078739       -0.072488       -0.068881
 
     C    3       -0.052728        0.052981       -0.062907
     C    3        0.052981       -0.000819       -0.084010
     C    3       -0.062907       -0.084010        0.053547
 
     H    4        0.000000       -0.000000       -0.000000
     H    4       -0.000000        0.000000        0.000000
     H    4       -0.000000        0.000000       -0.000000
 
     C    5       -0.034710        0.048835       -0.055054
     C    5        0.048835       -0.014699       -0.091909
     C    5       -0.055054       -0.091909        0.049409
 
     H    6        0.000000       -0.000000       -0.000000
     H    6       -0.000000        0.000000        0.000000
     H    6       -0.000000        0.000000       -0.000000
 
     H    7        0.000000       -0.000000       -0.000000
     H    7       -0.000000        0.000000        0.000000
     H    7       -0.000000        0.000000       -0.000000
 
     C    8       -0.023328       -0.043252       -0.062258
     C    8       -0.043252       -0.034955        0.091302
     C    8       -0.062258        0.091302        0.058283
 
     H    9        0.000000       -0.000000       -0.000000
     H    9       -0.000000        0.000000        0.000000
     H    9       -0.000000        0.000000       -0.000000
 
     C   10       -0.046809       -0.044693       -0.069314
     C   10       -0.044693       -0.015749        0.077969
     C   10       -0.069314        0.077969        0.062558
 
     C   11        0.038677        0.118385       -0.078348
     C   11        0.118385        0.010117        0.076652
     C   11       -0.078348        0.076652       -0.048795
 
     Cl  12        1.466124        2.365579       -0.123976
     Cl  12        2.365579        0.094009        0.124467
     Cl  12       -0.123976        0.124467       -1.560132
 
     H   13        0.000000       -0.000000       -0.000000
     H   13       -0.000000        0.000000        0.000000
     H   13       -0.000000        0.000000       -0.000000
 
     C   14       -0.034445        0.049274       -0.055104
     C   14        0.049274       -0.016418       -0.097446
     C   14       -0.055104       -0.097446        0.050863
 
     H   15        0.000000       -0.000000       -0.000000
     H   15       -0.000000        0.000000        0.000000
     H   15       -0.000000        0.000000       -0.000000
 
     C   16       -0.057806        0.046416       -0.060533
     C   16        0.046416       -0.003700       -0.074072
     C   16       -0.060533       -0.074072        0.061506
 
     C   17        0.028709       -0.091430       -0.077782
     C   17       -0.091430        0.016066       -0.074344
     C   17       -0.077782       -0.074344       -0.044775
 
     Cl  18        1.192991       -2.271350       -0.179084
     Cl  18       -2.271350        0.294803       -0.133049
     Cl  18       -0.179084       -0.133049       -1.487794
 
     H   19        0.000000       -0.000000       -0.000000
     H   19       -0.000000        0.000000        0.000000
     H   19       -0.000000        0.000000       -0.000000
 
     C   20       -0.028749       -0.040836       -0.059353
     C   20       -0.040836       -0.034209        0.089247
     C   20       -0.059353        0.089247        0.062958
 
     H   21        0.000000       -0.000000       -0.000000
     H   21       -0.000000        0.000000        0.000000
     H   21       -0.000000        0.000000       -0.000000
 
     C   22       -0.045580       -0.046111       -0.068085
     C   22       -0.046111       -0.018658        0.076135
     C   22       -0.068085        0.076135        0.064238
 
     C   23        0.048586        0.153140       -0.074527
     C   23        0.153140        0.020108        0.076371
     C   23       -0.074527        0.076371       -0.068693
 
     Cl  24        1.419465        2.553614        0.106361
     Cl  24        2.553614        0.261866        0.198768
     Cl  24        0.106361        0.198768       -1.681331
 
     ----- total EFG -----
     Cl   1        1.755889       -2.641557       -0.270580
     Cl   1       -2.641557        0.063195        0.063242
     Cl   1       -0.270580        0.063242       -1.819084
 
     C    2        0.103704       -0.253533       -0.173615
     C    2       -0.253533        0.017296       -0.170521
     C    2       -0.173615       -0.170521       -0.121000
 
     C    3       -0.107654        0.123421       -0.132972
     C    3        0.123421       -0.014595       -0.188877
     C    3       -0.132972       -0.188877        0.122249
 
     H    4        0.185390        0.042271        0.187493
     H    4        0.042271       -0.140873        0.031207
     H    4        0.187493        0.031207       -0.044516
 
     C    5       -0.088201        0.112532       -0.128456
     C    5        0.112532       -0.025466       -0.198709
     C    5       -0.128456       -0.198709        0.113667
 
     H    6       -0.139962        0.013369        0.018023
     H    6        0.013369        0.103128        0.211166
     H    6        0.018023        0.211166        0.036834
 
     H    7       -0.133378       -0.040139        0.035343
     H    7       -0.040139        0.141417       -0.201129
     H    7        0.035343       -0.201129       -0.008039
 
     C    8       -0.065646       -0.103418       -0.141809
     C    8       -0.103418       -0.070801        0.194325
     C    8       -0.141809        0.194325        0.136447
 
     H    9        0.173952       -0.038525        0.188968
     H    9       -0.038525       -0.134066       -0.030170
     H    9        0.188968       -0.030170       -0.039886
 
     C   10       -0.096832       -0.104986       -0.149173
     C   10       -0.104986       -0.044672        0.175636
     C   10       -0.149173        0.175636        0.141504
 
     C   11        0.054309        0.215945       -0.175297
     C   11        0.215945        0.017179        0.175498
     C   11       -0.175297        0.175498       -0.071487
 
     Cl  12        1.603096        2.591004       -0.133478
     Cl  12        2.591004        0.105917        0.135411
     Cl  12       -0.133478        0.135411       -1.709013
 
     H   13       -0.135917        0.025826        0.025118
     H   13        0.025826        0.127252        0.206556
     H   13        0.025118        0.206556        0.008665
 
     C   14       -0.090784        0.114063       -0.125583
     C   14        0.114063       -0.030731       -0.209214
     C   14       -0.125583       -0.209214        0.121515
 
     H   15        0.174049        0.049104        0.191133
     H   15        0.049104       -0.133859        0.037586
     H   15        0.191133        0.037586       -0.040191
 
     C   16       -0.119253        0.109359       -0.129340
     C   16        0.109359       -0.019137       -0.171258
     C   16       -0.129340       -0.171258        0.138391
 
     C   17        0.037817       -0.160088       -0.173496
     C   17       -0.160088        0.025589       -0.173507
     C   17       -0.173496       -0.173507       -0.063406
 
     Cl  18        1.304268       -2.487672       -0.193806
     Cl  18       -2.487672        0.324835       -0.145037
     Cl  18       -0.193806       -0.145037       -1.629103
 
     H   19       -0.134791       -0.035082        0.033787
     H   19       -0.035082        0.139198       -0.199804
     H   19        0.033787       -0.199804       -0.004408
 
     C   20       -0.077345       -0.095459       -0.136755
     C   20       -0.095459       -0.067987        0.191764
     C   20       -0.136755        0.191764        0.145331
 
     H   21        0.188607       -0.039373        0.190909
     H   21       -0.039373       -0.144410       -0.029138
     H   21        0.190909       -0.029138       -0.044197
 
     C   22       -0.092809       -0.107159       -0.145293
     C   22       -0.107159       -0.055118        0.170818
     C   22       -0.145293        0.170818        0.147927
 
     C   23        0.081592        0.288168       -0.171151
     C   23        0.288168        0.035539        0.173069
     C   23       -0.171151        0.173069       -0.117132
 
     Cl  24        1.554146        2.794802        0.118294
     Cl  24        2.794802        0.289495        0.216279
     Cl  24        0.118294        0.216279       -1.843641
 
     ----- total EFG (symmetrized) -----
     Cl   1        1.755889       -2.641557       -0.270580
     Cl   1       -2.641557        0.063195        0.063242
     Cl   1       -0.270580        0.063242       -1.819084
 
     C    2        0.103704       -0.253533       -0.173615
     C    2       -0.253533        0.017296       -0.170521
     C    2       -0.173615       -0.170521       -0.121000
 
     C    3       -0.107654        0.123421       -0.132972
     C    3        0.123421       -0.014595       -0.188877
     C    3       -0.132972       -0.188877        0.122249
 
     H    4        0.185390        0.042271        0.187493
     H    4        0.042271       -0.140873        0.031207
     H    4        0.187493        0.031207       -0.044516
 
     C    5       -0.088201        0.112532       -0.128456
     C    5        0.112532       -0.025466       -0.198709
     C    5       -0.128456       -0.198709        0.113667
 
     H    6       -0.139962        0.013369        0.018023
     H    6        0.013369        0.103128        0.211166
     H    6        0.018023        0.211166        0.036834
 
     H    7       -0.133378       -0.040139        0.035343
     H    7       -0.040139        0.141417       -0.201129
     H    7        0.035343       -0.201129       -0.008039
 
     C    8       -0.065646       -0.103418       -0.141809
     C    8       -0.103418       -0.070801        0.194325
     C    8       -0.141809        0.194325        0.136447
 
     H    9        0.173952       -0.038525        0.188968
     H    9       -0.038525       -0.134066       -0.030170
     H    9        0.188968       -0.030170       -0.039886
 
     C   10       -0.096832       -0.104986       -0.149173
     C   10       -0.104986       -0.044672        0.175636
     C   10       -0.149173        0.175636        0.141504
 
     C   11        0.054309        0.215945       -0.175297
     C   11        0.215945        0.017179        0.175498
     C   11       -0.175297        0.175498       -0.071487
 
     Cl  12        1.603096        2.591004       -0.133478
     Cl  12        2.591004        0.105917        0.135411
     Cl  12       -0.133478        0.135411       -1.709013
 
     H   13       -0.135917        0.025826        0.025118
     H   13        0.025826        0.127252        0.206556
     H   13        0.025118        0.206556        0.008665
 
     C   14       -0.090784        0.114063       -0.125583
     C   14        0.114063       -0.030731       -0.209214
     C   14       -0.125583       -0.209214        0.121515
 
     H   15        0.174049        0.049104        0.191133
     H   15        0.049104       -0.133859        0.037586
     H   15        0.191133        0.037586       -0.040191
 
     C   16       -0.119253        0.109359       -0.129340
     C   16        0.109359       -0.019137       -0.171258
     C   16       -0.129340       -0.171258        0.138391
 
     C   17        0.037817       -0.160088       -0.173496
     C   17       -0.160088        0.025589       -0.173507
     C   17       -0.173496       -0.173507       -0.063406
 
     Cl  18        1.304268       -2.487672       -0.193806
     Cl  18       -2.487672        0.324835       -0.145037
     Cl  18       -0.193806       -0.145037       -1.629103
 
     H   19       -0.134791       -0.035082        0.033787
     H   19       -0.035082        0.139198       -0.199804
     H   19        0.033787       -0.199804       -0.004408
 
     C   20       -0.077345       -0.095459       -0.136755
     C   20       -0.095459       -0.067987        0.191764
     C   20       -0.136755        0.191764        0.145331
 
     H   21        0.188607       -0.039373        0.190909
     H   21       -0.039373       -0.144410       -0.029138
     H   21        0.190909       -0.029138       -0.044197
 
     C   22       -0.092809       -0.107159       -0.145293
     C   22       -0.107159       -0.055118        0.170818
     C   22       -0.145293        0.170818        0.147927
 
     C   23        0.081592        0.288168       -0.171151
     C   23        0.288168        0.035539        0.173069
     C   23       -0.171151        0.173069       -0.117132
 
     Cl  24        1.554146        2.794802        0.118294
     Cl  24        2.794802        0.289495        0.216279
     Cl  24        0.118294        0.216279       -1.843641
 
 
     NQR/NMR SPECTROSCOPIC PARAMETERS:
     Cl   1    Vxx=   -1.7381    axis=( -0.354882 -0.547057  0.758148)
     Cl   1    Vyy=   -1.9572    axis=( -0.471214 -0.595731 -0.650433)
     Cl   1    Vzz=    3.6952    axis=( -0.807475  0.588076  0.046366)
     Cl   1  Q=        -8.1650 1e-30 m^2  Cq=       -70.8914 MHz  eta= 0.05930
 
     C    2    Vxx=    0.0851    axis=( -0.362974 -0.544448  0.756192)
     C    2    Vyy=    0.3193    axis=( -0.782941  0.618224  0.069300)
     C    2    Vzz=   -0.4044    axis=( -0.505226 -0.566900 -0.650670)
     C    2  Q=         1.0000 1e-30 m^2  Cq=        -0.9501 MHz  eta= 0.57906
 
     C    3    Vxx=   -0.1359    axis=(  0.405517  0.625470  0.666590)
     C    3    Vyy=   -0.1931    axis=( -0.830638  0.556556 -0.016909)
     C    3    Vzz=    0.3289    axis=( -0.381571 -0.546838  0.745233)
     C    3  Q=         1.0000 1e-30 m^2  Cq=         0.7728 MHz  eta= 0.17386
 
     H    4    Vxx=   -0.1416    axis=(  0.392929 -0.762932 -0.513363)
     H    4    Vyy=   -0.1549    axis=(  0.310494  0.635552 -0.706871)
     H    4    Vzz=    0.2966    axis=( -0.865564 -0.118354 -0.486613)
     H    4  Q=         1.0000 1e-30 m^2  Cq=         0.6968 MHz  eta= 0.04480
 
     C    5    Vxx=   -0.1456    axis=(  0.728343  0.319909  0.605949)
     C    5    Vyy=   -0.1790    axis=( -0.569531  0.774331  0.275763)
     C    5    Vzz=    0.3246    axis=( -0.380986 -0.545957  0.746177)
     C    5  Q=         1.0000 1e-30 m^2  Cq=         0.7628 MHz  eta= 0.10275
 
     H    6    Vxx=   -0.1373    axis=(  0.792372 -0.426893  0.435785)
     H    6    Vyy=   -0.1476    axis=( -0.607866 -0.492287  0.623019)
     H    6    Vzz=    0.2849    axis=(  0.051431  0.758562  0.649568)
     H    6  Q=         1.0000 1e-30 m^2  Cq=         0.6693 MHz  eta= 0.03635
 
     H    7    Vxx=   -0.1368    axis=( -0.870824 -0.364295 -0.330083)
     H    7    Vyy=   -0.1512    axis=( -0.475401  0.453142  0.754093)
     H    7    Vzz=    0.2880    axis=(  0.125139 -0.813604  0.567793)
     H    7  Q=         1.0000 1e-30 m^2  Cq=         0.6766 MHz  eta= 0.05003
 
     C    8    Vxx=   -0.1386    axis=( -0.876076  0.040727 -0.480449)
     C    8    Vyy=   -0.1917    axis=( -0.262820 -0.875726  0.405006)
     C    8    Vzz=    0.3303    axis=( -0.404247  0.481088  0.777907)
     C    8  Q=         1.0000 1e-30 m^2  Cq=         0.7761 MHz  eta= 0.16076
 
     H    9    Vxx=   -0.1364    axis=(  0.308355  0.894351 -0.324119)
     H    9    Vyy=   -0.1533    axis=( -0.412102  0.432680  0.801848)
     H    9    Vzz=    0.2897    axis=( -0.857373  0.113683 -0.501983)
     H    9  Q=         1.0000 1e-30 m^2  Cq=         0.6807 MHz  eta= 0.05823
 
     C   10    Vxx=   -0.1456    axis=( -0.340175  0.713083 -0.613020)
     C   10    Vyy=   -0.1800    axis=( -0.852999 -0.508390 -0.118032)
     C   10    Vzz=    0.3256    axis=( -0.395820  0.482755  0.781201)
     C   10  Q=         1.0000 1e-30 m^2  Cq=         0.7651 MHz  eta= 0.10584
 
     C   11    Vxx=    0.1270    axis=( -0.375052  0.504834  0.777482)
     C   11    Vyy=    0.2531    axis=(  0.757242  0.650627 -0.057177)
     C   11    Vzz=   -0.3801    axis=( -0.534716  0.567298 -0.626300)
     C   11  Q=         1.0000 1e-30 m^2  Cq=        -0.8931 MHz  eta= 0.33163
 
     Cl  12    Vxx=   -1.5759    axis=( -0.343726  0.463796  0.816545)
     Cl  12    Vyy=   -1.9757    axis=( -0.492872  0.651034 -0.577262)
     Cl  12    Vzz=    3.5516    axis=( -0.799331 -0.600872  0.004815)
     Cl  12  Q=        -8.1650 1e-30 m^2  Cq=       -68.1358 MHz  eta= 0.11256
 
     H   13    Vxx=   -0.1369    axis=(  0.908717 -0.308604  0.281064)
     H   13    Vyy=   -0.1490    axis=( -0.408782 -0.521729  0.748796)
     H   13    Vzz=    0.2859    axis=(  0.084442  0.795338  0.600256)
     H   13  Q=         1.0000 1e-30 m^2  Cq=         0.6717 MHz  eta= 0.04214
 
     C   14    Vxx=   -0.1451    axis=(  0.788333  0.245645  0.564083)
     C   14    Vyy=   -0.1896    axis=( -0.492746  0.801094  0.339779)
     C   14    Vzz=    0.3347    axis=( -0.368418 -0.545809  0.752569)
     C   14  Q=         1.0000 1e-30 m^2  Cq=         0.7865 MHz  eta= 0.13302
 
     H   15    Vxx=   -0.1385    axis=( -0.351920  0.867028  0.352724)
     H   15    Vyy=   -0.1563    axis=( -0.385677 -0.477670  0.789357)
     H   15    Vzz=    0.2948    axis=( -0.852881 -0.141753 -0.502495)
     H   15  Q=         1.0000 1e-30 m^2  Cq=         0.6927 MHz  eta= 0.06046
 
     C   16    Vxx=   -0.1221    axis=(  0.288489  0.728026  0.621893)
     C   16    Vyy=   -0.1914    axis=( -0.886206  0.448934 -0.114448)
     C   16    Vzz=    0.3134    axis=( -0.362510 -0.518108  0.774694)
     C   16  Q=         1.0000 1e-30 m^2  Cq=         0.7365 MHz  eta= 0.22097
 
     C   17    Vxx=    0.1512    axis=( -0.393558 -0.532985  0.749026)
     C   17    Vyy=    0.1922    axis=(  0.754131 -0.653140 -0.068515)
     C   17    Vzz=   -0.3434    axis=(  0.525736  0.537899  0.658989)
     C   17  Q=         1.0000 1e-30 m^2  Cq=        -0.8070 MHz  eta= 0.11942
 
     Cl  18    Vxx=   -1.4358    axis=( -0.396995 -0.497374  0.771372)
     Cl  18    Vyy=   -1.9148    axis=( -0.495352 -0.591418 -0.636280)
     Cl  18    Vzz=    3.3506    axis=( -0.772672  0.634700  0.011586)
     Cl  18  Q=        -8.1650 1e-30 m^2  Cq=       -64.2802 MHz  eta= 0.14294
 
     H   19    Vxx=   -0.1349    axis=(  0.800034  0.416937  0.431403)
     H   19    Vyy=   -0.1504    axis=(  0.589046 -0.409381 -0.696730)
     H   19    Vzz=    0.2852    axis=(  0.113885 -0.811524  0.573114)
     H   19  Q=         1.0000 1e-30 m^2  Cq=         0.6702 MHz  eta= 0.05441
 
     C   20    Vxx=   -0.1421    axis=( -0.882177  0.069063 -0.465827)
     C   20    Vyy=   -0.1845    axis=( -0.276932 -0.876148  0.394554)
     C   20    Vzz=    0.3266    axis=( -0.380884  0.477068  0.792044)
     C   20  Q=         1.0000 1e-30 m^2  Cq=         0.7674 MHz  eta= 0.12992
 
     H   21    Vxx=   -0.1444    axis=(  0.393791  0.749351 -0.532355)
     H   21    Vyy=   -0.1567    axis=( -0.307938  0.653231  0.691711)
     H   21    Vzz=    0.3011    axis=( -0.866084  0.108457 -0.487990)
     H   21  Q=         1.0000 1e-30 m^2  Cq=         0.7075 MHz  eta= 0.04086
 
     C   22    Vxx=   -0.1399    axis=( -0.491184  0.617413 -0.614442)
     C   22    Vyy=   -0.1828    axis=( -0.775374 -0.631334 -0.014554)
     C   22    Vzz=    0.3227    axis=( -0.396904  0.469274  0.788828)
     C   22  Q=         1.0000 1e-30 m^2  Cq=         0.7581 MHz  eta= 0.13304
 
     C   23    Vxx=    0.0758    axis=( -0.404089  0.473097  0.782874)
     C   23    Vyy=    0.3478    axis=( -0.741064 -0.671040  0.023006)
     C   23    Vzz=   -0.4236    axis=(  0.536224 -0.570863  0.621755)
     C   23  Q=         1.0000 1e-30 m^2  Cq=        -0.9954 MHz  eta= 0.64217
 
     Cl  24    Vxx=   -1.7929    axis=( -0.359848  0.395176  0.845189)
     Cl  24    Vyy=   -2.0036    axis=( -0.511679  0.673910 -0.532945)
     Cl  24    Vzz=    3.7964    axis=(  0.780189  0.624245  0.040301)
     Cl  24  Q=        -8.1650 1e-30 m^2  Cq=       -72.8327 MHz  eta= 0.05549
 
     Initialization:
     gipaw_setup  :      0.18s CPU      0.30s WALL (       1 calls)
 
     Linear response
 
     Apply operators
 
     Induced current
 
     Other routines
     efg          :      0.57s CPU      0.69s WALL (       1 calls)
 
     General routines
     calbec       :      0.06s CPU      0.05s WALL (      16 calls)
     fft          :      0.06s CPU      0.08s WALL (      15 calls)
     ffts         :      0.00s CPU      0.00s WALL (       2 calls)
     fftw         :      0.32s CPU      0.31s WALL (     672 calls)
     davcio       :      0.00s CPU      0.11s WALL (      32 calls)
 
     Parallel routines
     fft_scatter  :      0.19s CPU      0.19s WALL (     689 calls)
 
     Plugins
 
     GIPAW        :      3.71s CPU      4.60s WALL (       1 calls)
