
     Program QE v.6.0 starts on 20May2017 at 11:50:54 

     This program is part of the open-source Quantum ESPRESSO suite
     for quantum simulation of materials; please cite
         "P. Giannozzi et al., J. Phys.:Condens. Matter 21 395502 (2009);
          URL http://www.quantum-espresso.org", 
     in publications or presentations arising from this work. More details at
     http://www.quantum-espresso.org/quote
 
           ARCH :    x86_64
             CC :    icc
            CPP :    cpp
            F90 :    ifort
            F77 :    ifort
         DFLAGS :    -D__INTEL -D__DFTI
      BLAS LIBS :    -lmkl_intel_lp64  -lmkl_sequential -lmkl_core
    LAPACK LIBS :    
       FFT LIBS :    
      MASS LIBS :    

     Parallel version (MPI & OpenMP), running on      32 processor cores
     Number of MPI processes:                32
     Threads/MPI process:                     1
     R & G space division:  proc/nbgrp/npool/nimage =      32
 
     ***** This is GIPAW svn revision unknown      *****
 
     Parallelizing q-star over 1 images

     Reading data from directory:
     ./scratch/scf-135.save

   Info: using nr1, nr2, nr3 values from input

   Info: using nr1, nr2, nr3 values from input

     IMPORTANT: XC functional enforced from input :
     Exchange-correlation      =  SLA  PW   PBX  PBC ( 1  4  3  4 0 0)
     Any further DFT definition will be discarded
     Please, verify this is what you really want

               file C.pbe-n-kjpaw_psl.1.0.0.UPF: wavefunction(s)  2S 2P renormalized
               file Cl.pbe-n-kjpaw_psl.1.0.0.UPF: wavefunction(s)  3S 3P renormalized
               file H.pbe-kjpaw_psl.1.0.0.UPF: wavefunction(s)  1S renormalized
 
     Parallelization info
     --------------------
     sticks:   dense  smooth     PW     G-vecs:    dense   smooth      PW
     Min         764     305     83                36108     9133    1292
     Max         765     306     84                36110     9135    1293
     Sum       24467    9791   2657              1155489   292295   41363
 

     Subspace diagonalization in iterative solution of the eigenvalue problem:
     a serial algorithm will be used

     GIPAW projectors -----------------------------------------------
     atom=  C    l=0  rc=    1.2000  rs=    0.8000
     atom=  C    l=0  rc=    1.2000  rs=    0.8000
     atom=  C    l=1  rc=    1.4000  rs=    0.9333
     atom=  C    l=1  rc=    1.4000  rs=    0.9333
     projs nearly linearly dependent: l=1  n1,n2= 1, 2  s=  0.99951561
 
     atom=  Cl   l=0  rc=    1.6000  rs=    1.0667
     atom=  Cl   l=0  rc=    1.6000  rs=    1.0667
     atom=  Cl   l=1  rc=    1.6000  rs=    1.0667
     atom=  Cl   l=1  rc=    1.6000  rs=    1.0667
     atom=  Cl   l=2  rc=    1.6000  rs=    1.0667
     atom=  Cl   l=2  rc=    1.6000  rs=    1.0667
     projs nearly linearly dependent: l=2  n1,n2= 1, 2  s=  0.99993509
 
     atom=  H    l=0  rc=    1.0000  rs=    0.6667
     atom=  H    l=0  rc=    1.0000  rs=    0.6667
     projs nearly linearly dependent: l=0  n1,n2= 1, 2  s=  0.99968852
     -----------------------------------------------------------------
 
     GIPAW integrals: -------------------------------------------
     Atom  i/j   nmr_para   nmr_dia   epr_rmc  epr_para   epr_dia
       C   1 1   0.83E+03  0.17E-01  0.93E+01  0.24E+08  0.24E+03
       C   2 1   0.86E+03 -0.61E-01  0.94E+01  0.25E+08  0.25E+03
       C   2 2   0.90E+03 -0.15E+00  0.97E+01  0.26E+08  0.26E+03
       C   3 3   0.33E+01  0.34E+00  0.18E+01  0.55E+03  0.21E+02
       C   4 3   0.35E+01  0.37E+00  0.20E+01  0.59E+03  0.22E+02
       C   4 4   0.38E+01  0.39E+00  0.22E+01  0.63E+03  0.24E+02
       Cl  1 1   0.14E+04 -0.47E+00  0.84E+01  0.32E+09  0.42E+03
       Cl  2 1   0.21E+04 -0.37E+00  0.12E+02  0.49E+09  0.65E+03
       Cl  2 2   0.33E+04 -0.16E+00  0.21E+02  0.76E+09  0.10E+04
       Cl  3 3   0.21E+02  0.79E-01  0.89E+01  0.23E+05  0.13E+03
       Cl  4 3   0.24E+02  0.67E-01  0.99E+01  0.27E+05  0.15E+03
       Cl  4 4   0.28E+02  0.44E-01  0.11E+02  0.32E+05  0.18E+03
       Cl  5 5   0.77E+00  0.19E+00  0.18E+01  0.12E+03  0.22E+02
       Cl  6 5   0.80E+00  0.19E+00  0.19E+01  0.12E+03  0.23E+02
       Cl  6 6   0.83E+00  0.20E+00  0.19E+01  0.12E+03  0.23E+02
       H   1 1   0.39E+02  0.19E+00  0.29E+00  0.78E+05  0.13E+02
       H   2 1   0.41E+02  0.21E+00  0.32E+00  0.82E+05  0.14E+02
       H   2 2   0.43E+02  0.22E+00  0.36E+00  0.86E+05  0.15E+02
     ------------------------------------------------------------
 
     alpha_pv=     33.5798 eV
 
     Number of occupied bands for each k-point:
     k-point:     1    nbnd_occ=  42
     k-point:     2    nbnd_occ=  42
     k-point:     3    nbnd_occ=  42
     k-point:     4    nbnd_occ=  42
     k-point:     5    nbnd_occ=  42
     k-point:     6    nbnd_occ=  42
     k-point:     7    nbnd_occ=  42
     k-point:     8    nbnd_occ=  42
     k-point:     9    nbnd_occ=  42
     k-point:    10    nbnd_occ=  42
     k-point:    11    nbnd_occ=  42
     k-point:    12    nbnd_occ=  42
     k-point:    13    nbnd_occ=  42
     k-point:    14    nbnd_occ=  42
     k-point:    15    nbnd_occ=  42
     k-point:    16    nbnd_occ=  42
 
 
     q-space interpolation up to   110.00 Rydberg
 
     GIPAW job: efg                                                                             
 
 
     ELECTRIC FIELD GRADIENTS TENSORS IN Hartree/bohrradius^2:
 
     ----- bare term -----
     Cl   1       -0.030510       -0.043707       -0.012578
     Cl   1       -0.043707        0.024465       -0.023552
     Cl   1       -0.012578       -0.023552        0.006045
 
     C    2       -0.146676       -0.036729       -0.386129
     C    2       -0.036729       -0.278727       -0.399641
     C    2       -0.386129       -0.399641        0.425403
 
     C    3       -0.288182        0.199724       -0.213903
     C    3        0.199724       -0.298651       -0.434713
     C    3       -0.213903       -0.434713        0.586832
 
     H    4       -0.460163       -0.287331       -0.453543
     H    4       -0.287331        0.222329       -0.190688
     H    4       -0.453543       -0.190688        0.237833
 
     C    5       -0.442734        0.176466       -0.274056
     C    5        0.176466       -0.108550       -0.391130
     C    5       -0.274056       -0.391130        0.551284
 
     H    6        0.336193       -0.095754       -0.034868
     H    6       -0.095754       -0.599514       -0.400983
     H    6       -0.034868       -0.400983        0.263321
 
     H    7        0.373118        0.101136       -0.049480
     H    7        0.101136       -0.469464        0.521871
     H    7       -0.049480        0.521871        0.096345
 
     C    8       -0.378192       -0.193792       -0.289048
     C    8       -0.193792       -0.079807        0.430874
     C    8       -0.289048        0.430874        0.457999
 
     H    9       -0.496471        0.215398       -0.470982
     H    9        0.215398        0.301441        0.177138
     H    9       -0.470982        0.177138        0.195030
 
     C   10       -0.247076       -0.278220       -0.227398
     C   10       -0.278220       -0.208392        0.502923
     C   10       -0.227398        0.502923        0.455468
 
     C   11       -0.178563       -0.040570       -0.382287
     C   11       -0.040570       -0.130643        0.477609
     C   11       -0.382287        0.477609        0.309206
 
     Cl  12       -0.010489        0.037740       -0.008309
     Cl  12        0.037740        0.005778        0.025079
     Cl  12       -0.008309        0.025079        0.004711
 
     H   13        0.376219       -0.054051       -0.040482
     H   13       -0.054051       -0.530345       -0.471206
     H   13       -0.040482       -0.471206        0.154126
 
     C   14       -0.379966        0.203433       -0.335575
     C   14        0.203433       -0.136347       -0.369246
     C   14       -0.335575       -0.369246        0.516313
 
     H   15       -0.447320       -0.290819       -0.427988
     H   15       -0.290819        0.293793       -0.205489
     H   15       -0.427988       -0.205489        0.153527
 
     C   16       -0.243170        0.234903       -0.256614
     C   16        0.234903       -0.251113       -0.471302
     C   16       -0.256614       -0.471302        0.494284
 
     C   17       -0.183593        0.021182       -0.317113
     C   17        0.021182       -0.222938       -0.496179
     C   17       -0.317113       -0.496179        0.406531
 
     Cl  18       -0.010323       -0.022422       -0.013237
     Cl  18       -0.022422       -0.005392       -0.001560
     Cl  18       -0.013237       -0.001560        0.015715
 
     H   19        0.368483        0.088298       -0.072187
     H   19        0.088298       -0.456662        0.524690
     H   19       -0.072187        0.524690        0.088179
 
     C   20       -0.373135       -0.226916       -0.305434
     C   20       -0.226916       -0.052611        0.434568
     C   20       -0.305434        0.434568        0.425746
 
     H   21       -0.443797        0.223404       -0.453268
     H   21        0.223404        0.298050        0.202881
     H   21       -0.453268        0.202881        0.145747
 
     C   22       -0.251073       -0.289412       -0.204263
     C   22       -0.289412       -0.180499        0.527159
     C   22       -0.204263        0.527159        0.431572
 
     C   23       -0.238528       -0.004675       -0.343268
     C   23       -0.004675       -0.076705        0.499358
     C   23       -0.343268        0.499358        0.315233
 
     Cl  24        0.037369       -0.005214        0.006527
     Cl  24       -0.005214       -0.021605        0.016472
     Cl  24        0.006527        0.016472       -0.015765
 
     ----- ionic term -----
     Cl   1        0.122327       -0.194967        0.062432
     Cl   1       -0.194967        0.029611       -0.035237
     Cl   1        0.062432       -0.035237       -0.151938
 
     C    2        0.180256       -0.100200        0.313003
     C    2       -0.100200        0.245430        0.298417
     C    2        0.313003        0.298417       -0.425686
 
     C    3        0.211243       -0.162107        0.146566
     C    3       -0.162107        0.244741        0.353153
     C    3        0.146566        0.353153       -0.455984
 
     H    4        0.632527        0.390427        0.617636
     H    4        0.390427       -0.332575        0.251772
     H    4        0.617636        0.251772       -0.299953
 
     C    5        0.362253       -0.137515        0.208731
     C    5       -0.137515        0.066838        0.299799
     C    5        0.208731        0.299799       -0.429090
 
     H    6       -0.483300        0.105280        0.040858
     H    6        0.105280        0.827574        0.559545
     H    6        0.040858        0.559545       -0.344274
 
     H    7       -0.514798       -0.120704        0.066251
     H    7       -0.120704        0.640394       -0.717607
     H    7        0.066251       -0.717607       -0.125596
 
     C    8        0.309909        0.149401        0.229823
     C    8        0.149401        0.049990       -0.326570
     C    8        0.229823       -0.326570       -0.359899
 
     H    9        0.680431       -0.300960        0.635974
     H    9       -0.300960       -0.420049       -0.227597
     H    9        0.635974       -0.227597       -0.260382
 
     C   10        0.175618        0.233481        0.159938
     C   10        0.233481        0.175230       -0.405743
     C   10        0.159938       -0.405743       -0.350848
 
     C   11        0.211090        0.158245        0.301415
     C   11        0.158245        0.112180       -0.373520
     C   11        0.301415       -0.373520       -0.323270
 
     Cl  12        0.130536        0.197171        0.034466
     Cl  12        0.197171        0.024541        0.012419
     Cl  12        0.034466        0.012419       -0.155077
 
     H   13       -0.521322        0.060177        0.046574
     H   13        0.060177        0.730329        0.653035
     H   13        0.046574        0.653035       -0.209007
 
     C   14        0.314422       -0.157858        0.262854
     C   14       -0.157858        0.094613        0.279761
     C   14        0.262854        0.279761       -0.409035
 
     H   15        0.619536        0.395930        0.594036
     H   15        0.395930       -0.394741        0.267616
     H   15        0.594036        0.267616       -0.224795
 
     C   16        0.169130       -0.196074        0.185499
     C   16       -0.196074        0.215786        0.376191
     C   16        0.185499        0.376191       -0.384916
 
     C   17        0.205083       -0.140804        0.240850
     C   17       -0.140804        0.190077        0.398397
     C   17        0.240850        0.398397       -0.395160
 
     Cl  18        0.112576       -0.215285       -0.002102
     Cl  18       -0.215285        0.048130       -0.000617
     Cl  18       -0.002102       -0.000617       -0.160706
 
     H   19       -0.510235       -0.109492        0.086450
     H   19       -0.109492        0.626228       -0.720488
     H   19        0.086450       -0.720488       -0.115993
 
     C   20        0.306432        0.172147        0.235741
     C   20        0.172147        0.027174       -0.331780
     C   20        0.235741       -0.331780       -0.333607
 
     H   21        0.628000       -0.298827        0.627529
     H   21       -0.298827       -0.420909       -0.249088
     H   21        0.627529       -0.249088       -0.207092
 
     C   22        0.177250        0.239614        0.140647
     C   22        0.239614        0.155700       -0.419997
     C   22        0.140647       -0.419997       -0.332950
 
     C   23        0.280279        0.122610        0.260304
     C   23        0.122610        0.050292       -0.396501
     C   23        0.260304       -0.396501       -0.330572
 
     Cl  24        0.164101        0.213680        0.000136
     Cl  24        0.213680       -0.025992       -0.000054
     Cl  24        0.000136       -0.000054       -0.138109
 
     ----- GIPAW term -----
     Cl   1        0.944867       -2.529126        0.506441
     Cl   1       -2.529126        0.561260       -0.642133
     Cl   1        0.506441       -0.642133       -1.506127
 
     C    2        0.048414       -0.151441       -0.046885
     C    2       -0.151441       -0.014972       -0.090893
     C    2       -0.046885       -0.090893       -0.033443
 
     C    3       -0.066761        0.024116       -0.059540
     C    3        0.024116       -0.036908       -0.064895
     C    3       -0.059540       -0.064895        0.103668
 
     H    4        0.000000       -0.000000       -0.000000
     H    4       -0.000000        0.000000        0.000000
     H    4       -0.000000        0.000000       -0.000000
 
     C    5       -0.051277        0.032491       -0.051839
     C    5        0.032491       -0.043506       -0.077960
     C    5       -0.051839       -0.077960        0.094783
 
     H    6        0.000000       -0.000000       -0.000000
     H    6       -0.000000        0.000000        0.000000
     H    6       -0.000000        0.000000       -0.000000
 
     H    7        0.000000       -0.000000       -0.000000
     H    7       -0.000000        0.000000        0.000000
     H    7       -0.000000        0.000000       -0.000000
 
     C    8       -0.041865       -0.032653       -0.045302
     C    8       -0.032653       -0.033029        0.090255
     C    8       -0.045302        0.090255        0.074894
 
     H    9        0.000000       -0.000000       -0.000000
     H    9       -0.000000        0.000000        0.000000
     H    9       -0.000000        0.000000       -0.000000
 
     C   10       -0.062900       -0.030052       -0.059778
     C   10       -0.030052       -0.019512        0.077816
     C   10       -0.059778        0.077816        0.082412
 
     C   11        0.049719        0.138009       -0.057299
     C   11        0.138009       -0.008610        0.085732
     C   11       -0.057299        0.085732       -0.041109
 
     Cl  12        1.258925        2.473210        0.254841
     Cl  12        2.473210        0.308255        0.411233
     Cl  12        0.254841        0.411233       -1.567181
 
     H   13        0.000000       -0.000000       -0.000000
     H   13       -0.000000        0.000000        0.000000
     H   13       -0.000000        0.000000       -0.000000
 
     C   14       -0.040328        0.034047       -0.054686
     C   14        0.034047       -0.044975       -0.076654
     C   14       -0.054686       -0.076654        0.085302
 
     H   15        0.000000       -0.000000       -0.000000
     H   15       -0.000000        0.000000        0.000000
     H   15       -0.000000        0.000000       -0.000000
 
     C   16       -0.063944        0.024139       -0.064345
     C   16        0.024139       -0.022952       -0.078156
     C   16       -0.064345       -0.078156        0.086896
 
     C   17        0.040670       -0.139263       -0.059602
     C   17       -0.139263       -0.022758       -0.076789
     C   17       -0.059602       -0.076789       -0.017912
 
     Cl  18        1.032321       -2.505484       -0.203929
     Cl  18       -2.505484        0.481403       -0.029456
     Cl  18       -0.203929       -0.029456       -1.513723
 
     H   19        0.000000       -0.000000       -0.000000
     H   19       -0.000000        0.000000        0.000000
     H   19       -0.000000        0.000000       -0.000000
 
     C   20       -0.041460       -0.042520       -0.053164
     C   20       -0.042520       -0.029697        0.088268
     C   20       -0.053164        0.088268        0.071157
 
     H   21        0.000000       -0.000000       -0.000000
     H   21       -0.000000        0.000000        0.000000
     H   21       -0.000000        0.000000       -0.000000
 
     C   22       -0.065738       -0.036064       -0.056947
     C   22       -0.036064       -0.014576        0.085954
     C   22       -0.056947        0.085954        0.080314
 
     C   23        0.068891        0.133706       -0.065838
     C   23        0.133706       -0.025257        0.081281
     C   23       -0.065838        0.081281       -0.043634
 
     Cl  24        2.104110        2.189935        0.040871
     Cl  24        2.189935       -0.499426        0.189828
     Cl  24        0.040871        0.189828       -1.604684
 
     ----- total EFG -----
     Cl   1        1.036685       -2.767800        0.556295
     Cl   1       -2.767800        0.615336       -0.700922
     Cl   1        0.556295       -0.700922       -1.652020
 
     C    2        0.081994       -0.288370       -0.120011
     C    2       -0.288370       -0.048269       -0.192117
     C    2       -0.120011       -0.192117       -0.033726
 
     C    3       -0.143699        0.061733       -0.126877
     C    3        0.061733       -0.090818       -0.146456
     C    3       -0.126877       -0.146456        0.234517
 
     H    4        0.172365        0.103096        0.164092
     H    4        0.103096       -0.110245        0.061084
     H    4        0.164092        0.061084       -0.062120
 
     C    5       -0.131758        0.071442       -0.117163
     C    5        0.071442       -0.085219       -0.169291
     C    5       -0.117163       -0.169291        0.216977
 
     H    6       -0.147107        0.009526        0.005990
     H    6        0.009526        0.228060        0.158562
     H    6        0.005990        0.158562       -0.080953
 
     H    7       -0.141679       -0.019568        0.016772
     H    7       -0.019568        0.170930       -0.195736
     H    7        0.016772       -0.195736       -0.029251
 
     C    8       -0.110148       -0.077044       -0.104526
     C    8       -0.077044       -0.062847        0.194559
     C    8       -0.104526        0.194559        0.172994
 
     H    9        0.183959       -0.085562        0.164992
     H    9       -0.085562       -0.118608       -0.050459
     H    9        0.164992       -0.050459       -0.065352
 
     C   10       -0.134357       -0.074791       -0.127238
     C   10       -0.074791       -0.052675        0.174996
     C   10       -0.127238        0.174996        0.187032
 
     C   11        0.082246        0.255684       -0.138170
     C   11        0.255684       -0.027074        0.189822
     C   11       -0.138170        0.189822       -0.055172
 
     Cl  12        1.378972        2.708121        0.280999
     Cl  12        2.708121        0.338575        0.448730
     Cl  12        0.280999        0.448730       -1.717547
 
     H   13       -0.145103        0.006126        0.006092
     H   13        0.006126        0.199984        0.181829
     H   13        0.006092        0.181829       -0.054881
 
     C   14       -0.105871        0.079622       -0.127407
     C   14        0.079622       -0.086709       -0.166138
     C   14       -0.127407       -0.166138        0.192580
 
     H   15        0.172216        0.105111        0.166049
     H   15        0.105111       -0.100948        0.062127
     H   15        0.166049        0.062127       -0.071268
 
     C   16       -0.137985        0.062969       -0.135460
     C   16        0.062969       -0.058280       -0.173267
     C   16       -0.135460       -0.173267        0.196264
 
     C   17        0.062160       -0.258886       -0.135866
     C   17       -0.258886       -0.055619       -0.174571
     C   17       -0.135866       -0.174571       -0.006541
 
     Cl  18        1.134574       -2.743191       -0.219268
     Cl  18       -2.743191        0.524141       -0.031634
     Cl  18       -0.219268       -0.031634       -1.658714
 
     H   19       -0.141752       -0.021194        0.014263
     H   19       -0.021194        0.169566       -0.195799
     H   19        0.014263       -0.195799       -0.027814
 
     C   20       -0.108163       -0.097290       -0.122857
     C   20       -0.097290       -0.055133        0.191057
     C   20       -0.122857        0.191057        0.163296
 
     H   21        0.184203       -0.075423        0.174261
     H   21       -0.075423       -0.122858       -0.046207
     H   21        0.174261       -0.046207       -0.061345
 
     C   22       -0.139561       -0.085863       -0.120563
     C   22       -0.085863       -0.039375        0.193116
     C   22       -0.120563        0.193116        0.178936
 
     C   23        0.110642        0.251641       -0.148802
     C   23        0.251641       -0.051670        0.184138
     C   23       -0.148802        0.184138       -0.058972
 
     Cl  24        2.305581        2.398400        0.047534
     Cl  24        2.398400       -0.547023        0.206245
     Cl  24        0.047534        0.206245       -1.758558
 
     ----- total EFG (symmetrized) -----
     Cl   1        1.036685       -2.767800        0.556295
     Cl   1       -2.767800        0.615336       -0.700922
     Cl   1        0.556295       -0.700922       -1.652020
 
     C    2        0.081994       -0.288370       -0.120011
     C    2       -0.288370       -0.048269       -0.192117
     C    2       -0.120011       -0.192117       -0.033726
 
     C    3       -0.143699        0.061733       -0.126877
     C    3        0.061733       -0.090818       -0.146456
     C    3       -0.126877       -0.146456        0.234517
 
     H    4        0.172365        0.103096        0.164092
     H    4        0.103096       -0.110245        0.061084
     H    4        0.164092        0.061084       -0.062120
 
     C    5       -0.131758        0.071442       -0.117163
     C    5        0.071442       -0.085219       -0.169291
     C    5       -0.117163       -0.169291        0.216977
 
     H    6       -0.147107        0.009526        0.005990
     H    6        0.009526        0.228060        0.158562
     H    6        0.005990        0.158562       -0.080953
 
     H    7       -0.141679       -0.019568        0.016772
     H    7       -0.019568        0.170930       -0.195736
     H    7        0.016772       -0.195736       -0.029251
 
     C    8       -0.110148       -0.077044       -0.104526
     C    8       -0.077044       -0.062847        0.194559
     C    8       -0.104526        0.194559        0.172994
 
     H    9        0.183959       -0.085562        0.164992
     H    9       -0.085562       -0.118608       -0.050459
     H    9        0.164992       -0.050459       -0.065352
 
     C   10       -0.134357       -0.074791       -0.127238
     C   10       -0.074791       -0.052675        0.174996
     C   10       -0.127238        0.174996        0.187032
 
     C   11        0.082246        0.255684       -0.138170
     C   11        0.255684       -0.027074        0.189822
     C   11       -0.138170        0.189822       -0.055172
 
     Cl  12        1.378972        2.708121        0.280999
     Cl  12        2.708121        0.338575        0.448730
     Cl  12        0.280999        0.448730       -1.717547
 
     H   13       -0.145103        0.006126        0.006092
     H   13        0.006126        0.199984        0.181829
     H   13        0.006092        0.181829       -0.054881
 
     C   14       -0.105871        0.079622       -0.127407
     C   14        0.079622       -0.086709       -0.166138
     C   14       -0.127407       -0.166138        0.192580
 
     H   15        0.172216        0.105111        0.166049
     H   15        0.105111       -0.100948        0.062127
     H   15        0.166049        0.062127       -0.071268
 
     C   16       -0.137985        0.062969       -0.135460
     C   16        0.062969       -0.058280       -0.173267
     C   16       -0.135460       -0.173267        0.196264
 
     C   17        0.062160       -0.258886       -0.135866
     C   17       -0.258886       -0.055619       -0.174571
     C   17       -0.135866       -0.174571       -0.006541
 
     Cl  18        1.134574       -2.743191       -0.219268
     Cl  18       -2.743191        0.524141       -0.031634
     Cl  18       -0.219268       -0.031634       -1.658714
 
     H   19       -0.141752       -0.021194        0.014263
     H   19       -0.021194        0.169566       -0.195799
     H   19        0.014263       -0.195799       -0.027814
 
     C   20       -0.108163       -0.097290       -0.122857
     C   20       -0.097290       -0.055133        0.191057
     C   20       -0.122857        0.191057        0.163296
 
     H   21        0.184203       -0.075423        0.174261
     H   21       -0.075423       -0.122858       -0.046207
     H   21        0.174261       -0.046207       -0.061345
 
     C   22       -0.139561       -0.085863       -0.120563
     C   22       -0.085863       -0.039375        0.193116
     C   22       -0.120563        0.193116        0.178936
 
     C   23        0.110642        0.251641       -0.148802
     C   23        0.251641       -0.051670        0.184138
     C   23       -0.148802        0.184138       -0.058972
 
     Cl  24        2.305581        2.398400        0.047534
     Cl  24        2.398400       -0.547023        0.206245
     Cl  24        0.047534        0.206245       -1.758558
 
 
     NQR/NMR SPECTROSCOPIC PARAMETERS:
     Cl   1    Vxx=   -1.7190    axis=( -0.445474 -0.272086  0.852949)
     Cl   1    Vyy=   -2.0278    axis=(  0.530548  0.687174  0.496297)
     Cl   1    Vzz=    3.7468    axis=( -0.721160  0.673618 -0.161763)
     Cl   1  Q=        -8.1650 1e-30 m^2  Cq=       -71.8805 MHz  eta= 0.08243
 
     C    2    Vxx=    0.0976    axis=( -0.399965 -0.333634  0.853649)
     C    2    Vyy=    0.3151    axis=(  0.753355 -0.650137  0.098879)
     C    2    Vzz=   -0.4127    axis=(  0.522000  0.682649  0.511377)
     C    2  Q=         1.0000 1e-30 m^2  Cq=        -0.9697 MHz  eta= 0.52706
 
     C    3    Vxx=   -0.1438    axis=(  0.257922  0.868727  0.422835)
     C    3    Vyy=   -0.1885    axis=(  0.923666 -0.350082  0.155833)
     C    3    Vzz=    0.3323    axis=( -0.283403 -0.350365  0.892708)
     C    3  Q=         1.0000 1e-30 m^2  Cq=         0.7807 MHz  eta= 0.13461
 
     H    4    Vxx=   -0.1393    axis=(  0.501098 -0.695694 -0.514695)
     H    4    Vyy=   -0.1530    axis=(  0.161340  0.659430 -0.734249)
     H    4    Vzz=    0.2923    axis=( -0.850218 -0.284890 -0.442682)
     H    4  Q=         1.0000 1e-30 m^2  Cq=         0.6869 MHz  eta= 0.04694
 
     C    5    Vxx=   -0.1489    axis=(  0.564111  0.665631  0.488584)
     C    5    Vyy=   -0.1838    axis=(  0.776208 -0.629276 -0.038893)
     C    5    Vzz=    0.3327    axis=( -0.281565 -0.401183  0.871650)
     C    5  Q=         1.0000 1e-30 m^2  Cq=         0.7818 MHz  eta= 0.10480
 
     H    6    Vxx=   -0.1458    axis=(  0.749250 -0.274694  0.602633)
     H    6    Vyy=   -0.1494    axis=( -0.661811 -0.276057  0.696992)
     H    6    Vzz=    0.2952    axis=(  0.025098  0.921051  0.388632)
     H    6  Q=         1.0000 1e-30 m^2  Cq=         0.6937 MHz  eta= 0.01240
 
     H    7    Vxx=   -0.1411    axis=( -0.887471 -0.283577 -0.363291)
     H    7    Vyy=   -0.1511    axis=( -0.457130  0.441498  0.772083)
     H    7    Vzz=    0.2922    axis=(  0.058553 -0.851272  0.521448)
     H    7  Q=         1.0000 1e-30 m^2  Cq=         0.6865 MHz  eta= 0.03437
 
     C    8    Vxx=   -0.1413    axis=(  0.860381 -0.252704  0.442590)
     C    8    Vyy=   -0.1799    axis=( -0.421418 -0.841136  0.338964)
     C    8    Vzz=    0.3211    axis=( -0.286621  0.478153  0.830192)
     C    8  Q=         1.0000 1e-30 m^2  Cq=         0.7545 MHz  eta= 0.12008
 
     H    9    Vxx=   -0.1378    axis=(  0.431254  0.793413 -0.429552)
     H    9    Vyy=   -0.1523    axis=( -0.245080  0.561215  0.790553)
     H    9    Vzz=    0.2901    axis=( -0.868306  0.235655 -0.436476)
     H    9  Q=         1.0000 1e-30 m^2  Cq=         0.6817 MHz  eta= 0.05007
 
     C   10    Vxx=   -0.1438    axis=( -0.160473  0.845667 -0.509015)
     C   10    Vyy=   -0.1826    axis=(  0.938807  0.290007  0.185842)
     C   10    Vzz=    0.3265    axis=( -0.304779  0.448045  0.840456)
     C   10  Q=         1.0000 1e-30 m^2  Cq=         0.7671 MHz  eta= 0.11895
 
     C   11    Vxx=    0.1059    axis=( -0.398352  0.407303  0.821839)
     C   11    Vyy=    0.2896    axis=( -0.762351 -0.645250 -0.049731)
     C   11    Vzz=   -0.3955    axis=(  0.510036 -0.646340  0.567545)
     C   11  Q=         1.0000 1e-30 m^2  Cq=        -0.9293 MHz  eta= 0.46463
 
     Cl  12    Vxx=   -1.6524    axis=( -0.416768  0.380868  0.825375)
     Cl  12    Vyy=   -2.0110    axis=( -0.489759  0.670850 -0.556863)
     Cl  12    Vzz=    3.6634    axis=(  0.765794  0.636317  0.093055)
     Cl  12  Q=        -8.1650 1e-30 m^2  Cq=       -70.2798 MHz  eta= 0.09789
 
     H   13    Vxx=   -0.1440    axis=(  0.903834 -0.212411  0.371436)
     H   13    Vyy=   -0.1507    axis=( -0.427472 -0.410226  0.805594)
     H   13    Vzz=    0.2947    axis=(  0.018744  0.886902  0.461576)
     H   13  Q=         1.0000 1e-30 m^2  Cq=         0.6925 MHz  eta= 0.02262
 
     C   14    Vxx=   -0.1434    axis=(  0.722375  0.470584  0.506680)
     C   14    Vyy=   -0.1786    axis=(  0.607935 -0.781359 -0.141041)
     C   14    Vzz=    0.3220    axis=( -0.329528 -0.409913  0.850519)
     C   14  Q=         1.0000 1e-30 m^2  Cq=         0.7566 MHz  eta= 0.10956
 
     H   15    Vxx=   -0.1357    axis=( -0.408546  0.892153  0.192753)
     H   15    Vyy=   -0.1583    axis=( -0.332650 -0.342194  0.878776)
     H   15    Vzz=    0.2940    axis=( -0.849961 -0.294901 -0.436576)
     H   15  Q=         1.0000 1e-30 m^2  Cq=         0.6907 MHz  eta= 0.07707
 
     C   16    Vxx=   -0.1454    axis=( -0.111729  0.903469  0.413836)
     C   16    Vyy=   -0.1860    axis=(  0.946387 -0.030279  0.321612)
     C   16    Vzz=    0.3315    axis=( -0.303097 -0.427583  0.851648)
     C   16  Q=         1.0000 1e-30 m^2  Cq=         0.7788 MHz  eta= 0.12249
 
     C   17    Vxx=    0.1211    axis=( -0.324120 -0.380749  0.866012)
     C   17    Vyy=    0.2688    axis=( -0.777675  0.628494 -0.014735)
     C   17    Vzz=   -0.3899    axis=( -0.538673 -0.678251 -0.499807)
     C   17  Q=         1.0000 1e-30 m^2  Cq=        -0.9160 MHz  eta= 0.37897
 
     Cl  18    Vxx=   -1.5804    axis=(  0.272257  0.341361 -0.899638)
     Cl  18    Vyy=   -2.0130    axis=(  0.608413  0.663263  0.435794)
     Cl  18    Vzz=    3.5933    axis=(  0.745460 -0.665999 -0.027111)
     Cl  18  Q=        -8.1650 1e-30 m^2  Cq=       -68.9363 MHz  eta= 0.12040
 
     H   19    Vxx=   -0.1431    axis=( -0.980144 -0.148642 -0.131236)
     H   19    Vyy=   -0.1486    axis=( -0.189369  0.505457  0.841815)
     H   19    Vzz=    0.2916    axis=(  0.058795 -0.849952  0.523569)
     H   19  Q=         1.0000 1e-30 m^2  Cq=         0.6852 MHz  eta= 0.01896
 
     C   20    Vxx=   -0.1434    axis=( -0.685451  0.462251 -0.562566)
     C   20    Vyy=   -0.1859    axis=( -0.646568 -0.741716  0.178345)
     C   20    Vzz=    0.3293    axis=( -0.334824  0.485984  0.807287)
     C   20  Q=         1.0000 1e-30 m^2  Cq=         0.7736 MHz  eta= 0.12907
 
     H   21    Vxx=   -0.1387    axis=(  0.363738  0.884902 -0.290936)
     H   21    Vyy=   -0.1546    axis=( -0.340550  0.417037  0.842678)
     H   21    Vzz=    0.2933    axis=( -0.867018  0.207436 -0.453045)
     H   21  Q=         1.0000 1e-30 m^2  Cq=         0.6892 MHz  eta= 0.05444
 
     C   22    Vxx=   -0.1477    axis=( -0.306947  0.765307 -0.565764)
     C   22    Vyy=   -0.1895    axis=( -0.904667 -0.419236 -0.076286)
     C   22    Vzz=    0.3372    axis=( -0.295571  0.488412  0.821031)
     C   22  Q=         1.0000 1e-30 m^2  Cq=         0.7923 MHz  eta= 0.12400
 
     C   23    Vxx=    0.1048    axis=( -0.294134  0.491502  0.819702)
     C   23    Vyy=    0.2945    axis=( -0.819860 -0.570555  0.047920)
     C   23    Vzz=   -0.3993    axis=(  0.491237 -0.657946  0.570783)
     C   23  Q=         1.0000 1e-30 m^2  Cq=        -0.9382 MHz  eta= 0.47490
 
     Cl  24    Vxx=   -1.6642    axis=(  0.283403 -0.452320 -0.845629)
     Cl  24    Vyy=   -2.0094    axis=( -0.406539  0.741965 -0.533118)
     Cl  24    Vzz=    3.6735    axis=(  0.868567  0.494869  0.026390)
     Cl  24  Q=        -8.1650 1e-30 m^2  Cq=       -70.4746 MHz  eta= 0.09396
 
     Initialization:
     gipaw_setup  :      0.16s CPU      0.30s WALL (       1 calls)
 
     Linear response
 
     Apply operators
 
     Induced current
 
     Other routines
     efg          :      0.67s CPU      1.03s WALL (       1 calls)
 
     General routines
     calbec       :      0.05s CPU      0.05s WALL (      16 calls)
     fft          :      0.05s CPU      0.08s WALL (      15 calls)
     ffts         :      0.00s CPU      0.00s WALL (       2 calls)
     fftw         :      0.40s CPU      0.41s WALL (     672 calls)
     davcio       :      0.02s CPU      0.34s WALL (      32 calls)
 
     Parallel routines
     fft_scatter  :      0.28s CPU      0.30s WALL (     689 calls)
 
     Plugins
 
     GIPAW        :      3.79s CPU      4.79s WALL (       1 calls)
