
     Program QE v.6.0 starts on 20May2017 at 13:11:32 

     This program is part of the open-source Quantum ESPRESSO suite
     for quantum simulation of materials; please cite
         "P. Giannozzi et al., J. Phys.:Condens. Matter 21 395502 (2009);
          URL http://www.quantum-espresso.org", 
     in publications or presentations arising from this work. More details at
     http://www.quantum-espresso.org/quote
 
           ARCH :    x86_64
             CC :    icc
            CPP :    cpp
            F90 :    ifort
            F77 :    ifort
         DFLAGS :    -D__INTEL -D__DFTI
      BLAS LIBS :    -lmkl_intel_lp64  -lmkl_sequential -lmkl_core
    LAPACK LIBS :    
       FFT LIBS :    
      MASS LIBS :    

     Parallel version (MPI & OpenMP), running on      32 processor cores
     Number of MPI processes:                32
     Threads/MPI process:                     1
     R & G space division:  proc/nbgrp/npool/nimage =      32
 
     ***** This is GIPAW svn revision unknown      *****
 
     Parallelizing q-star over 1 images

     Reading data from directory:
     ./scratch/scf-907.save

   Info: using nr1, nr2, nr3 values from input

   Info: using nr1, nr2, nr3 values from input

     IMPORTANT: XC functional enforced from input :
     Exchange-correlation      =  SLA  PW   PBX  PBC ( 1  4  3  4 0 0)
     Any further DFT definition will be discarded
     Please, verify this is what you really want

               file C.pbe-n-kjpaw_psl.1.0.0.UPF: wavefunction(s)  2S 2P renormalized
               file Cl.pbe-n-kjpaw_psl.1.0.0.UPF: wavefunction(s)  3S 3P renormalized
               file H.pbe-kjpaw_psl.1.0.0.UPF: wavefunction(s)  1S renormalized
 
     Parallelization info
     --------------------
     sticks:   dense  smooth     PW     G-vecs:    dense   smooth      PW
     Min         764     305     83                36108     9133    1292
     Max         765     306     84                36110     9135    1293
     Sum       24467    9791   2657              1155489   292295   41363
 

     Subspace diagonalization in iterative solution of the eigenvalue problem:
     a serial algorithm will be used

     GIPAW projectors -----------------------------------------------
     atom=  C    l=0  rc=    1.2000  rs=    0.8000
     atom=  C    l=0  rc=    1.2000  rs=    0.8000
     atom=  C    l=1  rc=    1.4000  rs=    0.9333
     atom=  C    l=1  rc=    1.4000  rs=    0.9333
     projs nearly linearly dependent: l=1  n1,n2= 1, 2  s=  0.99951561
 
     atom=  Cl   l=0  rc=    1.6000  rs=    1.0667
     atom=  Cl   l=0  rc=    1.6000  rs=    1.0667
     atom=  Cl   l=1  rc=    1.6000  rs=    1.0667
     atom=  Cl   l=1  rc=    1.6000  rs=    1.0667
     atom=  Cl   l=2  rc=    1.6000  rs=    1.0667
     atom=  Cl   l=2  rc=    1.6000  rs=    1.0667
     projs nearly linearly dependent: l=2  n1,n2= 1, 2  s=  0.99993509
 
     atom=  H    l=0  rc=    1.0000  rs=    0.6667
     atom=  H    l=0  rc=    1.0000  rs=    0.6667
     projs nearly linearly dependent: l=0  n1,n2= 1, 2  s=  0.99968852
     -----------------------------------------------------------------
 
     GIPAW integrals: -------------------------------------------
     Atom  i/j   nmr_para   nmr_dia   epr_rmc  epr_para   epr_dia
       C   1 1   0.83E+03  0.17E-01  0.93E+01  0.24E+08  0.24E+03
       C   2 1   0.86E+03 -0.61E-01  0.94E+01  0.25E+08  0.25E+03
       C   2 2   0.90E+03 -0.15E+00  0.97E+01  0.26E+08  0.26E+03
       C   3 3   0.33E+01  0.34E+00  0.18E+01  0.55E+03  0.21E+02
       C   4 3   0.35E+01  0.37E+00  0.20E+01  0.59E+03  0.22E+02
       C   4 4   0.38E+01  0.39E+00  0.22E+01  0.63E+03  0.24E+02
       Cl  1 1   0.14E+04 -0.47E+00  0.84E+01  0.32E+09  0.42E+03
       Cl  2 1   0.21E+04 -0.37E+00  0.12E+02  0.49E+09  0.65E+03
       Cl  2 2   0.33E+04 -0.16E+00  0.21E+02  0.76E+09  0.10E+04
       Cl  3 3   0.21E+02  0.79E-01  0.89E+01  0.23E+05  0.13E+03
       Cl  4 3   0.24E+02  0.67E-01  0.99E+01  0.27E+05  0.15E+03
       Cl  4 4   0.28E+02  0.44E-01  0.11E+02  0.32E+05  0.18E+03
       Cl  5 5   0.77E+00  0.19E+00  0.18E+01  0.12E+03  0.22E+02
       Cl  6 5   0.80E+00  0.19E+00  0.19E+01  0.12E+03  0.23E+02
       Cl  6 6   0.83E+00  0.20E+00  0.19E+01  0.12E+03  0.23E+02
       H   1 1   0.39E+02  0.19E+00  0.29E+00  0.78E+05  0.13E+02
       H   2 1   0.41E+02  0.21E+00  0.32E+00  0.82E+05  0.14E+02
       H   2 2   0.43E+02  0.22E+00  0.36E+00  0.86E+05  0.15E+02
     ------------------------------------------------------------
 
     alpha_pv=     34.0012 eV
 
     Number of occupied bands for each k-point:
     k-point:     1    nbnd_occ=  42
     k-point:     2    nbnd_occ=  42
     k-point:     3    nbnd_occ=  42
     k-point:     4    nbnd_occ=  42
     k-point:     5    nbnd_occ=  42
     k-point:     6    nbnd_occ=  42
     k-point:     7    nbnd_occ=  42
     k-point:     8    nbnd_occ=  42
     k-point:     9    nbnd_occ=  42
     k-point:    10    nbnd_occ=  42
     k-point:    11    nbnd_occ=  42
     k-point:    12    nbnd_occ=  42
     k-point:    13    nbnd_occ=  42
     k-point:    14    nbnd_occ=  42
     k-point:    15    nbnd_occ=  42
     k-point:    16    nbnd_occ=  42
 
 
     q-space interpolation up to   110.00 Rydberg
 
     GIPAW job: efg                                                                             
 
 
     ELECTRIC FIELD GRADIENTS TENSORS IN Hartree/bohrradius^2:
 
     ----- bare term -----
     Cl   1       -0.010958       -0.002391       -0.003076
     Cl   1       -0.002391        0.012365       -0.021083
     Cl   1       -0.003076       -0.021083       -0.001408
 
     C    2       -0.135853        0.066839       -0.411650
     C    2        0.066839       -0.170128       -0.459706
     C    2       -0.411650       -0.459706        0.305981
 
     C    3       -0.187013        0.293684       -0.288521
     C    3        0.293684       -0.271614       -0.458126
     C    3       -0.288521       -0.458126        0.458628
 
     H    4       -0.394053       -0.237535       -0.483406
     H    4       -0.237535        0.244683       -0.200229
     H    4       -0.483406       -0.200229        0.149369
 
     C    5       -0.353657        0.225635       -0.368662
     C    5        0.225635       -0.109525       -0.382914
     C    5       -0.368662       -0.382914        0.463182
 
     H    6        0.356589       -0.090225       -0.050549
     H    6       -0.090225       -0.488896       -0.495170
     H    6       -0.050549       -0.495170        0.132307
 
     H    7        0.374107        0.122625       -0.060076
     H    7        0.122625       -0.512446        0.490719
     H    7       -0.060076        0.490719        0.138339
 
     C    8       -0.378654       -0.186607       -0.287524
     C    8       -0.186607       -0.122689        0.407465
     C    8       -0.287524        0.407465        0.501343
 
     H    9       -0.499869        0.212593       -0.433972
     H    9        0.212593        0.316569        0.170495
     H    9       -0.433972        0.170495        0.183300
 
     C   10       -0.251700       -0.264207       -0.225957
     C   10       -0.264207       -0.240515        0.488411
     C   10       -0.225957        0.488411        0.492215
 
     C   11       -0.232576       -0.035176       -0.358408
     C   11       -0.035176       -0.149786        0.469660
     C   11       -0.358408        0.469660        0.382362
 
     Cl  12        0.006067        0.035614        0.000483
     Cl  12        0.035614       -0.026837        0.019888
     Cl  12        0.000483        0.019888        0.020770
 
     H   13        0.379823       -0.072949       -0.049118
     H   13       -0.072949       -0.519031       -0.487234
     H   13       -0.049118       -0.487234        0.139208
 
     C   14       -0.334364        0.249278       -0.365083
     C   14        0.249278       -0.098410       -0.388032
     C   14       -0.365083       -0.388032        0.432773
 
     H   15       -0.424772       -0.197629       -0.518270
     H   15       -0.197629        0.317850       -0.189416
     H   15       -0.518270       -0.189416        0.106921
 
     C   16       -0.221632        0.297713       -0.272763
     C   16        0.297713       -0.225706       -0.469462
     C   16       -0.272763       -0.469462        0.447337
 
     C   17       -0.218251        0.091563       -0.365155
     C   17        0.091563       -0.146407       -0.486996
     C   17       -0.365155       -0.486996        0.364658
 
     Cl  18       -0.022339       -0.011978       -0.026684
     Cl  18       -0.011978       -0.004638       -0.015277
     Cl  18       -0.026684       -0.015277        0.026977
 
     H   19        0.358845        0.127887       -0.075394
     H   19        0.127887       -0.501054        0.493716
     H   19       -0.075394        0.493716        0.142209
 
     C   20       -0.390475       -0.202058       -0.291128
     C   20       -0.202058       -0.091010        0.422312
     C   20       -0.291128        0.422312        0.481486
 
     H   21       -0.484687        0.215735       -0.454499
     H   21        0.215735        0.261878        0.185343
     H   21       -0.454499        0.185343        0.222809
 
     C   22       -0.254213       -0.273404       -0.204926
     C   22       -0.273404       -0.242382        0.500671
     C   22       -0.204926        0.500671        0.496596
 
     C   23       -0.246670        0.021327       -0.353141
     C   23        0.021327       -0.122540        0.466675
     C   23       -0.353141        0.466675        0.369210
 
     Cl  24        0.017999        0.004463       -0.006699
     Cl  24        0.004463       -0.005807        0.018504
     Cl  24       -0.006699        0.018504       -0.012192
 
     ----- ionic term -----
     Cl   1        0.134124       -0.229884        0.037482
     Cl   1       -0.229884        0.014818       -0.021715
     Cl   1        0.037482       -0.021715       -0.148942
 
     C    2        0.168007       -0.176470        0.333538
     C    2       -0.176470        0.148763        0.353698
     C    2        0.333538        0.353698       -0.316770
 
     C    3        0.129125       -0.240409        0.211507
     C    3       -0.240409        0.227563        0.368179
     C    3        0.211507        0.368179       -0.356688
 
     H    4        0.562509        0.316805        0.666005
     H    4        0.316805       -0.367879        0.253007
     H    4        0.666005        0.253007       -0.194629
 
     C    5        0.285342       -0.175797        0.293850
     C    5       -0.175797        0.075837        0.289826
     C    5        0.293850        0.289826       -0.361179
 
     H    6       -0.503191        0.099626        0.060884
     H    6        0.099626        0.675943        0.684424
     H    6        0.060884        0.684424       -0.172752
 
     H    7       -0.513419       -0.153149        0.081915
     H    7       -0.153149        0.696624       -0.678366
     H    7        0.081915       -0.678366       -0.183206
 
     C    8        0.311637        0.143430        0.228289
     C    8        0.143430        0.083111       -0.309520
     C    8        0.228289       -0.309520       -0.394749
 
     H    9        0.693791       -0.302861        0.593664
     H    9       -0.302861       -0.430794       -0.219970
     H    9        0.593664       -0.219970       -0.262997
 
     C   10        0.175760        0.222512        0.158186
     C   10        0.222512        0.205197       -0.391430
     C   10        0.158186       -0.391430       -0.380956
 
     C   11        0.254553        0.148545        0.278326
     C   11        0.148545        0.124433       -0.372340
     C   11        0.278326       -0.372340       -0.378986
 
     Cl  12        0.130244        0.192423        0.006243
     Cl  12        0.192423        0.035808        0.004111
     Cl  12        0.006243        0.004111       -0.166052
 
     H   13       -0.523239        0.086196        0.059851
     H   13        0.086196        0.709853        0.672833
     H   13        0.059851        0.672833       -0.186614
 
     C   14        0.275302       -0.192702        0.284779
     C   14       -0.192702        0.062382        0.295898
     C   14        0.284779        0.295898       -0.337684
 
     H   15        0.583272        0.279618        0.702790
     H   15        0.279618       -0.436596        0.246740
     H   15        0.702790        0.246740       -0.146676
 
     C   16        0.157855       -0.243208        0.197389
     C   16       -0.243208        0.193691        0.376402
     C   16        0.197389        0.376402       -0.351546
 
     C   17        0.239762       -0.184364        0.281892
     C   17       -0.184364        0.125177        0.384928
     C   17        0.281892        0.384928       -0.364940
 
     Cl  18        0.159417       -0.209344        0.012062
     Cl  18       -0.209344        0.011915        0.005936
     Cl  18        0.012062        0.005936       -0.171332
 
     H   19       -0.498878       -0.157624        0.094820
     H   19       -0.157624        0.686279       -0.678347
     H   19        0.094820       -0.678347       -0.187401
 
     C   20        0.318751        0.154532        0.226023
     C   20        0.154532        0.056857       -0.322775
     C   20        0.226023       -0.322775       -0.375608
 
     H   21        0.678520       -0.294826        0.623379
     H   21       -0.294826       -0.389898       -0.230762
     H   21        0.623379       -0.230762       -0.288621
 
     C   22        0.183124        0.225722        0.144489
     C   22        0.225722        0.203012       -0.400951
     C   22        0.144489       -0.400951       -0.386136
 
     C   23        0.282465        0.104938        0.272667
     C   23        0.104938        0.093437       -0.367047
     C   23        0.272667       -0.367047       -0.375902
 
     Cl  24        0.175986        0.209718        0.027035
     Cl  24        0.209718       -0.031890        0.004567
     Cl  24        0.027035        0.004567       -0.144096
 
     ----- GIPAW term -----
     Cl   1        1.265640       -2.449794        0.326831
     Cl   1       -2.449794        0.279005       -0.472351
     Cl   1        0.326831       -0.472351       -1.544645
 
     C    2        0.047491       -0.131000       -0.053787
     C    2       -0.131000       -0.010455       -0.089229
     C    2       -0.053787       -0.089229       -0.037037
 
     C    3       -0.052342        0.038905       -0.067453
     C    3        0.038905       -0.026866       -0.072277
     C    3       -0.067453       -0.072277        0.079208
 
     H    4        0.000000       -0.000000       -0.000000
     H    4       -0.000000        0.000000        0.000000
     H    4       -0.000000        0.000000       -0.000000
 
     C    5       -0.043924        0.039465       -0.056010
     C    5        0.039465       -0.036299       -0.079788
     C    5       -0.056010       -0.079788        0.080223
 
     H    6        0.000000       -0.000000       -0.000000
     H    6       -0.000000        0.000000        0.000000
     H    6       -0.000000        0.000000       -0.000000
 
     H    7        0.000000       -0.000000       -0.000000
     H    7       -0.000000        0.000000        0.000000
     H    7       -0.000000        0.000000       -0.000000
 
     C    8       -0.040929       -0.030643       -0.045180
     C    8       -0.030643       -0.041460        0.085111
     C    8       -0.045180        0.085111        0.082389
 
     H    9        0.000000       -0.000000       -0.000000
     H    9       -0.000000        0.000000        0.000000
     H    9       -0.000000        0.000000       -0.000000
 
     C   10       -0.067263       -0.027315       -0.060286
     C   10       -0.027315       -0.021397        0.078593
     C   10       -0.060286        0.078593        0.088660
 
     C   11        0.044192        0.132684       -0.060190
     C   11        0.132684       -0.018075        0.077685
     C   11       -0.060190        0.077685       -0.026117
 
     Cl  12        1.428473        2.381497        0.037977
     Cl  12        2.381497        0.090827        0.267656
     Cl  12        0.037977        0.267656       -1.519300
 
     H   13        0.000000       -0.000000       -0.000000
     H   13       -0.000000        0.000000        0.000000
     H   13       -0.000000        0.000000       -0.000000
 
     C   14       -0.035670        0.043229       -0.061653
     C   14        0.043229       -0.037583       -0.080194
     C   14       -0.061653       -0.080194        0.073253
 
     H   15        0.000000       -0.000000       -0.000000
     H   15       -0.000000        0.000000        0.000000
     H   15       -0.000000        0.000000       -0.000000
 
     C   16       -0.057201        0.038161       -0.065665
     C   16        0.038161       -0.018169       -0.074225
     C   16       -0.065665       -0.074225        0.075370
 
     C   17        0.044788       -0.113104       -0.066454
     C   17       -0.113104       -0.014378       -0.079821
     C   17       -0.066454       -0.079821       -0.030410
 
     Cl  18        1.448853       -2.325698       -0.186901
     Cl  18       -2.325698        0.061513       -0.105482
     Cl  18       -0.186901       -0.105482       -1.510366
 
     H   19        0.000000       -0.000000       -0.000000
     H   19       -0.000000        0.000000        0.000000
     H   19       -0.000000        0.000000       -0.000000
 
     C   20       -0.045612       -0.036786       -0.049749
     C   20       -0.036786       -0.036714        0.085327
     C   20       -0.049749        0.085327        0.082326
 
     H   21        0.000000       -0.000000       -0.000000
     H   21       -0.000000        0.000000        0.000000
     H   21       -0.000000        0.000000       -0.000000
 
     C   22       -0.063642       -0.034187       -0.053284
     C   22       -0.034187       -0.025416        0.079610
     C   22       -0.053284        0.079610        0.089058
 
     C   23        0.062524        0.141750       -0.061096
     C   23        0.141750       -0.025271        0.080918
     C   23       -0.061096        0.080918       -0.037253
 
     Cl  24        2.045543        2.264236        0.197704
     Cl  24        2.264236       -0.426471        0.264112
     Cl  24        0.197704        0.264112       -1.619072
 
     ----- total EFG -----
     Cl   1        1.388807       -2.682068        0.361237
     Cl   1       -2.682068        0.306188       -0.515149
     Cl   1        0.361237       -0.515149       -1.694995
 
     C    2        0.079645       -0.240631       -0.131900
     C    2       -0.240631       -0.031819       -0.195237
     C    2       -0.131900       -0.195237       -0.047826
 
     C    3       -0.110230        0.092180       -0.144466
     C    3        0.092180       -0.070917       -0.162223
     C    3       -0.144466       -0.162223        0.181148
 
     H    4        0.168456        0.079270        0.182599
     H    4        0.079270       -0.123196        0.052778
     H    4        0.182599        0.052778       -0.045260
 
     C    5       -0.112239        0.089302       -0.130822
     C    5        0.089302       -0.069987       -0.172875
     C    5       -0.130822       -0.172875        0.182226
 
     H    6       -0.146602        0.009401        0.010335
     H    6        0.009401        0.187047        0.189254
     H    6        0.010335        0.189254       -0.040445
 
     H    7       -0.139312       -0.030524        0.021839
     H    7       -0.030524        0.184178       -0.187647
     H    7        0.021839       -0.187647       -0.044867
 
     C    8       -0.107946       -0.073819       -0.104414
     C    8       -0.073819       -0.081037        0.183056
     C    8       -0.104414        0.183056        0.188983
 
     H    9        0.193922       -0.090268        0.159692
     H    9       -0.090268       -0.114225       -0.049475
     H    9        0.159692       -0.049475       -0.079697
 
     C   10       -0.143203       -0.069010       -0.128057
     C   10       -0.069010       -0.056716        0.175573
     C   10       -0.128057        0.175573        0.199919
 
     C   11        0.066169        0.246053       -0.140272
     C   11        0.246053       -0.043429        0.175005
     C   11       -0.140272        0.175005       -0.022740
 
     Cl  12        1.564783        2.609534        0.044703
     Cl  12        2.609534        0.099799        0.291655
     Cl  12        0.044703        0.291655       -1.664583
 
     H   13       -0.143416        0.013247        0.010732
     H   13        0.013247        0.190822        0.185599
     H   13        0.010732        0.185599       -0.047406
 
     C   14       -0.094732        0.099806       -0.141958
     C   14        0.099806       -0.073611       -0.172328
     C   14       -0.141958       -0.172328        0.168342
 
     H   15        0.158501        0.081990        0.184520
     H   15        0.081990       -0.118746        0.057324
     H   15        0.184520        0.057324       -0.039755
 
     C   16       -0.120978        0.092666       -0.141039
     C   16        0.092666       -0.050183       -0.167285
     C   16       -0.141039       -0.167285        0.171161
 
     C   17        0.066299       -0.205906       -0.149717
     C   17       -0.205906       -0.035608       -0.181889
     C   17       -0.149717       -0.181889       -0.030691
 
     Cl  18        1.585931       -2.547020       -0.201523
     Cl  18       -2.547020        0.068790       -0.114824
     Cl  18       -0.201523       -0.114824       -1.654721
 
     H   19       -0.140033       -0.029736        0.019426
     H   19       -0.029736        0.185225       -0.184631
     H   19        0.019426       -0.184631       -0.045192
 
     C   20       -0.117337       -0.084312       -0.114854
     C   20       -0.084312       -0.070867        0.184863
     C   20       -0.114854        0.184863        0.188204
 
     H   21        0.193833       -0.079091        0.168880
     H   21       -0.079091       -0.128021       -0.045419
     H   21        0.168880       -0.045419       -0.065812
 
     C   22       -0.134731       -0.081869       -0.113721
     C   22       -0.081869       -0.064786        0.179330
     C   22       -0.113721        0.179330        0.199518
 
     C   23        0.098319        0.268014       -0.141570
     C   23        0.268014       -0.054375        0.180546
     C   23       -0.141570        0.180546       -0.043944
 
     Cl  24        2.239528        2.478417        0.218040
     Cl  24        2.478417       -0.464168        0.287183
     Cl  24        0.218040        0.287183       -1.775360
 
     ----- total EFG (symmetrized) -----
     Cl   1        1.388807       -2.682068        0.361237
     Cl   1       -2.682068        0.306188       -0.515149
     Cl   1        0.361237       -0.515149       -1.694995
 
     C    2        0.079645       -0.240631       -0.131900
     C    2       -0.240631       -0.031819       -0.195237
     C    2       -0.131900       -0.195237       -0.047826
 
     C    3       -0.110230        0.092180       -0.144466
     C    3        0.092180       -0.070917       -0.162223
     C    3       -0.144466       -0.162223        0.181148
 
     H    4        0.168456        0.079270        0.182599
     H    4        0.079270       -0.123196        0.052778
     H    4        0.182599        0.052778       -0.045260
 
     C    5       -0.112239        0.089302       -0.130822
     C    5        0.089302       -0.069987       -0.172875
     C    5       -0.130822       -0.172875        0.182226
 
     H    6       -0.146602        0.009401        0.010335
     H    6        0.009401        0.187047        0.189254
     H    6        0.010335        0.189254       -0.040445
 
     H    7       -0.139312       -0.030524        0.021839
     H    7       -0.030524        0.184178       -0.187647
     H    7        0.021839       -0.187647       -0.044867
 
     C    8       -0.107946       -0.073819       -0.104414
     C    8       -0.073819       -0.081037        0.183056
     C    8       -0.104414        0.183056        0.188983
 
     H    9        0.193922       -0.090268        0.159692
     H    9       -0.090268       -0.114225       -0.049475
     H    9        0.159692       -0.049475       -0.079697
 
     C   10       -0.143203       -0.069010       -0.128057
     C   10       -0.069010       -0.056716        0.175573
     C   10       -0.128057        0.175573        0.199919
 
     C   11        0.066169        0.246053       -0.140272
     C   11        0.246053       -0.043429        0.175005
     C   11       -0.140272        0.175005       -0.022740
 
     Cl  12        1.564783        2.609534        0.044703
     Cl  12        2.609534        0.099799        0.291655
     Cl  12        0.044703        0.291655       -1.664583
 
     H   13       -0.143416        0.013247        0.010732
     H   13        0.013247        0.190822        0.185599
     H   13        0.010732        0.185599       -0.047406
 
     C   14       -0.094732        0.099806       -0.141958
     C   14        0.099806       -0.073611       -0.172328
     C   14       -0.141958       -0.172328        0.168342
 
     H   15        0.158501        0.081990        0.184520
     H   15        0.081990       -0.118746        0.057324
     H   15        0.184520        0.057324       -0.039755
 
     C   16       -0.120978        0.092666       -0.141039
     C   16        0.092666       -0.050183       -0.167285
     C   16       -0.141039       -0.167285        0.171161
 
     C   17        0.066299       -0.205906       -0.149717
     C   17       -0.205906       -0.035608       -0.181889
     C   17       -0.149717       -0.181889       -0.030691
 
     Cl  18        1.585931       -2.547020       -0.201523
     Cl  18       -2.547020        0.068790       -0.114824
     Cl  18       -0.201523       -0.114824       -1.654721
 
     H   19       -0.140033       -0.029736        0.019426
     H   19       -0.029736        0.185225       -0.184631
     H   19        0.019426       -0.184631       -0.045192
 
     C   20       -0.117337       -0.084312       -0.114854
     C   20       -0.084312       -0.070867        0.184863
     C   20       -0.114854        0.184863        0.188204
 
     H   21        0.193833       -0.079091        0.168880
     H   21       -0.079091       -0.128021       -0.045419
     H   21        0.168880       -0.045419       -0.065812
 
     C   22       -0.134731       -0.081869       -0.113721
     C   22       -0.081869       -0.064786        0.179330
     C   22       -0.113721        0.179330        0.199518
 
     C   23        0.098319        0.268014       -0.141570
     C   23        0.268014       -0.054375        0.180546
     C   23       -0.141570        0.180546       -0.043944
 
     Cl  24        2.239528        2.478417        0.218040
     Cl  24        2.478417       -0.464168        0.287183
     Cl  24        0.218040        0.287183       -1.775360
 
 
     NQR/NMR SPECTROSCOPIC PARAMETERS:
     Cl   1    Vxx=   -1.6461    axis=( -0.434853 -0.382251  0.815345)
     Cl   1    Vyy=   -2.0062    axis=(  0.472183  0.674186  0.567905)
     Cl   1    Vzz=    3.6523    axis=(  0.766777 -0.631947  0.112679)
     Cl   1  Q=        -8.1650 1e-30 m^2  Cq=       -70.0684 MHz  eta= 0.09858
 
     C    2    Vxx=    0.1138    axis=( -0.428465 -0.386732  0.816613)
     C    2    Vyy=    0.2725    axis=(  0.753596 -0.651578  0.086826)
     C    2    Vzz=   -0.3863    axis=(  0.498508  0.652598  0.570618)
     C    2  Q=         1.0000 1e-30 m^2  Cq=        -0.9078 MHz  eta= 0.41068
 
     C    3    Vxx=   -0.1413    axis=(  0.417913  0.722489  0.550779)
     C    3    Vyy=   -0.1857    axis=( -0.832622  0.547133 -0.085940)
     C    3    Vzz=    0.3270    axis=( -0.363441 -0.422676  0.830215)
     C    3  Q=         1.0000 1e-30 m^2  Cq=         0.7683 MHz  eta= 0.13594
 
     H    4    Vxx=   -0.1407    axis=( -0.437305  0.811230  0.388162)
     H    4    Vyy=   -0.1541    axis=( -0.309666 -0.541057  0.781898)
     H    4    Vzz=    0.2948    axis=( -0.844317 -0.221728 -0.487817)
     H    4  Q=         1.0000 1e-30 m^2  Cq=         0.6926 MHz  eta= 0.04554
 
     C    5    Vxx=   -0.1434    axis=(  0.566606  0.611487  0.552305)
     C    5    Vyy=   -0.1831    axis=( -0.751626  0.658230  0.042327)
     C    5    Vzz=    0.3265    axis=( -0.337661 -0.439110  0.832567)
     C    5  Q=         1.0000 1e-30 m^2  Cq=         0.7671 MHz  eta= 0.12159
 
     H    6    Vxx=   -0.1429    axis=(  0.726822 -0.357212  0.586626)
     H    6    Vyy=   -0.1516    axis=( -0.686167 -0.340249  0.642966)
     H    6    Vzz=    0.2945    axis=(  0.030076  0.869845  0.492408)
     H    6  Q=         1.0000 1e-30 m^2  Cq=         0.6920 MHz  eta= 0.02969
 
     H    7    Vxx=   -0.1408    axis=( -0.913840 -0.264018 -0.308530)
     H    7    Vyy=   -0.1520    axis=( -0.396854  0.419676  0.816321)
     H    7    Vzz=    0.2927    axis=(  0.086041 -0.868428  0.488293)
     H    7  Q=         1.0000 1e-30 m^2  Cq=         0.6878 MHz  eta= 0.03825
 
     C    8    Vxx=   -0.1366    axis=(  0.860008 -0.274524  0.430143)
     C    8    Vyy=   -0.1824    axis=( -0.423620 -0.854052  0.301896)
     C    8    Vzz=    0.3190    axis=( -0.284487  0.441850  0.850785)
     C    8  Q=         1.0000 1e-30 m^2  Cq=         0.7494 MHz  eta= 0.14345
 
     H    9    Vxx=   -0.1371    axis=(  0.371534  0.889043 -0.267514)
     H    9    Vyy=   -0.1562    axis=( -0.298129  0.387125  0.872498)
     H    9    Vzz=    0.2933    axis=( -0.879250  0.244410 -0.408880)
     H    9  Q=         1.0000 1e-30 m^2  Cq=         0.6891 MHz  eta= 0.06531
 
     C   10    Vxx=   -0.1456    axis=( -0.076604  0.877126 -0.474111)
     C   10    Vyy=   -0.1878    axis=(  0.953396  0.203618  0.222658)
     C   10    Vzz=    0.3334    axis=( -0.291836  0.434959  0.851847)
     C   10  Q=         1.0000 1e-30 m^2  Cq=         0.7834 MHz  eta= 0.12673
 
     C   11    Vxx=    0.1176    axis=( -0.332034  0.413792  0.847661)
     C   11    Vyy=    0.2635    axis=( -0.780136 -0.625610 -0.000187)
     C   11    Vzz=   -0.3811    axis=(  0.530228 -0.661353  0.530538)
     C   11  Q=         1.0000 1e-30 m^2  Cq=        -0.8954 MHz  eta= 0.38263
 
     Cl  12    Vxx=   -1.5462    axis=( -0.345918  0.397838  0.849745)
     Cl  12    Vyy=   -2.0051    axis=( -0.497737  0.689909 -0.525626)
     Cl  12    Vzz=    3.5513    axis=(  0.795361  0.604773  0.040634)
     Cl  12  Q=        -8.1650 1e-30 m^2  Cq=       -68.1298 MHz  eta= 0.12920
 
     H   13    Vxx=   -0.1426    axis=(  0.897671 -0.241040  0.368898)
     H   13    Vyy=   -0.1503    axis=( -0.438988 -0.416176  0.796296)
     H   13    Vzz=    0.2929    axis=(  0.038413  0.876754  0.479403)
     H   13  Q=         1.0000 1e-30 m^2  Cq=         0.6882 MHz  eta= 0.02650
 
     C   14    Vxx=   -0.1426    axis=(  0.639289  0.510747  0.574846)
     C   14    Vyy=   -0.1854    axis=( -0.669883  0.736969  0.090188)
     C   14    Vzz=    0.3281    axis=( -0.377580 -0.442736  0.813276)
     C   14  Q=         1.0000 1e-30 m^2  Cq=         0.7708 MHz  eta= 0.13040
 
     H   15    Vxx=   -0.1387    axis=( -0.441124  0.829794  0.341836)
     H   15    Vyy=   -0.1543    axis=( -0.336027 -0.505908  0.794445)
     H   15    Vzz=    0.2930    axis=( -0.832163 -0.235583 -0.502002)
     H   15  Q=         1.0000 1e-30 m^2  Cq=         0.6885 MHz  eta= 0.05320
 
     C   16    Vxx=   -0.1361    axis=(  0.255016  0.795303  0.549963)
     C   16    Vyy=   -0.1884    axis=( -0.900075  0.403072 -0.165523)
     C   16    Vzz=    0.3246    axis=( -0.353316 -0.452797  0.818623)
     C   16  Q=         1.0000 1e-30 m^2  Cq=         0.7626 MHz  eta= 0.16103
 
     C   17    Vxx=    0.1357    axis=( -0.315258 -0.486246  0.814970)
     C   17    Vyy=    0.2277    axis=( -0.801889  0.595756  0.045256)
     C   17    Vzz=   -0.3635    axis=( -0.507529 -0.639249 -0.577733)
     C   17  Q=         1.0000 1e-30 m^2  Cq=        -0.8540 MHz  eta= 0.25305
 
     Cl  18    Vxx=   -1.5137    axis=( -0.320808 -0.456096  0.830096)
     Cl  18    Vyy=   -1.9729    axis=(  0.503867  0.659928  0.557327)
     Cl  18    Vzz=    3.4866    axis=( -0.801998  0.597052  0.018101)
     Cl  18  Q=        -8.1650 1e-30 m^2  Cq=       -66.8891 MHz  eta= 0.13168
 
     H   19    Vxx=   -0.1418    axis=( -0.911857 -0.261537 -0.316410)
     H   19    Vyy=   -0.1487    axis=( -0.402235  0.415276  0.815937)
     H   19    Vzz=    0.2906    axis=(  0.082000 -0.871289  0.483871)
     H   19  Q=         1.0000 1e-30 m^2  Cq=         0.6827 MHz  eta= 0.02381
 
     C   20    Vxx=   -0.1435    axis=( -0.713543  0.477190 -0.512978)
     C   20    Vyy=   -0.1854    axis=(  0.632439  0.753754 -0.178542)
     C   20    Vzz=    0.3289    axis=( -0.301461  0.451824  0.839629)
     C   20  Q=         1.0000 1e-30 m^2  Cq=         0.7728 MHz  eta= 0.12731
 
     H   21    Vxx=   -0.1426    axis=(  0.434526  0.734184 -0.521691)
     H   21    Vyy=   -0.1540    axis=( -0.209638  0.645769  0.734190)
     H   21    Vzz=    0.2965    axis=( -0.875922  0.209658 -0.434516)
     H   21  Q=         1.0000 1e-30 m^2  Cq=         0.6968 MHz  eta= 0.03853
 
     C   22    Vxx=   -0.1424    axis=( -0.504792  0.684014 -0.526602)
     C   22    Vyy=   -0.1889    axis=(  0.814755  0.579089 -0.028820)
     C   22    Vzz=    0.3313    axis=( -0.285236  0.443599  0.849624)
     C   22  Q=         1.0000 1e-30 m^2  Cq=         0.7785 MHz  eta= 0.14025
 
     C   23    Vxx=    0.1025    axis=( -0.309974  0.440297  0.842647)
     C   23    Vyy=    0.3007    axis=( -0.802147 -0.596890  0.016810)
     C   23    Vzz=   -0.4032    axis=(  0.510369 -0.670716  0.538203)
     C   23  Q=         1.0000 1e-30 m^2  Cq=        -0.9473 MHz  eta= 0.49170
 
     Cl  24    Vxx=   -1.7132    axis=( -0.310688  0.420506  0.852436)
     Cl  24    Vyy=   -2.0179    axis=( -0.409922  0.749856 -0.519307)
     Cl  24    Vzz=    3.7311    axis=(  0.857576  0.510775  0.060597)
     Cl  24  Q=        -8.1650 1e-30 m^2  Cq=       -71.5790 MHz  eta= 0.08168
 
     Initialization:
     gipaw_setup  :      0.18s CPU      0.30s WALL (       1 calls)
 
     Linear response
 
     Apply operators
 
     Induced current
 
     Other routines
     efg          :      0.72s CPU      0.81s WALL (       1 calls)
 
     General routines
     calbec       :      0.05s CPU      0.05s WALL (      16 calls)
     fft          :      0.06s CPU      0.09s WALL (      15 calls)
     ffts         :      0.01s CPU      0.00s WALL (       2 calls)
     fftw         :      0.48s CPU      0.47s WALL (     672 calls)
     davcio       :      0.01s CPU      0.07s WALL (      32 calls)
 
     Parallel routines
     fft_scatter  :      0.34s CPU      0.35s WALL (     689 calls)
 
     Plugins
 
     GIPAW        :      3.85s CPU      4.60s WALL (       1 calls)
