
     Program QE v.6.0 starts on 20May2017 at 15: 3:19 

     This program is part of the open-source Quantum ESPRESSO suite
     for quantum simulation of materials; please cite
         "P. Giannozzi et al., J. Phys.:Condens. Matter 21 395502 (2009);
          URL http://www.quantum-espresso.org", 
     in publications or presentations arising from this work. More details at
     http://www.quantum-espresso.org/quote
 
           ARCH :    x86_64
             CC :    icc
            CPP :    cpp
            F90 :    ifort
            F77 :    ifort
         DFLAGS :    -D__INTEL -D__DFTI
      BLAS LIBS :    -lmkl_intel_lp64  -lmkl_sequential -lmkl_core
    LAPACK LIBS :    
       FFT LIBS :    
      MASS LIBS :    

     Parallel version (MPI & OpenMP), running on      32 processor cores
     Number of MPI processes:                32
     Threads/MPI process:                     1
     R & G space division:  proc/nbgrp/npool/nimage =      32
 
     ***** This is GIPAW svn revision unknown      *****
 
     Parallelizing q-star over 1 images

     Reading data from directory:
     ./scratch/scf-2493.save

   Info: using nr1, nr2, nr3 values from input

   Info: using nr1, nr2, nr3 values from input

     IMPORTANT: XC functional enforced from input :
     Exchange-correlation      =  SLA  PW   PBX  PBC ( 1  4  3  4 0 0)
     Any further DFT definition will be discarded
     Please, verify this is what you really want

               file C.pbe-n-kjpaw_psl.1.0.0.UPF: wavefunction(s)  2S 2P renormalized
               file Cl.pbe-n-kjpaw_psl.1.0.0.UPF: wavefunction(s)  3S 3P renormalized
               file H.pbe-kjpaw_psl.1.0.0.UPF: wavefunction(s)  1S renormalized
 
     Parallelization info
     --------------------
     sticks:   dense  smooth     PW     G-vecs:    dense   smooth      PW
     Min         764     305     83                36108     9133    1292
     Max         765     306     84                36110     9135    1293
     Sum       24467    9791   2657              1155489   292295   41363
 

     Subspace diagonalization in iterative solution of the eigenvalue problem:
     a serial algorithm will be used

     GIPAW projectors -----------------------------------------------
     atom=  C    l=0  rc=    1.2000  rs=    0.8000
     atom=  C    l=0  rc=    1.2000  rs=    0.8000
     atom=  C    l=1  rc=    1.4000  rs=    0.9333
     atom=  C    l=1  rc=    1.4000  rs=    0.9333
     projs nearly linearly dependent: l=1  n1,n2= 1, 2  s=  0.99951561
 
     atom=  Cl   l=0  rc=    1.6000  rs=    1.0667
     atom=  Cl   l=0  rc=    1.6000  rs=    1.0667
     atom=  Cl   l=1  rc=    1.6000  rs=    1.0667
     atom=  Cl   l=1  rc=    1.6000  rs=    1.0667
     atom=  Cl   l=2  rc=    1.6000  rs=    1.0667
     atom=  Cl   l=2  rc=    1.6000  rs=    1.0667
     projs nearly linearly dependent: l=2  n1,n2= 1, 2  s=  0.99993509
 
     atom=  H    l=0  rc=    1.0000  rs=    0.6667
     atom=  H    l=0  rc=    1.0000  rs=    0.6667
     projs nearly linearly dependent: l=0  n1,n2= 1, 2  s=  0.99968852
     -----------------------------------------------------------------
 
     GIPAW integrals: -------------------------------------------
     Atom  i/j   nmr_para   nmr_dia   epr_rmc  epr_para   epr_dia
       C   1 1   0.83E+03  0.17E-01  0.93E+01  0.24E+08  0.24E+03
       C   2 1   0.86E+03 -0.61E-01  0.94E+01  0.25E+08  0.25E+03
       C   2 2   0.90E+03 -0.15E+00  0.97E+01  0.26E+08  0.26E+03
       C   3 3   0.33E+01  0.34E+00  0.18E+01  0.55E+03  0.21E+02
       C   4 3   0.35E+01  0.37E+00  0.20E+01  0.59E+03  0.22E+02
       C   4 4   0.38E+01  0.39E+00  0.22E+01  0.63E+03  0.24E+02
       Cl  1 1   0.14E+04 -0.47E+00  0.84E+01  0.32E+09  0.42E+03
       Cl  2 1   0.21E+04 -0.37E+00  0.12E+02  0.49E+09  0.65E+03
       Cl  2 2   0.33E+04 -0.16E+00  0.21E+02  0.76E+09  0.10E+04
       Cl  3 3   0.21E+02  0.79E-01  0.89E+01  0.23E+05  0.13E+03
       Cl  4 3   0.24E+02  0.67E-01  0.99E+01  0.27E+05  0.15E+03
       Cl  4 4   0.28E+02  0.44E-01  0.11E+02  0.32E+05  0.18E+03
       Cl  5 5   0.77E+00  0.19E+00  0.18E+01  0.12E+03  0.22E+02
       Cl  6 5   0.80E+00  0.19E+00  0.19E+01  0.12E+03  0.23E+02
       Cl  6 6   0.83E+00  0.20E+00  0.19E+01  0.12E+03  0.23E+02
       H   1 1   0.39E+02  0.19E+00  0.29E+00  0.78E+05  0.13E+02
       H   2 1   0.41E+02  0.21E+00  0.32E+00  0.82E+05  0.14E+02
       H   2 2   0.43E+02  0.22E+00  0.36E+00  0.86E+05  0.15E+02
     ------------------------------------------------------------
 
     alpha_pv=     34.0746 eV
 
     Number of occupied bands for each k-point:
     k-point:     1    nbnd_occ=  42
     k-point:     2    nbnd_occ=  42
     k-point:     3    nbnd_occ=  42
     k-point:     4    nbnd_occ=  42
     k-point:     5    nbnd_occ=  42
     k-point:     6    nbnd_occ=  42
     k-point:     7    nbnd_occ=  42
     k-point:     8    nbnd_occ=  42
     k-point:     9    nbnd_occ=  42
     k-point:    10    nbnd_occ=  42
     k-point:    11    nbnd_occ=  42
     k-point:    12    nbnd_occ=  42
     k-point:    13    nbnd_occ=  42
     k-point:    14    nbnd_occ=  42
     k-point:    15    nbnd_occ=  42
     k-point:    16    nbnd_occ=  42
 
 
     q-space interpolation up to   110.00 Rydberg
 
     GIPAW job: efg                                                                             
 
 
     ELECTRIC FIELD GRADIENTS TENSORS IN Hartree/bohrradius^2:
 
     ----- bare term -----
     Cl   1        0.022511        0.018912       -0.037345
     Cl   1        0.018912        0.008360       -0.002073
     Cl   1       -0.037345       -0.002073       -0.030870
 
     C    2       -0.202615        0.072103       -0.349808
     C    2        0.072103        0.019134       -0.534040
     C    2       -0.349808       -0.534040        0.183481
 
     C    3       -0.226754        0.324953       -0.286418
     C    3        0.324953       -0.093963       -0.510858
     C    3       -0.286418       -0.510858        0.320717
 
     H    4       -0.315045       -0.231059       -0.548501
     H    4       -0.231059        0.304715       -0.241342
     H    4       -0.548501       -0.241342        0.010330
 
     C    5       -0.359291        0.299594       -0.383705
     C    5        0.299594        0.007683       -0.395331
     C    5       -0.383705       -0.395331        0.351608
 
     H    6        0.365182        0.031769       -0.013398
     H    6        0.031769       -0.466766       -0.524228
     H    6       -0.013398       -0.524228        0.101584
 
     H    7        0.358699        0.113058       -0.077597
     H    7        0.113058       -0.483613        0.489721
     H    7       -0.077597        0.489721        0.124914
 
     C    8       -0.332826       -0.274537       -0.359148
     C    8       -0.274537       -0.085235        0.389719
     C    8       -0.359148        0.389719        0.418061
 
     H    9       -0.428268        0.180714       -0.537972
     H    9        0.180714        0.350704        0.170868
     H    9       -0.537972        0.170868        0.077564
 
     C   10       -0.206297       -0.263398       -0.275724
     C   10       -0.263398       -0.232096        0.482362
     C   10       -0.275724        0.482362        0.438393
 
     C   11       -0.095092       -0.031784       -0.406294
     C   11       -0.031784       -0.185864        0.466041
     C   11       -0.406294        0.466041        0.280955
 
     Cl  12        0.001878        0.043123       -0.023942
     Cl  12        0.043123        0.003776       -0.002760
     Cl  12       -0.023942       -0.002760       -0.005655
 
     H   13        0.370262        0.005182       -0.000085
     H   13        0.005182       -0.464898       -0.531641
     H   13       -0.000085       -0.531641        0.094635
 
     C   14       -0.363540        0.269460       -0.354903
     C   14        0.269460        0.013446       -0.412510
     C   14       -0.354903       -0.412510        0.350094
 
     H   15       -0.324592       -0.199762       -0.546866
     H   15       -0.199762        0.314184       -0.214528
     H   15       -0.546866       -0.214528        0.010407
 
     C   16       -0.200541        0.317281       -0.288972
     C   16        0.317281       -0.135863       -0.517419
     C   16       -0.288972       -0.517419        0.336404
 
     C   17       -0.111704        0.104593       -0.388091
     C   17        0.104593       -0.088449       -0.534127
     C   17       -0.388091       -0.534127        0.200153
 
     Cl  18       -0.013946       -0.038565       -0.024678
     Cl  18       -0.038565        0.016205       -0.011090
     Cl  18       -0.024678       -0.011090       -0.002259
 
     H   19        0.375532        0.104426       -0.053496
     H   19        0.104426       -0.429781        0.524078
     H   19       -0.053496        0.524078        0.054249
 
     C   20       -0.295609       -0.265481       -0.369779
     C   20       -0.265481       -0.103456        0.393257
     C   20       -0.369779        0.393257        0.399066
 
     H   21       -0.390651        0.183179       -0.514006
     H   21        0.183179        0.295270        0.166584
     H   21       -0.514006        0.166584        0.095382
 
     C   22       -0.138122       -0.285853       -0.287234
     C   22       -0.285853       -0.254113        0.475282
     C   22       -0.287234        0.475282        0.392235
 
     C   23       -0.080846       -0.132999       -0.406807
     C   23       -0.132999       -0.222065        0.475863
     C   23       -0.406807        0.475863        0.302911
 
     Cl  24       -0.049214       -0.017852       -0.022252
     Cl  24       -0.017852        0.021259        0.003631
     Cl  24       -0.022252        0.003631        0.027955
 
     ----- ionic term -----
     Cl   1        0.214940       -0.193056       -0.006782
     Cl   1       -0.193056       -0.093885        0.008161
     Cl   1       -0.006782        0.008161       -0.121055
 
     C    2        0.257728       -0.169536        0.259245
     C    2       -0.169536       -0.037433        0.428381
     C    2        0.259245        0.428381       -0.220294
 
     C    3        0.163618       -0.261417        0.208264
     C    3       -0.261417        0.088064        0.396956
     C    3        0.208264        0.396956       -0.251682
 
     H    4        0.433559        0.313928        0.739686
     H    4        0.313928       -0.415295        0.310230
     H    4        0.739686        0.310230       -0.018264
 
     C    5        0.295865       -0.233010        0.304502
     C    5       -0.233010       -0.024583        0.300397
     C    5        0.304502        0.300397       -0.271283
 
     H    6       -0.511784       -0.056003       -0.000040
     H    6       -0.056003        0.640336        0.721977
     H    6       -0.000040        0.721977       -0.128551
 
     H    7       -0.498364       -0.141217        0.097427
     H    7       -0.141217        0.673731       -0.673284
     H    7        0.097427       -0.673284       -0.175367
 
     C    8        0.276530        0.217854        0.273449
     C    8        0.217854        0.048319       -0.295429
     C    8        0.273449       -0.295429       -0.324849
 
     H    9        0.593642       -0.241193        0.725435
     H    9       -0.241193       -0.478584       -0.214904
     H    9        0.725435       -0.214904       -0.115058
 
     C   10        0.142694        0.206808        0.195431
     C   10        0.206808        0.198983       -0.387686
     C   10        0.195431       -0.387686       -0.341677
 
     C   11        0.124750        0.156967        0.311836
     C   11        0.156967        0.186554       -0.371284
     C   11        0.311836       -0.371284       -0.311304
 
     Cl  12        0.077635        0.198839        0.010427
     Cl  12        0.198839        0.069781        0.001684
     Cl  12        0.010427        0.001684       -0.147416
 
     H   13       -0.516580       -0.027562       -0.009106
     H   13       -0.027562        0.634623        0.731071
     H   13       -0.009106        0.731071       -0.118043
 
     C   14        0.294585       -0.216289        0.289494
     C   14       -0.216289       -0.029085        0.311988
     C   14        0.289494        0.311988       -0.265501
 
     H   15        0.443513        0.284566        0.743790
     H   15        0.284566       -0.429163        0.286331
     H   15        0.743790        0.286331       -0.014351
 
     C   16        0.149487       -0.258644        0.207872
     C   16       -0.258644        0.114116        0.413261
     C   16        0.207872        0.413261       -0.263603
 
     C   17        0.160786       -0.211198        0.304845
     C   17       -0.211198        0.078197        0.420010
     C   17        0.304845        0.420010       -0.238983
 
     Cl  18        0.149857       -0.194798        0.024873
     Cl  18       -0.194798        0.002403       -0.006029
     Cl  18        0.024873       -0.006029       -0.152260
 
     H   19       -0.516501       -0.123887        0.073876
     H   19       -0.123887        0.596823       -0.719351
     H   19        0.073876       -0.719351       -0.080321
 
     C   20        0.241428        0.210837        0.288518
     C   20        0.210837        0.066870       -0.293344
     C   20        0.288518       -0.293344       -0.308298
 
     H   21        0.554081       -0.236739        0.710968
     H   21       -0.236739       -0.430984       -0.209575
     H   21        0.710968       -0.209575       -0.123097
 
     C   22        0.093146        0.230709        0.212711
     C   22        0.230709        0.213624       -0.391151
     C   22        0.212711       -0.391151       -0.306770
 
     C   23        0.083941        0.221682        0.315380
     C   23        0.221682        0.223243       -0.375189
     C   23        0.315380       -0.375189       -0.307185
 
     Cl  24        0.068545        0.241513        0.017600
     Cl  24        0.241513        0.104323        0.011191
     Cl  24        0.017600        0.011191       -0.172868
 
     ----- GIPAW term -----
     Cl   1        2.512851       -1.818869       -0.498236
     Cl   1       -1.818869       -0.921314        0.052298
     Cl   1       -0.498236        0.052298       -1.591537
 
     C    2        0.088643       -0.111887       -0.077417
     C    2       -0.111887       -0.031241       -0.079728
     C    2       -0.077417       -0.079728       -0.057402
 
     C    3       -0.054982        0.048044       -0.065389
     C    3        0.048044        0.000790       -0.094441
     C    3       -0.065389       -0.094441        0.054192
 
     H    4        0.000000       -0.000000       -0.000000
     H    4       -0.000000        0.000000        0.000000
     H    4       -0.000000        0.000000       -0.000000
 
     C    5       -0.037948        0.051904       -0.057222
     C    5        0.051904       -0.024339       -0.084374
     C    5       -0.057222       -0.084374        0.062287
 
     H    6        0.000000       -0.000000       -0.000000
     H    6       -0.000000        0.000000        0.000000
     H    6       -0.000000        0.000000       -0.000000
 
     H    7        0.000000       -0.000000       -0.000000
     H    7       -0.000000        0.000000        0.000000
     H    7       -0.000000        0.000000       -0.000000
 
     C    8       -0.035088       -0.045476       -0.068291
     C    8       -0.045476       -0.036627        0.080258
     C    8       -0.068291        0.080258        0.071715
 
     H    9        0.000000       -0.000000       -0.000000
     H    9       -0.000000        0.000000        0.000000
     H    9       -0.000000        0.000000       -0.000000
 
     C   10       -0.058328       -0.040402       -0.072192
     C   10       -0.040402       -0.017262        0.076085
     C   10       -0.072192        0.076085        0.075590
 
     C   11        0.042683        0.142698       -0.074516
     C   11        0.142698        0.014943        0.074312
     C   11       -0.074516        0.074312       -0.057626
 
     Cl  12        0.815338        2.561581       -0.170196
     Cl  12        2.561581        0.779102       -0.001804
     Cl  12       -0.170196       -0.001804       -1.594439
 
     H   13        0.000000       -0.000000       -0.000000
     H   13       -0.000000        0.000000        0.000000
     H   13       -0.000000        0.000000       -0.000000
 
     C   14       -0.042413        0.040267       -0.045740
     C   14        0.040267       -0.022238       -0.088852
     C   14       -0.045740       -0.088852        0.064652
 
     H   15        0.000000       -0.000000       -0.000000
     H   15       -0.000000        0.000000        0.000000
     H   15       -0.000000        0.000000       -0.000000
 
     C   16       -0.041255        0.040292       -0.070254
     C   16        0.040292       -0.014453       -0.089548
     C   16       -0.070254       -0.089548        0.055708
 
     C   17        0.071700       -0.128210       -0.061832
     C   17       -0.128210       -0.010150       -0.096306
     C   17       -0.061832       -0.096306       -0.061549
 
     Cl  18        1.437860       -2.437964       -0.025314
     Cl  18       -2.437964        0.184301       -0.185237
     Cl  18       -0.025314       -0.185237       -1.622161
 
     H   19        0.000000       -0.000000       -0.000000
     H   19       -0.000000        0.000000        0.000000
     H   19       -0.000000        0.000000       -0.000000
 
     C   20       -0.033893       -0.041952       -0.063016
     C   20       -0.041952       -0.037740        0.086466
     C   20       -0.063016        0.086466        0.071633
 
     H   21        0.000000       -0.000000       -0.000000
     H   21       -0.000000        0.000000        0.000000
     H   21       -0.000000        0.000000       -0.000000
 
     C   22       -0.042423       -0.040087       -0.066955
     C   22       -0.040087       -0.022831        0.065688
     C   22       -0.066955        0.065688        0.065254
 
     C   23        0.007606        0.112835       -0.069764
     C   23        0.112835        0.022543        0.082764
     C   23       -0.069764        0.082764       -0.030149
 
     Cl  24        0.164870        2.372732       -0.086076
     Cl  24        2.372732        1.325892        0.168876
     Cl  24       -0.086076        0.168876       -1.490762
 
     ----- total EFG -----
     Cl   1        2.750301       -1.993012       -0.542363
     Cl   1       -1.993012       -1.006839        0.058386
     Cl   1       -0.542363        0.058386       -1.743463
 
     C    2        0.143756       -0.209319       -0.167980
     C    2       -0.209319       -0.049541       -0.185386
     C    2       -0.167980       -0.185386       -0.094215
 
     C    3       -0.118118        0.111581       -0.143543
     C    3        0.111581       -0.005108       -0.208343
     C    3       -0.143543       -0.208343        0.123227
 
     H    4        0.118514        0.082869        0.191185
     H    4        0.082869       -0.110580        0.068887
     H    4        0.191185        0.068887       -0.007933
 
     C    5       -0.101374        0.118488       -0.136425
     C    5        0.118488       -0.041239       -0.179309
     C    5       -0.136425       -0.179309        0.142613
 
     H    6       -0.146602       -0.024234       -0.013438
     H    6       -0.024234        0.173569        0.197749
     H    6       -0.013438        0.197749       -0.026967
 
     H    7       -0.139665       -0.028159        0.019830
     H    7       -0.028159        0.190118       -0.183562
     H    7        0.019830       -0.183562       -0.050453
 
     C    8       -0.091384       -0.102159       -0.153990
     C    8       -0.102159       -0.073543        0.174548
     C    8       -0.153990        0.174548        0.164928
 
     H    9        0.165374       -0.060479        0.187462
     H    9       -0.060479       -0.127879       -0.044036
     H    9        0.187462       -0.044036       -0.037495
 
     C   10       -0.121930       -0.096992       -0.152486
     C   10       -0.096992       -0.050375        0.170761
     C   10       -0.152486        0.170761        0.172306
 
     C   11        0.072342        0.267882       -0.168974
     C   11        0.267882        0.015633        0.169069
     C   11       -0.168974        0.169069       -0.087974
 
     Cl  12        0.894851        2.803543       -0.183711
     Cl  12        2.803543        0.852659       -0.002880
     Cl  12       -0.183711       -0.002880       -1.747510
 
     H   13       -0.146318       -0.022381       -0.009191
     H   13       -0.022381        0.169726        0.199430
     H   13       -0.009191        0.199430       -0.023407
 
     C   14       -0.111368        0.093438       -0.111149
     C   14        0.093438       -0.037877       -0.189374
     C   14       -0.111149       -0.189374        0.149245
 
     H   15        0.118921        0.084804        0.196924
     H   15        0.084804       -0.114978        0.071802
     H   15        0.196924        0.071802       -0.003943
 
     C   16       -0.092309        0.098928       -0.151353
     C   16        0.098928       -0.036199       -0.193706
     C   16       -0.151353       -0.193706        0.128509
 
     C   17        0.120782       -0.234815       -0.145078
     C   17       -0.234815       -0.020402       -0.210423
     C   17       -0.145078       -0.210423       -0.100380
 
     Cl  18        1.573771       -2.671327       -0.025119
     Cl  18       -2.671327        0.202909       -0.202356
     Cl  18       -0.025119       -0.202356       -1.776680
 
     H   19       -0.140970       -0.019461        0.020380
     H   19       -0.019461        0.167042       -0.195272
     H   19        0.020380       -0.195272       -0.026072
 
     C   20       -0.088074       -0.096596       -0.144277
     C   20       -0.096596       -0.074327        0.186378
     C   20       -0.144277        0.186378        0.162401
 
     H   21        0.163430       -0.053560        0.196961
     H   21       -0.053560       -0.135714       -0.042991
     H   21        0.196961       -0.042991       -0.027716
 
     C   22       -0.087399       -0.095231       -0.141478
     C   22       -0.095231       -0.063319        0.149820
     C   22       -0.141478        0.149820        0.150719
 
     C   23        0.010702        0.201518       -0.161191
     C   23        0.201518        0.023721        0.183438
     C   23       -0.161191        0.183438       -0.034423
 
     Cl  24        0.184201        2.596393       -0.090729
     Cl  24        2.596393        1.451474        0.183698
     Cl  24       -0.090729        0.183698       -1.635675
 
     ----- total EFG (symmetrized) -----
     Cl   1        2.750301       -1.993012       -0.542363
     Cl   1       -1.993012       -1.006839        0.058386
     Cl   1       -0.542363        0.058386       -1.743463
 
     C    2        0.143756       -0.209319       -0.167980
     C    2       -0.209319       -0.049541       -0.185386
     C    2       -0.167980       -0.185386       -0.094215
 
     C    3       -0.118118        0.111581       -0.143543
     C    3        0.111581       -0.005108       -0.208343
     C    3       -0.143543       -0.208343        0.123227
 
     H    4        0.118514        0.082869        0.191185
     H    4        0.082869       -0.110580        0.068887
     H    4        0.191185        0.068887       -0.007933
 
     C    5       -0.101374        0.118488       -0.136425
     C    5        0.118488       -0.041239       -0.179309
     C    5       -0.136425       -0.179309        0.142613
 
     H    6       -0.146602       -0.024234       -0.013438
     H    6       -0.024234        0.173569        0.197749
     H    6       -0.013438        0.197749       -0.026967
 
     H    7       -0.139665       -0.028159        0.019830
     H    7       -0.028159        0.190118       -0.183562
     H    7        0.019830       -0.183562       -0.050453
 
     C    8       -0.091384       -0.102159       -0.153990
     C    8       -0.102159       -0.073543        0.174548
     C    8       -0.153990        0.174548        0.164928
 
     H    9        0.165374       -0.060479        0.187462
     H    9       -0.060479       -0.127879       -0.044036
     H    9        0.187462       -0.044036       -0.037495
 
     C   10       -0.121930       -0.096992       -0.152486
     C   10       -0.096992       -0.050375        0.170761
     C   10       -0.152486        0.170761        0.172306
 
     C   11        0.072342        0.267882       -0.168974
     C   11        0.267882        0.015633        0.169069
     C   11       -0.168974        0.169069       -0.087974
 
     Cl  12        0.894851        2.803543       -0.183711
     Cl  12        2.803543        0.852659       -0.002880
     Cl  12       -0.183711       -0.002880       -1.747510
 
     H   13       -0.146318       -0.022381       -0.009191
     H   13       -0.022381        0.169726        0.199430
     H   13       -0.009191        0.199430       -0.023407
 
     C   14       -0.111368        0.093438       -0.111149
     C   14        0.093438       -0.037877       -0.189374
     C   14       -0.111149       -0.189374        0.149245
 
     H   15        0.118921        0.084804        0.196924
     H   15        0.084804       -0.114978        0.071802
     H   15        0.196924        0.071802       -0.003943
 
     C   16       -0.092309        0.098928       -0.151353
     C   16        0.098928       -0.036199       -0.193706
     C   16       -0.151353       -0.193706        0.128509
 
     C   17        0.120782       -0.234815       -0.145078
     C   17       -0.234815       -0.020402       -0.210423
     C   17       -0.145078       -0.210423       -0.100380
 
     Cl  18        1.573771       -2.671327       -0.025119
     Cl  18       -2.671327        0.202909       -0.202356
     Cl  18       -0.025119       -0.202356       -1.776680
 
     H   19       -0.140970       -0.019461        0.020380
     H   19       -0.019461        0.167042       -0.195272
     H   19        0.020380       -0.195272       -0.026072
 
     C   20       -0.088074       -0.096596       -0.144277
     C   20       -0.096596       -0.074327        0.186378
     C   20       -0.144277        0.186378        0.162401
 
     H   21        0.163430       -0.053560        0.196961
     H   21       -0.053560       -0.135714       -0.042991
     H   21        0.196961       -0.042991       -0.027716
 
     C   22       -0.087399       -0.095231       -0.141478
     C   22       -0.095231       -0.063319        0.149820
     C   22       -0.141478        0.149820        0.150719
 
     C   23        0.010702        0.201518       -0.161191
     C   23        0.201518        0.023721        0.183438
     C   23       -0.161191        0.183438       -0.034423
 
     Cl  24        0.184201        2.596393       -0.090729
     Cl  24        2.596393        1.451474        0.183698
     Cl  24       -0.090729        0.183698       -1.635675
 
 
     NQR/NMR SPECTROSCOPIC PARAMETERS:
     Cl   1    Vxx=   -1.6657    axis=( -0.176469 -0.602770  0.778156)
     Cl   1    Vyy=   -1.9951    axis=( -0.362849 -0.695051 -0.620681)
     Cl   1    Vzz=    3.6608    axis=( -0.914986  0.391884  0.096060)
     Cl   1  Q=        -8.1650 1e-30 m^2  Cq=       -70.2313 MHz  eta= 0.08999
 
     C    2    Vxx=    0.1060    axis=( -0.191015 -0.635104  0.748436)
     C    2    Vyy=    0.2846    axis=( -0.874384  0.456579  0.164283)
     C    2    Vzz=   -0.3906    axis=( -0.446057 -0.623039 -0.642538)
     C    2  Q=         1.0000 1e-30 m^2  Cq=        -0.9177 MHz  eta= 0.45738
 
     C    3    Vxx=   -0.1584    axis=(  0.125194  0.765993  0.630541)
     C    3    Vyy=   -0.1896    axis=( -0.923202  0.322698 -0.208718)
     C    3    Vzz=    0.3479    axis=( -0.363351 -0.555986  0.747566)
     C    3  Q=         1.0000 1e-30 m^2  Cq=         0.8175 MHz  eta= 0.08967
 
     H    4    Vxx=   -0.1352    axis=( -0.498088  0.809849  0.309924)
     H    4    Vyy=   -0.1506    axis=( -0.379510 -0.524962  0.761831)
     H    4    Vzz=    0.2858    axis=( -0.779667 -0.261840 -0.568823)
     H    4  Q=         1.0000 1e-30 m^2  Cq=         0.6716 MHz  eta= 0.05408
 
     C    5    Vxx=   -0.1331    axis=(  0.495358  0.595537  0.632421)
     C    5    Vyy=   -0.1936    axis=( -0.778397  0.627491  0.018803)
     C    5    Vzz=    0.3267    axis=( -0.385640 -0.501589  0.774397)
     C    5  Q=         1.0000 1e-30 m^2  Cq=         0.7676 MHz  eta= 0.18519
 
     H    6    Vxx=   -0.1471    axis=(  0.717910 -0.325253  0.615480)
     H    6    Vyy=   -0.1496    axis=(  0.693341  0.413230 -0.590355)
     H    6    Vzz=    0.2967    axis=( -0.062320  0.850559  0.522174)
     H    6  Q=         1.0000 1e-30 m^2  Cq=         0.6972 MHz  eta= 0.00829
 
     H    7    Vxx=   -0.1406    axis=( -0.910185 -0.257568 -0.324379)
     H    7    Vyy=   -0.1514    axis=( -0.406600  0.406261  0.818308)
     H    7    Vzz=    0.2920    axis=(  0.078988 -0.876704  0.474500)
     H    7  Q=         1.0000 1e-30 m^2  Cq=         0.6861 MHz  eta= 0.03723
 
     C    8    Vxx=   -0.1510    axis=( -0.599249  0.540431 -0.590623)
     C    8    Vyy=   -0.1852    axis=( -0.696054 -0.716183  0.050900)
     C    8    Vzz=    0.3363    axis=( -0.395486  0.441608  0.805340)
     C    8  Q=         1.0000 1e-30 m^2  Cq=         0.7901 MHz  eta= 0.10174
 
     H    9    Vxx=   -0.1373    axis=(  0.385029  0.855755 -0.345594)
     H    9    Vyy=   -0.1531    axis=( -0.372675  0.486741  0.790061)
     H    9    Vzz=    0.2904    axis=( -0.844314  0.175403 -0.506328)
     H    9  Q=         1.0000 1e-30 m^2  Cq=         0.6822 MHz  eta= 0.05422
 
     C   10    Vxx=   -0.1403    axis=( -0.199500  0.815749 -0.542912)
     C   10    Vyy=   -0.1956    axis=( -0.908729 -0.361312 -0.208963)
     C   10    Vzz=    0.3359    axis=( -0.366622  0.451672  0.813376)
     C   10  Q=         1.0000 1e-30 m^2  Cq=         0.7891 MHz  eta= 0.16452
 
     C   11    Vxx=    0.0913    axis=( -0.368761  0.477137  0.797719)
     C   11    Vyy=    0.3139    axis=( -0.755106 -0.654239  0.042256)
     C   11    Vzz=   -0.4052    axis=(  0.542061 -0.586780  0.601548)
     C   11  Q=         1.0000 1e-30 m^2  Cq=        -0.9520 MHz  eta= 0.54950
 
     Cl  12    Vxx=   -1.6846    axis=( -0.309055  0.342494  0.887233)
     Cl  12    Vyy=   -1.9960    axis=(  0.632826 -0.622342  0.460676)
     Cl  12    Vzz=    3.6806    axis=( -0.709941 -0.703838  0.024401)
     Cl  12  Q=        -8.1650 1e-30 m^2  Cq=       -70.6106 MHz  eta= 0.08459
 
     H   13    Vxx=   -0.1439    axis=(  0.740284 -0.322336  0.589982)
     H   13    Vyy=   -0.1521    axis=( -0.670135 -0.424063  0.609171)
     H   13    Vzz=    0.2960    axis=( -0.053832  0.846328  0.529935)
     H   13  Q=         1.0000 1e-30 m^2  Cq=         0.6955 MHz  eta= 0.02779
 
     C   14    Vxx=   -0.1380    axis=(  0.630498  0.513176  0.582343)
     C   14    Vyy=   -0.1774    axis=( -0.707281  0.688889  0.158700)
     C   14    Vzz=    0.3154    axis=( -0.319729 -0.511940  0.797302)
     C   14  Q=         1.0000 1e-30 m^2  Cq=         0.7411 MHz  eta= 0.12511
 
     H   15    Vxx=   -0.1394    axis=(  0.531921 -0.761904 -0.369543)
     H   15    Vyy=   -0.1545    axis=(  0.341719  0.592425 -0.729562)
     H   15    Vzz=    0.2938    axis=( -0.774783 -0.261790 -0.575480)
     H   15  Q=         1.0000 1e-30 m^2  Cq=         0.6904 MHz  eta= 0.05148
 
     C   16    Vxx=   -0.1642    axis=( -0.166809  0.859726  0.482749)
     C   16    Vyy=   -0.1693    axis=( -0.905187  0.060585 -0.420673)
     C   16    Vzz=    0.3334    axis=( -0.390911 -0.507150  0.768107)
     C   16  Q=         1.0000 1e-30 m^2  Cq=         0.7834 MHz  eta= 0.01532
 
     C   17    Vxx=    0.1118    axis=( -0.412172 -0.490237  0.767972)
     C   17    Vyy=    0.2957    axis=( -0.791072  0.610738 -0.034704)
     C   17    Vzz=   -0.4075    axis=( -0.452017 -0.621825 -0.639542)
     C   17  Q=         1.0000 1e-30 m^2  Cq=        -0.9575 MHz  eta= 0.45127
 
     Cl  18    Vxx=   -1.6431    axis=(  0.387448  0.474003 -0.790699)
     Cl  18    Vyy=   -2.0051    axis=( -0.475855 -0.631773 -0.611903)
     Cl  18    Vzz=    3.6482    axis=( -0.789586  0.613339 -0.019222)
     Cl  18  Q=        -8.1650 1e-30 m^2  Cq=       -69.9890 MHz  eta= 0.09925
 
     H   19    Vxx=   -0.1376    axis=(  0.809063  0.352908  0.469972)
     H   19    Vyy=   -0.1524    axis=(  0.584315 -0.397020 -0.707779)
     H   19    Vzz=    0.2901    axis=(  0.063193 -0.847249  0.527424)
     H   19  Q=         1.0000 1e-30 m^2  Cq=         0.6815 MHz  eta= 0.05107
 
     C   20    Vxx=   -0.1511    axis=( -0.810707  0.257060 -0.525998)
     C   20    Vyy=   -0.1845    axis=( -0.446778 -0.852262  0.272099)
     C   20    Vzz=    0.3355    axis=( -0.378342  0.455597  0.805784)
     C   20  Q=         1.0000 1e-30 m^2  Cq=         0.7883 MHz  eta= 0.09959
 
     H   21    Vxx=   -0.1405    axis=(  0.425316  0.790045 -0.441514)
     H   21    Vyy=   -0.1570    axis=( -0.347398  0.592979  0.726423)
     H   21    Vzz=    0.2975    axis=( -0.835716  0.155579 -0.526663)
     H   21  Q=         1.0000 1e-30 m^2  Cq=         0.6991 MHz  eta= 0.05539
 
     C   22    Vxx=   -0.1299    axis=( -0.456287  0.668675 -0.587091)
     C   22    Vyy=   -0.1718    axis=( -0.794949 -0.602774 -0.068703)
     C   22    Vzz=    0.3017    axis=( -0.399823  0.435360  0.806600)
     C   22  Q=         1.0000 1e-30 m^2  Cq=         0.7089 MHz  eta= 0.13907
 
     C   23    Vxx=    0.1420    axis=( -0.560528  0.262862  0.785310)
     C   23    Vyy=    0.2223    axis=(  0.606711  0.775785  0.173376)
     C   23    Vzz=   -0.3643    axis=( -0.563658  0.573638 -0.594331)
     C   23  Q=         1.0000 1e-30 m^2  Cq=        -0.8561 MHz  eta= 0.22035
 
     Cl  24    Vxx=   -1.5316    axis=( -0.399796  0.294526  0.867996)
     Cl  24    Vyy=   -1.9604    axis=( -0.677791  0.542509 -0.496270)
     Cl  24    Vzz=    3.4920    axis=( -0.617060 -0.786727 -0.017266)
     Cl  24  Q=        -8.1650 1e-30 m^2  Cq=       -66.9914 MHz  eta= 0.12281
 
     Initialization:
     gipaw_setup  :      0.19s CPU      0.30s WALL (       1 calls)
 
     Linear response
 
     Apply operators
 
     Induced current
 
     Other routines
     efg          :      0.70s CPU      0.79s WALL (       1 calls)
 
     General routines
     calbec       :      0.05s CPU      0.05s WALL (      16 calls)
     fft          :      0.07s CPU      0.08s WALL (      15 calls)
     ffts         :      0.00s CPU      0.00s WALL (       2 calls)
     fftw         :      0.41s CPU      0.45s WALL (     672 calls)
     davcio       :      0.02s CPU      0.06s WALL (      32 calls)
 
     Parallel routines
     fft_scatter  :      0.33s CPU      0.34s WALL (     689 calls)
 
     Plugins
 
     GIPAW        :      3.92s CPU      4.60s WALL (       1 calls)
