
     Program QE v.6.0 starts on 20May2017 at 14: 2: 8 

     This program is part of the open-source Quantum ESPRESSO suite
     for quantum simulation of materials; please cite
         "P. Giannozzi et al., J. Phys.:Condens. Matter 21 395502 (2009);
          URL http://www.quantum-espresso.org", 
     in publications or presentations arising from this work. More details at
     http://www.quantum-espresso.org/quote
 
           ARCH :    x86_64
             CC :    icc
            CPP :    cpp
            F90 :    ifort
            F77 :    ifort
         DFLAGS :    -D__INTEL -D__DFTI
      BLAS LIBS :    -lmkl_intel_lp64  -lmkl_sequential -lmkl_core
    LAPACK LIBS :    
       FFT LIBS :    
      MASS LIBS :    

     Parallel version (MPI & OpenMP), running on      32 processor cores
     Number of MPI processes:                32
     Threads/MPI process:                     1
     R & G space division:  proc/nbgrp/npool/nimage =      32
 
     ***** This is GIPAW svn revision unknown      *****
 
     Parallelizing q-star over 1 images

     Reading data from directory:
     ./scratch/scf-1849.save

   Info: using nr1, nr2, nr3 values from input

   Info: using nr1, nr2, nr3 values from input

     IMPORTANT: XC functional enforced from input :
     Exchange-correlation      =  SLA  PW   PBX  PBC ( 1  4  3  4 0 0)
     Any further DFT definition will be discarded
     Please, verify this is what you really want

               file C.pbe-n-kjpaw_psl.1.0.0.UPF: wavefunction(s)  2S 2P renormalized
               file Cl.pbe-n-kjpaw_psl.1.0.0.UPF: wavefunction(s)  3S 3P renormalized
               file H.pbe-kjpaw_psl.1.0.0.UPF: wavefunction(s)  1S renormalized
 
     Parallelization info
     --------------------
     sticks:   dense  smooth     PW     G-vecs:    dense   smooth      PW
     Min         764     305     83                36108     9133    1292
     Max         765     306     84                36110     9135    1293
     Sum       24467    9791   2657              1155489   292295   41363
 

     Subspace diagonalization in iterative solution of the eigenvalue problem:
     a serial algorithm will be used

     GIPAW projectors -----------------------------------------------
     atom=  C    l=0  rc=    1.2000  rs=    0.8000
     atom=  C    l=0  rc=    1.2000  rs=    0.8000
     atom=  C    l=1  rc=    1.4000  rs=    0.9333
     atom=  C    l=1  rc=    1.4000  rs=    0.9333
     projs nearly linearly dependent: l=1  n1,n2= 1, 2  s=  0.99951561
 
     atom=  Cl   l=0  rc=    1.6000  rs=    1.0667
     atom=  Cl   l=0  rc=    1.6000  rs=    1.0667
     atom=  Cl   l=1  rc=    1.6000  rs=    1.0667
     atom=  Cl   l=1  rc=    1.6000  rs=    1.0667
     atom=  Cl   l=2  rc=    1.6000  rs=    1.0667
     atom=  Cl   l=2  rc=    1.6000  rs=    1.0667
     projs nearly linearly dependent: l=2  n1,n2= 1, 2  s=  0.99993509
 
     atom=  H    l=0  rc=    1.0000  rs=    0.6667
     atom=  H    l=0  rc=    1.0000  rs=    0.6667
     projs nearly linearly dependent: l=0  n1,n2= 1, 2  s=  0.99968852
     -----------------------------------------------------------------
 
     GIPAW integrals: -------------------------------------------
     Atom  i/j   nmr_para   nmr_dia   epr_rmc  epr_para   epr_dia
       C   1 1   0.83E+03  0.17E-01  0.93E+01  0.24E+08  0.24E+03
       C   2 1   0.86E+03 -0.61E-01  0.94E+01  0.25E+08  0.25E+03
       C   2 2   0.90E+03 -0.15E+00  0.97E+01  0.26E+08  0.26E+03
       C   3 3   0.33E+01  0.34E+00  0.18E+01  0.55E+03  0.21E+02
       C   4 3   0.35E+01  0.37E+00  0.20E+01  0.59E+03  0.22E+02
       C   4 4   0.38E+01  0.39E+00  0.22E+01  0.63E+03  0.24E+02
       Cl  1 1   0.14E+04 -0.47E+00  0.84E+01  0.32E+09  0.42E+03
       Cl  2 1   0.21E+04 -0.37E+00  0.12E+02  0.49E+09  0.65E+03
       Cl  2 2   0.33E+04 -0.16E+00  0.21E+02  0.76E+09  0.10E+04
       Cl  3 3   0.21E+02  0.79E-01  0.89E+01  0.23E+05  0.13E+03
       Cl  4 3   0.24E+02  0.67E-01  0.99E+01  0.27E+05  0.15E+03
       Cl  4 4   0.28E+02  0.44E-01  0.11E+02  0.32E+05  0.18E+03
       Cl  5 5   0.77E+00  0.19E+00  0.18E+01  0.12E+03  0.22E+02
       Cl  6 5   0.80E+00  0.19E+00  0.19E+01  0.12E+03  0.23E+02
       Cl  6 6   0.83E+00  0.20E+00  0.19E+01  0.12E+03  0.23E+02
       H   1 1   0.39E+02  0.19E+00  0.29E+00  0.78E+05  0.13E+02
       H   2 1   0.41E+02  0.21E+00  0.32E+00  0.82E+05  0.14E+02
       H   2 2   0.43E+02  0.22E+00  0.36E+00  0.86E+05  0.15E+02
     ------------------------------------------------------------
 
     alpha_pv=     33.8941 eV
 
     Number of occupied bands for each k-point:
     k-point:     1    nbnd_occ=  42
     k-point:     2    nbnd_occ=  42
     k-point:     3    nbnd_occ=  42
     k-point:     4    nbnd_occ=  42
     k-point:     5    nbnd_occ=  42
     k-point:     6    nbnd_occ=  42
     k-point:     7    nbnd_occ=  42
     k-point:     8    nbnd_occ=  42
     k-point:     9    nbnd_occ=  42
     k-point:    10    nbnd_occ=  42
     k-point:    11    nbnd_occ=  42
     k-point:    12    nbnd_occ=  42
     k-point:    13    nbnd_occ=  42
     k-point:    14    nbnd_occ=  42
     k-point:    15    nbnd_occ=  42
     k-point:    16    nbnd_occ=  42
 
 
     q-space interpolation up to   110.00 Rydberg
 
     GIPAW job: efg                                                                             
 
 
     ELECTRIC FIELD GRADIENTS TENSORS IN Hartree/bohrradius^2:
 
     ----- bare term -----
     Cl   1       -0.039199        0.005112       -0.030487
     Cl   1        0.005112        0.024206       -0.005641
     Cl   1       -0.030487       -0.005641        0.014993
 
     C    2       -0.193721        0.059107       -0.310940
     C    2        0.059107       -0.229100       -0.494344
     C    2       -0.310940       -0.494344        0.422821
 
     C    3       -0.285541        0.259725       -0.237432
     C    3        0.259725       -0.222716       -0.460326
     C    3       -0.237432       -0.460326        0.508257
 
     H    4       -0.342272       -0.329421       -0.467276
     H    4       -0.329421        0.200798       -0.260937
     H    4       -0.467276       -0.260937        0.141474
 
     C    5       -0.404611        0.186975       -0.337474
     C    5        0.186975       -0.082497       -0.397753
     C    5       -0.337474       -0.397753        0.487108
 
     H    6        0.370146        0.032489        0.003698
     H    6        0.032489       -0.574408       -0.442888
     H    6        0.003698       -0.442888        0.204262
 
     H    7        0.359969       -0.000553       -0.000609
     H    7       -0.000553       -0.571622        0.455257
     H    7       -0.000609        0.455257        0.211653
 
     C    8       -0.422612       -0.186815       -0.309176
     C    8       -0.186815       -0.071521        0.405279
     C    8       -0.309176        0.405279        0.494133
 
     H    9       -0.383724        0.306094       -0.463989
     H    9        0.306094        0.241337        0.240764
     H    9       -0.463989        0.240764        0.142387
 
     C   10       -0.279068       -0.255661       -0.240912
     C   10       -0.255661       -0.215369        0.469531
     C   10       -0.240912        0.469531        0.494437
 
     C   11       -0.169158       -0.104136       -0.376986
     C   11       -0.104136       -0.185638        0.487264
     C   11       -0.376986        0.487264        0.354796
 
     Cl  12       -0.025800       -0.004757       -0.029277
     Cl  12       -0.004757       -0.001261        0.010510
     Cl  12       -0.029277        0.010510        0.027061
 
     H   13        0.356117        0.018853        0.001558
     H   13        0.018853       -0.592215       -0.424961
     H   13        0.001558       -0.424961        0.236097
 
     C   14       -0.431091        0.167183       -0.328816
     C   14        0.167183       -0.100812       -0.380678
     C   14       -0.328816       -0.380678        0.531904
 
     H   15       -0.364437       -0.341780       -0.446443
     H   15       -0.341780        0.203651       -0.245852
     H   15       -0.446443       -0.245852        0.160787
 
     C   16       -0.297836        0.244135       -0.259076
     C   16        0.244135       -0.242702       -0.443021
     C   16       -0.259076       -0.443021        0.540537
 
     C   17       -0.126560        0.024939       -0.357211
     C   17        0.024939       -0.253530       -0.468517
     C   17       -0.357211       -0.468517        0.380089
 
     Cl  18        0.000191       -0.030698       -0.019744
     Cl  18       -0.030698        0.000486       -0.007738
     Cl  18       -0.019744       -0.007738       -0.000677
 
     H   19        0.367766       -0.023728       -0.010852
     H   19       -0.023728       -0.502990        0.500726
     H   19       -0.010852        0.500726        0.135223
 
     C   20       -0.391361       -0.228191       -0.344623
     C   20       -0.228191       -0.014608        0.418828
     C   20       -0.344623        0.418828        0.405968
 
     H   21       -0.308294        0.292305       -0.541613
     H   21        0.292305        0.284712        0.276288
     H   21       -0.541613        0.276288        0.023582
 
     C   22       -0.268399       -0.274742       -0.246851
     C   22       -0.274742       -0.139606        0.509827
     C   22       -0.246851        0.509827        0.408006
 
     C   23       -0.163408       -0.016686       -0.286954
     C   23       -0.016686       -0.140666        0.539088
     C   23       -0.286954        0.539088        0.304075
 
     Cl  24        0.016024        0.012150       -0.025394
     Cl  24        0.012150        0.006603       -0.007777
     Cl  24       -0.025394       -0.007777       -0.022626
 
     ----- ionic term -----
     Cl   1        0.196740       -0.226719        0.033736
     Cl   1       -0.226719       -0.033529       -0.012399
     Cl   1        0.033736       -0.012399       -0.163211
 
     C    2        0.239444       -0.156328        0.246841
     C    2       -0.156328        0.170781        0.384897
     C    2        0.246841        0.384897       -0.410225
 
     C    3        0.210495       -0.217741        0.169546
     C    3       -0.217741        0.190509        0.368276
     C    3        0.169546        0.368276       -0.401005
 
     H    4        0.473336        0.448508        0.637900
     H    4        0.448508       -0.287095        0.343219
     H    4        0.637900        0.343219       -0.186241
 
     C    5        0.328330       -0.140268        0.262753
     C    5       -0.140268        0.052591        0.306695
     C    5        0.262753        0.306695       -0.380921
 
     H    6       -0.516839       -0.062396       -0.018485
     H    6       -0.062396        0.788432        0.614498
     H    6       -0.018485        0.614498       -0.271593
 
     H    7       -0.507969        0.019503       -0.007746
     H    7        0.019503        0.783368       -0.631139
     H    7       -0.007746       -0.631139       -0.275400
 
     C    8        0.339597        0.144247        0.244751
     C    8        0.144247        0.041954       -0.310007
     C    8        0.244751       -0.310007       -0.381551
 
     H    9        0.525286       -0.421000        0.634340
     H    9       -0.421000       -0.332353       -0.316684
     H    9        0.634340       -0.316684       -0.192933
 
     C   10        0.206419        0.210861        0.171081
     C   10        0.210861        0.183109       -0.375620
     C   10        0.171081       -0.375620       -0.389527
 
     C   11        0.209522        0.194831        0.302154
     C   11        0.194831        0.143626       -0.377880
     C   11        0.302154       -0.377880       -0.353148
 
     Cl  12        0.172534        0.223310        0.038508
     Cl  12        0.223310       -0.001505        0.015428
     Cl  12        0.038508        0.015428       -0.171029
 
     H   13       -0.503828       -0.047076       -0.014621
     H   13       -0.047076        0.812938        0.591605
     H   13       -0.014621        0.591605       -0.309110
 
     C   14        0.348238       -0.126975        0.260294
     C   14       -0.126975        0.068779        0.293264
     C   14        0.260294        0.293264       -0.417017
 
     H   15        0.502391        0.471358        0.607737
     H   15        0.471358       -0.280666        0.327881
     H   15        0.607737        0.327881       -0.221725
 
     C   16        0.215636       -0.206677        0.181554
     C   16       -0.206677        0.204633        0.351829
     C   16        0.181554        0.351829       -0.420269
 
     C   17        0.187617       -0.140015        0.297987
     C   17       -0.140015        0.193261        0.358340
     C   17        0.297987        0.358340       -0.380878
 
     Cl  18        0.142260       -0.201530        0.060765
     Cl  18       -0.201530        0.003879       -0.037003
     Cl  18        0.060765       -0.037003       -0.146139
 
     H   19       -0.514030        0.048867       -0.003032
     H   19        0.048867        0.692892       -0.688475
     H   19       -0.003032       -0.688475       -0.178862
 
     C   20        0.318158        0.175947        0.272067
     C   20        0.175947       -0.004615       -0.323675
     C   20        0.272067       -0.323675       -0.313543
 
     H   21        0.438123       -0.386902        0.721784
     H   21       -0.386902       -0.386570       -0.347537
     H   21        0.721784       -0.347537       -0.051553
 
     C   22        0.191049        0.227898        0.171083
     C   22        0.227898        0.127009       -0.401933
     C   22        0.171083       -0.401933       -0.318058
 
     C   23        0.225305        0.131887        0.214170
     C   23        0.131887        0.096414       -0.430362
     C   23        0.214170       -0.430362       -0.321719
 
     Cl  24        0.167425        0.206987       -0.010608
     Cl  24        0.206987       -0.035983       -0.004186
     Cl  24       -0.010608       -0.004186       -0.131442
 
     ----- GIPAW term -----
     Cl   1        1.624469       -2.348125       -0.006003
     Cl   1       -2.348125       -0.083346       -0.203301
     Cl   1       -0.006003       -0.203301       -1.541123
 
     C    2        0.068833       -0.117032       -0.047460
     C    2       -0.117032       -0.049012       -0.089314
     C    2       -0.047460       -0.089314       -0.019822
 
     C    3       -0.063045        0.026217       -0.059850
     C    3        0.026217       -0.021641       -0.074555
     C    3       -0.059850       -0.074555        0.084686
 
     H    4        0.000000       -0.000000       -0.000000
     H    4       -0.000000        0.000000        0.000000
     H    4       -0.000000        0.000000       -0.000000
 
     C    5       -0.048733        0.038211       -0.055696
     C    5        0.038211       -0.035123       -0.077375
     C    5       -0.055696       -0.077375        0.083856
 
     H    6        0.000000       -0.000000       -0.000000
     H    6       -0.000000        0.000000        0.000000
     H    6       -0.000000        0.000000       -0.000000
 
     H    7        0.000000       -0.000000       -0.000000
     H    7       -0.000000        0.000000        0.000000
     H    7       -0.000000        0.000000       -0.000000
 
     C    8       -0.053775       -0.034130       -0.047653
     C    8       -0.034130       -0.033865        0.082385
     C    8       -0.047653        0.082385        0.087640
 
     H    9        0.000000       -0.000000       -0.000000
     H    9       -0.000000        0.000000        0.000000
     H    9       -0.000000        0.000000       -0.000000
 
     C   10       -0.061289       -0.029980       -0.060419
     C   10       -0.029980       -0.019463        0.077363
     C   10       -0.060419        0.077363        0.080752
 
     C   11        0.061259        0.111681       -0.053754
     C   11        0.111681       -0.034581        0.089872
     C   11       -0.053754        0.089872       -0.026678
 
     Cl  12        1.520243        2.305227        0.063384
     Cl  12        2.305227       -0.014609        0.290872
     Cl  12        0.063384        0.290872       -1.505633
 
     H   13        0.000000       -0.000000       -0.000000
     H   13       -0.000000        0.000000        0.000000
     H   13       -0.000000        0.000000       -0.000000
 
     C   14       -0.054437        0.033271       -0.050912
     C   14        0.033271       -0.035904       -0.073775
     C   14       -0.050912       -0.073775        0.090342
 
     H   15        0.000000       -0.000000       -0.000000
     H   15       -0.000000        0.000000        0.000000
     H   15       -0.000000        0.000000       -0.000000
 
     C   16       -0.068760        0.021924       -0.068487
     C   16        0.021924       -0.025735       -0.075873
     C   16       -0.068487       -0.075873        0.094496
 
     C   17        0.078552       -0.133484       -0.036074
     C   17       -0.133484       -0.048697       -0.093265
     C   17       -0.036074       -0.093265       -0.029856
 
     Cl  18        1.451081       -2.438398        0.388709
     Cl  18       -2.438398        0.080759       -0.485933
     Cl  18        0.388709       -0.485933       -1.531840
 
     H   19        0.000000       -0.000000       -0.000000
     H   19       -0.000000        0.000000        0.000000
     H   19       -0.000000        0.000000       -0.000000
 
     C   20       -0.048022       -0.041539       -0.052272
     C   20       -0.041539       -0.025528        0.080874
     C   20       -0.052272        0.080874        0.073550
 
     H   21        0.000000       -0.000000       -0.000000
     H   21       -0.000000        0.000000        0.000000
     H   21       -0.000000        0.000000       -0.000000
 
     C   22       -0.067062       -0.030037       -0.067731
     C   22       -0.030037       -0.005338        0.088409
     C   22       -0.067731        0.088409        0.072400
 
     C   23        0.085855        0.131377       -0.061529
     C   23        0.131377       -0.041092        0.083229
     C   23       -0.061529        0.083229       -0.044763
 
     Cl  24        1.891199        2.311627       -0.430011
     Cl  24        2.311627       -0.287759       -0.118898
     Cl  24       -0.430011       -0.118898       -1.603440
 
     ----- total EFG -----
     Cl   1        1.782010       -2.569732       -0.002754
     Cl   1       -2.569732       -0.092669       -0.221341
     Cl   1       -0.002754       -0.221341       -1.689341
 
     C    2        0.114556       -0.214252       -0.111559
     C    2       -0.214252       -0.107330       -0.198761
     C    2       -0.111559       -0.198761       -0.007226
 
     C    3       -0.138090        0.068200       -0.127736
     C    3        0.068200       -0.053848       -0.166605
     C    3       -0.127736       -0.166605        0.191938
 
     H    4        0.131064        0.119087        0.170624
     H    4        0.119087       -0.086297        0.082282
     H    4        0.170624        0.082282       -0.044767
 
     C    5       -0.125014        0.084918       -0.130418
     C    5        0.084918       -0.065029       -0.168433
     C    5       -0.130418       -0.168433        0.190043
 
     H    6       -0.146693       -0.029907       -0.014787
     H    6       -0.029907        0.214024        0.171609
     H    6       -0.014787        0.171609       -0.067331
 
     H    7       -0.148000        0.018951       -0.008355
     H    7        0.018951        0.211747       -0.175883
     H    7       -0.008355       -0.175883       -0.063747
 
     C    8       -0.136790       -0.076698       -0.112077
     C    8       -0.076698       -0.063431        0.177658
     C    8       -0.112077        0.177658        0.200222
 
     H    9        0.141561       -0.114906        0.170351
     H    9       -0.114906       -0.091016       -0.075920
     H    9        0.170351       -0.075920       -0.050545
 
     C   10       -0.133939       -0.074779       -0.130251
     C   10       -0.074779       -0.051723        0.171274
     C   10       -0.130251        0.171274        0.185661
 
     C   11        0.101623        0.202376       -0.128586
     C   11        0.202376       -0.076593        0.199255
     C   11       -0.128586        0.199255       -0.025030
 
     Cl  12        1.666977        2.523779        0.072615
     Cl  12        2.523779       -0.017376        0.316809
     Cl  12        0.072615        0.316809       -1.649601
 
     H   13       -0.147711       -0.028222       -0.013064
     H   13       -0.028222        0.220723        0.166645
     H   13       -0.013064        0.166645       -0.073012
 
     C   14       -0.137290        0.073479       -0.119433
     C   14        0.073479       -0.067938       -0.161189
     C   14       -0.119433       -0.161189        0.205229
 
     H   15        0.137954        0.129577        0.161294
     H   15        0.129577       -0.077015        0.082028
     H   15        0.161294        0.082028       -0.060939
 
     C   16       -0.150959        0.059382       -0.146009
     C   16        0.059382       -0.063805       -0.167065
     C   16       -0.146009       -0.167065        0.214764
 
     C   17        0.139610       -0.248560       -0.095298
     C   17       -0.248560       -0.108966       -0.203442
     C   17       -0.095298       -0.203442       -0.030644
 
     Cl  18        1.593532       -2.670626        0.429730
     Cl  18       -2.670626        0.085123       -0.530674
     Cl  18        0.429730       -0.530674       -1.678656
 
     H   19       -0.146264        0.025139       -0.013884
     H   19        0.025139        0.189903       -0.187748
     H   19       -0.013884       -0.187748       -0.043639
 
     C   20       -0.121225       -0.093783       -0.124828
     C   20       -0.093783       -0.044750        0.176027
     C   20       -0.124828        0.176027        0.165975
 
     H   21        0.129829       -0.094597        0.180171
     H   21       -0.094597       -0.101858       -0.071249
     H   21        0.180171       -0.071249       -0.027971
 
     C   22       -0.144412       -0.076881       -0.143500
     C   22       -0.076881       -0.017935        0.196303
     C   22       -0.143500        0.196303        0.162347
 
     C   23        0.147752        0.246578       -0.134313
     C   23        0.246578       -0.085344        0.191955
     C   23       -0.134313        0.191955       -0.062408
 
     Cl  24        2.074648        2.530765       -0.466014
     Cl  24        2.530765       -0.317140       -0.130861
     Cl  24       -0.466014       -0.130861       -1.757508
 
     ----- total EFG (symmetrized) -----
     Cl   1        1.782010       -2.569732       -0.002754
     Cl   1       -2.569732       -0.092669       -0.221341
     Cl   1       -0.002754       -0.221341       -1.689341
 
     C    2        0.114556       -0.214252       -0.111559
     C    2       -0.214252       -0.107330       -0.198761
     C    2       -0.111559       -0.198761       -0.007226
 
     C    3       -0.138090        0.068200       -0.127736
     C    3        0.068200       -0.053848       -0.166605
     C    3       -0.127736       -0.166605        0.191938
 
     H    4        0.131064        0.119087        0.170624
     H    4        0.119087       -0.086297        0.082282
     H    4        0.170624        0.082282       -0.044767
 
     C    5       -0.125014        0.084918       -0.130418
     C    5        0.084918       -0.065029       -0.168433
     C    5       -0.130418       -0.168433        0.190043
 
     H    6       -0.146693       -0.029907       -0.014787
     H    6       -0.029907        0.214024        0.171609
     H    6       -0.014787        0.171609       -0.067331
 
     H    7       -0.148000        0.018951       -0.008355
     H    7        0.018951        0.211747       -0.175883
     H    7       -0.008355       -0.175883       -0.063747
 
     C    8       -0.136790       -0.076698       -0.112077
     C    8       -0.076698       -0.063431        0.177658
     C    8       -0.112077        0.177658        0.200222
 
     H    9        0.141561       -0.114906        0.170351
     H    9       -0.114906       -0.091016       -0.075920
     H    9        0.170351       -0.075920       -0.050545
 
     C   10       -0.133939       -0.074779       -0.130251
     C   10       -0.074779       -0.051723        0.171274
     C   10       -0.130251        0.171274        0.185661
 
     C   11        0.101623        0.202376       -0.128586
     C   11        0.202376       -0.076593        0.199255
     C   11       -0.128586        0.199255       -0.025030
 
     Cl  12        1.666977        2.523779        0.072615
     Cl  12        2.523779       -0.017376        0.316809
     Cl  12        0.072615        0.316809       -1.649601
 
     H   13       -0.147711       -0.028222       -0.013064
     H   13       -0.028222        0.220723        0.166645
     H   13       -0.013064        0.166645       -0.073012
 
     C   14       -0.137290        0.073479       -0.119433
     C   14        0.073479       -0.067938       -0.161189
     C   14       -0.119433       -0.161189        0.205229
 
     H   15        0.137954        0.129577        0.161294
     H   15        0.129577       -0.077015        0.082028
     H   15        0.161294        0.082028       -0.060939
 
     C   16       -0.150959        0.059382       -0.146009
     C   16        0.059382       -0.063805       -0.167065
     C   16       -0.146009       -0.167065        0.214764
 
     C   17        0.139610       -0.248560       -0.095298
     C   17       -0.248560       -0.108966       -0.203442
     C   17       -0.095298       -0.203442       -0.030644
 
     Cl  18        1.593532       -2.670626        0.429730
     Cl  18       -2.670626        0.085123       -0.530674
     Cl  18        0.429730       -0.530674       -1.678656
 
     H   19       -0.146264        0.025139       -0.013884
     H   19        0.025139        0.189903       -0.187748
     H   19       -0.013884       -0.187748       -0.043639
 
     C   20       -0.121225       -0.093783       -0.124828
     C   20       -0.093783       -0.044750        0.176027
     C   20       -0.124828        0.176027        0.165975
 
     H   21        0.129829       -0.094597        0.180171
     H   21       -0.094597       -0.101858       -0.071249
     H   21        0.180171       -0.071249       -0.027971
 
     C   22       -0.144412       -0.076881       -0.143500
     C   22       -0.076881       -0.017935        0.196303
     C   22       -0.143500        0.196303        0.162347
 
     C   23        0.147752        0.246578       -0.134313
     C   23        0.246578       -0.085344        0.191955
     C   23       -0.134313        0.191955       -0.062408
 
     Cl  24        2.074648        2.530765       -0.466014
     Cl  24        2.530765       -0.317140       -0.130861
     Cl  24       -0.466014       -0.130861       -1.757508
 
 
     NQR/NMR SPECTROSCOPIC PARAMETERS:
     Cl   1    Vxx=   -1.5834    axis=(  0.310215  0.407193 -0.859047)
     Cl   1    Vyy=   -1.9995    axis=( -0.483267 -0.710615 -0.511350)
     Cl   1    Vzz=    3.5830    axis=( -0.818669  0.573777 -0.023661)
     Cl   1  Q=        -8.1650 1e-30 m^2  Cq=       -68.7374 MHz  eta= 0.11614
 
     C    2    Vxx=    0.1324    axis=( -0.323488 -0.415648  0.850055)
     C    2    Vyy=    0.2453    axis=(  0.839308 -0.540873  0.054930)
     C    2    Vzz=   -0.3777    axis=(  0.436941  0.731227  0.523822)
     C    2  Q=         1.0000 1e-30 m^2  Cq=        -0.8875 MHz  eta= 0.29891
 
     C    3    Vxx=   -0.1378    axis=(  0.064564  0.880368  0.469876)
     C    3    Vyy=   -0.1839    axis=(  0.951640 -0.196038  0.236539)
     C    3    Vzz=    0.3217    axis=( -0.300355 -0.431881  0.850450)
     C    3  Q=         1.0000 1e-30 m^2  Cq=         0.7558 MHz  eta= 0.14339
 
     H    4    Vxx=   -0.1368    axis=( -0.541268  0.784771  0.301934)
     H    4    Vyy=   -0.1538    axis=( -0.277770 -0.505802  0.816705)
     H    4    Vzz=    0.2905    axis=( -0.793645 -0.358188 -0.491760)
     H    4  Q=         1.0000 1e-30 m^2  Cq=         0.6826 MHz  eta= 0.05845
 
     C    5    Vxx=   -0.1410    axis=(  0.392276  0.748124  0.535191)
     C    5    Vyy=   -0.1858    axis=(  0.860836 -0.503616  0.073025)
     C    5    Vzz=    0.3268    axis=( -0.324163 -0.432066  0.841569)
     C    5  Q=         1.0000 1e-30 m^2  Cq=         0.7677 MHz  eta= 0.13699
 
     H    6    Vxx=   -0.1482    axis=( -0.502923 -0.403605  0.764311)
     H    6    Vyy=   -0.1495    axis=( -0.861084  0.157387 -0.483491)
     H    6    Vzz=    0.2978    axis=(  0.074846 -0.901295 -0.426692)
     H    6  Q=         1.0000 1e-30 m^2  Cq=         0.6996 MHz  eta= 0.00439
 
     H    7    Vxx=   -0.1484    axis=(  0.796668  0.230892  0.558578)
     H    7    Vyy=   -0.1500    axis=(  0.602641 -0.374255 -0.704810)
     H    7    Vzz=    0.2984    axis=( -0.046316 -0.898121  0.437302)
     H    7  Q=         1.0000 1e-30 m^2  Cq=         0.7010 MHz  eta= 0.00547
 
     C    8    Vxx=   -0.1435    axis=( -0.453945  0.722486 -0.521486)
     C    8    Vyy=   -0.1851    axis=(  0.846493  0.532400  0.000747)
     C    8    Vzz=    0.3286    axis=( -0.278179  0.441095  0.853259)
     C    8  Q=         1.0000 1e-30 m^2  Cq=         0.7721 MHz  eta= 0.12676
 
     H    9    Vxx=   -0.1367    axis=(  0.498540  0.828280 -0.255753)
     H    9    Vyy=   -0.1539    axis=( -0.310490  0.446074  0.839413)
     H    9    Vzz=    0.2906    axis=( -0.809354  0.339072 -0.479558)
     H    9  Q=         1.0000 1e-30 m^2  Cq=         0.6829 MHz  eta= 0.05907
 
     C   10    Vxx=   -0.1407    axis=( -0.121856  0.858031 -0.498932)
     C   10    Vyy=   -0.1838    axis=(  0.942510  0.257622  0.212850)
     C   10    Vzz=    0.3245    axis=( -0.311168  0.444312  0.840096)
     C   10  Q=         1.0000 1e-30 m^2  Cq=         0.7624 MHz  eta= 0.13282
 
     C   11    Vxx=    0.1375    axis=( -0.317221  0.467938  0.824867)
     C   11    Vyy=    0.2337    axis=( -0.834903 -0.550326 -0.008887)
     C   11    Vzz=   -0.3711    axis=(  0.449787 -0.691503  0.565258)
     C   11  Q=         1.0000 1e-30 m^2  Cq=        -0.8720 MHz  eta= 0.25921
 
     Cl  12    Vxx=   -1.5170    axis=( -0.359017  0.429091  0.828847)
     Cl  12    Vyy=   -1.9799    axis=( -0.464899  0.687829 -0.557459)
     Cl  12    Vzz=    3.4970    axis=(  0.809306  0.585467  0.047458)
     Cl  12  Q=        -8.1650 1e-30 m^2  Cq=       -67.0879 MHz  eta= 0.13237
 
     H   13    Vxx=   -0.1482    axis=( -0.171361 -0.416405  0.892884)
     H   13    Vyy=   -0.1499    axis=(  0.982748 -0.008241  0.184764)
     H   13    Vzz=    0.2982    axis=( -0.069579  0.909142  0.410634)
     H   13  Q=         1.0000 1e-30 m^2  Cq=         0.7005 MHz  eta= 0.00573
 
     C   14    Vxx=   -0.1369    axis=(  0.328723  0.804908  0.494028)
     C   14    Vyy=   -0.1853    axis=(  0.898679 -0.427423  0.098417)
     C   14    Vzz=    0.3222    axis=( -0.290376 -0.411621  0.863858)
     C   14  Q=         1.0000 1e-30 m^2  Cq=         0.7570 MHz  eta= 0.15040
 
     H   15    Vxx=   -0.1364    axis=( -0.528466  0.812435  0.246321)
     H   15    Vyy=   -0.1552    axis=( -0.276363 -0.438975  0.854941)
     H   15    Vzz=    0.2916    axis=( -0.802713 -0.383733 -0.456510)
     H   15  Q=         1.0000 1e-30 m^2  Cq=         0.6852 MHz  eta= 0.06434
 
     C   16    Vxx=   -0.1410    axis=( -0.120439  0.916697  0.381001)
     C   16    Vyy=   -0.2021    axis=(  0.945151 -0.011495  0.326430)
     C   16    Vzz=    0.3432    axis=( -0.303617 -0.399418  0.865033)
     C   16  Q=         1.0000 1e-30 m^2  Cq=         0.8063 MHz  eta= 0.17796
 
     C   17    Vxx=    0.1023    axis=( -0.370226 -0.380456  0.847459)
     C   17    Vyy=    0.2960    axis=(  0.822127 -0.558919  0.108240)
     C   17    Vzz=   -0.3984    axis=(  0.432481  0.736792  0.519709)
     C   17  Q=         1.0000 1e-30 m^2  Cq=        -0.9360 MHz  eta= 0.48630
 
     Cl  18    Vxx=   -1.6633    axis=( -0.394591 -0.344118  0.851986)
     Cl  18    Vyy=   -2.0329    axis=(  0.470490  0.720783  0.509029)
     Cl  18    Vzz=    3.6962    axis=(  0.789263 -0.601709  0.122511)
     Cl  18  Q=        -8.1650 1e-30 m^2  Cq=       -70.9104 MHz  eta= 0.09998
 
     H   19    Vxx=   -0.1479    axis=(  0.364733  0.431414  0.825137)
     H   19    Vyy=   -0.1482    axis=(  0.928856 -0.230240 -0.290201)
     H   19    Vzz=    0.2961    axis=(  0.064783  0.872279 -0.484698)
     H   19  Q=         1.0000 1e-30 m^2  Cq=         0.6957 MHz  eta= 0.00074
 
     C   20    Vxx=   -0.1357    axis=( -0.399701  0.710035 -0.579733)
     C   20    Vyy=   -0.1845    axis=( -0.854581 -0.517408 -0.044504)
     C   20    Vzz=    0.3202    axis=( -0.331558  0.477640  0.813590)
     C   20  Q=         1.0000 1e-30 m^2  Cq=         0.7523 MHz  eta= 0.15249
 
     H   21    Vxx=   -0.1335    axis=(  0.496904  0.814937 -0.298269)
     H   21    Vyy=   -0.1504    axis=( -0.342615  0.500013  0.795363)
     H   21    Vzz=    0.2838    axis=( -0.797309  0.293028 -0.527668)
     H   21  Q=         1.0000 1e-30 m^2  Cq=         0.6669 MHz  eta= 0.05959
 
     C   22    Vxx=   -0.1413    axis=(  0.193352  0.863072 -0.466607)
     C   22    Vyy=   -0.2011    axis=( -0.928685  0.007588 -0.370792)
     C   22    Vzz=    0.3424    axis=( -0.316480  0.505024  0.802989)
     C   22  Q=         1.0000 1e-30 m^2  Cq=         0.8044 MHz  eta= 0.17464
 
     C   23    Vxx=    0.0982    axis=( -0.266936  0.501780  0.822777)
     C   23    Vyy=    0.3044    axis=( -0.853221 -0.519989  0.040308)
     C   23    Vzz=   -0.4026    axis=(  0.448061 -0.691252  0.566933)
     C   23  Q=         1.0000 1e-30 m^2  Cq=        -0.9460 MHz  eta= 0.51201
 
     Cl  24    Vxx=   -1.7071    axis=( -0.230387  0.498188  0.835901)
     Cl  24    Vyy=   -2.0101    axis=(  0.486331 -0.685087  0.542345)
     Cl  24    Vzz=    3.7171    axis=( -0.842855 -0.531474  0.084449)
     Cl  24  Q=        -8.1650 1e-30 m^2  Cq=       -71.3116 MHz  eta= 0.08152
 
     Initialization:
     gipaw_setup  :      0.19s CPU      0.30s WALL (       1 calls)
 
     Linear response
 
     Apply operators
 
     Induced current
 
     Other routines
     efg          :      0.63s CPU      0.76s WALL (       1 calls)
 
     General routines
     calbec       :      0.05s CPU      0.05s WALL (      16 calls)
     fft          :      0.07s CPU      0.10s WALL (      15 calls)
     ffts         :      0.00s CPU      0.00s WALL (       2 calls)
     fftw         :      0.38s CPU      0.39s WALL (     672 calls)
     davcio       :      0.02s CPU      0.09s WALL (      32 calls)
 
     Parallel routines
     fft_scatter  :      0.28s CPU      0.28s WALL (     689 calls)
 
     Plugins
 
     GIPAW        :      3.79s CPU      4.54s WALL (       1 calls)
