
     Program QE v.6.0 starts on 20May2017 at 13:26:28 

     This program is part of the open-source Quantum ESPRESSO suite
     for quantum simulation of materials; please cite
         "P. Giannozzi et al., J. Phys.:Condens. Matter 21 395502 (2009);
          URL http://www.quantum-espresso.org", 
     in publications or presentations arising from this work. More details at
     http://www.quantum-espresso.org/quote
 
           ARCH :    x86_64
             CC :    icc
            CPP :    cpp
            F90 :    ifort
            F77 :    ifort
         DFLAGS :    -D__INTEL -D__DFTI
      BLAS LIBS :    -lmkl_intel_lp64  -lmkl_sequential -lmkl_core
    LAPACK LIBS :    
       FFT LIBS :    
      MASS LIBS :    

     Parallel version (MPI & OpenMP), running on      32 processor cores
     Number of MPI processes:                32
     Threads/MPI process:                     1
     R & G space division:  proc/nbgrp/npool/nimage =      32
 
     ***** This is GIPAW svn revision unknown      *****
 
     Parallelizing q-star over 1 images

     Reading data from directory:
     ./scratch/scf-1819.save

   Info: using nr1, nr2, nr3 values from input

   Info: using nr1, nr2, nr3 values from input

     IMPORTANT: XC functional enforced from input :
     Exchange-correlation      =  SLA  PW   PBX  PBC ( 1  4  3  4 0 0)
     Any further DFT definition will be discarded
     Please, verify this is what you really want

               file C.pbe-n-kjpaw_psl.1.0.0.UPF: wavefunction(s)  2S 2P renormalized
               file Cl.pbe-n-kjpaw_psl.1.0.0.UPF: wavefunction(s)  3S 3P renormalized
               file H.pbe-kjpaw_psl.1.0.0.UPF: wavefunction(s)  1S renormalized
 
     Parallelization info
     --------------------
     sticks:   dense  smooth     PW     G-vecs:    dense   smooth      PW
     Min         764     305     83                36108     9133    1292
     Max         765     306     84                36110     9135    1293
     Sum       24467    9791   2657              1155489   292295   41363
 

     Subspace diagonalization in iterative solution of the eigenvalue problem:
     a serial algorithm will be used

     GIPAW projectors -----------------------------------------------
     atom=  C    l=0  rc=    1.2000  rs=    0.8000
     atom=  C    l=0  rc=    1.2000  rs=    0.8000
     atom=  C    l=1  rc=    1.4000  rs=    0.9333
     atom=  C    l=1  rc=    1.4000  rs=    0.9333
     projs nearly linearly dependent: l=1  n1,n2= 1, 2  s=  0.99951561
 
     atom=  Cl   l=0  rc=    1.6000  rs=    1.0667
     atom=  Cl   l=0  rc=    1.6000  rs=    1.0667
     atom=  Cl   l=1  rc=    1.6000  rs=    1.0667
     atom=  Cl   l=1  rc=    1.6000  rs=    1.0667
     atom=  Cl   l=2  rc=    1.6000  rs=    1.0667
     atom=  Cl   l=2  rc=    1.6000  rs=    1.0667
     projs nearly linearly dependent: l=2  n1,n2= 1, 2  s=  0.99993509
 
     atom=  H    l=0  rc=    1.0000  rs=    0.6667
     atom=  H    l=0  rc=    1.0000  rs=    0.6667
     projs nearly linearly dependent: l=0  n1,n2= 1, 2  s=  0.99968852
     -----------------------------------------------------------------
 
     GIPAW integrals: -------------------------------------------
     Atom  i/j   nmr_para   nmr_dia   epr_rmc  epr_para   epr_dia
       C   1 1   0.83E+03  0.17E-01  0.93E+01  0.24E+08  0.24E+03
       C   2 1   0.86E+03 -0.61E-01  0.94E+01  0.25E+08  0.25E+03
       C   2 2   0.90E+03 -0.15E+00  0.97E+01  0.26E+08  0.26E+03
       C   3 3   0.33E+01  0.34E+00  0.18E+01  0.55E+03  0.21E+02
       C   4 3   0.35E+01  0.37E+00  0.20E+01  0.59E+03  0.22E+02
       C   4 4   0.38E+01  0.39E+00  0.22E+01  0.63E+03  0.24E+02
       Cl  1 1   0.14E+04 -0.47E+00  0.84E+01  0.32E+09  0.42E+03
       Cl  2 1   0.21E+04 -0.37E+00  0.12E+02  0.49E+09  0.65E+03
       Cl  2 2   0.33E+04 -0.16E+00  0.21E+02  0.76E+09  0.10E+04
       Cl  3 3   0.21E+02  0.79E-01  0.89E+01  0.23E+05  0.13E+03
       Cl  4 3   0.24E+02  0.67E-01  0.99E+01  0.27E+05  0.15E+03
       Cl  4 4   0.28E+02  0.44E-01  0.11E+02  0.32E+05  0.18E+03
       Cl  5 5   0.77E+00  0.19E+00  0.18E+01  0.12E+03  0.22E+02
       Cl  6 5   0.80E+00  0.19E+00  0.19E+01  0.12E+03  0.23E+02
       Cl  6 6   0.83E+00  0.20E+00  0.19E+01  0.12E+03  0.23E+02
       H   1 1   0.39E+02  0.19E+00  0.29E+00  0.78E+05  0.13E+02
       H   2 1   0.41E+02  0.21E+00  0.32E+00  0.82E+05  0.14E+02
       H   2 2   0.43E+02  0.22E+00  0.36E+00  0.86E+05  0.15E+02
     ------------------------------------------------------------
 
     alpha_pv=     34.0570 eV
 
     Number of occupied bands for each k-point:
     k-point:     1    nbnd_occ=  42
     k-point:     2    nbnd_occ=  42
     k-point:     3    nbnd_occ=  42
     k-point:     4    nbnd_occ=  42
     k-point:     5    nbnd_occ=  42
     k-point:     6    nbnd_occ=  42
     k-point:     7    nbnd_occ=  42
     k-point:     8    nbnd_occ=  42
     k-point:     9    nbnd_occ=  42
     k-point:    10    nbnd_occ=  42
     k-point:    11    nbnd_occ=  42
     k-point:    12    nbnd_occ=  42
     k-point:    13    nbnd_occ=  42
     k-point:    14    nbnd_occ=  42
     k-point:    15    nbnd_occ=  42
     k-point:    16    nbnd_occ=  42
 
 
     q-space interpolation up to   110.00 Rydberg
 
     GIPAW job: efg                                                                             
 
 
     ELECTRIC FIELD GRADIENTS TENSORS IN Hartree/bohrradius^2:
 
     ----- bare term -----
     Cl   1        0.016907       -0.018928       -0.006772
     Cl   1       -0.018928        0.000402       -0.013585
     Cl   1       -0.006772       -0.013585       -0.017309
 
     C    2       -0.197797        0.049055       -0.346951
     C    2        0.049055       -0.044096       -0.508500
     C    2       -0.346951       -0.508500        0.241893
 
     C    3       -0.226560        0.289763       -0.179202
     C    3        0.289763       -0.132858       -0.559165
     C    3       -0.179202       -0.559165        0.359418
 
     H    4       -0.497643       -0.163045       -0.471944
     H    4       -0.163045        0.348400       -0.165840
     H    4       -0.471944       -0.165840        0.149244
 
     C    5       -0.364483        0.236484       -0.263579
     C    5        0.236484       -0.006506       -0.468911
     C    5       -0.263579       -0.468911        0.370989
 
     H    6        0.369826       -0.133048       -0.099982
     H    6       -0.133048       -0.384857       -0.572935
     H    6       -0.099982       -0.572935        0.015031
 
     H    7        0.358917        0.115482       -0.034656
     H    7        0.115482       -0.519828        0.478667
     H    7       -0.034656        0.478667        0.160912
 
     C    8       -0.419485       -0.175236       -0.258949
     C    8       -0.175236       -0.112583        0.406207
     C    8       -0.258949        0.406207        0.532068
 
     H    9       -0.503898        0.272389       -0.423119
     H    9        0.272389        0.280489        0.180998
     H    9       -0.423119        0.180998        0.223409
 
     C   10       -0.249219       -0.219708       -0.219468
     C   10       -0.219708       -0.265317        0.474169
     C   10       -0.219468        0.474169        0.514536
 
     C   11       -0.178657       -0.059396       -0.346235
     C   11       -0.059396       -0.246908        0.460431
     C   11       -0.346235        0.460431        0.425565
 
     Cl  12       -0.034401        0.003861       -0.020183
     Cl  12        0.003861        0.007489        0.008301
     Cl  12       -0.020183        0.008301        0.026912
 
     H   13        0.384928       -0.118216       -0.089880
     H   13       -0.118216       -0.366391       -0.591340
     H   13       -0.089880       -0.591340       -0.018536
 
     C   14       -0.354905        0.237319       -0.278403
     C   14        0.237319       -0.017231       -0.462120
     C   14       -0.278403       -0.462120        0.372136
 
     H   15       -0.547972       -0.175250       -0.450511
     H   15       -0.175250        0.354648       -0.151280
     H   15       -0.450511       -0.151280        0.193323
 
     C   16       -0.235287        0.295622       -0.194454
     C   16        0.295622       -0.110293       -0.530776
     C   16       -0.194454       -0.530776        0.345581
 
     C   17       -0.200541        0.051254       -0.339410
     C   17        0.051254       -0.015815       -0.504938
     C   17       -0.339410       -0.504938        0.216357
 
     Cl  18        0.007164       -0.031486       -0.022504
     Cl  18       -0.031486        0.008767       -0.006321
     Cl  18       -0.022504       -0.006321       -0.015930
 
     H   19        0.368757        0.093252       -0.073090
     H   19        0.093252       -0.511153        0.503899
     H   19       -0.073090        0.503899        0.142396
 
     C   20       -0.407994       -0.222725       -0.296642
     C   20       -0.222725       -0.097799        0.400375
     C   20       -0.296642        0.400375        0.505792
 
     H   21       -0.520783        0.255373       -0.435866
     H   21        0.255373        0.292727        0.183176
     H   21       -0.435866        0.183176        0.228055
 
     C   22       -0.266898       -0.245372       -0.207648
     C   22       -0.245372       -0.216064        0.496715
     C   22       -0.207648        0.496715        0.482962
 
     C   23       -0.224927        0.042261       -0.276037
     C   23        0.042261       -0.127745        0.506014
     C   23       -0.276037        0.506014        0.352672
 
     Cl  24        0.005934        0.031369       -0.041522
     Cl  24        0.031369        0.008835       -0.010138
     Cl  24       -0.041522       -0.010138       -0.014769
 
     ----- ionic term -----
     Cl   1        0.116456       -0.210558       -0.013914
     Cl   1       -0.210558        0.019194        0.016906
     Cl   1       -0.013914        0.016906       -0.135650
 
     C    2        0.226169       -0.164739        0.251453
     C    2       -0.164739        0.045240        0.413535
     C    2        0.251453        0.413535       -0.271410
 
     C    3        0.156172       -0.237187        0.120413
     C    3       -0.237187        0.116110        0.451463
     C    3        0.120413        0.451463       -0.272282
 
     H    4        0.696119        0.215850        0.643571
     H    4        0.215850       -0.481362        0.199433
     H    4        0.643571        0.199433       -0.214757
 
     C    5        0.299208       -0.184620        0.201418
     C    5       -0.184620       -0.009554        0.353405
     C    5        0.201418        0.353405       -0.289654
 
     H    6       -0.502379        0.169684        0.129669
     H    6        0.169684        0.519574        0.773418
     H    6        0.129669        0.773418       -0.017195
 
     H    7       -0.501627       -0.135285        0.051283
     H    7       -0.135285        0.714383       -0.662048
     H    7        0.051283       -0.662048       -0.212756
 
     C    8        0.340691        0.139341        0.206539
     C    8        0.139341        0.074810       -0.305326
     C    8        0.206539       -0.305326       -0.415501
 
     H    9        0.691203       -0.369188        0.581667
     H    9       -0.369188       -0.390644       -0.234823
     H    9        0.581667       -0.234823       -0.300559
 
     C   10        0.177238        0.181996        0.157474
     C   10        0.181996        0.222609       -0.387422
     C   10        0.157474       -0.387422       -0.399846
 
     C   11        0.183771        0.166602        0.265442
     C   11        0.166602        0.227096       -0.365758
     C   11        0.265442       -0.365758       -0.410867
 
     Cl  12        0.092411        0.227925        0.018544
     Cl  12        0.227925        0.075472        0.009567
     Cl  12        0.018544        0.009567       -0.167883
 
     H   13       -0.518289        0.147113        0.116795
     H   13        0.147113        0.491652        0.794433
     H   13        0.116795        0.794433        0.026637
 
     C   14        0.292071       -0.185770        0.215542
     C   14       -0.185770        0.000617        0.345581
     C   14        0.215542        0.345581       -0.292688
 
     H   15        0.742236        0.232190        0.626180
     H   15        0.232190       -0.488257        0.189399
     H   15        0.626180        0.189399       -0.253979
 
     C   16        0.163405       -0.240494        0.136469
     C   16       -0.240494        0.098744        0.429710
     C   16        0.136469        0.429710       -0.262150
 
     C   17        0.222412       -0.169077        0.241397
     C   17       -0.169077        0.023382        0.414539
     C   17        0.241397        0.414539       -0.245793
 
     Cl  18        0.112553       -0.203226       -0.011140
     Cl  18       -0.203226        0.025036        0.021778
     Cl  18       -0.011140        0.021778       -0.137589
 
     H   19       -0.508495       -0.112779        0.085559
     H   19       -0.112779        0.699129       -0.685794
     H   19        0.085559       -0.685794       -0.190635
 
     C   20        0.336049        0.174939        0.227621
     C   20        0.174939        0.063866       -0.303610
     C   20        0.227621       -0.303610       -0.399915
 
     H   21        0.704797       -0.348540        0.601833
     H   21       -0.348540       -0.408034       -0.236888
     H   21        0.601833       -0.236888       -0.296763
 
     C   22        0.187361        0.199127        0.150526
     C   22        0.199127        0.189090       -0.392988
     C   22        0.150526       -0.392988       -0.376451
 
     C   23        0.257877        0.091887        0.184921
     C   23        0.091887        0.102644       -0.419678
     C   23        0.184921       -0.419678       -0.360521
 
     Cl  24        0.152833        0.188254       -0.028551
     Cl  24        0.188254       -0.025434       -0.027868
     Cl  24       -0.028551       -0.027868       -0.127399
 
     ----- GIPAW term -----
     Cl   1        1.398038       -2.426925       -0.245724
     Cl   1       -2.426925        0.203062        0.025249
     Cl   1       -0.245724        0.025249       -1.601099
 
     C    2        0.048096       -0.135343       -0.079509
     C    2       -0.135343        0.007084       -0.071188
     C    2       -0.079509       -0.071188       -0.055180
 
     C    3       -0.064693        0.037785       -0.053939
     C    3        0.037785       -0.005813       -0.085480
     C    3       -0.053939       -0.085480        0.070506
 
     H    4        0.000000       -0.000000       -0.000000
     H    4       -0.000000        0.000000        0.000000
     H    4       -0.000000        0.000000       -0.000000
 
     C    5       -0.042253        0.039684       -0.048554
     C    5        0.039684       -0.019122       -0.099038
     C    5       -0.048554       -0.099038        0.061375
 
     H    6        0.000000       -0.000000       -0.000000
     H    6       -0.000000        0.000000        0.000000
     H    6       -0.000000        0.000000       -0.000000
 
     H    7        0.000000       -0.000000       -0.000000
     H    7       -0.000000        0.000000        0.000000
     H    7       -0.000000        0.000000       -0.000000
 
     C    8       -0.051206       -0.026412       -0.039635
     C    8       -0.026412       -0.039836        0.087549
     C    8       -0.039635        0.087549        0.091041
 
     H    9        0.000000       -0.000000       -0.000000
     H    9       -0.000000        0.000000        0.000000
     H    9       -0.000000        0.000000       -0.000000
 
     C   10       -0.063514       -0.024156       -0.054991
     C   10       -0.024156       -0.026295        0.069452
     C   10       -0.054991        0.069452        0.089809
 
     C   11        0.019204        0.127911       -0.061057
     C   11        0.127911       -0.002049        0.076991
     C   11       -0.061057        0.076991       -0.017155
 
     Cl  12        0.574833        2.456503       -0.051531
     Cl  12        2.456503        0.890624        0.199852
     Cl  12       -0.051531        0.199852       -1.465457
 
     H   13        0.000000       -0.000000       -0.000000
     H   13       -0.000000        0.000000        0.000000
     H   13       -0.000000        0.000000       -0.000000
 
     C   14       -0.040245        0.037866       -0.048991
     C   14        0.037866       -0.020021       -0.100594
     C   14       -0.048991       -0.100594        0.060266
 
     H   15        0.000000       -0.000000       -0.000000
     H   15       -0.000000        0.000000        0.000000
     H   15       -0.000000        0.000000       -0.000000
 
     C   16       -0.066640        0.040111       -0.052462
     C   16        0.040111        0.000573       -0.077156
     C   16       -0.052462       -0.077156        0.066067
 
     C   17        0.038577       -0.137410       -0.081652
     C   17       -0.137410        0.013485       -0.062433
     C   17       -0.081652       -0.062433       -0.052062
 
     Cl  18        1.258082       -2.484998       -0.376525
     Cl  18       -2.484998        0.348792        0.160214
     Cl  18       -0.376525        0.160214       -1.606875
 
     H   19        0.000000       -0.000000       -0.000000
     H   19       -0.000000        0.000000        0.000000
     H   19       -0.000000        0.000000       -0.000000
 
     C   20       -0.048096       -0.037502       -0.052831
     C   20       -0.037502       -0.035198        0.082617
     C   20       -0.052831        0.082617        0.083294
 
     H   21        0.000000       -0.000000       -0.000000
     H   21       -0.000000        0.000000        0.000000
     H   21       -0.000000        0.000000       -0.000000
 
     C   22       -0.070977       -0.031075       -0.050946
     C   22       -0.031075       -0.014247        0.084523
     C   22       -0.050946        0.084523        0.085224
 
     C   23        0.058831        0.147164       -0.083421
     C   23        0.147164       -0.023505        0.059765
     C   23       -0.083421        0.059765       -0.035325
 
     Cl  24        1.672792        2.320143       -0.767143
     Cl  24        2.320143       -0.191633       -0.403609
     Cl  24       -0.767143       -0.403609       -1.481160
 
     ----- total EFG -----
     Cl   1        1.531401       -2.656411       -0.266411
     Cl   1       -2.656411        0.222658        0.028570
     Cl   1       -0.266411        0.028570       -1.754058
 
     C    2        0.076469       -0.251027       -0.175006
     C    2       -0.251027        0.008229       -0.166154
     C    2       -0.175006       -0.166154       -0.084697
 
     C    3       -0.135081        0.090361       -0.112728
     C    3        0.090361       -0.022561       -0.193182
     C    3       -0.112728       -0.193182        0.157642
 
     H    4        0.198476        0.052805        0.171627
     H    4        0.052805       -0.132963        0.033593
     H    4        0.171627        0.033593       -0.065513
 
     C    5       -0.107527        0.091548       -0.110715
     C    5        0.091548       -0.035182       -0.214544
     C    5       -0.110715       -0.214544        0.142709
 
     H    6       -0.132553        0.036636        0.029687
     H    6        0.036636        0.134717        0.200483
     H    6        0.029687        0.200483       -0.002165
 
     H    7       -0.142710       -0.019802        0.016627
     H    7       -0.019802        0.194554       -0.183381
     H    7        0.016627       -0.183381       -0.051845
 
     C    8       -0.129999       -0.062307       -0.092045
     C    8       -0.062307       -0.077608        0.188430
     C    8       -0.092045        0.188430        0.207607
 
     H    9        0.187305       -0.096799        0.158547
     H    9       -0.096799       -0.110155       -0.053825
     H    9        0.158547       -0.053825       -0.077150
 
     C   10       -0.135496       -0.061868       -0.116985
     C   10       -0.061868       -0.069004        0.156198
     C   10       -0.116985        0.156198        0.204499
 
     C   11        0.024317        0.235116       -0.141850
     C   11        0.235116       -0.021861        0.171665
     C   11       -0.141850        0.171665       -0.002457
 
     Cl  12        0.632843        2.688289       -0.053170
     Cl  12        2.688289        0.973585        0.217720
     Cl  12       -0.053170        0.217720       -1.606428
 
     H   13       -0.133361        0.028897        0.026915
     H   13        0.028897        0.125260        0.203093
     H   13        0.026915        0.203093        0.008101
 
     C   14       -0.103079        0.089416       -0.111852
     C   14        0.089416       -0.036635       -0.217133
     C   14       -0.111852       -0.217133        0.139714
 
     H   15        0.194264        0.056941        0.175669
     H   15        0.056941       -0.133609        0.038119
     H   15        0.175669        0.038119       -0.060655
 
     C   16       -0.138522        0.095239       -0.110447
     C   16        0.095239       -0.010977       -0.178222
     C   16       -0.110447       -0.178222        0.149498
 
     C   17        0.060447       -0.255233       -0.179665
     C   17       -0.255233        0.021052       -0.152832
     C   17       -0.179665       -0.152832       -0.081499
 
     Cl  18        1.377799       -2.719711       -0.410169
     Cl  18       -2.719711        0.382595        0.175671
     Cl  18       -0.410169        0.175671       -1.760394
 
     H   19       -0.139738       -0.019528        0.012469
     H   19       -0.019528        0.187976       -0.181895
     H   19        0.012469       -0.181895       -0.048238
 
     C   20       -0.120041       -0.085288       -0.121852
     C   20       -0.085288       -0.069130        0.179382
     C   20       -0.121852        0.179382        0.189171
 
     H   21        0.184015       -0.093167        0.165966
     H   21       -0.093167       -0.115307       -0.053712
     H   21        0.165966       -0.053712       -0.068708
 
     C   22       -0.150514       -0.077320       -0.108067
     C   22       -0.077320       -0.041222        0.188250
     C   22       -0.108067        0.188250        0.191736
 
     C   23        0.091781        0.281313       -0.174537
     C   23        0.281313       -0.048607        0.146101
     C   23       -0.174537        0.146101       -0.043174
 
     Cl  24        1.831559        2.539765       -0.837215
     Cl  24        2.539765       -0.208232       -0.441615
     Cl  24       -0.837215       -0.441615       -1.623328
 
     ----- total EFG (symmetrized) -----
     Cl   1        1.531401       -2.656411       -0.266411
     Cl   1       -2.656411        0.222658        0.028570
     Cl   1       -0.266411        0.028570       -1.754058
 
     C    2        0.076469       -0.251027       -0.175006
     C    2       -0.251027        0.008229       -0.166154
     C    2       -0.175006       -0.166154       -0.084697
 
     C    3       -0.135081        0.090361       -0.112728
     C    3        0.090361       -0.022561       -0.193182
     C    3       -0.112728       -0.193182        0.157642
 
     H    4        0.198476        0.052805        0.171627
     H    4        0.052805       -0.132963        0.033593
     H    4        0.171627        0.033593       -0.065513
 
     C    5       -0.107527        0.091548       -0.110715
     C    5        0.091548       -0.035182       -0.214544
     C    5       -0.110715       -0.214544        0.142709
 
     H    6       -0.132553        0.036636        0.029687
     H    6        0.036636        0.134717        0.200483
     H    6        0.029687        0.200483       -0.002165
 
     H    7       -0.142710       -0.019802        0.016627
     H    7       -0.019802        0.194554       -0.183381
     H    7        0.016627       -0.183381       -0.051845
 
     C    8       -0.129999       -0.062307       -0.092045
     C    8       -0.062307       -0.077608        0.188430
     C    8       -0.092045        0.188430        0.207607
 
     H    9        0.187305       -0.096799        0.158547
     H    9       -0.096799       -0.110155       -0.053825
     H    9        0.158547       -0.053825       -0.077150
 
     C   10       -0.135496       -0.061868       -0.116985
     C   10       -0.061868       -0.069004        0.156198
     C   10       -0.116985        0.156198        0.204499
 
     C   11        0.024317        0.235116       -0.141850
     C   11        0.235116       -0.021861        0.171665
     C   11       -0.141850        0.171665       -0.002457
 
     Cl  12        0.632843        2.688289       -0.053170
     Cl  12        2.688289        0.973585        0.217720
     Cl  12       -0.053170        0.217720       -1.606428
 
     H   13       -0.133361        0.028897        0.026915
     H   13        0.028897        0.125260        0.203093
     H   13        0.026915        0.203093        0.008101
 
     C   14       -0.103079        0.089416       -0.111852
     C   14        0.089416       -0.036635       -0.217133
     C   14       -0.111852       -0.217133        0.139714
 
     H   15        0.194264        0.056941        0.175669
     H   15        0.056941       -0.133609        0.038119
     H   15        0.175669        0.038119       -0.060655
 
     C   16       -0.138522        0.095239       -0.110447
     C   16        0.095239       -0.010977       -0.178222
     C   16       -0.110447       -0.178222        0.149498
 
     C   17        0.060447       -0.255233       -0.179665
     C   17       -0.255233        0.021052       -0.152832
     C   17       -0.179665       -0.152832       -0.081499
 
     Cl  18        1.377799       -2.719711       -0.410169
     Cl  18       -2.719711        0.382595        0.175671
     Cl  18       -0.410169        0.175671       -1.760394
 
     H   19       -0.139738       -0.019528        0.012469
     H   19       -0.019528        0.187976       -0.181895
     H   19        0.012469       -0.181895       -0.048238
 
     C   20       -0.120041       -0.085288       -0.121852
     C   20       -0.085288       -0.069130        0.179382
     C   20       -0.121852        0.179382        0.189171
 
     H   21        0.184015       -0.093167        0.165966
     H   21       -0.093167       -0.115307       -0.053712
     H   21        0.165966       -0.053712       -0.068708
 
     C   22       -0.150514       -0.077320       -0.108067
     C   22       -0.077320       -0.041222        0.188250
     C   22       -0.108067        0.188250        0.191736
 
     C   23        0.091781        0.281313       -0.174537
     C   23        0.281313       -0.048607        0.146101
     C   23       -0.174537        0.146101       -0.043174
 
     Cl  24        1.831559        2.539765       -0.837215
     Cl  24        2.539765       -0.208232       -0.441615
     Cl  24       -0.837215       -0.441615       -1.623328
 
 
     NQR/NMR SPECTROSCOPIC PARAMETERS:
     Cl   1    Vxx=   -1.6618    axis=( -0.332589 -0.481138  0.811105)
     Cl   1    Vyy=   -1.9607    axis=( -0.519459 -0.624372 -0.583371)
     Cl   1    Vzz=    3.6225    axis=( -0.787113  0.615359  0.042272)
     Cl   1  Q=        -8.1650 1e-30 m^2  Cq=       -69.4952 MHz  eta= 0.08252
 
     C    2    Vxx=    0.0990    axis=( -0.333446 -0.518876  0.787135)
     C    2    Vyy=    0.2976    axis=( -0.775942  0.625258  0.083464)
     C    2    Vzz=   -0.3965    axis=( -0.535470 -0.582940 -0.611107)
     C    2  Q=         1.0000 1e-30 m^2  Cq=        -0.9317 MHz  eta= 0.50085
 
     C    3    Vxx=   -0.1401    axis=(  0.332583  0.728624  0.598745)
     C    3    Vyy=   -0.1855    axis=( -0.894765  0.444386 -0.043769)
     C    3    Vzz=    0.3255    axis=( -0.297965 -0.521179  0.799743)
     C    3  Q=         1.0000 1e-30 m^2  Cq=         0.7649 MHz  eta= 0.13950
 
     H    4    Vxx=   -0.1382    axis=( -0.332764  0.859291  0.388442)
     H    4    Vyy=   -0.1539    axis=( -0.321078 -0.490547  0.810106)
     H    4    Vzz=    0.2921    axis=( -0.886666 -0.144854 -0.439136)
     H    4  Q=         1.0000 1e-30 m^2  Cq=         0.6863 MHz  eta= 0.05358
 
     C    5    Vxx=   -0.1477    axis=(  0.865780  0.183408  0.465604)
     C    5    Vyy=   -0.1848    axis=( -0.393496  0.824336  0.406978)
     C    5    Vzz=    0.3325    axis=( -0.309171 -0.535567  0.785864)
     C    5  Q=         1.0000 1e-30 m^2  Cq=         0.7812 MHz  eta= 0.11168
 
     H    6    Vxx=   -0.1370    axis=(  0.944455 -0.267867  0.190399)
     H    6    Vyy=   -0.1465    axis=( -0.308808 -0.525140  0.793010)
     H    6    Vzz=    0.2834    axis=(  0.112435  0.807760  0.578691)
     H    6  Q=         1.0000 1e-30 m^2  Cq=         0.6660 MHz  eta= 0.03362
 
     H    7    Vxx=   -0.1409    axis=(  0.849998  0.290444  0.439483)
     H    7    Vyy=   -0.1529    axis=(  0.523597 -0.374167 -0.765405)
     H    7    Vzz=    0.2937    axis=(  0.057868 -0.880705  0.470117)
     H    7  Q=         1.0000 1e-30 m^2  Cq=         0.6902 MHz  eta= 0.04080
 
     C    8    Vxx=   -0.1477    axis=(  0.829218 -0.375556  0.413950)
     C    8    Vyy=   -0.1801    axis=( -0.507519 -0.816181  0.276174)
     C    8    Vzz=    0.3278    axis=( -0.234139  0.439096  0.867394)
     C    8  Q=         1.0000 1e-30 m^2  Cq=         0.7703 MHz  eta= 0.09877
 
     H    9    Vxx=   -0.1367    axis=(  0.407829  0.859189 -0.308983)
     H    9    Vyy=   -0.1552    axis=( -0.272929  0.437646  0.856724)
     H    9    Vzz=    0.2919    axis=( -0.871313  0.265066 -0.412982)
     H    9  Q=         1.0000 1e-30 m^2  Cq=         0.6859 MHz  eta= 0.06307
 
     C   10    Vxx=   -0.1382    axis=( -0.198707  0.864440 -0.461799)
     C   10    Vyy=   -0.1759    axis=(  0.938632  0.303405  0.164060)
     C   10    Vzz=    0.3142    axis=( -0.281932  0.400859  0.871680)
     C   10  Q=         1.0000 1e-30 m^2  Cq=         0.7382 MHz  eta= 0.12005
 
     C   11    Vxx=    0.1316    axis=( -0.408128  0.327886  0.852011)
     C   11    Vyy=    0.2382    axis=( -0.714725 -0.695400 -0.074749)
     C   11    Vzz=   -0.3698    axis=(  0.567979 -0.639460  0.518160)
     C   11  Q=         1.0000 1e-30 m^2  Cq=        -0.8689 MHz  eta= 0.28850
 
     Cl  12    Vxx=   -1.5154    axis=( -0.341268  0.290394  0.893984)
     Cl  12    Vyy=   -1.9844    axis=( -0.645184  0.619289 -0.447457)
     Cl  12    Vzz=    3.4998    axis=( -0.683574 -0.729487 -0.023986)
     Cl  12  Q=        -8.1650 1e-30 m^2  Cq=       -67.1425 MHz  eta= 0.13401
 
     H   13    Vxx=   -0.1353    axis=(  0.912123 -0.310123  0.268059)
     H   13    Vyy=   -0.1465    axis=( -0.398949 -0.521338  0.754352)
     H   13    Vzz=    0.2818    axis=(  0.094192  0.795003  0.599248)
     H   13  Q=         1.0000 1e-30 m^2  Cq=         0.6620 MHz  eta= 0.03980
 
     C   14    Vxx=   -0.1464    axis=(  0.908143  0.074985  0.411891)
     C   14    Vyy=   -0.1862    axis=( -0.279808  0.840536  0.463904)
     C   14    Vzz=    0.3327    axis=( -0.311423 -0.536541  0.784308)
     C   14  Q=         1.0000 1e-30 m^2  Cq=         0.7816 MHz  eta= 0.11968
 
     H   15    Vxx=   -0.1388    axis=(  0.376543 -0.808747 -0.451822)
     H   15    Vyy=   -0.1558    axis=(  0.293976  0.566825 -0.769602)
     H   15    Vzz=    0.2947    axis=( -0.878518 -0.156963 -0.451186)
     H   15  Q=         1.0000 1e-30 m^2  Cq=         0.6923 MHz  eta= 0.05773
 
     C   16    Vxx=   -0.1206    axis=(  0.266388  0.750881  0.604331)
     C   16    Vyy=   -0.1906    axis=( -0.913884  0.396045 -0.089248)
     C   16    Vzz=    0.3112    axis=( -0.306357 -0.528514  0.791719)
     C   16  Q=         1.0000 1e-30 m^2  Cq=         0.7312 MHz  eta= 0.22478
 
     C   17    Vxx=    0.0928    axis=( -0.329045 -0.515359  0.791286)
     C   17    Vyy=    0.2996    axis=( -0.760575  0.641285  0.101390)
     C   17    Vzz=   -0.3924    axis=( -0.559692 -0.568471 -0.602981)
     C   17  Q=         1.0000 1e-30 m^2  Cq=        -0.9219 MHz  eta= 0.52721
 
     Cl  18    Vxx=   -1.7042    axis=( -0.319089 -0.484439  0.814556)
     Cl  18    Vyy=   -1.9745    axis=( -0.556829 -0.599659 -0.574762)
     Cl  18    Vzz=    3.6787    axis=( -0.766893  0.636968  0.078405)
     Cl  18  Q=        -8.1650 1e-30 m^2  Cq=       -70.5736 MHz  eta= 0.07348
 
     H   19    Vxx=   -0.1406    axis=( -0.967724 -0.163631 -0.191664)
     H   19    Vyy=   -0.1474    axis=( -0.246169  0.450944  0.857934)
     H   19    Vzz=    0.2880    axis=(  0.053954 -0.877425  0.476671)
     H   19  Q=         1.0000 1e-30 m^2  Cq=         0.6767 MHz  eta= 0.02379
 
     C   20    Vxx=   -0.1450    axis=( -0.603722  0.589594 -0.536561)
     C   20    Vyy=   -0.1844    axis=(  0.733612  0.674296 -0.084495)
     C   20    Vzz=    0.3294    axis=( -0.311983  0.444639  0.839621)
     C   20  Q=         1.0000 1e-30 m^2  Cq=         0.7741 MHz  eta= 0.11945
 
     H   21    Vxx=   -0.1396    axis=(  0.420612  0.836803 -0.350495)
     H   21    Vyy=   -0.1547    axis=( -0.273425  0.485290  0.830501)
     H   21    Vzz=    0.2944    axis=( -0.865058  0.253484 -0.432921)
     H   21  Q=         1.0000 1e-30 m^2  Cq=         0.6917 MHz  eta= 0.05128
 
     C   22    Vxx=   -0.1415    axis=( -0.291823  0.789182 -0.540399)
     C   22    Vyy=   -0.1912    axis=(  0.919376  0.387267  0.069075)
     C   22    Vzz=    0.3327    axis=( -0.263792  0.476672  0.838569)
     C   22  Q=         1.0000 1e-30 m^2  Cq=         0.7818 MHz  eta= 0.14927
 
     C   23    Vxx=    0.0864    axis=( -0.183077  0.520819  0.833805)
     C   23    Vyy=    0.3197    axis=( -0.814404 -0.555414  0.168111)
     C   23    Vzz=   -0.4061    axis=(  0.550662 -0.648277  0.525841)
     C   23  Q=         1.0000 1e-30 m^2  Cq=        -0.9541 MHz  eta= 0.57442
 
     Cl  24    Vxx=   -1.7351    axis=( -0.135451  0.476558  0.868646)
     Cl  24    Vyy=   -1.9794    axis=(  0.559581 -0.686711  0.464001)
     Cl  24    Vzz=    3.7145    axis=(  0.817632  0.548927 -0.173657)
     Cl  24  Q=        -8.1650 1e-30 m^2  Cq=       -71.2604 MHz  eta= 0.06579
 
     Initialization:
     gipaw_setup  :      0.19s CPU      0.31s WALL (       1 calls)
 
     Linear response
 
     Apply operators
 
     Induced current
 
     Other routines
     efg          :      0.63s CPU      0.76s WALL (       1 calls)
 
     General routines
     calbec       :      0.05s CPU      0.06s WALL (      16 calls)
     fft          :      0.08s CPU      0.08s WALL (      15 calls)
     ffts         :      0.00s CPU      0.00s WALL (       2 calls)
     fftw         :      0.40s CPU      0.38s WALL (     672 calls)
     davcio       :      0.01s CPU      0.07s WALL (      32 calls)
 
     Parallel routines
     fft_scatter  :      0.25s CPU      0.27s WALL (     689 calls)
 
     Plugins
 
     GIPAW        :      3.76s CPU      4.50s WALL (       1 calls)
