
     Program QE v.6.0 starts on 20May2017 at 16:59:22 

     This program is part of the open-source Quantum ESPRESSO suite
     for quantum simulation of materials; please cite
         "P. Giannozzi et al., J. Phys.:Condens. Matter 21 395502 (2009);
          URL http://www.quantum-espresso.org", 
     in publications or presentations arising from this work. More details at
     http://www.quantum-espresso.org/quote
 
           ARCH :    x86_64
             CC :    icc
            CPP :    cpp
            F90 :    ifort
            F77 :    ifort
         DFLAGS :    -D__INTEL -D__DFTI
      BLAS LIBS :    -lmkl_intel_lp64  -lmkl_sequential -lmkl_core
    LAPACK LIBS :    
       FFT LIBS :    
      MASS LIBS :    

     Parallel version (MPI & OpenMP), running on      32 processor cores
     Number of MPI processes:                32
     Threads/MPI process:                     1
     R & G space division:  proc/nbgrp/npool/nimage =      32
 
     ***** This is GIPAW svn revision unknown      *****
 
     Parallelizing q-star over 1 images

     Reading data from directory:
     ./scratch/scf-1998.save

   Info: using nr1, nr2, nr3 values from input

   Info: using nr1, nr2, nr3 values from input

     IMPORTANT: XC functional enforced from input :
     Exchange-correlation      =  SLA  PW   PBX  PBC ( 1  4  3  4 0 0)
     Any further DFT definition will be discarded
     Please, verify this is what you really want

               file C.pbe-n-kjpaw_psl.1.0.0.UPF: wavefunction(s)  2S 2P renormalized
               file Cl.pbe-n-kjpaw_psl.1.0.0.UPF: wavefunction(s)  3S 3P renormalized
               file H.pbe-kjpaw_psl.1.0.0.UPF: wavefunction(s)  1S renormalized
 
     Parallelization info
     --------------------
     sticks:   dense  smooth     PW     G-vecs:    dense   smooth      PW
     Min         764     305     83                36108     9133    1292
     Max         765     306     84                36110     9135    1293
     Sum       24467    9791   2657              1155489   292295   41363
 

     Subspace diagonalization in iterative solution of the eigenvalue problem:
     a serial algorithm will be used

     GIPAW projectors -----------------------------------------------
     atom=  C    l=0  rc=    1.2000  rs=    0.8000
     atom=  C    l=0  rc=    1.2000  rs=    0.8000
     atom=  C    l=1  rc=    1.4000  rs=    0.9333
     atom=  C    l=1  rc=    1.4000  rs=    0.9333
     projs nearly linearly dependent: l=1  n1,n2= 1, 2  s=  0.99951561
 
     atom=  Cl   l=0  rc=    1.6000  rs=    1.0667
     atom=  Cl   l=0  rc=    1.6000  rs=    1.0667
     atom=  Cl   l=1  rc=    1.6000  rs=    1.0667
     atom=  Cl   l=1  rc=    1.6000  rs=    1.0667
     atom=  Cl   l=2  rc=    1.6000  rs=    1.0667
     atom=  Cl   l=2  rc=    1.6000  rs=    1.0667
     projs nearly linearly dependent: l=2  n1,n2= 1, 2  s=  0.99993509
 
     atom=  H    l=0  rc=    1.0000  rs=    0.6667
     atom=  H    l=0  rc=    1.0000  rs=    0.6667
     projs nearly linearly dependent: l=0  n1,n2= 1, 2  s=  0.99968852
     -----------------------------------------------------------------
 
     GIPAW integrals: -------------------------------------------
     Atom  i/j   nmr_para   nmr_dia   epr_rmc  epr_para   epr_dia
       C   1 1   0.83E+03  0.17E-01  0.93E+01  0.24E+08  0.24E+03
       C   2 1   0.86E+03 -0.61E-01  0.94E+01  0.25E+08  0.25E+03
       C   2 2   0.90E+03 -0.15E+00  0.97E+01  0.26E+08  0.26E+03
       C   3 3   0.33E+01  0.34E+00  0.18E+01  0.55E+03  0.21E+02
       C   4 3   0.35E+01  0.37E+00  0.20E+01  0.59E+03  0.22E+02
       C   4 4   0.38E+01  0.39E+00  0.22E+01  0.63E+03  0.24E+02
       Cl  1 1   0.14E+04 -0.47E+00  0.84E+01  0.32E+09  0.42E+03
       Cl  2 1   0.21E+04 -0.37E+00  0.12E+02  0.49E+09  0.65E+03
       Cl  2 2   0.33E+04 -0.16E+00  0.21E+02  0.76E+09  0.10E+04
       Cl  3 3   0.21E+02  0.79E-01  0.89E+01  0.23E+05  0.13E+03
       Cl  4 3   0.24E+02  0.67E-01  0.99E+01  0.27E+05  0.15E+03
       Cl  4 4   0.28E+02  0.44E-01  0.11E+02  0.32E+05  0.18E+03
       Cl  5 5   0.77E+00  0.19E+00  0.18E+01  0.12E+03  0.22E+02
       Cl  6 5   0.80E+00  0.19E+00  0.19E+01  0.12E+03  0.23E+02
       Cl  6 6   0.83E+00  0.20E+00  0.19E+01  0.12E+03  0.23E+02
       H   1 1   0.39E+02  0.19E+00  0.29E+00  0.78E+05  0.13E+02
       H   2 1   0.41E+02  0.21E+00  0.32E+00  0.82E+05  0.14E+02
       H   2 2   0.43E+02  0.22E+00  0.36E+00  0.86E+05  0.15E+02
     ------------------------------------------------------------
 
     alpha_pv=     34.3503 eV
 
     Number of occupied bands for each k-point:
     k-point:     1    nbnd_occ=  42
     k-point:     2    nbnd_occ=  42
     k-point:     3    nbnd_occ=  42
     k-point:     4    nbnd_occ=  42
     k-point:     5    nbnd_occ=  42
     k-point:     6    nbnd_occ=  42
     k-point:     7    nbnd_occ=  42
     k-point:     8    nbnd_occ=  42
     k-point:     9    nbnd_occ=  42
     k-point:    10    nbnd_occ=  42
     k-point:    11    nbnd_occ=  42
     k-point:    12    nbnd_occ=  42
     k-point:    13    nbnd_occ=  42
     k-point:    14    nbnd_occ=  42
     k-point:    15    nbnd_occ=  42
     k-point:    16    nbnd_occ=  42
 
 
     q-space interpolation up to   110.00 Rydberg
 
     GIPAW job: efg                                                                             
 
 
     ELECTRIC FIELD GRADIENTS TENSORS IN Hartree/bohrradius^2:
 
     ----- bare term -----
     Cl   1       -0.057637        0.042733       -0.042329
     Cl   1        0.042733        0.019016       -0.002418
     Cl   1       -0.042329       -0.002418        0.038620
 
     C    2       -0.120500        0.214339       -0.406067
     C    2        0.214339       -0.136247       -0.499899
     C    2       -0.406067       -0.499899        0.256747
 
     C    3       -0.172623        0.294706       -0.299694
     C    3        0.294706       -0.198838       -0.471234
     C    3       -0.299694       -0.471234        0.371461
 
     H    4       -0.366187       -0.249049       -0.502382
     H    4       -0.249049        0.271536       -0.210099
     H    4       -0.502382       -0.210099        0.094652
 
     C    5       -0.351151        0.264266       -0.371553
     C    5        0.264266       -0.055864       -0.390455
     C    5       -0.371553       -0.390455        0.407015
 
     H    6        0.365198       -0.026714       -0.011018
     H    6       -0.026714       -0.482912       -0.519363
     H    6       -0.011018       -0.519363        0.117714
 
     H    7        0.368108        0.145483       -0.058732
     H    7        0.145483       -0.539170        0.470979
     H    7       -0.058732        0.470979        0.171062
 
     C    8       -0.407121       -0.167900       -0.252032
     C    8       -0.167900       -0.147255        0.396415
     C    8       -0.252032        0.396415        0.554376
 
     H    9       -0.597681        0.237763       -0.382139
     H    9        0.237763        0.299254        0.161319
     H    9       -0.382139        0.161319        0.298428
 
     C   10       -0.268364       -0.219438       -0.196814
     C   10       -0.219438       -0.273686        0.468809
     C   10       -0.196814        0.468809        0.542050
 
     C   11       -0.219950       -0.002675       -0.317212
     C   11       -0.002675       -0.197217        0.472035
     C   11       -0.317212        0.472035        0.417167
 
     Cl  12       -0.016470        0.040391       -0.022903
     Cl  12        0.040391       -0.002542        0.007269
     Cl  12       -0.022903        0.007269        0.019012
 
     H   13        0.374653        0.001892       -0.039432
     H   13        0.001892       -0.434948       -0.543911
     H   13       -0.039432       -0.543911        0.060295
 
     C   14       -0.321299        0.332039       -0.395431
     C   14        0.332039        0.004751       -0.384403
     C   14       -0.395431       -0.384403        0.316547
 
     H   15       -0.328205       -0.169060       -0.603003
     H   15       -0.169060        0.375766       -0.180966
     H   15       -0.603003       -0.180966       -0.047561
 
     C   16       -0.185553        0.333705       -0.308365
     C   16        0.333705       -0.104080       -0.518900
     C   16       -0.308365       -0.518900        0.289633
 
     C   17       -0.115994        0.020854       -0.328295
     C   17        0.020854       -0.040402       -0.561435
     C   17       -0.328295       -0.561435        0.156396
 
     Cl  18        0.028007       -0.058256       -0.046394
     Cl  18       -0.058256        0.003758        0.018355
     Cl  18       -0.046394        0.018355       -0.031765
 
     H   19        0.356770        0.119191       -0.079594
     H   19        0.119191       -0.455307        0.522080
     H   19       -0.079594        0.522080        0.098537
 
     C   20       -0.393476       -0.209068       -0.290801
     C   20       -0.209068       -0.113030        0.409376
     C   20       -0.290801        0.409376        0.506506
 
     H   21       -0.487083        0.240258       -0.439345
     H   21        0.240258        0.260132        0.186197
     H   21       -0.439345        0.186197        0.226950
 
     C   22       -0.230000       -0.256691       -0.226305
     C   22       -0.256691       -0.246141        0.498853
     C   22       -0.226305        0.498853        0.476140
 
     C   23       -0.235290        0.033356       -0.298451
     C   23        0.033356       -0.136387        0.489455
     C   23       -0.298451        0.489455        0.371677
 
     Cl  24        0.009803        0.019343       -0.019158
     Cl  24        0.019343        0.014686        0.006860
     Cl  24       -0.019158        0.006860       -0.024489
 
     ----- ionic term -----
     Cl   1        0.152323       -0.260685        0.020821
     Cl   1       -0.260685        0.029836       -0.004056
     Cl   1        0.020821       -0.004056       -0.182159
 
     C    2        0.137247       -0.282837        0.312697
     C    2       -0.282837        0.129548        0.395220
     C    2        0.312697        0.395220       -0.266795
 
     C    3        0.124749       -0.237745        0.227654
     C    3       -0.237745        0.168376        0.381420
     C    3        0.227654        0.381420       -0.293125
 
     H    4        0.503039        0.331833        0.695884
     H    4        0.331833       -0.388302        0.275617
     H    4        0.695884        0.275617       -0.114738
 
     C    5        0.282129       -0.209223        0.297776
     C    5       -0.209223        0.029911        0.290085
     C    5        0.297776        0.290085       -0.312040
 
     H    6       -0.512101        0.013801        0.008892
     H    6        0.013801        0.662325        0.712835
     H    6        0.008892        0.712835       -0.150224
 
     H    7       -0.504539       -0.182118        0.082406
     H    7       -0.182118        0.735356       -0.647343
     H    7        0.082406       -0.647343       -0.230817
 
     C    8        0.335122        0.130971        0.193891
     C    8        0.130971        0.103414       -0.298550
     C    8        0.193891       -0.298550       -0.438535
 
     H    9        0.798432       -0.335989        0.529179
     H    9       -0.335989       -0.411969       -0.208430
     H    9        0.529179       -0.208430       -0.386463
 
     C   10        0.190215        0.182551        0.142140
     C   10        0.182551        0.233577       -0.378281
     C   10        0.142140       -0.378281       -0.423793
 
     C   11        0.234213        0.126372        0.229264
     C   11        0.126372        0.177635       -0.385338
     C   11        0.229264       -0.385338       -0.411848
 
     Cl  12        0.117871        0.194604       -0.012369
     Cl  12        0.194604        0.043848       -0.022786
     Cl  12       -0.012369       -0.022786       -0.161720
 
     H   13       -0.519716       -0.015829        0.033253
     H   13       -0.015829        0.597167        0.744485
     H   13        0.033253        0.744485       -0.077452
 
     C   14        0.266131       -0.266056        0.315038
     C   14       -0.266056       -0.020380        0.292230
     C   14        0.315038        0.292230       -0.245751
 
     H   15        0.446149        0.239737        0.797163
     H   15        0.239737       -0.493540        0.243617
     H   15        0.797163        0.243617        0.047391
 
     C   16        0.126039       -0.267410        0.220225
     C   16       -0.267410        0.098871        0.405937
     C   16        0.220225        0.405937       -0.224910
 
     C   17        0.180191       -0.149325        0.234305
     C   17       -0.149325        0.031831        0.460956
     C   17        0.234305        0.460956       -0.212022
 
     Cl  18        0.142619       -0.159890       -0.025546
     Cl  18       -0.159890       -0.025933        0.017806
     Cl  18       -0.025546        0.017806       -0.116687
 
     H   19       -0.497000       -0.144846        0.099299
     H   19       -0.144846        0.627018       -0.712973
     H   19        0.099299       -0.712973       -0.130018
 
     C   20        0.319934        0.164477        0.228791
     C   20        0.164477        0.078618       -0.306044
     C   20        0.228791       -0.306044       -0.398552
 
     H   21        0.689525       -0.321615        0.600468
     H   21       -0.321615       -0.385873       -0.229692
     H   21        0.600468       -0.229692       -0.303653
 
     C   22        0.156582        0.211868        0.164308
     C   22        0.211868        0.208460       -0.398969
     C   22        0.164308       -0.398969       -0.365042
 
     C   23        0.255955        0.100761        0.217096
     C   23        0.100761        0.116478       -0.394871
     C   23        0.217096       -0.394871       -0.372433
 
     Cl  24        0.136652        0.214352        0.007053
     Cl  24        0.214352       -0.004671       -0.008884
     Cl  24        0.007053       -0.008884       -0.131981
 
     ----- GIPAW term -----
     Cl   1        0.980160       -2.318550       -0.264429
     Cl   1       -2.318550        0.513035       -0.082530
     Cl   1       -0.264429       -0.082530       -1.493195
 
     C    2        0.032286       -0.093995       -0.073351
     C    2       -0.093995        0.000892       -0.083744
     C    2       -0.073351       -0.083744       -0.033178
 
     C    3       -0.042358        0.042818       -0.060678
     C    3        0.042818       -0.015459       -0.073148
     C    3       -0.060678       -0.073148        0.057817
 
     H    4        0.000000       -0.000000       -0.000000
     H    4       -0.000000        0.000000        0.000000
     H    4       -0.000000        0.000000       -0.000000
 
     C    5       -0.042887        0.043043       -0.054339
     C    5        0.043043       -0.030381       -0.089314
     C    5       -0.054339       -0.089314        0.073268
 
     H    6        0.000000       -0.000000       -0.000000
     H    6       -0.000000        0.000000        0.000000
     H    6       -0.000000        0.000000       -0.000000
 
     H    7        0.000000       -0.000000       -0.000000
     H    7       -0.000000        0.000000        0.000000
     H    7       -0.000000        0.000000       -0.000000
 
     C    8       -0.045806       -0.026699       -0.046450
     C    8       -0.026699       -0.043486        0.084944
     C    8       -0.046450        0.084944        0.089291
 
     H    9        0.000000       -0.000000       -0.000000
     H    9       -0.000000        0.000000        0.000000
     H    9       -0.000000        0.000000       -0.000000
 
     C   10       -0.069798       -0.022701       -0.048737
     C   10       -0.022701       -0.022785        0.073435
     C   10       -0.048737        0.073435        0.092584
 
     C   11        0.035112        0.140784       -0.074355
     C   11        0.140784       -0.008674        0.063850
     C   11       -0.074355        0.063850       -0.026438
 
     Cl  12        1.061569        2.475340       -0.396087
     Cl  12        2.475340        0.428639       -0.168202
     Cl  12       -0.396087       -0.168202       -1.490208
 
     H   13        0.000000       -0.000000       -0.000000
     H   13       -0.000000        0.000000        0.000000
     H   13       -0.000000        0.000000       -0.000000
 
     C   14       -0.035956        0.051220       -0.058401
     C   14        0.051220       -0.019895       -0.080100
     C   14       -0.058401       -0.080100        0.055851
 
     H   15        0.000000       -0.000000       -0.000000
     H   15       -0.000000        0.000000        0.000000
     H   15       -0.000000        0.000000       -0.000000
 
     C   16       -0.051360        0.045926       -0.078136
     C   16        0.045926       -0.000278       -0.097511
     C   16       -0.078136       -0.097511        0.051639
 
     C   17        0.090840       -0.142658       -0.083814
     C   17       -0.142658       -0.015899       -0.075207
     C   17       -0.083814       -0.075207       -0.074941
 
     Cl  18        1.802009       -2.268444       -0.802620
     Cl  18       -2.268444       -0.245872        0.390219
     Cl  18       -0.802620        0.390219       -1.556137
 
     H   19        0.000000       -0.000000       -0.000000
     H   19       -0.000000        0.000000        0.000000
     H   19       -0.000000        0.000000       -0.000000
 
     C   20       -0.049372       -0.034012       -0.046054
     C   20       -0.034012       -0.036598        0.088702
     C   20       -0.046054        0.088702        0.085969
 
     H   21        0.000000       -0.000000       -0.000000
     H   21       -0.000000        0.000000        0.000000
     H   21       -0.000000        0.000000       -0.000000
 
     C   22       -0.067267       -0.031168       -0.055305
     C   22       -0.031168       -0.022696        0.080120
     C   22       -0.055305        0.080120        0.089964
 
     C   23        0.043178        0.150062       -0.066596
     C   23        0.150062       -0.012847        0.072627
     C   23       -0.066596        0.072627       -0.030331
 
     Cl  24        1.526416        2.470921       -0.157321
     Cl  24        2.470921        0.088836       -0.008879
     Cl  24       -0.157321       -0.008879       -1.615253
 
     ----- total EFG -----
     Cl   1        1.074847       -2.536502       -0.285936
     Cl   1       -2.536502        0.561887       -0.089005
     Cl   1       -0.285936       -0.089005       -1.636734
 
     C    2        0.049033       -0.162493       -0.166720
     C    2       -0.162493       -0.005806       -0.188423
     C    2       -0.166720       -0.188423       -0.043226
 
     C    3       -0.090232        0.099779       -0.132718
     C    3        0.099779       -0.045921       -0.162961
     C    3       -0.132718       -0.162961        0.136153
 
     H    4        0.136852        0.082784        0.193502
     H    4        0.082784       -0.116766        0.065519
     H    4        0.193502        0.065519       -0.020086
 
     C    5       -0.111908        0.098086       -0.128116
     C    5        0.098086       -0.056334       -0.189685
     C    5       -0.128116       -0.189685        0.168242
 
     H    6       -0.146902       -0.012913       -0.002127
     H    6       -0.012913        0.179412        0.193471
     H    6       -0.002127        0.193471       -0.032510
 
     H    7       -0.136432       -0.036636        0.023674
     H    7       -0.036636        0.196186       -0.176365
     H    7        0.023674       -0.176365       -0.059755
 
     C    8       -0.117805       -0.063628       -0.104590
     C    8       -0.063628       -0.087328        0.182809
     C    8       -0.104590        0.182809        0.205132
 
     H    9        0.200751       -0.098226        0.147039
     H    9       -0.098226       -0.112716       -0.047111
     H    9        0.147039       -0.047111       -0.088035
 
     C   10       -0.147947       -0.059588       -0.103411
     C   10       -0.059588       -0.062894        0.163964
     C   10       -0.103411        0.163964        0.210841
 
     C   11        0.049375        0.264481       -0.162303
     C   11        0.264481       -0.028256        0.150546
     C   11       -0.162303        0.150546       -0.021119
 
     Cl  12        1.162970        2.710336       -0.431359
     Cl  12        2.710336        0.469945       -0.183719
     Cl  12       -0.431359       -0.183719       -1.632915
 
     H   13       -0.145062       -0.013937       -0.006179
     H   13       -0.013937        0.162219        0.200574
     H   13       -0.006179        0.200574       -0.017157
 
     C   14       -0.091124        0.117202       -0.138794
     C   14        0.117202       -0.035524       -0.172273
     C   14       -0.138794       -0.172273        0.126647
 
     H   15        0.117944        0.070677        0.194160
     H   15        0.070677       -0.117775        0.062652
     H   15        0.194160        0.062652       -0.000169
 
     C   16       -0.110874        0.112221       -0.166275
     C   16        0.112221       -0.005487       -0.210475
     C   16       -0.166275       -0.210475        0.116361
 
     C   17        0.155037       -0.271130       -0.177803
     C   17       -0.271130       -0.024470       -0.175687
     C   17       -0.177803       -0.175687       -0.130567
 
     Cl  18        1.972634       -2.486590       -0.874559
     Cl  18       -2.486590       -0.268046        0.426380
     Cl  18       -0.874559        0.426380       -1.704588
 
     H   19       -0.140230       -0.025655        0.019706
     H   19       -0.025655        0.171711       -0.190894
     H   19        0.019706       -0.190894       -0.031481
 
     C   20       -0.122914       -0.078603       -0.108063
     C   20       -0.078603       -0.071009        0.192034
     C   20       -0.108063        0.192034        0.193923
 
     H   21        0.202443       -0.081358        0.161123
     H   21       -0.081358       -0.125741       -0.043495
     H   21        0.161123       -0.043495       -0.076702
 
     C   22       -0.140684       -0.075991       -0.117303
     C   22       -0.075991       -0.060377        0.180004
     C   22       -0.117303        0.180004        0.201062
 
     C   23        0.063844        0.284178       -0.147951
     C   23        0.284178       -0.032756        0.167211
     C   23       -0.147951        0.167211       -0.031088
 
     Cl  24        1.672872        2.704615       -0.169426
     Cl  24        2.704615        0.098851       -0.010903
     Cl  24       -0.169426       -0.010903       -1.771723
 
     ----- total EFG (symmetrized) -----
     Cl   1        1.074847       -2.536502       -0.285936
     Cl   1       -2.536502        0.561887       -0.089005
     Cl   1       -0.285936       -0.089005       -1.636734
 
     C    2        0.049033       -0.162493       -0.166720
     C    2       -0.162493       -0.005806       -0.188423
     C    2       -0.166720       -0.188423       -0.043226
 
     C    3       -0.090232        0.099779       -0.132718
     C    3        0.099779       -0.045921       -0.162961
     C    3       -0.132718       -0.162961        0.136153
 
     H    4        0.136852        0.082784        0.193502
     H    4        0.082784       -0.116766        0.065519
     H    4        0.193502        0.065519       -0.020086
 
     C    5       -0.111908        0.098086       -0.128116
     C    5        0.098086       -0.056334       -0.189685
     C    5       -0.128116       -0.189685        0.168242
 
     H    6       -0.146902       -0.012913       -0.002127
     H    6       -0.012913        0.179412        0.193471
     H    6       -0.002127        0.193471       -0.032510
 
     H    7       -0.136432       -0.036636        0.023674
     H    7       -0.036636        0.196186       -0.176365
     H    7        0.023674       -0.176365       -0.059755
 
     C    8       -0.117805       -0.063628       -0.104590
     C    8       -0.063628       -0.087328        0.182809
     C    8       -0.104590        0.182809        0.205132
 
     H    9        0.200751       -0.098226        0.147039
     H    9       -0.098226       -0.112716       -0.047111
     H    9        0.147039       -0.047111       -0.088035
 
     C   10       -0.147947       -0.059588       -0.103411
     C   10       -0.059588       -0.062894        0.163964
     C   10       -0.103411        0.163964        0.210841
 
     C   11        0.049375        0.264481       -0.162303
     C   11        0.264481       -0.028256        0.150546
     C   11       -0.162303        0.150546       -0.021119
 
     Cl  12        1.162970        2.710336       -0.431359
     Cl  12        2.710336        0.469945       -0.183719
     Cl  12       -0.431359       -0.183719       -1.632915
 
     H   13       -0.145062       -0.013937       -0.006179
     H   13       -0.013937        0.162219        0.200574
     H   13       -0.006179        0.200574       -0.017157
 
     C   14       -0.091124        0.117202       -0.138794
     C   14        0.117202       -0.035524       -0.172273
     C   14       -0.138794       -0.172273        0.126647
 
     H   15        0.117944        0.070677        0.194160
     H   15        0.070677       -0.117775        0.062652
     H   15        0.194160        0.062652       -0.000169
 
     C   16       -0.110874        0.112221       -0.166275
     C   16        0.112221       -0.005487       -0.210475
     C   16       -0.166275       -0.210475        0.116361
 
     C   17        0.155037       -0.271130       -0.177803
     C   17       -0.271130       -0.024470       -0.175687
     C   17       -0.177803       -0.175687       -0.130567
 
     Cl  18        1.972634       -2.486590       -0.874559
     Cl  18       -2.486590       -0.268046        0.426380
     Cl  18       -0.874559        0.426380       -1.704588
 
     H   19       -0.140230       -0.025655        0.019706
     H   19       -0.025655        0.171711       -0.190894
     H   19        0.019706       -0.190894       -0.031481
 
     C   20       -0.122914       -0.078603       -0.108063
     C   20       -0.078603       -0.071009        0.192034
     C   20       -0.108063        0.192034        0.193923
 
     H   21        0.202443       -0.081358        0.161123
     H   21       -0.081358       -0.125741       -0.043495
     H   21        0.161123       -0.043495       -0.076702
 
     C   22       -0.140684       -0.075991       -0.117303
     C   22       -0.075991       -0.060377        0.180004
     C   22       -0.117303        0.180004        0.201062
 
     C   23        0.063844        0.284178       -0.147951
     C   23        0.284178       -0.032756        0.167211
     C   23       -0.147951        0.167211       -0.031088
 
     Cl  24        1.672872        2.704615       -0.169426
     Cl  24        2.704615        0.098851       -0.010903
     Cl  24       -0.169426       -0.010903       -1.771723
 
 
     NQR/NMR SPECTROSCOPIC PARAMETERS:
     Cl   1    Vxx=   -1.4247    axis=( -0.413560 -0.493767  0.764959)
     Cl   1    Vyy=   -1.9478    axis=(  0.526923  0.555378  0.643356)
     Cl   1    Vzz=    3.3725    axis=( -0.742510  0.669141  0.030495)
     Cl   1  Q=        -8.1650 1e-30 m^2  Cq=       -64.6988 MHz  eta= 0.15510
 
     C    2    Vxx=    0.1624    axis=( -0.266249 -0.593474  0.759539)
     C    2    Vyy=    0.1872    axis=(  0.821576 -0.551826 -0.143180)
     C    2    Vzz=   -0.3497    axis=(  0.504107  0.585898  0.634507)
     C    2  Q=         1.0000 1e-30 m^2  Cq=        -0.8216 MHz  eta= 0.07089
 
     C    3    Vxx=   -0.1311    axis=(  0.472891  0.628172  0.617879)
     C    3    Vyy=   -0.1703    axis=( -0.790698  0.611971 -0.017008)
     C    3    Vzz=    0.3014    axis=( -0.388807 -0.480512  0.786090)
     C    3  Q=         1.0000 1e-30 m^2  Cq=         0.7082 MHz  eta= 0.13010
 
     H    4    Vxx=   -0.1386    axis=( -0.481576  0.807846  0.339809)
     H    4    Vyy=   -0.1556    axis=( -0.355858 -0.534573  0.766548)
     H    4    Vzz=    0.2942    axis=( -0.800905 -0.248228 -0.544917)
     H    4  Q=         1.0000 1e-30 m^2  Cq=         0.6912 MHz  eta= 0.05797
 
     C    5    Vxx=   -0.1463    axis=(  0.622775  0.531499  0.574160)
     C    5    Vyy=   -0.1875    axis=( -0.705524  0.698715  0.118463)
     C    5    Vzz=    0.3338    axis=( -0.338211 -0.478860  0.810128)
     C    5  Q=         1.0000 1e-30 m^2  Cq=         0.7844 MHz  eta= 0.12348
 
     H    6    Vxx=   -0.1424    axis=(  0.703009 -0.345473  0.621633)
     H    6    Vyy=   -0.1519    axis=(  0.710644  0.375198 -0.595156)
     H    6    Vzz=    0.2944    axis=( -0.027625  0.860160  0.509276)
     H    6  Q=         1.0000 1e-30 m^2  Cq=         0.6917 MHz  eta= 0.03228
 
     H    7    Vxx=   -0.1390    axis=( -0.919039 -0.257479 -0.298450)
     H    7    Vyy=   -0.1515    axis=( -0.380976  0.386004  0.840153)
     H    7    Vzz=    0.2905    axis=(  0.101119 -0.885836  0.452846)
     H    7  Q=         1.0000 1e-30 m^2  Cq=         0.6826 MHz  eta= 0.04307
 
     C    8    Vxx=   -0.1465    axis=(  0.893335 -0.230724  0.385642)
     C    8    Vyy=   -0.1799    axis=( -0.363210 -0.876029  0.317256)
     C    8    Vzz=    0.3264    axis=( -0.264635  0.423485  0.866388)
     C    8  Q=         1.0000 1e-30 m^2  Cq=         0.7670 MHz  eta= 0.10229
 
     H    9    Vxx=   -0.1393    axis=(  0.389633  0.861457 -0.325695)
     H    9    Vyy=   -0.1524    axis=( -0.239746  0.436326  0.867261)
     H    9    Vzz=    0.2917    axis=( -0.889217  0.259830 -0.376538)
     H    9  Q=         1.0000 1e-30 m^2  Cq=         0.6854 MHz  eta= 0.04474
 
     C   10    Vxx=   -0.1373    axis=( -0.224466  0.854187 -0.469019)
     C   10    Vyy=   -0.1807    axis=(  0.942544  0.312519  0.118078)
     C   10    Vzz=    0.3179    axis=( -0.247438  0.415566  0.875259)
     C   10  Q=         1.0000 1e-30 m^2  Cq=         0.7470 MHz  eta= 0.13650
 
     C   11    Vxx=    0.1081    axis=( -0.242704  0.467698  0.849914)
     C   11    Vyy=    0.2807    axis=(  0.781510  0.613327 -0.114337)
     C   11    Vzz=   -0.3888    axis=( -0.574750  0.636466 -0.514368)
     C   11  Q=         1.0000 1e-30 m^2  Cq=        -0.9134 MHz  eta= 0.44401
 
     Cl  12    Vxx=   -1.6024    axis=( -0.221249  0.369383  0.902554)
     Cl  12    Vyy=   -1.9845    axis=(  0.624074 -0.657547  0.422094)
     Cl  12    Vzz=    3.5868    axis=( -0.749386 -0.656649  0.085041)
     Cl  12  Q=        -8.1650 1e-30 m^2  Cq=       -68.8119 MHz  eta= 0.10653
 
     H   13    Vxx=   -0.1439    axis=(  0.811046 -0.294349  0.505532)
     H   13    Vyy=   -0.1489    axis=( -0.583972 -0.458167  0.670119)
     H   13    Vzz=    0.2928    axis=( -0.034369  0.838714  0.543486)
     H   13  Q=         1.0000 1e-30 m^2  Cq=         0.6879 MHz  eta= 0.01725
 
     C   14    Vxx=   -0.1320    axis=(  0.451098  0.611952  0.649635)
     C   14    Vyy=   -0.1838    axis=( -0.795042  0.606257 -0.019023)
     C   14    Vzz=    0.3158    axis=( -0.405486 -0.507906  0.760008)
     C   14  Q=         1.0000 1e-30 m^2  Cq=         0.7421 MHz  eta= 0.16404
 
     H   15    Vxx=   -0.1336    axis=(  0.510600 -0.770798 -0.380996)
     H   15    Vyy=   -0.1503    axis=(  0.362621  0.594823 -0.717420)
     H   15    Vzz=    0.2839    axis=( -0.779611 -0.228158 -0.583224)
     H   15  Q=         1.0000 1e-30 m^2  Cq=         0.6670 MHz  eta= 0.05857
 
     C   16    Vxx=   -0.1612    axis=( -0.235531  0.837125  0.493708)
     C   16    Vyy=   -0.1987    axis=( -0.889419  0.019097 -0.456693)
     C   16    Vzz=    0.3599    axis=( -0.391738 -0.546679  0.740057)
     C   16  Q=         1.0000 1e-30 m^2  Cq=         0.8455 MHz  eta= 0.10412
 
     C   17    Vxx=    0.0716    axis=( -0.284546 -0.585438  0.759142)
     C   17    Vyy=    0.3554    axis=( -0.832065  0.544115  0.107732)
     C   17    Vzz=   -0.4269    axis=( -0.476131 -0.601001 -0.641948)
     C   17  Q=         1.0000 1e-30 m^2  Cq=        -1.0031 MHz  eta= 0.66474
 
     Cl  18    Vxx=   -1.7606    axis=(  0.278649  0.662793 -0.695025)
     Cl  18    Vyy=   -1.9902    axis=( -0.484958 -0.527542 -0.697506)
     Cl  18    Vzz=    3.7507    axis=(  0.828957 -0.531418 -0.174428)
     Cl  18  Q=        -8.1650 1e-30 m^2  Cq=       -71.9559 MHz  eta= 0.06121
 
     H   19    Vxx=   -0.1403    axis=(  0.842997  0.329456  0.425224)
     H   19    Vyy=   -0.1485    axis=(  0.532705 -0.401508 -0.744994)
     H   19    Vzz=    0.2888    axis=(  0.074712 -0.854546  0.513973)
     H   19  Q=         1.0000 1e-30 m^2  Cq=         0.6785 MHz  eta= 0.02817
 
     C   20    Vxx=   -0.1472    axis=( -0.765004  0.426615 -0.482461)
     C   20    Vyy=   -0.1859    axis=(  0.580526  0.781150 -0.229770)
     C   20    Vzz=    0.3331    axis=( -0.278851  0.455856  0.845244)
     C   20  Q=         1.0000 1e-30 m^2  Cq=         0.7827 MHz  eta= 0.11610
 
     H   21    Vxx=   -0.1420    axis=(  0.395262  0.807931 -0.437054)
     H   21    Vyy=   -0.1541    axis=( -0.236770  0.549333  0.801357)
     H   21    Vzz=    0.2961    axis=( -0.887529  0.213265 -0.408424)
     H   21  Q=         1.0000 1e-30 m^2  Cq=         0.6958 MHz  eta= 0.04089
 
     C   22    Vxx=   -0.1466    axis=( -0.352755  0.777058 -0.521292)
     C   22    Vyy=   -0.1870    axis=(  0.892366  0.446975  0.062420)
     C   22    Vzz=    0.3336    axis=( -0.281508  0.443165  0.851092)
     C   22  Q=         1.0000 1e-30 m^2  Cq=         0.7838 MHz  eta= 0.12085
 
     C   23    Vxx=    0.1018    axis=( -0.313429  0.405241  0.858803)
     C   23    Vyy=    0.3039    axis=( -0.769054 -0.638846  0.020776)
     C   23    Vzz=   -0.4057    axis=(  0.557062 -0.653954  0.511885)
     C   23  Q=         1.0000 1e-30 m^2  Cq=        -0.9533 MHz  eta= 0.49812
 
     Cl  24    Vxx=   -1.7320    axis=( -0.235133  0.352746  0.905695)
     Cl  24    Vyy=   -1.9744    axis=(  0.552297 -0.718278  0.423137)
     Cl  24    Vzz=    3.7063    axis=( -0.799800 -0.599706  0.025930)
     Cl  24  Q=        -8.1650 1e-30 m^2  Cq=       -71.1043 MHz  eta= 0.06539
 
     Initialization:
     gipaw_setup  :      0.17s CPU      0.30s WALL (       1 calls)
 
     Linear response
 
     Apply operators
 
     Induced current
 
     Other routines
     efg          :      0.62s CPU      0.75s WALL (       1 calls)
 
     General routines
     calbec       :      0.06s CPU      0.05s WALL (      16 calls)
     fft          :      0.06s CPU      0.08s WALL (      15 calls)
     ffts         :      0.01s CPU      0.00s WALL (       2 calls)
     fftw         :      0.37s CPU      0.39s WALL (     672 calls)
     davcio       :      0.02s CPU      0.09s WALL (      32 calls)
 
     Parallel routines
     fft_scatter  :      0.26s CPU      0.27s WALL (     689 calls)
 
     Plugins
 
     GIPAW        :      3.78s CPU      5.16s WALL (       1 calls)
