
     Program QE v.6.0 starts on 20May2017 at 15:58:10 

     This program is part of the open-source Quantum ESPRESSO suite
     for quantum simulation of materials; please cite
         "P. Giannozzi et al., J. Phys.:Condens. Matter 21 395502 (2009);
          URL http://www.quantum-espresso.org", 
     in publications or presentations arising from this work. More details at
     http://www.quantum-espresso.org/quote
 
           ARCH :    x86_64
             CC :    icc
            CPP :    cpp
            F90 :    ifort
            F77 :    ifort
         DFLAGS :    -D__INTEL -D__DFTI
      BLAS LIBS :    -lmkl_intel_lp64  -lmkl_sequential -lmkl_core
    LAPACK LIBS :    
       FFT LIBS :    
      MASS LIBS :    

     Parallel version (MPI & OpenMP), running on      32 processor cores
     Number of MPI processes:                32
     Threads/MPI process:                     1
     R & G space division:  proc/nbgrp/npool/nimage =      32
 
     ***** This is GIPAW svn revision unknown      *****
 
     Parallelizing q-star over 1 images

     Reading data from directory:
     ./scratch/scf-1946.save

   Info: using nr1, nr2, nr3 values from input

   Info: using nr1, nr2, nr3 values from input

     IMPORTANT: XC functional enforced from input :
     Exchange-correlation      =  SLA  PW   PBX  PBC ( 1  4  3  4 0 0)
     Any further DFT definition will be discarded
     Please, verify this is what you really want

               file C.pbe-n-kjpaw_psl.1.0.0.UPF: wavefunction(s)  2S 2P renormalized
               file Cl.pbe-n-kjpaw_psl.1.0.0.UPF: wavefunction(s)  3S 3P renormalized
               file H.pbe-kjpaw_psl.1.0.0.UPF: wavefunction(s)  1S renormalized
 
     Parallelization info
     --------------------
     sticks:   dense  smooth     PW     G-vecs:    dense   smooth      PW
     Min         764     305     83                36108     9133    1292
     Max         765     306     84                36110     9135    1293
     Sum       24467    9791   2657              1155489   292295   41363
 

     Subspace diagonalization in iterative solution of the eigenvalue problem:
     a serial algorithm will be used

     GIPAW projectors -----------------------------------------------
     atom=  C    l=0  rc=    1.2000  rs=    0.8000
     atom=  C    l=0  rc=    1.2000  rs=    0.8000
     atom=  C    l=1  rc=    1.4000  rs=    0.9333
     atom=  C    l=1  rc=    1.4000  rs=    0.9333
     projs nearly linearly dependent: l=1  n1,n2= 1, 2  s=  0.99951561
 
     atom=  Cl   l=0  rc=    1.6000  rs=    1.0667
     atom=  Cl   l=0  rc=    1.6000  rs=    1.0667
     atom=  Cl   l=1  rc=    1.6000  rs=    1.0667
     atom=  Cl   l=1  rc=    1.6000  rs=    1.0667
     atom=  Cl   l=2  rc=    1.6000  rs=    1.0667
     atom=  Cl   l=2  rc=    1.6000  rs=    1.0667
     projs nearly linearly dependent: l=2  n1,n2= 1, 2  s=  0.99993509
 
     atom=  H    l=0  rc=    1.0000  rs=    0.6667
     atom=  H    l=0  rc=    1.0000  rs=    0.6667
     projs nearly linearly dependent: l=0  n1,n2= 1, 2  s=  0.99968852
     -----------------------------------------------------------------
 
     GIPAW integrals: -------------------------------------------
     Atom  i/j   nmr_para   nmr_dia   epr_rmc  epr_para   epr_dia
       C   1 1   0.83E+03  0.17E-01  0.93E+01  0.24E+08  0.24E+03
       C   2 1   0.86E+03 -0.61E-01  0.94E+01  0.25E+08  0.25E+03
       C   2 2   0.90E+03 -0.15E+00  0.97E+01  0.26E+08  0.26E+03
       C   3 3   0.33E+01  0.34E+00  0.18E+01  0.55E+03  0.21E+02
       C   4 3   0.35E+01  0.37E+00  0.20E+01  0.59E+03  0.22E+02
       C   4 4   0.38E+01  0.39E+00  0.22E+01  0.63E+03  0.24E+02
       Cl  1 1   0.14E+04 -0.47E+00  0.84E+01  0.32E+09  0.42E+03
       Cl  2 1   0.21E+04 -0.37E+00  0.12E+02  0.49E+09  0.65E+03
       Cl  2 2   0.33E+04 -0.16E+00  0.21E+02  0.76E+09  0.10E+04
       Cl  3 3   0.21E+02  0.79E-01  0.89E+01  0.23E+05  0.13E+03
       Cl  4 3   0.24E+02  0.67E-01  0.99E+01  0.27E+05  0.15E+03
       Cl  4 4   0.28E+02  0.44E-01  0.11E+02  0.32E+05  0.18E+03
       Cl  5 5   0.77E+00  0.19E+00  0.18E+01  0.12E+03  0.22E+02
       Cl  6 5   0.80E+00  0.19E+00  0.19E+01  0.12E+03  0.23E+02
       Cl  6 6   0.83E+00  0.20E+00  0.19E+01  0.12E+03  0.23E+02
       H   1 1   0.39E+02  0.19E+00  0.29E+00  0.78E+05  0.13E+02
       H   2 1   0.41E+02  0.21E+00  0.32E+00  0.82E+05  0.14E+02
       H   2 2   0.43E+02  0.22E+00  0.36E+00  0.86E+05  0.15E+02
     ------------------------------------------------------------
 
     alpha_pv=     34.5913 eV
 
     Number of occupied bands for each k-point:
     k-point:     1    nbnd_occ=  42
     k-point:     2    nbnd_occ=  42
     k-point:     3    nbnd_occ=  42
     k-point:     4    nbnd_occ=  42
     k-point:     5    nbnd_occ=  42
     k-point:     6    nbnd_occ=  42
     k-point:     7    nbnd_occ=  42
     k-point:     8    nbnd_occ=  42
     k-point:     9    nbnd_occ=  42
     k-point:    10    nbnd_occ=  42
     k-point:    11    nbnd_occ=  42
     k-point:    12    nbnd_occ=  42
     k-point:    13    nbnd_occ=  42
     k-point:    14    nbnd_occ=  42
     k-point:    15    nbnd_occ=  42
     k-point:    16    nbnd_occ=  42
 
 
     q-space interpolation up to   110.00 Rydberg
 
     GIPAW job: efg                                                                             
 
 
     ELECTRIC FIELD GRADIENTS TENSORS IN Hartree/bohrradius^2:
 
     ----- bare term -----
     Cl   1       -0.039079        0.029645       -0.017593
     Cl   1        0.029645        0.002971       -0.010120
     Cl   1       -0.017593       -0.010120        0.036108
 
     C    2       -0.293739        0.087607       -0.245480
     C    2        0.087607       -0.139324       -0.537410
     C    2       -0.245480       -0.537410        0.433063
 
     C    3       -0.296413        0.270480       -0.172696
     C    3        0.270480       -0.178368       -0.507969
     C    3       -0.172696       -0.507969        0.474781
 
     H    4       -0.411117       -0.314181       -0.436904
     H    4       -0.314181        0.261735       -0.237071
     H    4       -0.436904       -0.237071        0.149382
 
     C    5       -0.412918        0.181660       -0.270021
     C    5        0.181660       -0.078582       -0.427713
     C    5       -0.270021       -0.427713        0.491500
 
     H    6        0.375676       -0.001051       -0.011418
     H    6       -0.001051       -0.521745       -0.491916
     H    6       -0.011418       -0.491916        0.146069
 
     H    7        0.359346       -0.089534        0.025273
     H    7       -0.089534       -0.476513        0.505135
     H    7        0.025273        0.505135        0.117167
 
     C    8       -0.321268       -0.262694       -0.424609
     C    8       -0.262694       -0.027586        0.379795
     C    8       -0.424609        0.379795        0.348854
 
     H    9       -0.236143        0.317280       -0.529451
     H    9        0.317280        0.247363        0.292340
     H    9       -0.529451        0.292340       -0.011221
 
     C   10       -0.183185       -0.290333       -0.319093
     C   10       -0.290333       -0.149132        0.467913
     C   10       -0.319093        0.467913        0.332318
 
     C   11       -0.042763       -0.145201       -0.332896
     C   11       -0.145201       -0.160486        0.554316
     C   11       -0.332896        0.554316        0.203249
 
     Cl  12       -0.036792       -0.005683       -0.050851
     Cl  12       -0.005683        0.046347       -0.021692
     Cl  12       -0.050851       -0.021692       -0.009555
 
     H   13        0.364337       -0.027319       -0.008922
     H   13       -0.027319       -0.534082       -0.486558
     H   13       -0.008922       -0.486558        0.169746
 
     C   14       -0.450140        0.137172       -0.256349
     C   14        0.137172       -0.060530       -0.428875
     C   14       -0.256349       -0.428875        0.510670
 
     H   15       -0.437348       -0.330428       -0.433791
     H   15       -0.330428        0.230584       -0.217601
     H   15       -0.433791       -0.217601        0.206765
 
     C   16       -0.329773        0.226814       -0.192090
     C   16        0.226814       -0.179668       -0.475289
     C   16       -0.192090       -0.475289        0.509440
 
     C   17       -0.111654       -0.052673       -0.296047
     C   17       -0.052673       -0.212119       -0.491155
     C   17       -0.296047       -0.491155        0.323772
 
     Cl  18       -0.008659       -0.070287       -0.026501
     Cl  18       -0.070287        0.041711        0.002611
     Cl  18       -0.026501        0.002611       -0.033052
 
     H   19        0.332608       -0.107807        0.029308
     H   19       -0.107807       -0.426189        0.514514
     H   19        0.029308        0.514514        0.093581
 
     C   20       -0.338980       -0.304335       -0.426855
     C   20       -0.304335        0.001907        0.378287
     C   20       -0.426855        0.378287        0.337073
 
     H   21       -0.252402        0.260754       -0.537717
     H   21        0.260754        0.265034        0.266229
     H   21       -0.537717        0.266229       -0.012633
 
     C   22       -0.193248       -0.339607       -0.338461
     C   22       -0.339607       -0.123833        0.473496
     C   22       -0.338461        0.473496        0.317081
 
     C   23       -0.064267       -0.097763       -0.374756
     C   23       -0.097763       -0.114248        0.529689
     C   23       -0.374756        0.529689        0.178515
 
     Cl  24       -0.020698        0.038723       -0.023286
     Cl  24        0.038723        0.032835        0.017930
     Cl  24       -0.023286        0.017930       -0.012136
 
     ----- ionic term -----
     Cl   1        0.206491       -0.226073       -0.010061
     Cl   1       -0.226073       -0.039070        0.007134
     Cl   1       -0.010061        0.007134       -0.167420
 
     C    2        0.318538       -0.165669        0.179780
     C    2       -0.165669        0.089391        0.430309
     C    2        0.179780        0.430309       -0.407929
 
     C    3        0.212904       -0.231162        0.117588
     C    3       -0.231162        0.157439        0.405978
     C    3        0.117588        0.405978       -0.370343
 
     H    4        0.575761        0.431850        0.593093
     H    4        0.431850       -0.350607        0.304871
     H    4        0.593093        0.304871       -0.225155
 
     C    5        0.330565       -0.136392        0.207377
     C    5       -0.136392        0.053437        0.324866
     C    5        0.207377        0.324866       -0.384002
 
     H    6       -0.521907       -0.007801        0.005240
     H    6       -0.007801        0.711851        0.680475
     H    6        0.005240        0.680475       -0.189943
 
     H    7       -0.502847        0.140737       -0.053557
     H    7        0.140737        0.660913       -0.696083
     H    7       -0.053557       -0.696083       -0.158066
 
     C    8        0.266700        0.202029        0.337818
     C    8        0.202029        0.010822       -0.287347
     C    8        0.337818       -0.287347       -0.277522
 
     H    9        0.337178       -0.419562        0.712321
     H    9       -0.419562       -0.336844       -0.379680
     H    9        0.712321       -0.379680       -0.000335
 
     C   10        0.124203        0.241136        0.234833
     C   10        0.241136        0.134919       -0.374451
     C   10        0.234833       -0.374451       -0.259123
 
     C   11        0.099651        0.237267        0.254232
     C   11        0.237267        0.137845       -0.439736
     C   11        0.254232       -0.439736       -0.237496
 
     Cl  12        0.133277        0.242301        0.013005
     Cl  12        0.242301        0.010129        0.004688
     Cl  12        0.013005        0.004688       -0.143406
 
     H   13       -0.510271        0.012846        0.001743
     H   13        0.012846        0.733210        0.668234
     H   13        0.001743        0.668234       -0.222940
 
     C   14        0.364212       -0.104532        0.201443
     C   14       -0.104532        0.037359        0.331246
     C   14        0.201443        0.331246       -0.401571
 
     H   15        0.599463        0.451609        0.589435
     H   15        0.451609       -0.321832        0.287701
     H   15        0.589435        0.287701       -0.277631
 
     C   16        0.234587       -0.194357        0.127664
     C   16       -0.194357        0.156824        0.382434
     C   16        0.127664        0.382434       -0.391411
 
     C   17        0.186860       -0.092428        0.230461
     C   17       -0.092428        0.162303        0.387332
     C   17        0.230461        0.387332       -0.349163
 
     Cl  18        0.135565       -0.180510        0.028716
     Cl  18       -0.180510       -0.003336       -0.010821
     Cl  18        0.028716       -0.010821       -0.132229
 
     H   19       -0.475347        0.163701       -0.062793
     H   19        0.163701        0.594234       -0.710382
     H   19       -0.062793       -0.710382       -0.118887
 
     C   20        0.272888        0.238328        0.340616
     C   20        0.238328       -0.011581       -0.283413
     C   20        0.340616       -0.283413       -0.261307
 
     H   21        0.342748       -0.360000        0.727513
     H   21       -0.360000       -0.361912       -0.356219
     H   21        0.727513       -0.356219        0.019164
 
     C   22        0.135056        0.277623        0.241579
     C   22        0.277623        0.103068       -0.374453
     C   22        0.241579       -0.374453       -0.238124
 
     C   23        0.126854        0.203295        0.309590
     C   23        0.203295        0.092989       -0.403750
     C   23        0.309590       -0.403750       -0.219843
 
     Cl  24        0.142037        0.198606        0.064326
     Cl  24        0.198606        0.000159        0.031218
     Cl  24        0.064326        0.031218       -0.142196
 
     ----- GIPAW term -----
     Cl   1        1.742565       -2.067034       -0.340815
     Cl   1       -2.067034       -0.364568       -0.039671
     Cl   1       -0.340815       -0.039671       -1.377996
 
     C    2        0.052155       -0.096895       -0.056156
     C    2       -0.096895       -0.046975       -0.082902
     C    2       -0.056156       -0.082902       -0.005180
 
     C    3       -0.072302        0.024194       -0.049970
     C    3        0.024194       -0.011802       -0.082750
     C    3       -0.049970       -0.082750        0.084105
 
     H    4        0.000000       -0.000000       -0.000000
     H    4       -0.000000        0.000000        0.000000
     H    4       -0.000000        0.000000       -0.000000
 
     C    5       -0.055685        0.035728       -0.046637
     C    5        0.035728       -0.029469       -0.087673
     C    5       -0.046637       -0.087673        0.085153
 
     H    6        0.000000       -0.000000       -0.000000
     H    6       -0.000000        0.000000        0.000000
     H    6       -0.000000        0.000000       -0.000000
 
     H    7        0.000000       -0.000000       -0.000000
     H    7       -0.000000        0.000000        0.000000
     H    7       -0.000000        0.000000       -0.000000
 
     C    8       -0.030233       -0.049451       -0.063929
     C    8       -0.049451       -0.023493        0.080343
     C    8       -0.063929        0.080343        0.053726
 
     H    9        0.000000       -0.000000       -0.000000
     H    9       -0.000000        0.000000        0.000000
     H    9       -0.000000        0.000000       -0.000000
 
     C   10       -0.049635       -0.031966       -0.073496
     C   10       -0.031966       -0.004225        0.077299
     C   10       -0.073496        0.077299        0.053859
 
     C   11        0.070446        0.115199       -0.064337
     C   11        0.115199       -0.013126        0.088732
     C   11       -0.064337        0.088732       -0.057321
 
     Cl  12        0.955962        2.500466       -0.463312
     Cl  12        2.500466        0.632860       -0.179357
     Cl  12       -0.463312       -0.179357       -1.588822
 
     H   13        0.000000       -0.000000       -0.000000
     H   13       -0.000000        0.000000        0.000000
     H   13       -0.000000        0.000000       -0.000000
 
     C   14       -0.058390        0.026979       -0.040749
     C   14        0.026979       -0.026719       -0.081559
     C   14       -0.040749       -0.081559        0.085109
 
     H   15        0.000000       -0.000000       -0.000000
     H   15       -0.000000        0.000000        0.000000
     H   15       -0.000000        0.000000       -0.000000
 
     C   16       -0.083323        0.016174       -0.058797
     C   16        0.016174       -0.009448       -0.073725
     C   16       -0.058797       -0.073725        0.092772
 
     C   17        0.086406       -0.159758       -0.048344
     C   17       -0.159758       -0.033120       -0.080131
     C   17       -0.048344       -0.080131       -0.053286
 
     Cl  18        1.297694       -2.646887       -0.009172
     Cl  18       -2.646887        0.423979       -0.092847
     Cl  18       -0.009172       -0.092847       -1.721673
 
     H   19        0.000000       -0.000000       -0.000000
     H   19       -0.000000        0.000000        0.000000
     H   19       -0.000000        0.000000       -0.000000
 
     C   20       -0.044435       -0.054865       -0.063225
     C   20       -0.054865       -0.016118        0.080706
     C   20       -0.063225        0.080706        0.060553
 
     H   21        0.000000       -0.000000       -0.000000
     H   21       -0.000000        0.000000        0.000000
     H   21       -0.000000        0.000000       -0.000000
 
     C   22       -0.048397       -0.043664       -0.084429
     C   22       -0.043664       -0.012414        0.081876
     C   22       -0.084429        0.081876        0.060811
 
     C   23        0.076935        0.126564       -0.040111
     C   23        0.126564       -0.014845        0.107027
     C   23       -0.040111        0.107027       -0.062090
 
     Cl  24        1.253836        2.493059        0.395966
     Cl  24        2.493059        0.359389        0.527741
     Cl  24        0.395966        0.527741       -1.613225
 
     ----- total EFG -----
     Cl   1        1.909976       -2.263462       -0.368468
     Cl   1       -2.263462       -0.400667       -0.042658
     Cl   1       -0.368468       -0.042658       -1.509308
 
     C    2        0.076954       -0.174957       -0.121856
     C    2       -0.174957       -0.096908       -0.190003
     C    2       -0.121856       -0.190003        0.019954
 
     C    3       -0.155811        0.063512       -0.105078
     C    3        0.063512       -0.032731       -0.184741
     C    3       -0.105078       -0.184741        0.188542
 
     H    4        0.164644        0.117669        0.156189
     H    4        0.117669       -0.088872        0.067800
     H    4        0.156189        0.067800       -0.075773
 
     C    5       -0.138038        0.080996       -0.109281
     C    5        0.080996       -0.054614       -0.190520
     C    5       -0.109281       -0.190520        0.192652
 
     H    6       -0.146232       -0.008852       -0.006179
     H    6       -0.008852        0.190106        0.188559
     H    6       -0.006179        0.188559       -0.043874
 
     H    7       -0.143501        0.051203       -0.028285
     H    7        0.051203        0.184400       -0.190948
     H    7       -0.028285       -0.190948       -0.040899
 
     C    8       -0.084801       -0.110115       -0.150720
     C    8       -0.110115       -0.040257        0.172791
     C    8       -0.150720        0.172791        0.125058
 
     H    9        0.101036       -0.102282        0.182869
     H    9       -0.102282       -0.089480       -0.087340
     H    9        0.182869       -0.087340       -0.011555
 
     C   10       -0.108617       -0.081163       -0.157756
     C   10       -0.081163       -0.018438        0.170761
     C   10       -0.157756        0.170761        0.127054
 
     C   11        0.127334        0.207265       -0.143001
     C   11        0.207265       -0.035766        0.203312
     C   11       -0.143001        0.203312       -0.091568
 
     Cl  12        1.052447        2.737084       -0.501158
     Cl  12        2.737084        0.689336       -0.196361
     Cl  12       -0.501158       -0.196361       -1.741783
 
     H   13       -0.145934       -0.014473       -0.007179
     H   13       -0.014473        0.199128        0.181676
     H   13       -0.007179        0.181676       -0.053194
 
     C   14       -0.144318        0.059618       -0.095654
     C   14        0.059618       -0.049890       -0.179189
     C   14       -0.095654       -0.179189        0.194208
 
     H   15        0.162115        0.121181        0.155644
     H   15        0.121181       -0.091249        0.070100
     H   15        0.155644        0.070100       -0.070866
 
     C   16       -0.178509        0.048631       -0.123223
     C   16        0.048631       -0.032292       -0.166580
     C   16       -0.123223       -0.166580        0.210801
 
     C   17        0.161613       -0.304858       -0.113930
     C   17       -0.304858       -0.082936       -0.183954
     C   17       -0.113930       -0.183954       -0.078677
 
     Cl  18        1.424599       -2.897685       -0.006958
     Cl  18       -2.897685        0.462354       -0.101056
     Cl  18       -0.006958       -0.101056       -1.886954
 
     H   19       -0.142739        0.055894       -0.033484
     H   19        0.055894        0.168045       -0.195868
     H   19       -0.033484       -0.195868       -0.025306
 
     C   20       -0.110528       -0.120872       -0.149464
     C   20       -0.120872       -0.025791        0.175580
     C   20       -0.149464        0.175580        0.136319
 
     H   21        0.090347       -0.099246        0.189796
     H   21       -0.099246       -0.096878       -0.089990
     H   21        0.189796       -0.089990        0.006531
 
     C   22       -0.106589       -0.105649       -0.181310
     C   22       -0.105649       -0.033179        0.180920
     C   22       -0.181310        0.180920        0.139768
 
     C   23        0.139522        0.232095       -0.105276
     C   23        0.232095       -0.036104        0.232966
     C   23       -0.105276        0.232966       -0.103418
 
     Cl  24        1.375174        2.730387        0.437006
     Cl  24        2.730387        0.392383        0.576889
     Cl  24        0.437006        0.576889       -1.767558
 
     ----- total EFG (symmetrized) -----
     Cl   1        1.909976       -2.263462       -0.368468
     Cl   1       -2.263462       -0.400667       -0.042658
     Cl   1       -0.368468       -0.042658       -1.509308
 
     C    2        0.076954       -0.174957       -0.121856
     C    2       -0.174957       -0.096908       -0.190003
     C    2       -0.121856       -0.190003        0.019954
 
     C    3       -0.155811        0.063512       -0.105078
     C    3        0.063512       -0.032731       -0.184741
     C    3       -0.105078       -0.184741        0.188542
 
     H    4        0.164644        0.117669        0.156189
     H    4        0.117669       -0.088872        0.067800
     H    4        0.156189        0.067800       -0.075773
 
     C    5       -0.138038        0.080996       -0.109281
     C    5        0.080996       -0.054614       -0.190520
     C    5       -0.109281       -0.190520        0.192652
 
     H    6       -0.146232       -0.008852       -0.006179
     H    6       -0.008852        0.190106        0.188559
     H    6       -0.006179        0.188559       -0.043874
 
     H    7       -0.143501        0.051203       -0.028285
     H    7        0.051203        0.184400       -0.190948
     H    7       -0.028285       -0.190948       -0.040899
 
     C    8       -0.084801       -0.110115       -0.150720
     C    8       -0.110115       -0.040257        0.172791
     C    8       -0.150720        0.172791        0.125058
 
     H    9        0.101036       -0.102282        0.182869
     H    9       -0.102282       -0.089480       -0.087340
     H    9        0.182869       -0.087340       -0.011555
 
     C   10       -0.108617       -0.081163       -0.157756
     C   10       -0.081163       -0.018438        0.170761
     C   10       -0.157756        0.170761        0.127054
 
     C   11        0.127334        0.207265       -0.143001
     C   11        0.207265       -0.035766        0.203312
     C   11       -0.143001        0.203312       -0.091568
 
     Cl  12        1.052447        2.737084       -0.501158
     Cl  12        2.737084        0.689336       -0.196361
     Cl  12       -0.501158       -0.196361       -1.741783
 
     H   13       -0.145934       -0.014473       -0.007179
     H   13       -0.014473        0.199128        0.181676
     H   13       -0.007179        0.181676       -0.053194
 
     C   14       -0.144318        0.059618       -0.095654
     C   14        0.059618       -0.049890       -0.179189
     C   14       -0.095654       -0.179189        0.194208
 
     H   15        0.162115        0.121181        0.155644
     H   15        0.121181       -0.091249        0.070100
     H   15        0.155644        0.070100       -0.070866
 
     C   16       -0.178509        0.048631       -0.123223
     C   16        0.048631       -0.032292       -0.166580
     C   16       -0.123223       -0.166580        0.210801
 
     C   17        0.161613       -0.304858       -0.113930
     C   17       -0.304858       -0.082936       -0.183954
     C   17       -0.113930       -0.183954       -0.078677
 
     Cl  18        1.424599       -2.897685       -0.006958
     Cl  18       -2.897685        0.462354       -0.101056
     Cl  18       -0.006958       -0.101056       -1.886954
 
     H   19       -0.142739        0.055894       -0.033484
     H   19        0.055894        0.168045       -0.195868
     H   19       -0.033484       -0.195868       -0.025306
 
     C   20       -0.110528       -0.120872       -0.149464
     C   20       -0.120872       -0.025791        0.175580
     C   20       -0.149464        0.175580        0.136319
 
     H   21        0.090347       -0.099246        0.189796
     H   21       -0.099246       -0.096878       -0.089990
     H   21        0.189796       -0.089990        0.006531
 
     C   22       -0.106589       -0.105649       -0.181310
     C   22       -0.105649       -0.033179        0.180920
     C   22       -0.181310        0.180920        0.139768
 
     C   23        0.139522        0.232095       -0.105276
     C   23        0.232095       -0.036104        0.232966
     C   23       -0.105276        0.232966       -0.103418
 
     Cl  24        1.375174        2.730387        0.437006
     Cl  24        2.730387        0.392383        0.576889
     Cl  24        0.437006        0.576889       -1.767558
 
 
     NQR/NMR SPECTROSCOPIC PARAMETERS:
     Cl   1    Vxx=   -1.3941    axis=( -0.216799 -0.456910  0.862688)
     Cl   1    Vyy=   -1.9195    axis=( -0.475333 -0.722466 -0.502097)
     Cl   1    Vzz=    3.3136    axis=( -0.852676  0.518918  0.060554)
     Cl   1  Q=        -8.1650 1e-30 m^2  Cq=       -63.5703 MHz  eta= 0.15856
 
     C    2    Vxx=    0.1592    axis=( -0.179965 -0.503816  0.844856)
     C    2    Vyy=    0.1857    axis=(  0.874217 -0.475659 -0.097432)
     C    2    Vzz=   -0.3449    axis=(  0.450951  0.721053  0.526047)
     C    2  Q=         1.0000 1e-30 m^2  Cq=        -0.8105 MHz  eta= 0.07686
 
     C    3    Vxx=   -0.1372    axis=(  0.064138  0.859042  0.507871)
     C    3    Vyy=   -0.1874    axis=(  0.966753 -0.179721  0.181902)
     C    3    Vzz=    0.3246    axis=( -0.247537 -0.479319  0.842009)
     C    3  Q=         1.0000 1e-30 m^2  Cq=         0.7627 MHz  eta= 0.15459
 
     H    4    Vxx=   -0.1337    axis=( -0.456645  0.861134  0.223436)
     H    4    Vyy=   -0.1563    axis=( -0.288002 -0.380716  0.878698)
     H    4    Vzz=    0.2900    axis=( -0.841742 -0.336902 -0.421861)
     H    4  Q=         1.0000 1e-30 m^2  Cq=         0.6814 MHz  eta= 0.07815
 
     C    5    Vxx=   -0.1469    axis=(  0.503179  0.674369  0.540404)
     C    5    Vyy=   -0.1877    axis=(  0.819443 -0.570928 -0.050538)
     C    5    Vzz=    0.3346    axis=( -0.274451 -0.468260  0.839887)
     C    5  Q=         1.0000 1e-30 m^2  Cq=         0.7861 MHz  eta= 0.12218
 
     H    6    Vxx=   -0.1461    axis=( -0.927980 -0.200585  0.314037)
     H    6    Vyy=   -0.1492    axis=(  0.371837 -0.443466  0.815521)
     H    6    Vzz=    0.2953    axis=(  0.024317 -0.873558 -0.486113)
     H    6  Q=         1.0000 1e-30 m^2  Cq=         0.6938 MHz  eta= 0.01074
 
     H    7    Vxx=   -0.1495    axis=(  0.442003  0.393232  0.806227)
     H    7    Vyy=   -0.1516    axis=( -0.887482  0.322384  0.329309)
     H    7    Vzz=    0.3011    axis=( -0.130420 -0.861067  0.491481)
     H    7  Q=         1.0000 1e-30 m^2  Cq=         0.7076 MHz  eta= 0.00686
 
     C    8    Vxx=   -0.1441    axis=( -0.361294  0.679495 -0.638556)
     C    8    Vyy=   -0.1757    axis=( -0.833302 -0.542583 -0.105888)
     C    8    Vzz=    0.3197    axis=( -0.418420  0.493853  0.762256)
     C    8  Q=         1.0000 1e-30 m^2  Cq=         0.7513 MHz  eta= 0.09872
 
     H    9    Vxx=   -0.1321    axis=(  0.546252  0.799689 -0.249211)
     H    9    Vyy=   -0.1521    axis=( -0.367632  0.496228  0.786514)
     H    9    Vzz=    0.2843    axis=( -0.752632  0.338017 -0.565057)
     H    9  Q=         1.0000 1e-30 m^2  Cq=         0.6679 MHz  eta= 0.07038
 
     C   10    Vxx=   -0.1258    axis=(  0.271007  0.867646 -0.416828)
     C   10    Vyy=   -0.1879    axis=( -0.881821  0.050165 -0.468909)
     C   10    Vzz=    0.3137    axis=( -0.385937  0.494646  0.778703)
     C   10  Q=         1.0000 1e-30 m^2  Cq=         0.7371 MHz  eta= 0.19783
 
     C   11    Vxx=    0.1179    axis=( -0.347155  0.543267  0.764424)
     C   11    Vyy=    0.2686    axis=( -0.831613 -0.555100  0.016835)
     C   11    Vzz=   -0.3864    axis=(  0.433478 -0.629861  0.644494)
     C   11  Q=         1.0000 1e-30 m^2  Cq=        -0.9080 MHz  eta= 0.39000
 
     Cl  12    Vxx=   -1.6275    axis=( -0.376177  0.509970  0.773577)
     Cl  12    Vyy=   -2.0328    axis=(  0.571524 -0.529434  0.626945)
     Cl  12    Vzz=    3.6603    axis=( -0.729281 -0.677960  0.092299)
     Cl  12  Q=        -8.1650 1e-30 m^2  Cq=       -70.2219 MHz  eta= 0.11073
 
     H   13    Vxx=   -0.1465    axis=(  0.980573 -0.057519  0.187529)
     H   13    Vyy=   -0.1483    axis=( -0.192702 -0.461007  0.866221)
     H   13    Vzz=    0.2947    axis=( -0.036628  0.885530  0.463136)
     H   13  Q=         1.0000 1e-30 m^2  Cq=         0.6925 MHz  eta= 0.00620
 
     C   14    Vxx=   -0.1426    axis=(  0.248852  0.823973  0.509060)
     C   14    Vyy=   -0.1738    axis=(  0.939063 -0.333948  0.081477)
     C   14    Vzz=    0.3164    axis=( -0.237135 -0.457764  0.856866)
     C   14  Q=         1.0000 1e-30 m^2  Cq=         0.7434 MHz  eta= 0.09870
 
     H   15    Vxx=   -0.1370    axis=( -0.507522  0.778525  0.369214)
     H   15    Vyy=   -0.1541    axis=( -0.205122 -0.525350  0.825792)
     H   15    Vzz=    0.2911    axis=( -0.836867 -0.343374 -0.426319)
     H   15  Q=         1.0000 1e-30 m^2  Cq=         0.6840 MHz  eta= 0.05881
 
     C   16    Vxx=   -0.1155    axis=( -0.117527  0.901741  0.415994)
     C   16    Vyy=   -0.2142    axis=(  0.960738 -0.002774  0.277443)
     C   16    Vzz=    0.3297    axis=( -0.251336 -0.432269  0.866011)
     C   16  Q=         1.0000 1e-30 m^2  Cq=         0.7747 MHz  eta= 0.29952
 
     C   17    Vxx=    0.0564    axis=( -0.316687 -0.426034  0.847469)
     C   17    Vyy=    0.3680    axis=( -0.823822  0.566377 -0.023125)
     C   17    Vzz=   -0.4244    axis=( -0.470135 -0.705487 -0.530341)
     C   17  Q=         1.0000 1e-30 m^2  Cq=        -0.9971 MHz  eta= 0.73433
 
     Cl  18    Vxx=   -1.8434    axis=(  0.315153  0.357535 -0.879118)
     Cl  18    Vyy=   -2.0381    axis=(  0.564790  0.673772  0.476491)
     Cl  18    Vzz=    3.8815    axis=(  0.762687 -0.646684  0.010409)
     Cl  18  Q=        -8.1650 1e-30 m^2  Cq=       -74.4638 MHz  eta= 0.05017
 
     H   19    Vxx=   -0.1469    axis=(  0.187313  0.494632  0.848677)
     H   19    Vyy=   -0.1525    axis=(  0.971424 -0.221490 -0.085315)
     H   19    Vzz=    0.2994    axis=(  0.145774  0.840406 -0.521985)
     H   19  Q=         1.0000 1e-30 m^2  Cq=         0.7035 MHz  eta= 0.01900
 
     C   20    Vxx=   -0.1320    axis=( -0.272412  0.728606 -0.628430)
     C   20    Vyy=   -0.1994    axis=( -0.876253 -0.457656 -0.150772)
     C   20    Vzz=    0.3314    axis=( -0.397458  0.509591  0.763114)
     C   20  Q=         1.0000 1e-30 m^2  Cq=         0.7787 MHz  eta= 0.20318
 
     H   21    Vxx=   -0.1369    axis=(  0.600243  0.723897 -0.340119)
     H   21    Vyy=   -0.1523    axis=( -0.320371  0.607250  0.727056)
     H   21    Vzz=    0.2892    axis=( -0.732851  0.327446 -0.596413)
     H   21  Q=         1.0000 1e-30 m^2  Cq=         0.6794 MHz  eta= 0.05317
 
     C   22    Vxx=   -0.1465    axis=(  0.103777  0.869112 -0.483606)
     C   22    Vyy=   -0.2037    axis=( -0.902796 -0.121722 -0.412484)
     C   22    Vzz=    0.3501    axis=( -0.417360  0.479404  0.771999)
     C   22  Q=         1.0000 1e-30 m^2  Cq=         0.8227 MHz  eta= 0.16339
 
     C   23    Vxx=    0.0997    axis=( -0.503823  0.427020  0.750877)
     C   23    Vyy=    0.3072    axis=(  0.764918  0.624413  0.158143)
     C   23    Vzz=   -0.4069    axis=( -0.401327  0.654035 -0.641229)
     C   23  Q=         1.0000 1e-30 m^2  Cq=        -0.9561 MHz  eta= 0.50995
 
     Cl  24    Vxx=   -1.7124    axis=( -0.504084  0.452257  0.735774)
     Cl  24    Vyy=   -2.0359    axis=( -0.412781  0.622164 -0.665224)
     Cl  24    Vzz=    3.7483    axis=(  0.758625  0.639042  0.126940)
     Cl  24  Q=        -8.1650 1e-30 m^2  Cq=       -71.9091 MHz  eta= 0.08633
 
     Initialization:
     gipaw_setup  :      0.18s CPU      0.30s WALL (       1 calls)
 
     Linear response
 
     Apply operators
 
     Induced current
 
     Other routines
     efg          :      0.71s CPU      0.79s WALL (       1 calls)
 
     General routines
     calbec       :      0.06s CPU      0.05s WALL (      16 calls)
     fft          :      0.07s CPU      0.10s WALL (      15 calls)
     ffts         :      0.00s CPU      0.00s WALL (       2 calls)
     fftw         :      0.44s CPU      0.46s WALL (     672 calls)
     davcio       :      0.02s CPU      0.07s WALL (      32 calls)
 
     Parallel routines
     fft_scatter  :      0.33s CPU      0.34s WALL (     689 calls)
 
     Plugins
 
     GIPAW        :      3.83s CPU      4.61s WALL (       1 calls)
