
     Program QE v.6.0 starts on 20May2017 at 14:19:56 

     This program is part of the open-source Quantum ESPRESSO suite
     for quantum simulation of materials; please cite
         "P. Giannozzi et al., J. Phys.:Condens. Matter 21 395502 (2009);
          URL http://www.quantum-espresso.org", 
     in publications or presentations arising from this work. More details at
     http://www.quantum-espresso.org/quote
 
           ARCH :    x86_64
             CC :    icc
            CPP :    cpp
            F90 :    ifort
            F77 :    ifort
         DFLAGS :    -D__INTEL -D__DFTI
      BLAS LIBS :    -lmkl_intel_lp64  -lmkl_sequential -lmkl_core
    LAPACK LIBS :    
       FFT LIBS :    
      MASS LIBS :    

     Parallel version (MPI & OpenMP), running on      32 processor cores
     Number of MPI processes:                32
     Threads/MPI process:                     1
     R & G space division:  proc/nbgrp/npool/nimage =      32
 
     ***** This is GIPAW svn revision unknown      *****
 
     Parallelizing q-star over 1 images

     Reading data from directory:
     ./scratch/scf-2158.save

   Info: using nr1, nr2, nr3 values from input

   Info: using nr1, nr2, nr3 values from input

     IMPORTANT: XC functional enforced from input :
     Exchange-correlation      =  SLA  PW   PBX  PBC ( 1  4  3  4 0 0)
     Any further DFT definition will be discarded
     Please, verify this is what you really want

               file C.pbe-n-kjpaw_psl.1.0.0.UPF: wavefunction(s)  2S 2P renormalized
               file Cl.pbe-n-kjpaw_psl.1.0.0.UPF: wavefunction(s)  3S 3P renormalized
               file H.pbe-kjpaw_psl.1.0.0.UPF: wavefunction(s)  1S renormalized
 
     Parallelization info
     --------------------
     sticks:   dense  smooth     PW     G-vecs:    dense   smooth      PW
     Min         764     305     83                36108     9133    1292
     Max         765     306     84                36110     9135    1293
     Sum       24467    9791   2657              1155489   292295   41363
 

     Subspace diagonalization in iterative solution of the eigenvalue problem:
     a serial algorithm will be used

     GIPAW projectors -----------------------------------------------
     atom=  C    l=0  rc=    1.2000  rs=    0.8000
     atom=  C    l=0  rc=    1.2000  rs=    0.8000
     atom=  C    l=1  rc=    1.4000  rs=    0.9333
     atom=  C    l=1  rc=    1.4000  rs=    0.9333
     projs nearly linearly dependent: l=1  n1,n2= 1, 2  s=  0.99951561
 
     atom=  Cl   l=0  rc=    1.6000  rs=    1.0667
     atom=  Cl   l=0  rc=    1.6000  rs=    1.0667
     atom=  Cl   l=1  rc=    1.6000  rs=    1.0667
     atom=  Cl   l=1  rc=    1.6000  rs=    1.0667
     atom=  Cl   l=2  rc=    1.6000  rs=    1.0667
     atom=  Cl   l=2  rc=    1.6000  rs=    1.0667
     projs nearly linearly dependent: l=2  n1,n2= 1, 2  s=  0.99993509
 
     atom=  H    l=0  rc=    1.0000  rs=    0.6667
     atom=  H    l=0  rc=    1.0000  rs=    0.6667
     projs nearly linearly dependent: l=0  n1,n2= 1, 2  s=  0.99968852
     -----------------------------------------------------------------
 
     GIPAW integrals: -------------------------------------------
     Atom  i/j   nmr_para   nmr_dia   epr_rmc  epr_para   epr_dia
       C   1 1   0.83E+03  0.17E-01  0.93E+01  0.24E+08  0.24E+03
       C   2 1   0.86E+03 -0.61E-01  0.94E+01  0.25E+08  0.25E+03
       C   2 2   0.90E+03 -0.15E+00  0.97E+01  0.26E+08  0.26E+03
       C   3 3   0.33E+01  0.34E+00  0.18E+01  0.55E+03  0.21E+02
       C   4 3   0.35E+01  0.37E+00  0.20E+01  0.59E+03  0.22E+02
       C   4 4   0.38E+01  0.39E+00  0.22E+01  0.63E+03  0.24E+02
       Cl  1 1   0.14E+04 -0.47E+00  0.84E+01  0.32E+09  0.42E+03
       Cl  2 1   0.21E+04 -0.37E+00  0.12E+02  0.49E+09  0.65E+03
       Cl  2 2   0.33E+04 -0.16E+00  0.21E+02  0.76E+09  0.10E+04
       Cl  3 3   0.21E+02  0.79E-01  0.89E+01  0.23E+05  0.13E+03
       Cl  4 3   0.24E+02  0.67E-01  0.99E+01  0.27E+05  0.15E+03
       Cl  4 4   0.28E+02  0.44E-01  0.11E+02  0.32E+05  0.18E+03
       Cl  5 5   0.77E+00  0.19E+00  0.18E+01  0.12E+03  0.22E+02
       Cl  6 5   0.80E+00  0.19E+00  0.19E+01  0.12E+03  0.23E+02
       Cl  6 6   0.83E+00  0.20E+00  0.19E+01  0.12E+03  0.23E+02
       H   1 1   0.39E+02  0.19E+00  0.29E+00  0.78E+05  0.13E+02
       H   2 1   0.41E+02  0.21E+00  0.32E+00  0.82E+05  0.14E+02
       H   2 2   0.43E+02  0.22E+00  0.36E+00  0.86E+05  0.15E+02
     ------------------------------------------------------------
 
     alpha_pv=     34.5641 eV
 
     Number of occupied bands for each k-point:
     k-point:     1    nbnd_occ=  42
     k-point:     2    nbnd_occ=  42
     k-point:     3    nbnd_occ=  42
     k-point:     4    nbnd_occ=  42
     k-point:     5    nbnd_occ=  42
     k-point:     6    nbnd_occ=  42
     k-point:     7    nbnd_occ=  42
     k-point:     8    nbnd_occ=  42
     k-point:     9    nbnd_occ=  42
     k-point:    10    nbnd_occ=  42
     k-point:    11    nbnd_occ=  42
     k-point:    12    nbnd_occ=  42
     k-point:    13    nbnd_occ=  42
     k-point:    14    nbnd_occ=  42
     k-point:    15    nbnd_occ=  42
     k-point:    16    nbnd_occ=  42
 
 
     q-space interpolation up to   110.00 Rydberg
 
     GIPAW job: efg                                                                             
 
 
     ELECTRIC FIELD GRADIENTS TENSORS IN Hartree/bohrradius^2:
 
     ----- bare term -----
     Cl   1       -0.046854        0.036637       -0.039545
     Cl   1        0.036637        0.033008       -0.008029
     Cl   1       -0.039545       -0.008029        0.013846
 
     C    2       -0.197750        0.157985       -0.328115
     C    2        0.157985       -0.137061       -0.537977
     C    2       -0.328115       -0.537977        0.334811
 
     C    3       -0.181912        0.314174       -0.278592
     C    3        0.314174       -0.233164       -0.466582
     C    3       -0.278592       -0.466582        0.415076
 
     H    4       -0.399847       -0.262466       -0.496556
     H    4       -0.262466        0.249721       -0.225492
     H    4       -0.496556       -0.225492        0.150126
 
     C    5       -0.333135        0.242141       -0.368341
     C    5        0.242141       -0.122512       -0.384315
     C    5       -0.368341       -0.384315        0.455647
 
     H    6        0.368727       -0.029946       -0.032267
     H    6       -0.029946       -0.472154       -0.518698
     H    6       -0.032267       -0.518698        0.103427
 
     H    7        0.361046        0.103256       -0.058527
     H    7        0.103256       -0.475500        0.518501
     H    7       -0.058527        0.518501        0.114453
 
     C    8       -0.421492       -0.209459       -0.277673
     C    8       -0.209459       -0.091491        0.403239
     C    8       -0.277673        0.403239        0.512983
 
     H    9       -0.495086        0.235499       -0.484808
     H    9        0.235499        0.329106        0.161371
     H    9       -0.484808        0.161371        0.165979
 
     C   10       -0.254677       -0.233809       -0.244265
     C   10       -0.233809       -0.209132        0.491538
     C   10       -0.244265        0.491538        0.463810
 
     C   11       -0.175298        0.034886       -0.314905
     C   11        0.034886       -0.162169        0.491213
     C   11       -0.314905        0.491213        0.337467
 
     Cl  12        0.003932        0.066230       -0.015850
     Cl  12        0.066230        0.011130       -0.004081
     Cl  12       -0.015850       -0.004081       -0.015062
 
     H   13        0.371850       -0.041228       -0.031212
     H   13       -0.041228       -0.456857       -0.531769
     H   13       -0.031212       -0.531769        0.085007
 
     C   14       -0.352703        0.236256       -0.367142
     C   14        0.236256       -0.069054       -0.397313
     C   14       -0.367142       -0.397313        0.421757
 
     H   15       -0.442509       -0.216107       -0.494450
     H   15       -0.216107        0.298450       -0.190437
     H   15       -0.494450       -0.190437        0.144059
 
     C   16       -0.222050        0.298913       -0.289953
     C   16        0.298913       -0.189322       -0.460603
     C   16       -0.289953       -0.460603        0.411371
 
     C   17       -0.089701       -0.017148       -0.326836
     C   17       -0.017148       -0.158707       -0.524983
     C   17       -0.326836       -0.524983        0.248408
 
     Cl  18       -0.034733       -0.087985       -0.045059
     Cl  18       -0.087985        0.052942        0.009149
     Cl  18       -0.045059        0.009149       -0.018209
 
     H   19        0.364920        0.120980       -0.056678
     H   19        0.120980       -0.547326        0.474468
     H   19       -0.056678        0.474468        0.182406
 
     C   20       -0.423294       -0.201197       -0.240406
     C   20       -0.201197       -0.098061        0.418173
     C   20       -0.240406        0.418173        0.521355
 
     H   21       -0.526564        0.270371       -0.426416
     H   21        0.270371        0.270578        0.172232
     H   21       -0.426416        0.172232        0.255986
 
     C   22       -0.265235       -0.206542       -0.170824
     C   22       -0.206542       -0.253754        0.493437
     C   22       -0.170824        0.493437        0.518989
 
     C   23       -0.249416       -0.056626       -0.287145
     C   23       -0.056626       -0.197566        0.493851
     C   23       -0.287145        0.493851        0.446982
 
     Cl  24       -0.041850       -0.016649       -0.032900
     Cl  24       -0.016649        0.011625       -0.000617
     Cl  24       -0.032900       -0.000617        0.030225
 
     ----- ionic term -----
     Cl   1        0.172302       -0.250202        0.002480
     Cl   1       -0.250202       -0.019802        0.015452
     Cl   1        0.002480        0.015452       -0.152501
 
     C    2        0.218188       -0.230953        0.245315
     C    2       -0.230953        0.109543        0.429286
     C    2        0.245315        0.429286       -0.327731
 
     C    3        0.119551       -0.261134        0.209175
     C    3       -0.261134        0.203805        0.372685
     C    3        0.209175        0.372685       -0.323356
 
     H    4        0.566056        0.352272        0.669817
     H    4        0.352272       -0.362287        0.282213
     H    4        0.669817        0.282213       -0.203769
 
     C    5        0.266507       -0.186564        0.288628
     C    5       -0.186564        0.091530        0.284224
     C    5        0.288628        0.284224       -0.358037
 
     H    6       -0.515991        0.025854        0.032081
     H    6        0.025854        0.648394        0.713901
     H    6        0.032081        0.713901       -0.132404
 
     H    7       -0.501347       -0.123099        0.075606
     H    7       -0.123099        0.654607       -0.707502
     H    7        0.075606       -0.707502       -0.153260
 
     C    8        0.344322        0.170019        0.221000
     C    8        0.170019        0.058949       -0.303227
     C    8        0.221000       -0.303227       -0.403271
 
     H    9        0.685605       -0.330704        0.642375
     H    9       -0.330704       -0.441462       -0.215294
     H    9        0.642375       -0.215294       -0.244143
 
     C   10        0.174888        0.189778        0.176079
     C   10        0.189778        0.179049       -0.394776
     C   10        0.176079       -0.394776       -0.353936
 
     C   11        0.194117        0.112200        0.230180
     C   11        0.112200        0.155976       -0.405892
     C   11        0.230180       -0.405892       -0.350093
 
     Cl  12        0.077398        0.177709       -0.010604
     Cl  12        0.177709        0.058380       -0.011171
     Cl  12       -0.010604       -0.011171       -0.135777
 
     H   13       -0.516726        0.033179        0.030809
     H   13        0.033179        0.630207        0.725985
     H   13        0.030809        0.725985       -0.113481
 
     C   14        0.286336       -0.188333        0.291670
     C   14       -0.188333        0.046766        0.299766
     C   14        0.291670        0.299766       -0.333101
 
     H   15        0.592394        0.309468        0.680287
     H   15        0.309468       -0.413485        0.256318
     H   15        0.680287        0.256318       -0.178909
 
     C   16        0.150752       -0.246805        0.209250
     C   16       -0.246805        0.164729        0.372484
     C   16        0.209250        0.372484       -0.315482
 
     C   17        0.146092       -0.128453        0.249068
     C   17       -0.128453        0.146186        0.419384
     C   17        0.249068        0.419384       -0.292278
 
     Cl  18        0.116048       -0.163992        0.014188
     Cl  18       -0.163992        0.024961        0.010837
     Cl  18        0.014188        0.010837       -0.141009
 
     H   19       -0.503219       -0.149339        0.073534
     H   19       -0.149339        0.749202       -0.646488
     H   19        0.073534       -0.646488       -0.245982
 
     C   20        0.347536        0.157115        0.180163
     C   20        0.157115        0.058278       -0.316455
     C   20        0.180163       -0.316455       -0.405814
 
     H   21        0.719598       -0.357748        0.590011
     H   21       -0.357748       -0.391667       -0.222150
     H   21        0.590011       -0.222150       -0.327931
 
     C   22        0.194305        0.165612        0.120379
     C   22        0.165612        0.215241       -0.397639
     C   22        0.120379       -0.397639       -0.409546
 
     C   23        0.247033        0.154482        0.198717
     C   23        0.154482        0.176784       -0.402316
     C   23        0.198717       -0.402316       -0.423817
 
     Cl  24        0.144421        0.236666       -0.023774
     Cl  24        0.236666        0.019394       -0.028851
     Cl  24       -0.023774       -0.028851       -0.163815
 
     ----- GIPAW term -----
     Cl   1        1.297298       -2.269020       -0.448026
     Cl   1       -2.269020        0.139263        0.071517
     Cl   1       -0.448026        0.071517       -1.436561
 
     C    2        0.041327       -0.096698       -0.071193
     C    2       -0.096698       -0.021780       -0.083401
     C    2       -0.071193       -0.083401       -0.019548
 
     C    3       -0.057105        0.037209       -0.060532
     C    3        0.037209       -0.013870       -0.076764
     C    3       -0.060532       -0.076764        0.070974
 
     H    4        0.000000       -0.000000       -0.000000
     H    4       -0.000000        0.000000        0.000000
     H    4       -0.000000        0.000000       -0.000000
 
     C    5       -0.044223        0.044583       -0.060279
     C    5        0.044583       -0.032864       -0.086477
     C    5       -0.060279       -0.086477        0.077087
 
     H    6        0.000000       -0.000000       -0.000000
     H    6       -0.000000        0.000000        0.000000
     H    6       -0.000000        0.000000       -0.000000
 
     H    7        0.000000       -0.000000       -0.000000
     H    7       -0.000000        0.000000        0.000000
     H    7       -0.000000        0.000000       -0.000000
 
     C    8       -0.053019       -0.028825       -0.041721
     C    8       -0.028825       -0.034355        0.085837
     C    8       -0.041721        0.085837        0.087374
 
     H    9        0.000000       -0.000000       -0.000000
     H    9       -0.000000        0.000000        0.000000
     H    9       -0.000000        0.000000       -0.000000
 
     C   10       -0.071713       -0.028261       -0.061434
     C   10       -0.028261       -0.015772        0.078608
     C   10       -0.061434        0.078608        0.087485
 
     C   11        0.035062        0.163288       -0.067942
     C   11        0.163288        0.004329        0.062502
     C   11       -0.067942        0.062502       -0.039392
 
     Cl  12        0.839111        2.563515       -0.313148
     Cl  12        2.563515        0.736057       -0.161832
     Cl  12       -0.313148       -0.161832       -1.575168
 
     H   13        0.000000       -0.000000       -0.000000
     H   13       -0.000000        0.000000        0.000000
     H   13       -0.000000        0.000000       -0.000000
 
     C   14       -0.045047        0.037839       -0.056674
     C   14        0.037839       -0.024026       -0.082814
     C   14       -0.056674       -0.082814        0.069074
 
     H   15        0.000000       -0.000000       -0.000000
     H   15       -0.000000        0.000000        0.000000
     H   15       -0.000000        0.000000       -0.000000
 
     C   16       -0.064031        0.032131       -0.072382
     C   16        0.032131       -0.009959       -0.071345
     C   16       -0.072382       -0.071345        0.073990
 
     C   17        0.067651       -0.160646       -0.062973
     C   17       -0.160646        0.000736       -0.079168
     C   17       -0.062973       -0.079168       -0.068387
 
     Cl  18        0.841142       -2.644699       -0.352836
     Cl  18       -2.644699        0.819390        0.228294
     Cl  18       -0.352836        0.228294       -1.660533
 
     H   19        0.000000       -0.000000       -0.000000
     H   19       -0.000000        0.000000        0.000000
     H   19       -0.000000        0.000000       -0.000000
 
     C   20       -0.048866       -0.034585       -0.047789
     C   20       -0.034585       -0.040975        0.088352
     C   20       -0.047789        0.088352        0.089841
 
     H   21        0.000000       -0.000000       -0.000000
     H   21       -0.000000        0.000000        0.000000
     H   21       -0.000000        0.000000       -0.000000
 
     C   22       -0.063404       -0.028513       -0.044744
     C   22       -0.028513       -0.022831        0.076920
     C   22       -0.044744        0.076920        0.086235
 
     C   23        0.020468        0.116699       -0.079161
     C   23        0.116699       -0.010680        0.068169
     C   23       -0.079161        0.068169       -0.009788
 
     Cl  24        1.066565        2.342615       -0.627216
     Cl  24        2.342615        0.312607       -0.302319
     Cl  24       -0.627216       -0.302319       -1.379172
 
     ----- total EFG -----
     Cl   1        1.422746       -2.482586       -0.485091
     Cl   1       -2.482586        0.152470        0.078940
     Cl   1       -0.485091        0.078940       -1.575216
 
     C    2        0.061765       -0.169665       -0.153992
     C    2       -0.169665       -0.049297       -0.192093
     C    2       -0.153992       -0.192093       -0.012468
 
     C    3       -0.119466        0.090249       -0.129949
     C    3        0.090249       -0.043229       -0.170660
     C    3       -0.129949       -0.170660        0.162695
 
     H    4        0.166209        0.089807        0.173261
     H    4        0.089807       -0.112566        0.056722
     H    4        0.173261        0.056722       -0.053643
 
     C    5       -0.110851        0.100160       -0.139992
     C    5        0.100160       -0.063846       -0.186568
     C    5       -0.139992       -0.186568        0.174698
 
     H    6       -0.147263       -0.004092       -0.000185
     H    6       -0.004092        0.176240        0.195203
     H    6       -0.000185        0.195203       -0.028977
 
     H    7       -0.140301       -0.019843        0.017079
     H    7       -0.019843        0.179107       -0.189001
     H    7        0.017079       -0.189001       -0.038806
 
     C    8       -0.130189       -0.068265       -0.098393
     C    8       -0.068265       -0.066898        0.185849
     C    8       -0.098393        0.185849        0.197087
 
     H    9        0.190519       -0.095205        0.157567
     H    9       -0.095205       -0.112355       -0.053922
     H    9        0.157567       -0.053922       -0.078164
 
     C   10       -0.151503       -0.072292       -0.129620
     C   10       -0.072292       -0.045856        0.175370
     C   10       -0.129620        0.175370        0.197359
 
     C   11        0.053882        0.310375       -0.152667
     C   11        0.310375       -0.001864        0.147823
     C   11       -0.152667        0.147823       -0.052018
 
     Cl  12        0.920441        2.807454       -0.339602
     Cl  12        2.807454        0.805566       -0.177084
     Cl  12       -0.339602       -0.177084       -1.726008
 
     H   13       -0.144875       -0.008049       -0.000403
     H   13       -0.008049        0.173349        0.194216
     H   13       -0.000403        0.194216       -0.028474
 
     C   14       -0.111415        0.085762       -0.132146
     C   14        0.085762       -0.046314       -0.180361
     C   14       -0.132146       -0.180361        0.157729
 
     H   15        0.149885        0.093361        0.185837
     H   15        0.093361       -0.115035        0.065881
     H   15        0.185837        0.065881       -0.034849
 
     C   16       -0.135329        0.084239       -0.153085
     C   16        0.084239       -0.034551       -0.159464
     C   16       -0.153085       -0.159464        0.169880
 
     C   17        0.124042       -0.306248       -0.140741
     C   17       -0.306248       -0.011785       -0.184766
     C   17       -0.140741       -0.184766       -0.112257
 
     Cl  18        0.922457       -2.896676       -0.383707
     Cl  18       -2.896676        0.897294        0.248280
     Cl  18       -0.383707        0.248280       -1.819751
 
     H   19       -0.138299       -0.028359        0.016856
     H   19       -0.028359        0.201876       -0.172021
     H   19        0.016856       -0.172021       -0.063577
 
     C   20       -0.124624       -0.078668       -0.108033
     C   20       -0.078668       -0.080758        0.190070
     C   20       -0.108033        0.190070        0.205382
 
     H   21        0.193034       -0.087377        0.163595
     H   21       -0.087377       -0.121089       -0.049918
     H   21        0.163595       -0.049918       -0.071945
 
     C   22       -0.134334       -0.069443       -0.095189
     C   22       -0.069443       -0.061343        0.172717
     C   22       -0.095189        0.172717        0.195677
 
     C   23        0.018085        0.214554       -0.167588
     C   23        0.214554       -0.031462        0.159704
     C   23       -0.167588        0.159704        0.013378
 
     Cl  24        1.169135        2.562631       -0.683890
     Cl  24        2.562631        0.343627       -0.331787
     Cl  24       -0.683890       -0.331787       -1.512762
 
     ----- total EFG (symmetrized) -----
     Cl   1        1.422746       -2.482586       -0.485091
     Cl   1       -2.482586        0.152470        0.078940
     Cl   1       -0.485091        0.078940       -1.575216
 
     C    2        0.061765       -0.169665       -0.153992
     C    2       -0.169665       -0.049297       -0.192093
     C    2       -0.153992       -0.192093       -0.012468
 
     C    3       -0.119466        0.090249       -0.129949
     C    3        0.090249       -0.043229       -0.170660
     C    3       -0.129949       -0.170660        0.162695
 
     H    4        0.166209        0.089807        0.173261
     H    4        0.089807       -0.112566        0.056722
     H    4        0.173261        0.056722       -0.053643
 
     C    5       -0.110851        0.100160       -0.139992
     C    5        0.100160       -0.063846       -0.186568
     C    5       -0.139992       -0.186568        0.174698
 
     H    6       -0.147263       -0.004092       -0.000185
     H    6       -0.004092        0.176240        0.195203
     H    6       -0.000185        0.195203       -0.028977
 
     H    7       -0.140301       -0.019843        0.017079
     H    7       -0.019843        0.179107       -0.189001
     H    7        0.017079       -0.189001       -0.038806
 
     C    8       -0.130189       -0.068265       -0.098393
     C    8       -0.068265       -0.066898        0.185849
     C    8       -0.098393        0.185849        0.197087
 
     H    9        0.190519       -0.095205        0.157567
     H    9       -0.095205       -0.112355       -0.053922
     H    9        0.157567       -0.053922       -0.078164
 
     C   10       -0.151503       -0.072292       -0.129620
     C   10       -0.072292       -0.045856        0.175370
     C   10       -0.129620        0.175370        0.197359
 
     C   11        0.053882        0.310375       -0.152667
     C   11        0.310375       -0.001864        0.147823
     C   11       -0.152667        0.147823       -0.052018
 
     Cl  12        0.920441        2.807454       -0.339602
     Cl  12        2.807454        0.805566       -0.177084
     Cl  12       -0.339602       -0.177084       -1.726008
 
     H   13       -0.144875       -0.008049       -0.000403
     H   13       -0.008049        0.173349        0.194216
     H   13       -0.000403        0.194216       -0.028474
 
     C   14       -0.111415        0.085762       -0.132146
     C   14        0.085762       -0.046314       -0.180361
     C   14       -0.132146       -0.180361        0.157729
 
     H   15        0.149885        0.093361        0.185837
     H   15        0.093361       -0.115035        0.065881
     H   15        0.185837        0.065881       -0.034849
 
     C   16       -0.135329        0.084239       -0.153085
     C   16        0.084239       -0.034551       -0.159464
     C   16       -0.153085       -0.159464        0.169880
 
     C   17        0.124042       -0.306248       -0.140741
     C   17       -0.306248       -0.011785       -0.184766
     C   17       -0.140741       -0.184766       -0.112257
 
     Cl  18        0.922457       -2.896676       -0.383707
     Cl  18       -2.896676        0.897294        0.248280
     Cl  18       -0.383707        0.248280       -1.819751
 
     H   19       -0.138299       -0.028359        0.016856
     H   19       -0.028359        0.201876       -0.172021
     H   19        0.016856       -0.172021       -0.063577
 
     C   20       -0.124624       -0.078668       -0.108033
     C   20       -0.078668       -0.080758        0.190070
     C   20       -0.108033        0.190070        0.205382
 
     H   21        0.193034       -0.087377        0.163595
     H   21       -0.087377       -0.121089       -0.049918
     H   21        0.163595       -0.049918       -0.071945
 
     C   22       -0.134334       -0.069443       -0.095189
     C   22       -0.069443       -0.061343        0.172717
     C   22       -0.095189        0.172717        0.195677
 
     C   23        0.018085        0.214554       -0.167588
     C   23        0.214554       -0.031462        0.159704
     C   23       -0.167588        0.159704        0.013378
 
     Cl  24        1.169135        2.562631       -0.683890
     Cl  24        2.562631        0.343627       -0.331787
     Cl  24       -0.683890       -0.331787       -1.512762
 
 
     NQR/NMR SPECTROSCOPIC PARAMETERS:
     Cl   1    Vxx=   -1.4460    axis=( -0.297985 -0.502874  0.811371)
     Cl   1    Vyy=   -1.9418    axis=( -0.536813 -0.614566 -0.578048)
     Cl   1    Vzz=    3.3878    axis=( -0.789327  0.607804  0.086818)
     Cl   1  Q=        -8.1650 1e-30 m^2  Cq=       -64.9925 MHz  eta= 0.14635
 
     C    2    Vxx=    0.1621    axis=( -0.003860 -0.670820  0.741610)
     C    2    Vyy=    0.1889    axis=(  0.874334 -0.362181 -0.323057)
     C    2    Vzz=   -0.3510    axis=(  0.485310  0.647168  0.587918)
     C    2  Q=         1.0000 1e-30 m^2  Cq=        -0.8248 MHz  eta= 0.07650
 
     C    3    Vxx=   -0.1350    axis=(  0.294078  0.768179  0.568700)
     C    3    Vyy=   -0.1811    axis=( -0.893101  0.432783 -0.122759)
     C    3    Vzz=    0.3161    axis=( -0.340425 -0.471806  0.813333)
     C    3  Q=         1.0000 1e-30 m^2  Cq=         0.7427 MHz  eta= 0.14565
 
     H    4    Vxx=   -0.1372    axis=( -0.425114  0.853179  0.302262)
     H    4    Vyy=   -0.1522    axis=( -0.323167 -0.454998  0.829783)
     H    4    Vzz=    0.2894    axis=( -0.845482 -0.255071 -0.469146)
     H    4  Q=         1.0000 1e-30 m^2  Cq=         0.6801 MHz  eta= 0.05184
 
     C    5    Vxx=   -0.1509    axis=(  0.574565  0.578829  0.578647)
     C    5    Vyy=   -0.1906    axis=( -0.737980  0.672110  0.060453)
     C    5    Vzz=    0.3415    axis=( -0.353922 -0.461764  0.813335)
     C    5  Q=         1.0000 1e-30 m^2  Cq=         0.8025 MHz  eta= 0.11615
 
     H    6    Vxx=   -0.1451    axis=(  0.670527 -0.378892  0.637836)
     H    6    Vyy=   -0.1491    axis=(  0.741840  0.351874 -0.570840)
     H    6    Vzz=    0.2942    axis=( -0.008151  0.855936  0.517018)
     H    6  Q=         1.0000 1e-30 m^2  Cq=         0.6912 MHz  eta= 0.01338
 
     H    7    Vxx=   -0.1392    axis=( -0.874887 -0.286452 -0.390535)
     H    7    Vyy=   -0.1507    axis=( -0.480632  0.414093  0.772994)
     H    7    Vzz=    0.2898    axis=(  0.059708 -0.863987  0.499962)
     H    7  Q=         1.0000 1e-30 m^2  Cq=         0.6810 MHz  eta= 0.03967
 
     C    8    Vxx=   -0.1470    axis=( -0.701295  0.523880 -0.483462)
     C    8    Vyy=   -0.1771    axis=(  0.666415  0.722604 -0.183667)
     C    8    Vzz=    0.3241    axis=( -0.253132  0.450992  0.855880)
     C    8  Q=         1.0000 1e-30 m^2  Cq=         0.7615 MHz  eta= 0.09277
 
     H    9    Vxx=   -0.1364    axis=(  0.421326  0.825563 -0.375406)
     H    9    Vyy=   -0.1562    axis=( -0.240380  0.500793  0.831519)
     H    9    Vzz=    0.2926    axis=( -0.874472  0.260101 -0.409446)
     H    9  Q=         1.0000 1e-30 m^2  Cq=         0.6875 MHz  eta= 0.06755
 
     C   10    Vxx=   -0.1374    axis=( -0.059769  0.874540 -0.481257)
     C   10    Vyy=   -0.1970    axis=(  0.954545  0.191110  0.228737)
     C   10    Vzz=    0.3345    axis=( -0.292013  0.445710  0.846210)
     C   10  Q=         1.0000 1e-30 m^2  Cq=         0.7858 MHz  eta= 0.17825
 
     C   11    Vxx=    0.0729    axis=( -0.312302  0.403855  0.859866)
     C   11    Vyy=    0.3382    axis=( -0.746695 -0.663924  0.040629)
     C   11    Vzz=   -0.4110    axis=(  0.587294 -0.629369  0.508901)
     C   11  Q=         1.0000 1e-30 m^2  Cq=        -0.9657 MHz  eta= 0.64547
 
     Cl  12    Vxx=   -1.7005    axis=( -0.244777  0.338422  0.908600)
     Cl  12    Vyy=   -1.9954    axis=(  0.656394 -0.631866  0.412181)
     Cl  12    Vzz=    3.6958    axis=( -0.713604 -0.697292  0.067472)
     Cl  12  Q=        -8.1650 1e-30 m^2  Cq=       -70.9026 MHz  eta= 0.07979
 
     H   13    Vxx=   -0.1418    axis=(  0.769500 -0.320695  0.552291)
     H   13    Vyy=   -0.1496    axis=( -0.638441 -0.408276  0.652460)
     H   13    Vzz=    0.2914    axis=( -0.016247  0.854673  0.518913)
     H   13  Q=         1.0000 1e-30 m^2  Cq=         0.6847 MHz  eta= 0.02677
 
     C   14    Vxx=   -0.1490    axis=(  0.313909  0.753169  0.578099)
     C   14    Vyy=   -0.1713    axis=( -0.885511  0.451909 -0.107929)
     C   14    Vzz=    0.3203    axis=( -0.342536 -0.478033  0.808797)
     C   14  Q=         1.0000 1e-30 m^2  Cq=         0.7526 MHz  eta= 0.06957
 
     H   15    Vxx=   -0.1415    axis=(  0.504242 -0.760831 -0.408505)
     H   15    Vyy=   -0.1551    axis=(  0.279745  0.591452 -0.756259)
     H   15    Vzz=    0.2967    axis=( -0.816996 -0.267060 -0.511074)
     H   15  Q=         1.0000 1e-30 m^2  Cq=         0.6970 MHz  eta= 0.04577
 
     C   16    Vxx=   -0.1217    axis=(  0.004946  0.876289  0.481761)
     C   16    Vyy=   -0.2019    axis=( -0.934542  0.175474 -0.309580)
     C   16    Vzz=    0.3236    axis=( -0.355818 -0.448695  0.819796)
     C   16  Q=         1.0000 1e-30 m^2  Cq=         0.7603 MHz  eta= 0.24756
 
     C   17    Vxx=    0.0583    axis=( -0.382525 -0.452348  0.805640)
     C   17    Vyy=    0.3699    axis=( -0.776370  0.630103 -0.014839)
     C   17    Vzz=   -0.4282    axis=( -0.500924 -0.631151 -0.592220)
     C   17  Q=         1.0000 1e-30 m^2  Cq=        -1.0061 MHz  eta= 0.72766
 
     Cl  18    Vxx=   -1.8057    axis=(  0.276521  0.377505 -0.883757)
     Cl  18    Vyy=   -2.0361    axis=(  0.650540  0.603345  0.461273)
     Cl  18    Vzz=    3.8419    axis=( -0.707343  0.702471  0.078744)
     Cl  18  Q=        -8.1650 1e-30 m^2  Cq=       -73.7048 MHz  eta= 0.05997
 
     H   19    Vxx=   -0.1400    axis=( -0.949299 -0.200562 -0.242089)
     H   19    Vyy=   -0.1490    axis=( -0.304864  0.399306  0.864646)
     H   19    Vzz=    0.2890    axis=(  0.076747 -0.894612  0.440204)
     H   19  Q=         1.0000 1e-30 m^2  Cq=         0.6789 MHz  eta= 0.03104
 
     C   20    Vxx=   -0.1466    axis=( -0.773722  0.426935 -0.468061)
     C   20    Vyy=   -0.1913    axis=(  0.570937  0.790100 -0.223100)
     C   20    Vzz=    0.3378    axis=( -0.274565  0.439851  0.855070)
     C   20  Q=         1.0000 1e-30 m^2  Cq=         0.7938 MHz  eta= 0.13232
 
     H   21    Vxx=   -0.1400    axis=(  0.426223  0.785908 -0.447975)
     H   21    Vyy=   -0.1552    axis=( -0.226674  0.572196  0.788169)
     H   21    Vzz=    0.2953    axis=( -0.875758  0.234391 -0.422028)
     H   21  Q=         1.0000 1e-30 m^2  Cq=         0.6937 MHz  eta= 0.05152
 
     C   22    Vxx=   -0.1359    axis=( -0.527161  0.682221 -0.506632)
     C   22    Vyy=   -0.1768    axis=(  0.811526  0.581014 -0.062028)
     C   22    Vzz=    0.3127    axis=( -0.252044  0.443843  0.859928)
     C   22  Q=         1.0000 1e-30 m^2  Cq=         0.7348 MHz  eta= 0.13056
 
     C   23    Vxx=    0.1502    axis=( -0.142515  0.553314  0.820690)
     C   23    Vyy=    0.2138    axis=( -0.801974 -0.550512  0.231894)
     C   23    Vzz=   -0.3640    axis=(  0.580110 -0.625124  0.522200)
     C   23  Q=         1.0000 1e-30 m^2  Cq=        -0.8552 MHz  eta= 0.17493
 
     Cl  24    Vxx=   -1.5125    axis=( -0.225771  0.464746  0.856177)
     Cl  24    Vyy=   -1.9485    axis=(  0.613850 -0.614571  0.495470)
     Cl  24    Vzz=    3.4610    axis=( -0.756449 -0.637427  0.146532)
     Cl  24  Q=        -8.1650 1e-30 m^2  Cq=       -66.3981 MHz  eta= 0.12597
 
     Initialization:
     gipaw_setup  :      0.18s CPU      0.30s WALL (       1 calls)
 
     Linear response
 
     Apply operators
 
     Induced current
 
     Other routines
     efg          :      0.58s CPU      0.70s WALL (       1 calls)
 
     General routines
     calbec       :      0.05s CPU      0.05s WALL (      16 calls)
     fft          :      0.06s CPU      0.09s WALL (      15 calls)
     ffts         :      0.00s CPU      0.00s WALL (       2 calls)
     fftw         :      0.30s CPU      0.31s WALL (     672 calls)
     davcio       :      0.03s CPU      0.11s WALL (      32 calls)
 
     Parallel routines
     fft_scatter  :      0.19s CPU      0.20s WALL (     689 calls)
 
     Plugins
 
     GIPAW        :      3.67s CPU      4.46s WALL (       1 calls)
