
     Program QE v.6.0 starts on 20May2017 at 14:35:38 

     This program is part of the open-source Quantum ESPRESSO suite
     for quantum simulation of materials; please cite
         "P. Giannozzi et al., J. Phys.:Condens. Matter 21 395502 (2009);
          URL http://www.quantum-espresso.org", 
     in publications or presentations arising from this work. More details at
     http://www.quantum-espresso.org/quote
 
           ARCH :    x86_64
             CC :    icc
            CPP :    cpp
            F90 :    ifort
            F77 :    ifort
         DFLAGS :    -D__INTEL -D__DFTI
      BLAS LIBS :    -lmkl_intel_lp64  -lmkl_sequential -lmkl_core
    LAPACK LIBS :    
       FFT LIBS :    
      MASS LIBS :    

     Parallel version (MPI & OpenMP), running on      32 processor cores
     Number of MPI processes:                32
     Threads/MPI process:                     1
     R & G space division:  proc/nbgrp/npool/nimage =      32
 
     ***** This is GIPAW svn revision unknown      *****
 
     Parallelizing q-star over 1 images

     Reading data from directory:
     ./scratch/scf-977.save

   Info: using nr1, nr2, nr3 values from input

   Info: using nr1, nr2, nr3 values from input

     IMPORTANT: XC functional enforced from input :
     Exchange-correlation      =  SLA  PW   PBX  PBC ( 1  4  3  4 0 0)
     Any further DFT definition will be discarded
     Please, verify this is what you really want

               file C.pbe-n-kjpaw_psl.1.0.0.UPF: wavefunction(s)  2S 2P renormalized
               file Cl.pbe-n-kjpaw_psl.1.0.0.UPF: wavefunction(s)  3S 3P renormalized
               file H.pbe-kjpaw_psl.1.0.0.UPF: wavefunction(s)  1S renormalized
 
     Parallelization info
     --------------------
     sticks:   dense  smooth     PW     G-vecs:    dense   smooth      PW
     Min         764     305     83                36108     9133    1292
     Max         765     306     84                36110     9135    1293
     Sum       24467    9791   2657              1155489   292295   41363
 

     Subspace diagonalization in iterative solution of the eigenvalue problem:
     a serial algorithm will be used

     GIPAW projectors -----------------------------------------------
     atom=  C    l=0  rc=    1.2000  rs=    0.8000
     atom=  C    l=0  rc=    1.2000  rs=    0.8000
     atom=  C    l=1  rc=    1.4000  rs=    0.9333
     atom=  C    l=1  rc=    1.4000  rs=    0.9333
     projs nearly linearly dependent: l=1  n1,n2= 1, 2  s=  0.99951561
 
     atom=  Cl   l=0  rc=    1.6000  rs=    1.0667
     atom=  Cl   l=0  rc=    1.6000  rs=    1.0667
     atom=  Cl   l=1  rc=    1.6000  rs=    1.0667
     atom=  Cl   l=1  rc=    1.6000  rs=    1.0667
     atom=  Cl   l=2  rc=    1.6000  rs=    1.0667
     atom=  Cl   l=2  rc=    1.6000  rs=    1.0667
     projs nearly linearly dependent: l=2  n1,n2= 1, 2  s=  0.99993509
 
     atom=  H    l=0  rc=    1.0000  rs=    0.6667
     atom=  H    l=0  rc=    1.0000  rs=    0.6667
     projs nearly linearly dependent: l=0  n1,n2= 1, 2  s=  0.99968852
     -----------------------------------------------------------------
 
     GIPAW integrals: -------------------------------------------
     Atom  i/j   nmr_para   nmr_dia   epr_rmc  epr_para   epr_dia
       C   1 1   0.83E+03  0.17E-01  0.93E+01  0.24E+08  0.24E+03
       C   2 1   0.86E+03 -0.61E-01  0.94E+01  0.25E+08  0.25E+03
       C   2 2   0.90E+03 -0.15E+00  0.97E+01  0.26E+08  0.26E+03
       C   3 3   0.33E+01  0.34E+00  0.18E+01  0.55E+03  0.21E+02
       C   4 3   0.35E+01  0.37E+00  0.20E+01  0.59E+03  0.22E+02
       C   4 4   0.38E+01  0.39E+00  0.22E+01  0.63E+03  0.24E+02
       Cl  1 1   0.14E+04 -0.47E+00  0.84E+01  0.32E+09  0.42E+03
       Cl  2 1   0.21E+04 -0.37E+00  0.12E+02  0.49E+09  0.65E+03
       Cl  2 2   0.33E+04 -0.16E+00  0.21E+02  0.76E+09  0.10E+04
       Cl  3 3   0.21E+02  0.79E-01  0.89E+01  0.23E+05  0.13E+03
       Cl  4 3   0.24E+02  0.67E-01  0.99E+01  0.27E+05  0.15E+03
       Cl  4 4   0.28E+02  0.44E-01  0.11E+02  0.32E+05  0.18E+03
       Cl  5 5   0.77E+00  0.19E+00  0.18E+01  0.12E+03  0.22E+02
       Cl  6 5   0.80E+00  0.19E+00  0.19E+01  0.12E+03  0.23E+02
       Cl  6 6   0.83E+00  0.20E+00  0.19E+01  0.12E+03  0.23E+02
       H   1 1   0.39E+02  0.19E+00  0.29E+00  0.78E+05  0.13E+02
       H   2 1   0.41E+02  0.21E+00  0.32E+00  0.82E+05  0.14E+02
       H   2 2   0.43E+02  0.22E+00  0.36E+00  0.86E+05  0.15E+02
     ------------------------------------------------------------
 
     alpha_pv=     33.7700 eV
 
     Number of occupied bands for each k-point:
     k-point:     1    nbnd_occ=  42
     k-point:     2    nbnd_occ=  42
     k-point:     3    nbnd_occ=  42
     k-point:     4    nbnd_occ=  42
     k-point:     5    nbnd_occ=  42
     k-point:     6    nbnd_occ=  42
     k-point:     7    nbnd_occ=  42
     k-point:     8    nbnd_occ=  42
     k-point:     9    nbnd_occ=  42
     k-point:    10    nbnd_occ=  42
     k-point:    11    nbnd_occ=  42
     k-point:    12    nbnd_occ=  42
     k-point:    13    nbnd_occ=  42
     k-point:    14    nbnd_occ=  42
     k-point:    15    nbnd_occ=  42
     k-point:    16    nbnd_occ=  42
 
 
     q-space interpolation up to   110.00 Rydberg
 
     GIPAW job: efg                                                                             
 
 
     ELECTRIC FIELD GRADIENTS TENSORS IN Hartree/bohrradius^2:
 
     ----- bare term -----
     Cl   1        0.014386       -0.048990       -0.001777
     Cl   1       -0.048990       -0.001390       -0.008227
     Cl   1       -0.001777       -0.008227       -0.012997
 
     C    2       -0.125966       -0.005393       -0.373779
     C    2       -0.005393       -0.180565       -0.470576
     C    2       -0.373779       -0.470576        0.306531
 
     C    3       -0.271767        0.228268       -0.261611
     C    3        0.228268       -0.183204       -0.490918
     C    3       -0.261611       -0.490918        0.454971
 
     H    4       -0.373984       -0.267940       -0.484078
     H    4       -0.267940        0.311245       -0.212066
     H    4       -0.484078       -0.212066        0.062738
 
     C    5       -0.425852        0.222022       -0.317419
     C    5        0.222022       -0.034016       -0.404443
     C    5       -0.317419       -0.404443        0.459868
 
     H    6        0.355724       -0.033714       -0.026092
     H    6       -0.033714       -0.511295       -0.487103
     H    6       -0.026092       -0.487103        0.155571
 
     H    7        0.372436       -0.006772       -0.006232
     H    7       -0.006772       -0.536818        0.477819
     H    7       -0.006232        0.477819        0.164382
 
     C    8       -0.374175       -0.208737       -0.344237
     C    8       -0.208737       -0.056715        0.409487
     C    8       -0.344237        0.409487        0.430891
 
     H    9       -0.311040        0.297729       -0.504066
     H    9        0.297729        0.264484        0.255129
     H    9       -0.504066        0.255129        0.046555
 
     C   10       -0.247305       -0.249623       -0.261017
     C   10       -0.249623       -0.195633        0.481182
     C   10       -0.261017        0.481182        0.442938
 
     C   11       -0.119870       -0.075148       -0.337963
     C   11       -0.075148       -0.214695        0.509654
     C   11       -0.337963        0.509654        0.334565
 
     Cl  12       -0.022646        0.009267       -0.024828
     Cl  12        0.009267        0.031118       -0.001448
     Cl  12       -0.024828       -0.001448       -0.008472
 
     H   13        0.368006       -0.028544       -0.034701
     H   13       -0.028544       -0.502330       -0.501047
     H   13       -0.034701       -0.501047        0.134325
 
     C   14       -0.390374        0.242457       -0.329172
     C   14        0.242457       -0.063616       -0.402967
     C   14       -0.329172       -0.402967        0.453990
 
     H   15       -0.402882       -0.272439       -0.494080
     H   15       -0.272439        0.266581       -0.230198
     H   15       -0.494080       -0.230198        0.136300
 
     C   16       -0.227496        0.261484       -0.246654
     C   16        0.261484       -0.215280       -0.518317
     C   16       -0.246654       -0.518317        0.442776
 
     C   17       -0.215249        0.089383       -0.354358
     C   17        0.089383       -0.141675       -0.520950
     C   17       -0.354358       -0.520950        0.356924
 
     Cl  18       -0.023347        0.021198       -0.024293
     Cl  18        0.021198        0.006000       -0.012746
     Cl  18       -0.024293       -0.012746        0.017347
 
     H   19        0.352548       -0.012468       -0.014019
     H   19       -0.012468       -0.515819        0.483365
     H   19       -0.014019        0.483365        0.163271
 
     C   20       -0.394909       -0.232463       -0.357401
     C   20       -0.232463       -0.059904        0.395299
     C   20       -0.357401        0.395299        0.454813
 
     H   21       -0.378804        0.268555       -0.503255
     H   21        0.268555        0.249422        0.232805
     H   21       -0.503255        0.232805        0.129382
 
     C   22       -0.264702       -0.290686       -0.280069
     C   22       -0.290686       -0.191752        0.473910
     C   22       -0.280069        0.473910        0.456453
 
     C   23       -0.122030       -0.002404       -0.377792
     C   23       -0.002404       -0.149939        0.500422
     C   23       -0.377792        0.500422        0.271969
 
     Cl  24        0.007987        0.053480       -0.017180
     Cl  24        0.053480        0.010680        0.016133
     Cl  24       -0.017180        0.016133       -0.018667
 
     ----- ionic term -----
     Cl   1        0.082713       -0.193676        0.021834
     Cl   1       -0.193676        0.056319       -0.022006
     Cl   1        0.021834       -0.022006       -0.139032
 
     C    2        0.164857       -0.134129        0.294618
     C    2       -0.134129        0.168109        0.370469
     C    2        0.294618        0.370469       -0.332966
 
     C    3        0.194225       -0.186163        0.179908
     C    3       -0.186163        0.153736        0.392935
     C    3        0.179908        0.392935       -0.347960
 
     H    4        0.525766        0.366894        0.659819
     H    4        0.366894       -0.412485        0.279758
     H    4        0.659819        0.279758       -0.113280
 
     C    5        0.352643       -0.174505        0.252080
     C    5       -0.174505        0.008331        0.309999
     C    5        0.252080        0.309999       -0.360974
 
     H    6       -0.501463        0.027331        0.025190
     H    6        0.027331        0.707422        0.672310
     H    6        0.025190        0.672310       -0.205960
 
     H    7       -0.520006        0.026464       -0.003216
     H    7        0.026464        0.740360       -0.660312
     H    7       -0.003216       -0.660312       -0.220355
 
     C    8        0.309058        0.159809        0.271322
     C    8        0.159809        0.027258       -0.314102
     C    8        0.271322       -0.314102       -0.336316
 
     H    9        0.444960       -0.396446        0.680813
     H    9       -0.396446       -0.360583       -0.327218
     H    9        0.680813       -0.327218       -0.084377
 
     C   10        0.176809        0.211199        0.180988
     C   10        0.211199        0.171843       -0.384651
     C   10        0.180988       -0.384651       -0.348652
 
     C   11        0.164115        0.179266        0.262258
     C   11        0.179266        0.178015       -0.399150
     C   11        0.262258       -0.399150       -0.342130
 
     Cl  12        0.132951        0.228342        0.010771
     Cl  12        0.228342        0.009735        0.005802
     Cl  12        0.010771        0.005802       -0.142686
 
     H   13       -0.514072        0.025710        0.034856
     H   13        0.025710        0.691465        0.690482
     H   13        0.034856        0.690482       -0.177393
 
     C   14        0.322687       -0.187466        0.256922
     C   14       -0.187466        0.033480        0.305848
     C   14        0.256922        0.305848       -0.356166
 
     H   15        0.560191        0.366706        0.672763
     H   15        0.366706       -0.379015        0.293274
     H   15        0.672763        0.293274       -0.181176
 
     C   16        0.167648       -0.214072        0.180507
     C   16       -0.214072        0.179494        0.413597
     C   16        0.180507        0.413597       -0.347142
 
     C   17        0.237416       -0.183326        0.269909
     C   17       -0.183326        0.114968        0.413237
     C   17        0.269909        0.413237       -0.352384
 
     Cl  18        0.172635       -0.239051        0.015796
     Cl  18       -0.239051       -0.008085        0.001818
     Cl  18        0.015796        0.001818       -0.164550
 
     H   19       -0.500467        0.033093        0.003744
     H   19        0.033093        0.712148       -0.668420
     H   19        0.003744       -0.668420       -0.211681
 
     C   20        0.319853        0.181742        0.281693
     C   20        0.181742        0.034640       -0.301078
     C   20        0.281693       -0.301078       -0.354493
 
     H   21        0.514959       -0.377371        0.683084
     H   21       -0.377371       -0.350695       -0.309830
     H   21        0.683084       -0.309830       -0.164265
 
     C   22        0.191839        0.239326        0.200576
     C   22        0.239326        0.162666       -0.375791
     C   22        0.200576       -0.375791       -0.354505
 
     C   23        0.190502        0.133049        0.308128
     C   23        0.133049        0.110450       -0.386956
     C   23        0.308128       -0.386956       -0.300952
 
     Cl  24        0.164218        0.176422        0.053246
     Cl  24        0.176422       -0.024859        0.019611
     Cl  24        0.053246        0.019611       -0.139359
 
     ----- GIPAW term -----
     Cl   1        0.979609       -2.548425        0.172039
     Cl   1       -2.548425        0.609585       -0.331777
     Cl   1        0.172039       -0.331777       -1.589195
 
     C    2        0.054219       -0.154640       -0.055410
     C    2       -0.154640       -0.000459       -0.082839
     C    2       -0.055410       -0.082839       -0.053760
 
     C    3       -0.066718        0.027670       -0.072892
     C    3        0.027670       -0.018400       -0.079856
     C    3       -0.072892       -0.079856        0.085118
 
     H    4        0.000000       -0.000000       -0.000000
     H    4       -0.000000        0.000000        0.000000
     H    4       -0.000000        0.000000       -0.000000
 
     C    5       -0.044706        0.036975       -0.048993
     C    5        0.036975       -0.031392       -0.081876
     C    5       -0.048993       -0.081876        0.076098
 
     H    6        0.000000       -0.000000       -0.000000
     H    6       -0.000000        0.000000        0.000000
     H    6       -0.000000        0.000000       -0.000000
 
     H    7        0.000000       -0.000000       -0.000000
     H    7       -0.000000        0.000000        0.000000
     H    7       -0.000000        0.000000       -0.000000
 
     C    8       -0.037434       -0.038193       -0.054257
     C    8       -0.038193       -0.035231        0.082863
     C    8       -0.054257        0.082863        0.072665
 
     H    9        0.000000       -0.000000       -0.000000
     H    9       -0.000000        0.000000        0.000000
     H    9       -0.000000        0.000000       -0.000000
 
     C   10       -0.060114       -0.023068       -0.071226
     C   10       -0.023068       -0.013230        0.078647
     C   10       -0.071226        0.078647        0.073344
 
     C   11        0.060293        0.124712       -0.059018
     C   11        0.124712       -0.023477        0.088404
     C   11       -0.059018        0.088404       -0.036816
 
     Cl  12        1.100850        2.508650       -0.202833
     Cl  12        2.508650        0.469079        0.054268
     Cl  12       -0.202833        0.054268       -1.569929
 
     H   13        0.000000       -0.000000       -0.000000
     H   13       -0.000000        0.000000        0.000000
     H   13       -0.000000        0.000000       -0.000000
 
     C   14       -0.040629        0.043021       -0.054293
     C   14        0.043021       -0.035502       -0.084663
     C   14       -0.054293       -0.084663        0.076131
 
     H   15        0.000000       -0.000000       -0.000000
     H   15       -0.000000        0.000000        0.000000
     H   15       -0.000000        0.000000       -0.000000
 
     C   16       -0.049797        0.033514       -0.057980
     C   16        0.033514       -0.026322       -0.087847
     C   16       -0.057980       -0.087847        0.076118
 
     C   17        0.049241       -0.115505       -0.066653
     C   17       -0.115505       -0.025605       -0.089990
     C   17       -0.066653       -0.089990       -0.023636
 
     Cl  18        1.564893       -2.309365       -0.116794
     Cl  18       -2.309365       -0.034407       -0.134900
     Cl  18       -0.116794       -0.134900       -1.530486
 
     H   19        0.000000       -0.000000       -0.000000
     H   19       -0.000000        0.000000        0.000000
     H   19       -0.000000        0.000000       -0.000000
 
     C   20       -0.049863       -0.041318       -0.056263
     C   20       -0.041318       -0.029432        0.079924
     C   20       -0.056263        0.079924        0.079295
 
     H   21        0.000000       -0.000000       -0.000000
     H   21       -0.000000        0.000000        0.000000
     H   21       -0.000000        0.000000       -0.000000
 
     C   22       -0.061984       -0.034411       -0.069674
     C   22       -0.034411       -0.017803        0.081035
     C   22       -0.069674        0.081035        0.079787
 
     C   23        0.088328        0.146712       -0.046061
     C   23        0.146712       -0.035025        0.094122
     C   23       -0.046061        0.094122       -0.053302
 
     Cl  24        1.806849        2.410411        0.359271
     Cl  24        2.410411       -0.155625        0.387608
     Cl  24        0.359271        0.387608       -1.651224
 
     ----- total EFG -----
     Cl   1        1.076709       -2.791091        0.192096
     Cl   1       -2.791091        0.664515       -0.362010
     Cl   1        0.192096       -0.362010       -1.741224
 
     C    2        0.093111       -0.294162       -0.134570
     C    2       -0.294162       -0.012915       -0.182947
     C    2       -0.134570       -0.182947       -0.080195
 
     C    3       -0.144260        0.069775       -0.154595
     C    3        0.069775       -0.047868       -0.177839
     C    3       -0.154595       -0.177839        0.192129
 
     H    4        0.151782        0.098954        0.175740
     H    4        0.098954       -0.101240        0.067692
     H    4        0.175740        0.067692       -0.050542
 
     C    5       -0.117915        0.084492       -0.114332
     C    5        0.084492       -0.057077       -0.176320
     C    5       -0.114332       -0.176320        0.174992
 
     H    6       -0.145739       -0.006382       -0.000902
     H    6       -0.006382        0.196127        0.185207
     H    6       -0.000902        0.185207       -0.050388
 
     H    7       -0.147570        0.019691       -0.009448
     H    7        0.019691        0.203543       -0.182492
     H    7       -0.009448       -0.182492       -0.055973
 
     C    8       -0.102551       -0.087121       -0.127173
     C    8       -0.087121       -0.064689        0.178249
     C    8       -0.127173        0.178249        0.167239
 
     H    9        0.133920       -0.098717        0.176746
     H    9       -0.098717       -0.096098       -0.072088
     H    9        0.176746       -0.072088       -0.037822
 
     C   10       -0.130610       -0.061492       -0.151254
     C   10       -0.061492       -0.037020        0.175178
     C   10       -0.151254        0.175178        0.167630
 
     C   11        0.104538        0.228830       -0.134723
     C   11        0.228830       -0.060157        0.198909
     C   11       -0.134723        0.198909       -0.044381
 
     Cl  12        1.211155        2.746259       -0.216890
     Cl  12        2.746259        0.509932        0.058623
     Cl  12       -0.216890        0.058623       -1.721087
 
     H   13       -0.146067       -0.002833        0.000155
     H   13       -0.002833        0.189135        0.189435
     H   13        0.000155        0.189435       -0.043068
 
     C   14       -0.108316        0.098012       -0.126543
     C   14        0.098012       -0.065639       -0.181782
     C   14       -0.126543       -0.181782        0.173955
 
     H   15        0.157309        0.094267        0.178683
     H   15        0.094267       -0.112434        0.063076
     H   15        0.178683        0.063076       -0.044876
 
     C   16       -0.109645        0.080926       -0.124127
     C   16        0.080926       -0.062108       -0.192567
     C   16       -0.124127       -0.192567        0.171752
 
     C   17        0.071408       -0.209449       -0.151102
     C   17       -0.209449       -0.052313       -0.197703
     C   17       -0.151102       -0.197703       -0.019095
 
     Cl  18        1.714181       -2.527218       -0.125290
     Cl  18       -2.527218       -0.036493       -0.145829
     Cl  18       -0.125290       -0.145829       -1.677688
 
     H   19       -0.147918        0.020625       -0.010275
     H   19        0.020625        0.196328       -0.185055
     H   19       -0.010275       -0.185055       -0.048410
 
     C   20       -0.124919       -0.092039       -0.131971
     C   20       -0.092039       -0.054696        0.174145
     C   20       -0.131971        0.174145        0.179615
 
     H   21        0.136156       -0.108816        0.179830
     H   21       -0.108816       -0.101273       -0.077025
     H   21        0.179830       -0.077025       -0.034883
 
     C   22       -0.134847       -0.085771       -0.149166
     C   22       -0.085771       -0.046888        0.179154
     C   22       -0.149166        0.179154        0.181735
 
     C   23        0.156800        0.277357       -0.115725
     C   23        0.277357       -0.074514        0.207588
     C   23       -0.115725        0.207588       -0.082286
 
     Cl  24        1.979054        2.640313        0.395337
     Cl  24        2.640313       -0.169804        0.423352
     Cl  24        0.395337        0.423352       -1.809250
 
     ----- total EFG (symmetrized) -----
     Cl   1        1.076709       -2.791091        0.192096
     Cl   1       -2.791091        0.664515       -0.362010
     Cl   1        0.192096       -0.362010       -1.741224
 
     C    2        0.093111       -0.294162       -0.134570
     C    2       -0.294162       -0.012915       -0.182947
     C    2       -0.134570       -0.182947       -0.080195
 
     C    3       -0.144260        0.069775       -0.154595
     C    3        0.069775       -0.047868       -0.177839
     C    3       -0.154595       -0.177839        0.192129
 
     H    4        0.151782        0.098954        0.175740
     H    4        0.098954       -0.101240        0.067692
     H    4        0.175740        0.067692       -0.050542
 
     C    5       -0.117915        0.084492       -0.114332
     C    5        0.084492       -0.057077       -0.176320
     C    5       -0.114332       -0.176320        0.174992
 
     H    6       -0.145739       -0.006382       -0.000902
     H    6       -0.006382        0.196127        0.185207
     H    6       -0.000902        0.185207       -0.050388
 
     H    7       -0.147570        0.019691       -0.009448
     H    7        0.019691        0.203543       -0.182492
     H    7       -0.009448       -0.182492       -0.055973
 
     C    8       -0.102551       -0.087121       -0.127173
     C    8       -0.087121       -0.064689        0.178249
     C    8       -0.127173        0.178249        0.167239
 
     H    9        0.133920       -0.098717        0.176746
     H    9       -0.098717       -0.096098       -0.072088
     H    9        0.176746       -0.072088       -0.037822
 
     C   10       -0.130610       -0.061492       -0.151254
     C   10       -0.061492       -0.037020        0.175178
     C   10       -0.151254        0.175178        0.167630
 
     C   11        0.104538        0.228830       -0.134723
     C   11        0.228830       -0.060157        0.198909
     C   11       -0.134723        0.198909       -0.044381
 
     Cl  12        1.211155        2.746259       -0.216890
     Cl  12        2.746259        0.509932        0.058623
     Cl  12       -0.216890        0.058623       -1.721087
 
     H   13       -0.146067       -0.002833        0.000155
     H   13       -0.002833        0.189135        0.189435
     H   13        0.000155        0.189435       -0.043068
 
     C   14       -0.108316        0.098012       -0.126543
     C   14        0.098012       -0.065639       -0.181782
     C   14       -0.126543       -0.181782        0.173955
 
     H   15        0.157309        0.094267        0.178683
     H   15        0.094267       -0.112434        0.063076
     H   15        0.178683        0.063076       -0.044876
 
     C   16       -0.109645        0.080926       -0.124127
     C   16        0.080926       -0.062108       -0.192567
     C   16       -0.124127       -0.192567        0.171752
 
     C   17        0.071408       -0.209449       -0.151102
     C   17       -0.209449       -0.052313       -0.197703
     C   17       -0.151102       -0.197703       -0.019095
 
     Cl  18        1.714181       -2.527218       -0.125290
     Cl  18       -2.527218       -0.036493       -0.145829
     Cl  18       -0.125290       -0.145829       -1.677688
 
     H   19       -0.147918        0.020625       -0.010275
     H   19        0.020625        0.196328       -0.185055
     H   19       -0.010275       -0.185055       -0.048410
 
     C   20       -0.124919       -0.092039       -0.131971
     C   20       -0.092039       -0.054696        0.174145
     C   20       -0.131971        0.174145        0.179615
 
     H   21        0.136156       -0.108816        0.179830
     H   21       -0.108816       -0.101273       -0.077025
     H   21        0.179830       -0.077025       -0.034883
 
     C   22       -0.134847       -0.085771       -0.149166
     C   22       -0.085771       -0.046888        0.179154
     C   22       -0.149166        0.179154        0.181735
 
     C   23        0.156800        0.277357       -0.115725
     C   23        0.277357       -0.074514        0.207588
     C   23       -0.115725        0.207588       -0.082286
 
     Cl  24        1.979054        2.640313        0.395337
     Cl  24        2.640313       -0.169804        0.423352
     Cl  24        0.395337        0.423352       -1.809250
 
 
     NQR/NMR SPECTROSCOPIC PARAMETERS:
     Cl   1    Vxx=   -1.6924    axis=( -0.382538 -0.319869  0.866803)
     Cl   1    Vyy=   -2.0045    axis=(  0.566784  0.659660  0.493562)
     Cl   1    Vzz=    3.6969    axis=(  0.729671 -0.680097  0.071048)
     Cl   1  Q=        -8.1650 1e-30 m^2  Cq=       -70.9227 MHz  eta= 0.08441
 
     C    2    Vxx=    0.0736    axis=( -0.394571 -0.403744  0.825411)
     C    2    Vyy=    0.3396    axis=( -0.756241  0.652935 -0.042127)
     C    2    Vzz=   -0.4132    axis=( -0.521931 -0.640833 -0.562958)
     C    2  Q=         1.0000 1e-30 m^2  Cq=        -0.9709 MHz  eta= 0.64367
 
     C    3    Vxx=   -0.1407    axis=( -0.153092  0.899395  0.409452)
     C    3    Vyy=   -0.2045    axis=(  0.932563 -0.005592  0.360964)
     C    3    Vzz=    0.3452    axis=( -0.326939 -0.437101  0.837887)
     C    3  Q=         1.0000 1e-30 m^2  Cq=         0.8111 MHz  eta= 0.18484
 
     H    4    Vxx=   -0.1337    axis=( -0.443986  0.864868  0.234262)
     H    4    Vyy=   -0.1562    axis=( -0.349987 -0.408062  0.843204)
     H    4    Vzz=    0.2899    axis=( -0.824854 -0.292383 -0.483867)
     H    4  Q=         1.0000 1e-30 m^2  Cq=         0.6813 MHz  eta= 0.07775
 
     C    5    Vxx=   -0.1379    axis=(  0.565263  0.613037  0.551963)
     C    5    Vyy=   -0.1779    axis=( -0.764779  0.640243  0.072122)
     C    5    Vzz=    0.3158    axis=( -0.309177 -0.462898  0.830743)
     C    5  Q=         1.0000 1e-30 m^2  Cq=         0.7420 MHz  eta= 0.12648
 
     H    6    Vxx=   -0.1448    axis=(  0.907829 -0.186927  0.375374)
     H    6    Vyy=   -0.1506    axis=( -0.419117 -0.433740  0.797628)
     H    6    Vzz=    0.2954    axis=( -0.013716  0.881435  0.472106)
     H    6  Q=         1.0000 1e-30 m^2  Cq=         0.6941 MHz  eta= 0.01973
 
     H    7    Vxx=   -0.1484    axis=( -0.938024 -0.116724 -0.326324)
     H    7    Vyy=   -0.1504    axis=( -0.343111  0.445493  0.826929)
     H    7    Vzz=    0.2988    axis=( -0.048853 -0.887644  0.457932)
     H    7  Q=         1.0000 1e-30 m^2  Cq=         0.7020 MHz  eta= 0.00656
 
     C    8    Vxx=   -0.1448    axis=( -0.696340  0.463043 -0.548363)
     C    8    Vyy=   -0.1749    axis=( -0.631159 -0.758818  0.160726)
     C    8    Vzz=    0.3197    axis=( -0.341685  0.458024  0.820649)
     C    8  Q=         1.0000 1e-30 m^2  Cq=         0.7511 MHz  eta= 0.09429
 
     H    9    Vxx=   -0.1312    axis=(  0.466068  0.856793 -0.220649)
     H    9    Vyy=   -0.1525    axis=( -0.369820  0.415218  0.831160)
     H    9    Vzz=    0.2837    axis=( -0.803750  0.305777 -0.510379)
     H    9  Q=         1.0000 1e-30 m^2  Cq=         0.6666 MHz  eta= 0.07488
 
     C   10    Vxx=   -0.1303    axis=(  0.313022  0.879567 -0.358299)
     C   10    Vyy=   -0.1954    axis=( -0.888766  0.138277 -0.437007)
     C   10    Vzz=    0.3257    axis=( -0.334832  0.455237  0.825013)
     C   10  Q=         1.0000 1e-30 m^2  Cq=         0.7652 MHz  eta= 0.20004
 
     C   11    Vxx=    0.1231    axis=( -0.348681  0.454288  0.819783)
     C   11    Vyy=    0.2655    axis=( -0.811684 -0.583691 -0.021780)
     C   11    Vzz=   -0.3886    axis=(  0.468605 -0.672999  0.572261)
     C   11  Q=         1.0000 1e-30 m^2  Cq=        -0.9131 MHz  eta= 0.36624
 
     Cl  12    Vxx=   -1.6073    axis=(  0.334265 -0.410074 -0.848591)
     Cl  12    Vyy=   -2.0246    axis=(  0.569624 -0.629422  0.528541)
     Cl  12    Vzz=    3.6320    axis=( -0.750863 -0.660051  0.023194)
     Cl  12  Q=        -8.1650 1e-30 m^2  Cq=       -69.6775 MHz  eta= 0.11490
 
     H   13    Vxx=   -0.1455    axis=(  0.924827 -0.181451  0.334321)
     H   13    Vyy=   -0.1498    axis=( -0.380349 -0.453660  0.805932)
     H   13    Vzz=    0.2952    axis=( -0.005431  0.872507  0.488572)
     H   13  Q=         1.0000 1e-30 m^2  Cq=         0.6937 MHz  eta= 0.01463
 
     C   14    Vxx=   -0.1398    axis=(  0.649398  0.514471  0.560001)
     C   14    Vyy=   -0.1893    axis=( -0.679976  0.722549  0.124722)
     C   14    Vzz=    0.3290    axis=( -0.340463 -0.461782  0.819050)
     C   14  Q=         1.0000 1e-30 m^2  Cq=         0.7731 MHz  eta= 0.15032
 
     H   15    Vxx=   -0.1394    axis=( -0.479905  0.790993  0.379501)
     H   15    Vyy=   -0.1538    axis=( -0.284650 -0.549552  0.785472)
     H   15    Vzz=    0.2931    axis=( -0.829859 -0.268927 -0.488889)
     H   15  Q=         1.0000 1e-30 m^2  Cq=         0.6887 MHz  eta= 0.04911
 
     C   16    Vxx=   -0.1542    axis=(  0.824824  0.289977  0.485363)
     C   16    Vyy=   -0.1756    axis=(  0.466820 -0.833599 -0.295283)
     C   16    Vzz=    0.3299    axis=( -0.318973 -0.470134  0.822940)
     C   16  Q=         1.0000 1e-30 m^2  Cq=         0.7751 MHz  eta= 0.06488
 
     C   17    Vxx=    0.1523    axis=( -0.316162 -0.471759  0.823095)
     C   17    Vyy=    0.2280    axis=( -0.809345  0.586783  0.025435)
     C   17    Vzz=   -0.3803    axis=( -0.494977 -0.658126 -0.567334)
     C   17  Q=         1.0000 1e-30 m^2  Cq=        -0.8935 MHz  eta= 0.19920
 
     Cl  18    Vxx=   -1.5496    axis=( -0.320239 -0.454774  0.831040)
     Cl  18    Vyy=   -1.9638    axis=(  0.483422  0.675975  0.556202)
     Cl  18    Vzz=    3.5134    axis=( -0.814709  0.579861  0.003374)
     Cl  18  Q=        -8.1650 1e-30 m^2  Cq=       -67.4032 MHz  eta= 0.11789
 
     H   19    Vxx=   -0.1476    axis=(  0.419385  0.410546  0.809672)
     H   19    Vyy=   -0.1494    axis=( -0.906335  0.240145  0.347687)
     H   19    Vzz=    0.2970    axis=( -0.051697 -0.879649  0.472806)
     H   19  Q=         1.0000 1e-30 m^2  Cq=         0.6978 MHz  eta= 0.00632
 
     C   20    Vxx=   -0.1396    axis=( -0.372717  0.741139 -0.558386)
     C   20    Vyy=   -0.1891    axis=( -0.866276 -0.493607 -0.076929)
     C   20    Vzz=    0.3287    axis=( -0.332639  0.455044  0.826006)
     C   20  Q=         1.0000 1e-30 m^2  Cq=         0.7723 MHz  eta= 0.15050
 
     H   21    Vxx=   -0.1405    axis=(  0.551446  0.727486 -0.408254)
     H   21    Vyy=   -0.1540    axis=( -0.241183  0.607525  0.756799)
     H   21    Vzz=    0.2946    axis=( -0.798585  0.318870 -0.510474)
     H   21  Q=         1.0000 1e-30 m^2  Cq=         0.6921 MHz  eta= 0.04580
 
     C   22    Vxx=   -0.1449    axis=( -0.058766  0.863694 -0.500580)
     C   22    Vyy=   -0.1971    axis=( -0.938815 -0.218286 -0.266415)
     C   22    Vzz=    0.3420    axis=( -0.339371  0.454296  0.823676)
     C   22  Q=         1.0000 1e-30 m^2  Cq=         0.8036 MHz  eta= 0.15273
 
     C   23    Vxx=    0.0812    axis=( -0.365452  0.441543  0.819442)
     C   23    Vyy=    0.3427    axis=( -0.818225 -0.572102 -0.056641)
     C   23    Vzz=   -0.4239    axis=(  0.443795 -0.691187  0.570357)
     C   23  Q=         1.0000 1e-30 m^2  Cq=        -0.9960 MHz  eta= 0.61698
 
     Cl  24    Vxx=   -1.7700    axis=( -0.399362  0.447226  0.800312)
     Cl  24    Vyy=   -2.0419    axis=( -0.401271  0.699621 -0.591196)
     Cl  24    Vzz=    3.8119    axis=(  0.824313  0.557243  0.099943)
     Cl  24  Q=        -8.1650 1e-30 m^2  Cq=       -73.1286 MHz  eta= 0.07135
 
     Initialization:
     gipaw_setup  :      0.16s CPU      0.31s WALL (       1 calls)
 
     Linear response
 
     Apply operators
 
     Induced current
 
     Other routines
     efg          :      0.65s CPU      0.74s WALL (       1 calls)
 
     General routines
     calbec       :      0.05s CPU      0.05s WALL (      16 calls)
     fft          :      0.06s CPU      0.08s WALL (      15 calls)
     ffts         :      0.00s CPU      0.00s WALL (       2 calls)
     fftw         :      0.38s CPU      0.40s WALL (     672 calls)
     davcio       :      0.03s CPU      0.07s WALL (      32 calls)
 
     Parallel routines
     fft_scatter  :      0.26s CPU      0.28s WALL (     689 calls)
 
     Plugins
 
     GIPAW        :      3.76s CPU      4.57s WALL (       1 calls)
