
     Program QE v.6.0 starts on 20May2017 at 18: 7:43 

     This program is part of the open-source Quantum ESPRESSO suite
     for quantum simulation of materials; please cite
         "P. Giannozzi et al., J. Phys.:Condens. Matter 21 395502 (2009);
          URL http://www.quantum-espresso.org", 
     in publications or presentations arising from this work. More details at
     http://www.quantum-espresso.org/quote
 
           ARCH :    x86_64
             CC :    icc
            CPP :    cpp
            F90 :    ifort
            F77 :    ifort
         DFLAGS :    -D__INTEL -D__DFTI
      BLAS LIBS :    -lmkl_intel_lp64  -lmkl_sequential -lmkl_core
    LAPACK LIBS :    
       FFT LIBS :    
      MASS LIBS :    

     Parallel version (MPI & OpenMP), running on      32 processor cores
     Number of MPI processes:                32
     Threads/MPI process:                     1
     R & G space division:  proc/nbgrp/npool/nimage =      32
 
     ***** This is GIPAW svn revision unknown      *****
 
     Parallelizing q-star over 1 images

     Reading data from directory:
     ./scratch/scf-2349.save

   Info: using nr1, nr2, nr3 values from input

   Info: using nr1, nr2, nr3 values from input

     IMPORTANT: XC functional enforced from input :
     Exchange-correlation      =  SLA  PW   PBX  PBC ( 1  4  3  4 0 0)
     Any further DFT definition will be discarded
     Please, verify this is what you really want

               file C.pbe-n-kjpaw_psl.1.0.0.UPF: wavefunction(s)  2S 2P renormalized
               file Cl.pbe-n-kjpaw_psl.1.0.0.UPF: wavefunction(s)  3S 3P renormalized
               file H.pbe-kjpaw_psl.1.0.0.UPF: wavefunction(s)  1S renormalized
 
     Parallelization info
     --------------------
     sticks:   dense  smooth     PW     G-vecs:    dense   smooth      PW
     Min         764     305     83                36108     9133    1292
     Max         765     306     84                36110     9135    1293
     Sum       24467    9791   2657              1155489   292295   41363
 

     Subspace diagonalization in iterative solution of the eigenvalue problem:
     a serial algorithm will be used

     GIPAW projectors -----------------------------------------------
     atom=  C    l=0  rc=    1.2000  rs=    0.8000
     atom=  C    l=0  rc=    1.2000  rs=    0.8000
     atom=  C    l=1  rc=    1.4000  rs=    0.9333
     atom=  C    l=1  rc=    1.4000  rs=    0.9333
     projs nearly linearly dependent: l=1  n1,n2= 1, 2  s=  0.99951561
 
     atom=  Cl   l=0  rc=    1.6000  rs=    1.0667
     atom=  Cl   l=0  rc=    1.6000  rs=    1.0667
     atom=  Cl   l=1  rc=    1.6000  rs=    1.0667
     atom=  Cl   l=1  rc=    1.6000  rs=    1.0667
     atom=  Cl   l=2  rc=    1.6000  rs=    1.0667
     atom=  Cl   l=2  rc=    1.6000  rs=    1.0667
     projs nearly linearly dependent: l=2  n1,n2= 1, 2  s=  0.99993509
 
     atom=  H    l=0  rc=    1.0000  rs=    0.6667
     atom=  H    l=0  rc=    1.0000  rs=    0.6667
     projs nearly linearly dependent: l=0  n1,n2= 1, 2  s=  0.99968852
     -----------------------------------------------------------------
 
     GIPAW integrals: -------------------------------------------
     Atom  i/j   nmr_para   nmr_dia   epr_rmc  epr_para   epr_dia
       C   1 1   0.83E+03  0.17E-01  0.93E+01  0.24E+08  0.24E+03
       C   2 1   0.86E+03 -0.61E-01  0.94E+01  0.25E+08  0.25E+03
       C   2 2   0.90E+03 -0.15E+00  0.97E+01  0.26E+08  0.26E+03
       C   3 3   0.33E+01  0.34E+00  0.18E+01  0.55E+03  0.21E+02
       C   4 3   0.35E+01  0.37E+00  0.20E+01  0.59E+03  0.22E+02
       C   4 4   0.38E+01  0.39E+00  0.22E+01  0.63E+03  0.24E+02
       Cl  1 1   0.14E+04 -0.47E+00  0.84E+01  0.32E+09  0.42E+03
       Cl  2 1   0.21E+04 -0.37E+00  0.12E+02  0.49E+09  0.65E+03
       Cl  2 2   0.33E+04 -0.16E+00  0.21E+02  0.76E+09  0.10E+04
       Cl  3 3   0.21E+02  0.79E-01  0.89E+01  0.23E+05  0.13E+03
       Cl  4 3   0.24E+02  0.67E-01  0.99E+01  0.27E+05  0.15E+03
       Cl  4 4   0.28E+02  0.44E-01  0.11E+02  0.32E+05  0.18E+03
       Cl  5 5   0.77E+00  0.19E+00  0.18E+01  0.12E+03  0.22E+02
       Cl  6 5   0.80E+00  0.19E+00  0.19E+01  0.12E+03  0.23E+02
       Cl  6 6   0.83E+00  0.20E+00  0.19E+01  0.12E+03  0.23E+02
       H   1 1   0.39E+02  0.19E+00  0.29E+00  0.78E+05  0.13E+02
       H   2 1   0.41E+02  0.21E+00  0.32E+00  0.82E+05  0.14E+02
       H   2 2   0.43E+02  0.22E+00  0.36E+00  0.86E+05  0.15E+02
     ------------------------------------------------------------
 
     alpha_pv=     33.9680 eV
 
     Number of occupied bands for each k-point:
     k-point:     1    nbnd_occ=  42
     k-point:     2    nbnd_occ=  42
     k-point:     3    nbnd_occ=  42
     k-point:     4    nbnd_occ=  42
     k-point:     5    nbnd_occ=  42
     k-point:     6    nbnd_occ=  42
     k-point:     7    nbnd_occ=  42
     k-point:     8    nbnd_occ=  42
     k-point:     9    nbnd_occ=  42
     k-point:    10    nbnd_occ=  42
     k-point:    11    nbnd_occ=  42
     k-point:    12    nbnd_occ=  42
     k-point:    13    nbnd_occ=  42
     k-point:    14    nbnd_occ=  42
     k-point:    15    nbnd_occ=  42
     k-point:    16    nbnd_occ=  42
 
 
     q-space interpolation up to   110.00 Rydberg
 
     GIPAW job: efg                                                                             
 
 
     ELECTRIC FIELD GRADIENTS TENSORS IN Hartree/bohrradius^2:
 
     ----- bare term -----
     Cl   1        0.010294       -0.011094       -0.014608
     Cl   1       -0.011094        0.014366       -0.001230
     Cl   1       -0.014608       -0.001230       -0.024660
 
     C    2       -0.128904        0.094783       -0.380031
     C    2        0.094783       -0.009507       -0.514784
     C    2       -0.380031       -0.514784        0.138412
 
     C    3       -0.088136        0.362028       -0.297180
     C    3        0.362028       -0.152930       -0.491939
     C    3       -0.297180       -0.491939        0.241065
 
     H    4       -0.342429       -0.108046       -0.536870
     H    4       -0.108046        0.330577       -0.146006
     H    4       -0.536870       -0.146006        0.011853
 
     C    5       -0.211404        0.325870       -0.397813
     C    5        0.325870       -0.047100       -0.391818
     C    5       -0.397813       -0.391818        0.258503
 
     H    6        0.399180       -0.071404       -0.070079
     H    6       -0.071404       -0.320785       -0.588611
     H    6       -0.070079       -0.588611       -0.078394
 
     H    7        0.405663        0.046553       -0.043144
     H    7        0.046553       -0.319798        0.582111
     H    7       -0.043144        0.582111       -0.085865
 
     C    8       -0.188500       -0.334688       -0.399720
     C    8       -0.334688       -0.027307        0.391435
     C    8       -0.399720        0.391435        0.215807
 
     H    9       -0.342578        0.087709       -0.555120
     H    9        0.087709        0.403055        0.141750
     H    9       -0.555120        0.141750       -0.060476
 
     C   10       -0.087808       -0.408257       -0.297010
     C   10       -0.408257       -0.114086        0.488149
     C   10       -0.297010        0.488149        0.201894
 
     C   11       -0.118451       -0.197658       -0.398958
     C   11       -0.197658        0.018096        0.509547
     C   11       -0.398958        0.509547        0.100355
 
     Cl  12        0.010803        0.007014       -0.013642
     Cl  12        0.007014       -0.016975        0.015478
     Cl  12       -0.013642        0.015478        0.006172
 
     H   13        0.365728       -0.105326       -0.073251
     H   13       -0.105326       -0.394405       -0.542970
     H   13       -0.073251       -0.542970        0.028677
 
     C   14       -0.280430        0.289482       -0.382175
     C   14        0.289482       -0.091920       -0.390925
     C   14       -0.382175       -0.390925        0.372350
 
     H   15       -0.454640       -0.134795       -0.558164
     H   15       -0.134795        0.354990       -0.157228
     H   15       -0.558164       -0.157228        0.099649
 
     C   16       -0.145160        0.337878       -0.320259
     C   16        0.337878       -0.207369       -0.477149
     C   16       -0.320259       -0.477149        0.352529
 
     C   17       -0.103963        0.104582       -0.468983
     C   17        0.104582       -0.044568       -0.448466
     C   17       -0.468983       -0.448466        0.148532
 
     Cl  18        0.027999       -0.039749       -0.004979
     Cl  18       -0.039749       -0.019396       -0.026206
     Cl  18       -0.004979       -0.026206       -0.008603
 
     H   19        0.378327        0.068430       -0.065871
     H   19        0.068430       -0.334604        0.569984
     H   19       -0.065871        0.569984       -0.043723
 
     C   20       -0.226864       -0.332852       -0.403396
     C   20       -0.332852       -0.031209        0.394331
     C   20       -0.403396        0.394331        0.258073
 
     H   21       -0.367385        0.091066       -0.566076
     H   21        0.091066        0.339331        0.162854
     H   21       -0.566076        0.162854        0.028054
 
     C   22       -0.106967       -0.414038       -0.300994
     C   22       -0.414038       -0.150185        0.493002
     C   22       -0.300994        0.493002        0.257152
 
     C   23       -0.103366       -0.139845       -0.446312
     C   23       -0.139845        0.036866        0.481704
     C   23       -0.446312        0.481704        0.066500
 
     Cl  24        0.029890        0.001495       -0.007979
     Cl  24        0.001495       -0.002897        0.024030
     Cl  24       -0.007979        0.024030       -0.026993
 
     ----- ionic term -----
     Cl   1        0.106671       -0.224622       -0.003729
     Cl   1       -0.224622        0.025569        0.006747
     Cl   1       -0.003729        0.006747       -0.132240
 
     C    2        0.158182       -0.205624        0.283197
     C    2       -0.205624        0.030941        0.413141
     C    2        0.283197        0.413141       -0.189123
 
     C    3        0.048780       -0.294790        0.217489
     C    3       -0.294790        0.133643        0.396114
     C    3        0.217489        0.396114       -0.182423
 
     H    4        0.493130        0.136688        0.742191
     H    4        0.136688       -0.472808        0.175205
     H    4        0.742191        0.175205       -0.020322
 
     C    5        0.179605       -0.257675        0.316451
     C    5       -0.257675        0.024832        0.290813
     C    5        0.316451        0.290813       -0.204437
 
     H    6       -0.539516        0.082897        0.086610
     H    6        0.082897        0.436899        0.797816
     H    6        0.086610        0.797816        0.102617
 
     H    7       -0.548489       -0.051223        0.054705
     H    7       -0.051223        0.428083       -0.796883
     H    7        0.054705       -0.796883        0.120407
 
     C    8        0.154733        0.261445        0.320969
     C    8        0.261445        0.011637       -0.291469
     C    8        0.320969       -0.291469       -0.166370
 
     H    9        0.478612       -0.119655        0.761740
     H    9       -0.119655       -0.536210       -0.174400
     H    9        0.761740       -0.174400        0.057599
 
     C   10        0.048696        0.333652        0.210928
     C   10        0.333652        0.104952       -0.392208
     C   10        0.210928       -0.392208       -0.153647
 
     C   11        0.155545        0.276600        0.309027
     C   11        0.276600       -0.004017       -0.401867
     C   11        0.309027       -0.401867       -0.151529
 
     Cl  12        0.118104        0.215197        0.007699
     Cl  12        0.215197        0.038051       -0.001428
     Cl  12        0.007699       -0.001428       -0.156155
 
     H   13       -0.506184        0.129272        0.097121
     H   13        0.129272        0.539698        0.747238
     H   13        0.097121        0.747238       -0.033513
 
     C   14        0.231046       -0.225063        0.301118
     C   14       -0.225063        0.061798        0.288239
     C   14        0.301118        0.288239       -0.292844
 
     H   15        0.624778        0.186403        0.743869
     H   15        0.186403       -0.487365        0.193926
     H   15        0.743869        0.193926       -0.137413
 
     C   16        0.093749       -0.274136        0.233908
     C   16       -0.274136        0.175757        0.381169
     C   16        0.233908        0.381169       -0.269505
 
     C   17        0.138592       -0.213638        0.372066
     C   17       -0.213638        0.059632        0.347908
     C   17        0.372066        0.347908       -0.198224
 
     Cl  18        0.102898       -0.194264        0.038253
     Cl  18       -0.194264        0.042097       -0.016261
     Cl  18        0.038253       -0.016261       -0.144995
 
     H   19       -0.522397       -0.078059        0.079654
     H   19       -0.078059        0.455989       -0.781581
     H   19        0.079654       -0.781581        0.066408
 
     C   20        0.183585        0.257390        0.318982
     C   20        0.257390        0.015679       -0.295178
     C   20        0.318982       -0.295178       -0.199264
 
     H   21        0.513108       -0.124544        0.771730
     H   21       -0.124544       -0.481660       -0.193725
     H   21        0.771730       -0.193725       -0.031448
 
     C   22        0.066265        0.335315        0.217176
     C   22        0.335315        0.130736       -0.392677
     C   22        0.217176       -0.392677       -0.197001
 
     C   23        0.159704        0.236866        0.357850
     C   23        0.236866       -0.027309       -0.372636
     C   23        0.357850       -0.372636       -0.132394
 
     Cl  24        0.155762        0.211340        0.045467
     Cl  24        0.211340       -0.026165        0.012058
     Cl  24        0.045467        0.012058       -0.129597
 
     ----- GIPAW term -----
     Cl   1        1.219002       -2.491688       -0.228787
     Cl   1       -2.491688        0.411017        0.050964
     Cl   1       -0.228787        0.050964       -1.630020
 
     C    2        0.045915       -0.131364       -0.079401
     C    2       -0.131364        0.025093       -0.076941
     C    2       -0.079401       -0.076941       -0.071008
 
     C    3       -0.038068        0.050156       -0.070675
     C    3        0.050156       -0.008055       -0.075998
     C    3       -0.070675       -0.075998        0.046123
 
     H    4        0.000000       -0.000000       -0.000000
     H    4       -0.000000        0.000000        0.000000
     H    4       -0.000000        0.000000       -0.000000
 
     C    5       -0.015012        0.050408       -0.061279
     C    5        0.050408       -0.025080       -0.089797
     C    5       -0.061279       -0.089797        0.040092
 
     H    6        0.000000       -0.000000       -0.000000
     H    6       -0.000000        0.000000        0.000000
     H    6       -0.000000        0.000000       -0.000000
 
     H    7        0.000000       -0.000000       -0.000000
     H    7       -0.000000        0.000000        0.000000
     H    7       -0.000000        0.000000       -0.000000
 
     C    8       -0.016732       -0.053875       -0.058730
     C    8       -0.053875       -0.018333        0.089076
     C    8       -0.058730        0.089076        0.035065
 
     H    9        0.000000       -0.000000       -0.000000
     H    9       -0.000000        0.000000        0.000000
     H    9       -0.000000        0.000000       -0.000000
 
     C   10       -0.036763       -0.054969       -0.075966
     C   10       -0.054969        0.000441        0.077088
     C   10       -0.075966        0.077088        0.036322
 
     C   11        0.055193        0.104080       -0.071110
     C   11        0.104080        0.014505        0.083918
     C   11       -0.071110        0.083918       -0.069698
 
     Cl  12        1.363388        2.322709       -0.095455
     Cl  12        2.322709        0.220049        0.150610
     Cl  12       -0.095455        0.150610       -1.583437
 
     H   13        0.000000       -0.000000       -0.000000
     H   13       -0.000000        0.000000        0.000000
     H   13       -0.000000        0.000000       -0.000000
 
     C   14       -0.028443        0.049829       -0.063125
     C   14        0.049829       -0.030523       -0.089946
     C   14       -0.063125       -0.089946        0.058966
 
     H   15        0.000000       -0.000000       -0.000000
     H   15       -0.000000        0.000000        0.000000
     H   15       -0.000000        0.000000       -0.000000
 
     C   16       -0.048087        0.049212       -0.074004
     C   16        0.049212       -0.015748       -0.076648
     C   16       -0.074004       -0.076648        0.063835
 
     C   17        0.050978       -0.130610       -0.070201
     C   17       -0.130610        0.019023       -0.082353
     C   17       -0.070201       -0.082353       -0.070001
 
     Cl  18        1.390070       -2.461752        0.335964
     Cl  18       -2.461752        0.210115       -0.466496
     Cl  18        0.335964       -0.466496       -1.600185
 
     H   19        0.000000       -0.000000       -0.000000
     H   19       -0.000000        0.000000        0.000000
     H   19       -0.000000        0.000000       -0.000000
 
     C   20       -0.024771       -0.059421       -0.063485
     C   20       -0.059421       -0.018404        0.086014
     C   20       -0.063485        0.086014        0.043176
 
     H   21        0.000000       -0.000000       -0.000000
     H   21       -0.000000        0.000000        0.000000
     H   21       -0.000000        0.000000       -0.000000
 
     C   22       -0.038928       -0.061135       -0.072483
     C   22       -0.061135       -0.007171        0.080758
     C   22       -0.072483        0.080758        0.046099
 
     C   23        0.077485        0.119367       -0.064868
     C   23        0.119367        0.005868        0.088880
     C   23       -0.064868        0.088880       -0.083353
 
     Cl  24        1.971239        2.243149        0.378625
     Cl  24        2.243149       -0.340299        0.401763
     Cl  24        0.378625        0.401763       -1.630939
 
     ----- total EFG -----
     Cl   1        1.335968       -2.727403       -0.247124
     Cl   1       -2.727403        0.450952        0.056480
     Cl   1       -0.247124        0.056480       -1.786920
 
     C    2        0.075192       -0.242204       -0.176235
     C    2       -0.242204        0.046527       -0.178584
     C    2       -0.176235       -0.178584       -0.121720
 
     C    3       -0.077424        0.117393       -0.150366
     C    3        0.117393       -0.027342       -0.171823
     C    3       -0.150366       -0.171823        0.104765
 
     H    4        0.150700        0.028642        0.205321
     H    4        0.028642       -0.142231        0.029199
     H    4        0.205321        0.029199       -0.008469
 
     C    5       -0.046811        0.118602       -0.142641
     C    5        0.118602       -0.047348       -0.190801
     C    5       -0.142641       -0.190801        0.094159
 
     H    6       -0.140336        0.011493        0.016531
     H    6        0.011493        0.116114        0.209205
     H    6        0.016531        0.209205        0.024222
 
     H    7       -0.142826       -0.004670        0.011561
     H    7       -0.004670        0.108284       -0.214772
     H    7        0.011561       -0.214772        0.034542
 
     C    8       -0.050498       -0.127118       -0.137482
     C    8       -0.127118       -0.034003        0.189042
     C    8       -0.137482        0.189042        0.084502
 
     H    9        0.136033       -0.031945        0.206621
     H    9       -0.031945       -0.133155       -0.032651
     H    9        0.206621       -0.032651       -0.002878
 
     C   10       -0.075876       -0.129573       -0.162048
     C   10       -0.129573       -0.008693        0.173029
     C   10       -0.162048        0.173029        0.084568
 
     C   11        0.092288        0.183021       -0.161041
     C   11        0.183021        0.028584        0.191598
     C   11       -0.161041        0.191598       -0.120872
 
     Cl  12        1.492295        2.544920       -0.101399
     Cl  12        2.544920        0.241124        0.164660
     Cl  12       -0.101399        0.164660       -1.733419
 
     H   13       -0.140457        0.023946        0.023870
     H   13        0.023946        0.145293        0.204268
     H   13        0.023870        0.204268       -0.004836
 
     C   14       -0.077827        0.114248       -0.144182
     C   14        0.114248       -0.060644       -0.192632
     C   14       -0.144182       -0.192632        0.138472
 
     H   15        0.170138        0.051609        0.185704
     H   15        0.051609       -0.132375        0.036698
     H   15        0.185704        0.036698       -0.037764
 
     C   16       -0.099499        0.112954       -0.160356
     C   16        0.112954       -0.047360       -0.172628
     C   16       -0.160356       -0.172628        0.146859
 
     C   17        0.085606       -0.239667       -0.167118
     C   17       -0.239667        0.034087       -0.182911
     C   17       -0.167118       -0.182911       -0.119693
 
     Cl  18        1.520966       -2.695766        0.369238
     Cl  18       -2.695766        0.232816       -0.508963
     Cl  18        0.369238       -0.508963       -1.753782
 
     H   19       -0.144070       -0.009628        0.013783
     H   19       -0.009628        0.121385       -0.211597
     H   19        0.013783       -0.211597        0.022684
 
     C   20       -0.068050       -0.134883       -0.147899
     C   20       -0.134883       -0.033935        0.185167
     C   20       -0.147899        0.185167        0.101985
 
     H   21        0.145723       -0.033479        0.205654
     H   21       -0.033479       -0.142329       -0.030870
     H   21        0.205654       -0.030870       -0.003393
 
     C   22       -0.079630       -0.139857       -0.156301
     C   22       -0.139857       -0.026619        0.181082
     C   22       -0.156301        0.181082        0.106250
 
     C   23        0.133823        0.216388       -0.153330
     C   23        0.216388        0.015425        0.197948
     C   23       -0.153330        0.197948       -0.149247
 
     Cl  24        2.156891        2.455984        0.416112
     Cl  24        2.455984       -0.369361        0.437851
     Cl  24        0.416112        0.437851       -1.787530
 
     ----- total EFG (symmetrized) -----
     Cl   1        1.335968       -2.727403       -0.247124
     Cl   1       -2.727403        0.450952        0.056480
     Cl   1       -0.247124        0.056480       -1.786920
 
     C    2        0.075192       -0.242204       -0.176235
     C    2       -0.242204        0.046527       -0.178584
     C    2       -0.176235       -0.178584       -0.121720
 
     C    3       -0.077424        0.117393       -0.150366
     C    3        0.117393       -0.027342       -0.171823
     C    3       -0.150366       -0.171823        0.104765
 
     H    4        0.150700        0.028642        0.205321
     H    4        0.028642       -0.142231        0.029199
     H    4        0.205321        0.029199       -0.008469
 
     C    5       -0.046811        0.118602       -0.142641
     C    5        0.118602       -0.047348       -0.190801
     C    5       -0.142641       -0.190801        0.094159
 
     H    6       -0.140336        0.011493        0.016531
     H    6        0.011493        0.116114        0.209205
     H    6        0.016531        0.209205        0.024222
 
     H    7       -0.142826       -0.004670        0.011561
     H    7       -0.004670        0.108284       -0.214772
     H    7        0.011561       -0.214772        0.034542
 
     C    8       -0.050498       -0.127118       -0.137482
     C    8       -0.127118       -0.034003        0.189042
     C    8       -0.137482        0.189042        0.084502
 
     H    9        0.136033       -0.031945        0.206621
     H    9       -0.031945       -0.133155       -0.032651
     H    9        0.206621       -0.032651       -0.002878
 
     C   10       -0.075876       -0.129573       -0.162048
     C   10       -0.129573       -0.008693        0.173029
     C   10       -0.162048        0.173029        0.084568
 
     C   11        0.092288        0.183021       -0.161041
     C   11        0.183021        0.028584        0.191598
     C   11       -0.161041        0.191598       -0.120872
 
     Cl  12        1.492295        2.544920       -0.101399
     Cl  12        2.544920        0.241124        0.164660
     Cl  12       -0.101399        0.164660       -1.733419
 
     H   13       -0.140457        0.023946        0.023870
     H   13        0.023946        0.145293        0.204268
     H   13        0.023870        0.204268       -0.004836
 
     C   14       -0.077827        0.114248       -0.144182
     C   14        0.114248       -0.060644       -0.192632
     C   14       -0.144182       -0.192632        0.138472
 
     H   15        0.170138        0.051609        0.185704
     H   15        0.051609       -0.132375        0.036698
     H   15        0.185704        0.036698       -0.037764
 
     C   16       -0.099499        0.112954       -0.160356
     C   16        0.112954       -0.047360       -0.172628
     C   16       -0.160356       -0.172628        0.146859
 
     C   17        0.085606       -0.239667       -0.167118
     C   17       -0.239667        0.034087       -0.182911
     C   17       -0.167118       -0.182911       -0.119693
 
     Cl  18        1.520966       -2.695766        0.369238
     Cl  18       -2.695766        0.232816       -0.508963
     Cl  18        0.369238       -0.508963       -1.753782
 
     H   19       -0.144070       -0.009628        0.013783
     H   19       -0.009628        0.121385       -0.211597
     H   19        0.013783       -0.211597        0.022684
 
     C   20       -0.068050       -0.134883       -0.147899
     C   20       -0.134883       -0.033935        0.185167
     C   20       -0.147899        0.185167        0.101985
 
     H   21        0.145723       -0.033479        0.205654
     H   21       -0.033479       -0.142329       -0.030870
     H   21        0.205654       -0.030870       -0.003393
 
     C   22       -0.079630       -0.139857       -0.156301
     C   22       -0.139857       -0.026619        0.181082
     C   22       -0.156301        0.181082        0.106250
 
     C   23        0.133823        0.216388       -0.153330
     C   23        0.216388        0.015425        0.197948
     C   23       -0.153330        0.197948       -0.149247
 
     Cl  24        2.156891        2.455984        0.416112
     Cl  24        2.455984       -0.369361        0.437851
     Cl  24        0.416112        0.437851       -1.787530
 
 
     NQR/NMR SPECTROSCOPIC PARAMETERS:
     Cl   1    Vxx=   -1.7103    axis=( -0.357864 -0.472664  0.805309)
     Cl   1    Vyy=   -1.9555    axis=( -0.540355 -0.598530 -0.591421)
     Cl   1    Vzz=    3.6658    axis=( -0.761545  0.646801  0.041214)
     Cl   1  Q=        -8.1650 1e-30 m^2  Cq=       -70.3265 MHz  eta= 0.06691
 
     C    2    Vxx=    0.1008    axis=( -0.439811 -0.497548  0.747672)
     C    2    Vyy=    0.3036    axis=( -0.734414  0.678423  0.019454)
     C    2    Vzz=   -0.4044    axis=( -0.516917 -0.540544 -0.663783)
     C    2  Q=         1.0000 1e-30 m^2  Cq=        -0.9502 MHz  eta= 0.50152
 
     C    3    Vxx=   -0.1416    axis=(  0.308067  0.681708  0.663603)
     C    3    Vyy=   -0.1737    axis=( -0.845269  0.516235 -0.137917)
     C    3    Vzz=    0.3152    axis=( -0.436594 -0.518436  0.735262)
     C    3  Q=         1.0000 1e-30 m^2  Cq=         0.7406 MHz  eta= 0.10185
 
     H    4    Vxx=   -0.1395    axis=(  0.417093 -0.770544 -0.481969)
     H    4    Vyy=   -0.1555    axis=(  0.390550  0.630795 -0.670498)
     H    4    Vzz=    0.2950    axis=( -0.820673 -0.091427 -0.564037)
     H    4  Q=         1.0000 1e-30 m^2  Cq=         0.6931 MHz  eta= 0.05445
 
     C    5    Vxx=   -0.1354    axis=(  0.849142  0.000726  0.528164)
     C    5    Vyy=   -0.1847    axis=( -0.276018  0.853188  0.442589)
     C    5    Vzz=    0.3201    axis=( -0.450301 -0.521604  0.724678)
     C    5  Q=         1.0000 1e-30 m^2  Cq=         0.7522 MHz  eta= 0.15389
 
     H    6    Vxx=   -0.1368    axis=(  0.786697 -0.414341  0.457635)
     H    6    Vyy=   -0.1485    axis=( -0.615672 -0.472125  0.630909)
     H    6    Vzz=    0.2852    axis=(  0.045350  0.778087  0.626517)
     H    6  Q=         1.0000 1e-30 m^2  Cq=         0.6702 MHz  eta= 0.04098
 
     H    7    Vxx=   -0.1387    axis=(  0.799612  0.402556  0.445611)
     H    7    Vyy=   -0.1509    axis=(  0.599976 -0.504047 -0.621262)
     H    7    Vzz=    0.2896    axis=(  0.025484 -0.764124  0.644566)
     H    7  Q=         1.0000 1e-30 m^2  Cq=         0.6805 MHz  eta= 0.04191
 
     C    8    Vxx=   -0.1352    axis=( -0.794904  0.114497 -0.595834)
     C    8    Vyy=   -0.1824    axis=( -0.404892 -0.831486  0.380386)
     C    8    Vzz=    0.3176    axis=( -0.451874  0.543619  0.707310)
     C    8  Q=         1.0000 1e-30 m^2  Cq=         0.7463 MHz  eta= 0.14843
 
     H    9    Vxx=   -0.1344    axis=(  0.322224  0.903700 -0.281956)
     H    9    Vyy=   -0.1550    axis=( -0.496023  0.414856  0.762795)
     H    9    Vzz=    0.2894    axis=( -0.806308  0.105934 -0.581932)
     H    9  Q=         1.0000 1e-30 m^2  Cq=         0.6799 MHz  eta= 0.07132
 
     C   10    Vxx=   -0.1409    axis=(  0.077671 -0.763221  0.641452)
     C   10    Vyy=   -0.1837    axis=( -0.884530 -0.349594 -0.308853)
     C   10    Vzz=    0.3246    axis=(  0.459971 -0.543395 -0.702246)
     C   10  Q=         1.0000 1e-30 m^2  Cq=         0.7627 MHz  eta= 0.13167
 
     C   11    Vxx=    0.1272    axis=( -0.453408  0.538481  0.710253)
     C   11    Vyy=    0.2462    axis=( -0.765175 -0.643822 -0.000354)
     C   11    Vzz=   -0.3734    axis=(  0.457086 -0.543628  0.703947)
     C   11  Q=         1.0000 1e-30 m^2  Cq=        -0.8773 MHz  eta= 0.31873
 
     Cl  12    Vxx=   -1.5513    axis=(  0.426972 -0.539554 -0.725656)
     Cl  12    Vyy=   -1.9362    axis=( -0.445532  0.572796 -0.688045)
     Cl  12    Vzz=    3.4875    axis=( -0.786890 -0.617079 -0.004179)
     Cl  12  Q=        -8.1650 1e-30 m^2  Cq=       -66.9056 MHz  eta= 0.11035
 
     H   13    Vxx=   -0.1390    axis=(  0.818939 -0.378785  0.431116)
     H   13    Vyy=   -0.1515    axis=( -0.568683 -0.434762  0.698270)
     H   13    Vzz=    0.2904    axis=(  0.077062  0.817009  0.571452)
     H   13  Q=         1.0000 1e-30 m^2  Cq=         0.6824 MHz  eta= 0.04302
 
     C   14    Vxx=   -0.1453    axis=(  0.769951  0.273168  0.576675)
     C   14    Vyy=   -0.1911    axis=( -0.493885  0.827359  0.267497)
     C   14    Vzz=    0.3364    axis=( -0.404045 -0.490771  0.771940)
     C   14  Q=         1.0000 1e-30 m^2  Cq=         0.7904 MHz  eta= 0.13627
 
     H   15    Vxx=   -0.1382    axis=(  0.384839 -0.827359 -0.409115)
     H   15    Vyy=   -0.1502    axis=(  0.354501  0.541751 -0.762125)
     H   15    Vzz=    0.2885    axis=( -0.852190 -0.148264 -0.501786)
     H   15  Q=         1.0000 1e-30 m^2  Cq=         0.6778 MHz  eta= 0.04159
 
     C   16    Vxx=   -0.1432    axis=(  0.290236  0.743285  0.602736)
     C   16    Vyy=   -0.1925    axis=( -0.864638  0.473589 -0.167672)
     C   16    Vzz=    0.3357    axis=( -0.410078 -0.472484  0.780125)
     C   16  Q=         1.0000 1e-30 m^2  Cq=         0.7888 MHz  eta= 0.14663
 
     C   17    Vxx=    0.0992    axis=( -0.436680 -0.497768  0.749358)
     C   17    Vyy=    0.3009    axis=( -0.746358  0.665507  0.007137)
     C   17    Vzz=   -0.4001    axis=( -0.502255 -0.556173 -0.662126)
     C   17  Q=         1.0000 1e-30 m^2  Cq=        -0.9401 MHz  eta= 0.50416
 
     Cl  18    Vxx=   -1.6840    axis=( -0.457517 -0.437947  0.773874)
     Cl  18    Vyy=   -2.0315    axis=(  0.430344  0.652535  0.623701)
     Cl  18    Vzz=    3.7156    axis=(  0.778127 -0.618386  0.110077)
     Cl  18  Q=        -8.1650 1e-30 m^2  Cq=       -71.2810 MHz  eta= 0.09352
 
     H   19    Vxx=   -0.1401    axis=(  0.727342  0.447649  0.520177)
     H   19    Vyy=   -0.1498    axis=(  0.685272 -0.432767 -0.585760)
     H   19    Vzz=    0.2899    axis=(  0.037099 -0.782511  0.621531)
     H   19  Q=         1.0000 1e-30 m^2  Cq=         0.6812 MHz  eta= 0.03322
 
     C   20    Vxx=   -0.1420    axis=( -0.600704  0.418030 -0.681473)
     C   20    Vyy=   -0.1885    axis=( -0.662885 -0.736947  0.132259)
     C   20    Vzz=    0.3305    axis=( -0.446922  0.531187  0.719793)
     C   20  Q=         1.0000 1e-30 m^2  Cq=         0.7765 MHz  eta= 0.14078
 
     H   21    Vxx=   -0.1413    axis=(  0.457528  0.720445 -0.521178)
     H   21    Vyy=   -0.1533    axis=( -0.358678  0.685854  0.633210)
     H   21    Vzz=    0.2946    axis=( -0.813645  0.102777 -0.572205)
     H   21  Q=         1.0000 1e-30 m^2  Cq=         0.6921 MHz  eta= 0.04095
 
     C   22    Vxx=   -0.1414    axis=( -0.410379  0.593042 -0.692741)
     C   22    Vyy=   -0.1957    axis=( -0.794290 -0.605644 -0.047943)
     C   22    Vzz=    0.3371    axis=( -0.447986  0.530562  0.719591)
     C   22  Q=         1.0000 1e-30 m^2  Cq=         0.7920 MHz  eta= 0.16122
 
     C   23    Vxx=    0.1009    axis=( -0.423678  0.565744  0.707411)
     C   23    Vyy=    0.2990    axis=( -0.796903 -0.604079  0.005830)
     C   23    Vzz=   -0.3999    axis=(  0.430631 -0.561268  0.706778)
     C   23  Q=         1.0000 1e-30 m^2  Cq=        -0.9395 MHz  eta= 0.49538
 
     Cl  24    Vxx=   -1.7023    axis=( -0.424381  0.544231  0.723681)
     Cl  24    Vyy=   -2.0151    axis=( -0.319293  0.657940 -0.682031)
     Cl  24    Vzz=    3.7174    axis=(  0.847321  0.520507  0.105449)
     Cl  24  Q=        -8.1650 1e-30 m^2  Cq=       -71.3161 MHz  eta= 0.08416
 
     Initialization:
     gipaw_setup  :      0.17s CPU      0.30s WALL (       1 calls)
 
     Linear response
 
     Apply operators
 
     Induced current
 
     Other routines
     efg          :      0.61s CPU      0.71s WALL (       1 calls)
 
     General routines
     calbec       :      0.06s CPU      0.05s WALL (      16 calls)
     fft          :      0.06s CPU      0.09s WALL (      15 calls)
     ffts         :      0.00s CPU      0.00s WALL (       2 calls)
     fftw         :      0.34s CPU      0.36s WALL (     672 calls)
     davcio       :      0.03s CPU      0.08s WALL (      32 calls)
 
     Parallel routines
     fft_scatter  :      0.22s CPU      0.24s WALL (     689 calls)
 
     Plugins
 
     GIPAW        :      3.72s CPU      4.50s WALL (       1 calls)
