
     Program QE v.6.0 starts on 22May2017 at 14:49: 9 

     This program is part of the open-source Quantum ESPRESSO suite
     for quantum simulation of materials; please cite
         "P. Giannozzi et al., J. Phys.:Condens. Matter 21 395502 (2009);
          URL http://www.quantum-espresso.org", 
     in publications or presentations arising from this work. More details at
     http://www.quantum-espresso.org/quote
 
           ARCH :    x86_64
             CC :    icc
            CPP :    cpp
            F90 :    ifort
            F77 :    ifort
         DFLAGS :    -D__INTEL -D__DFTI
      BLAS LIBS :    -lmkl_intel_lp64  -lmkl_sequential -lmkl_core
    LAPACK LIBS :    
       FFT LIBS :    
      MASS LIBS :    

     Parallel version (MPI & OpenMP), running on      32 processor cores
     Number of MPI processes:                32
     Threads/MPI process:                     1
     R & G space division:  proc/nbgrp/npool/nimage =      32
 
     ***** This is GIPAW svn revision unknown      *****
 
     Parallelizing q-star over 1 images

     Reading data from directory:
     ./scratch/scf-1370.save

   Info: using nr1, nr2, nr3 values from input

   Info: using nr1, nr2, nr3 values from input

     IMPORTANT: XC functional enforced from input :
     Exchange-correlation      =  SLA  PW   PBX  PBC ( 1  4  3  4 0 0)
     Any further DFT definition will be discarded
     Please, verify this is what you really want

               file C.pbe-n-kjpaw_psl.1.0.0.UPF: wavefunction(s)  2S 2P renormalized
               file Cl.pbe-n-kjpaw_psl.1.0.0.UPF: wavefunction(s)  3S 3P renormalized
               file H.pbe-kjpaw_psl.1.0.0.UPF: wavefunction(s)  1S renormalized
 
     Parallelization info
     --------------------
     sticks:   dense  smooth     PW     G-vecs:    dense   smooth      PW
     Min         764     305     83                36108     9133    1292
     Max         765     306     84                36110     9135    1293
     Sum       24467    9791   2657              1155489   292295   41363
 

     Subspace diagonalization in iterative solution of the eigenvalue problem:
     a serial algorithm will be used

     GIPAW projectors -----------------------------------------------
     atom=  C    l=0  rc=    1.2000  rs=    0.8000
     atom=  C    l=0  rc=    1.2000  rs=    0.8000
     atom=  C    l=1  rc=    1.4000  rs=    0.9333
     atom=  C    l=1  rc=    1.4000  rs=    0.9333
     projs nearly linearly dependent: l=1  n1,n2= 1, 2  s=  0.99951561
 
     atom=  Cl   l=0  rc=    1.6000  rs=    1.0667
     atom=  Cl   l=0  rc=    1.6000  rs=    1.0667
     atom=  Cl   l=1  rc=    1.6000  rs=    1.0667
     atom=  Cl   l=1  rc=    1.6000  rs=    1.0667
     atom=  Cl   l=2  rc=    1.6000  rs=    1.0667
     atom=  Cl   l=2  rc=    1.6000  rs=    1.0667
     projs nearly linearly dependent: l=2  n1,n2= 1, 2  s=  0.99993509
 
     atom=  H    l=0  rc=    1.0000  rs=    0.6667
     atom=  H    l=0  rc=    1.0000  rs=    0.6667
     projs nearly linearly dependent: l=0  n1,n2= 1, 2  s=  0.99968852
     -----------------------------------------------------------------
 
     GIPAW integrals: -------------------------------------------
     Atom  i/j   nmr_para   nmr_dia   epr_rmc  epr_para   epr_dia
       C   1 1   0.83E+03  0.17E-01  0.93E+01  0.24E+08  0.24E+03
       C   2 1   0.86E+03 -0.61E-01  0.94E+01  0.25E+08  0.25E+03
       C   2 2   0.90E+03 -0.15E+00  0.97E+01  0.26E+08  0.26E+03
       C   3 3   0.33E+01  0.34E+00  0.18E+01  0.55E+03  0.21E+02
       C   4 3   0.35E+01  0.37E+00  0.20E+01  0.59E+03  0.22E+02
       C   4 4   0.38E+01  0.39E+00  0.22E+01  0.63E+03  0.24E+02
       Cl  1 1   0.14E+04 -0.47E+00  0.84E+01  0.32E+09  0.42E+03
       Cl  2 1   0.21E+04 -0.37E+00  0.12E+02  0.49E+09  0.65E+03
       Cl  2 2   0.33E+04 -0.16E+00  0.21E+02  0.76E+09  0.10E+04
       Cl  3 3   0.21E+02  0.79E-01  0.89E+01  0.23E+05  0.13E+03
       Cl  4 3   0.24E+02  0.67E-01  0.99E+01  0.27E+05  0.15E+03
       Cl  4 4   0.28E+02  0.44E-01  0.11E+02  0.32E+05  0.18E+03
       Cl  5 5   0.77E+00  0.19E+00  0.18E+01  0.12E+03  0.22E+02
       Cl  6 5   0.80E+00  0.19E+00  0.19E+01  0.12E+03  0.23E+02
       Cl  6 6   0.83E+00  0.20E+00  0.19E+01  0.12E+03  0.23E+02
       H   1 1   0.39E+02  0.19E+00  0.29E+00  0.78E+05  0.13E+02
       H   2 1   0.41E+02  0.21E+00  0.32E+00  0.82E+05  0.14E+02
       H   2 2   0.43E+02  0.22E+00  0.36E+00  0.86E+05  0.15E+02
     ------------------------------------------------------------
 
     alpha_pv=     34.2247 eV
 
     Number of occupied bands for each k-point:
     k-point:     1    nbnd_occ=  42
     k-point:     2    nbnd_occ=  42
     k-point:     3    nbnd_occ=  42
     k-point:     4    nbnd_occ=  42
     k-point:     5    nbnd_occ=  42
     k-point:     6    nbnd_occ=  42
     k-point:     7    nbnd_occ=  42
     k-point:     8    nbnd_occ=  42
     k-point:     9    nbnd_occ=  42
     k-point:    10    nbnd_occ=  42
     k-point:    11    nbnd_occ=  42
     k-point:    12    nbnd_occ=  42
     k-point:    13    nbnd_occ=  42
     k-point:    14    nbnd_occ=  42
     k-point:    15    nbnd_occ=  42
     k-point:    16    nbnd_occ=  42
 
 
     q-space interpolation up to   110.00 Rydberg
 
     GIPAW job: efg                                                                             
 
 
     ELECTRIC FIELD GRADIENTS TENSORS IN Hartree/bohrradius^2:
 
     ----- bare term -----
     Cl   1       -0.017086       -0.007367       -0.042085
     Cl   1       -0.007367        0.021904       -0.009224
     Cl   1       -0.042085       -0.009224       -0.004818
 
     C    2        0.001521        0.208944       -0.457889
     C    2        0.208944       -0.092342       -0.471087
     C    2       -0.457889       -0.471087        0.090821
 
     C    3       -0.019128        0.388409       -0.388314
     C    3        0.388409       -0.216755       -0.408615
     C    3       -0.388314       -0.408615        0.235884
 
     H    4       -0.233267       -0.138381       -0.591611
     H    4       -0.138381        0.323477       -0.189033
     H    4       -0.591611       -0.189033       -0.090209
 
     C    5       -0.132999        0.329409       -0.485480
     C    5        0.329409       -0.103537       -0.318373
     C    5       -0.485480       -0.318373        0.236536
 
     H    6        0.391209       -0.007229       -0.001532
     H    6       -0.007229       -0.449045       -0.523097
     H    6       -0.001532       -0.523097        0.057836
 
     H    7        0.360811        0.149561       -0.097348
     H    7        0.149561       -0.432742        0.530848
     H    7       -0.097348        0.530848        0.071930
 
     C    8       -0.307808       -0.271181       -0.374086
     C    8       -0.271181       -0.120017        0.381772
     C    8       -0.374086        0.381772        0.427825
 
     H    9       -0.472997        0.129930       -0.551530
     H    9        0.129930        0.361166        0.142060
     H    9       -0.551530        0.142060        0.111831
 
     C   10       -0.154931       -0.299212       -0.313944
     C   10       -0.299212       -0.243377        0.471116
     C   10       -0.313944        0.471116        0.398308
 
     C   11       -0.128416       -0.015004       -0.406256
     C   11       -0.015004       -0.094423        0.471694
     C   11       -0.406256        0.471694        0.222839
 
     Cl  12        0.027071        0.064761       -0.024997
     Cl  12        0.064761       -0.000571       -0.001105
     Cl  12       -0.024997       -0.001105       -0.026500
 
     H   13        0.375904       -0.017721       -0.033900
     H   13       -0.017721       -0.477816       -0.498149
     H   13       -0.033900       -0.498149        0.101912
 
     C   14       -0.172327        0.357220       -0.477033
     C   14        0.357220       -0.061461       -0.324178
     C   14       -0.477033       -0.324178        0.233789
 
     H   15       -0.207979       -0.115880       -0.604407
     H   15       -0.115880        0.349636       -0.187045
     H   15       -0.604407       -0.187045       -0.141657
 
     C   16       -0.077520        0.387770       -0.389166
     C   16        0.387770       -0.202547       -0.431458
     C   16       -0.389166       -0.431458        0.280068
 
     C   17       -0.021746        0.100151       -0.476705
     C   17        0.100151       -0.067485       -0.462480
     C   17       -0.476705       -0.462480        0.089230
 
     Cl  18        0.051366       -0.023764       -0.004990
     Cl  18       -0.023764       -0.026189       -0.012522
     Cl  18       -0.004990       -0.012522       -0.025177
 
     H   19        0.372389        0.140267       -0.100092
     H   19        0.140267       -0.439267        0.527928
     H   19       -0.100092        0.527928        0.066879
 
     C   20       -0.280538       -0.273954       -0.367780
     C   20       -0.273954       -0.115079        0.395609
     C   20       -0.367780        0.395609        0.395617
 
     H   21       -0.382197        0.158917       -0.548096
     H   21        0.158917        0.333875        0.196095
     H   21       -0.548096        0.196095        0.048321
 
     C   22       -0.129602       -0.283762       -0.290052
     C   22       -0.283762       -0.247584        0.497997
     C   22       -0.290052        0.497997        0.377186
 
     C   23       -0.181943       -0.134550       -0.358191
     C   23       -0.134550       -0.133846        0.509262
     C   23       -0.358191        0.509262        0.315789
 
     Cl  24        0.002587       -0.032969       -0.012215
     Cl  24       -0.032969       -0.020558        0.005407
     Cl  24       -0.012215        0.005407        0.017971
 
     ----- ionic term -----
     Cl   1        0.132666       -0.221535        0.062503
     Cl   1       -0.221535        0.015190       -0.026816
     Cl   1        0.062503       -0.026816       -0.147856
 
     C    2        0.045080       -0.288519        0.373183
     C    2       -0.288519        0.094806        0.354638
     C    2        0.373183        0.354638       -0.139886
 
     C    3        0.000920       -0.315991        0.290369
     C    3       -0.315991        0.188507        0.325560
     C    3        0.290369        0.325560       -0.189427
 
     H    4        0.320571        0.188485        0.802613
     H    4        0.188485       -0.454052        0.243391
     H    4        0.802613        0.243391        0.133480
 
     C    5        0.106350       -0.259877        0.391376
     C    5       -0.259877        0.067575        0.234485
     C    5        0.391376        0.234485       -0.173925
 
     H    6       -0.541319       -0.011454       -0.002629
     H    6       -0.011454        0.615278        0.724800
     H    6       -0.002629        0.724800       -0.073959
 
     H    7       -0.495660       -0.188493        0.130163
     H    7       -0.188493        0.594361       -0.723053
     H    7        0.130163       -0.723053       -0.098701
 
     C    8        0.250228        0.219592        0.295236
     C    8        0.219592        0.082117       -0.283239
     C    8        0.295236       -0.283239       -0.332345
 
     H    9        0.650123       -0.178032        0.735914
     H    9       -0.178032       -0.494490       -0.175969
     H    9        0.735914       -0.175969       -0.155633
 
     C   10        0.099776        0.237298        0.230514
     C   10        0.237298        0.209902       -0.376973
     C   10        0.230514       -0.376973       -0.309678
 
     C   11        0.156418        0.154251        0.306849
     C   11        0.154251        0.108320       -0.384121
     C   11        0.306849       -0.384121       -0.264738
 
     Cl  12        0.091351        0.175822       -0.004680
     Cl  12        0.175822        0.037392       -0.014942
     Cl  12       -0.004680       -0.014942       -0.128743
 
     H   13       -0.525436        0.009126        0.033392
     H   13        0.009126        0.659103        0.693159
     H   13        0.033392        0.693159       -0.133668
 
     C   14        0.142475       -0.281280        0.377052
     C   14       -0.281280        0.030988        0.244911
     C   14        0.377052        0.244911       -0.173463
 
     H   15        0.291440        0.164920        0.813541
     H   15        0.164920       -0.477689        0.239245
     H   15        0.813541        0.239245        0.186249
 
     C   16        0.051566       -0.309502        0.279915
     C   16       -0.309502        0.173551        0.339566
     C   16        0.279915        0.339566       -0.225117
 
     C   17        0.090821       -0.208029        0.400718
     C   17       -0.208029        0.065705        0.344164
     C   17        0.400718        0.344164       -0.156527
 
     Cl  18        0.133832       -0.190617        0.064351
     Cl  18       -0.190617       -0.008686       -0.038672
     Cl  18        0.064351       -0.038672       -0.125146
 
     H   19       -0.505772       -0.182542        0.132889
     H   19       -0.182542        0.600188       -0.718783
     H   19        0.132889       -0.718783       -0.094415
 
     C   20        0.230475        0.218452        0.289238
     C   20        0.218452        0.073728       -0.294470
     C   20        0.289238       -0.294470       -0.304203
 
     H   21        0.558700       -0.193800        0.736805
     H   21       -0.193800       -0.470363       -0.222290
     H   21        0.736805       -0.222290       -0.088337
 
     C   22        0.080088        0.228606        0.211611
     C   22        0.228606        0.217254       -0.402252
     C   22        0.211611       -0.402252       -0.297342
 
     C   23        0.183320        0.218151        0.260977
     C   23        0.218151        0.135670       -0.413233
     C   23        0.260977       -0.413233       -0.318990
 
     Cl  24        0.093723        0.250069       -0.039578
     Cl  24        0.250069        0.056095       -0.033237
     Cl  24       -0.039578       -0.033237       -0.149818
 
     ----- GIPAW term -----
     Cl   1        1.219714       -2.422454        0.184849
     Cl   1       -2.422454        0.373579       -0.392795
     Cl   1        0.184849       -0.392795       -1.593293
 
     C    2        0.058602       -0.107069       -0.060042
     C    2       -0.107069        0.007056       -0.097602
     C    2       -0.060042       -0.097602       -0.065658
 
     C    3       -0.017972        0.054314       -0.082631
     C    3        0.054314       -0.013670       -0.067974
     C    3       -0.082631       -0.067974        0.031643
 
     H    4        0.000000       -0.000000       -0.000000
     H    4       -0.000000        0.000000        0.000000
     H    4       -0.000000        0.000000       -0.000000
 
     C    5       -0.010182        0.052585       -0.069109
     C    5        0.052585       -0.038334       -0.076768
     C    5       -0.069109       -0.076768        0.048517
 
     H    6        0.000000       -0.000000       -0.000000
     H    6       -0.000000        0.000000        0.000000
     H    6       -0.000000        0.000000       -0.000000
 
     H    7        0.000000       -0.000000       -0.000000
     H    7       -0.000000        0.000000        0.000000
     H    7       -0.000000        0.000000       -0.000000
 
     C    8       -0.038894       -0.038501       -0.060601
     C    8       -0.038501       -0.036043        0.085903
     C    8       -0.060601        0.085903        0.074937
 
     H    9        0.000000       -0.000000       -0.000000
     H    9       -0.000000        0.000000        0.000000
     H    9       -0.000000        0.000000       -0.000000
 
     C   10       -0.052655       -0.045693       -0.072868
     C   10       -0.045693       -0.015858        0.076507
     C   10       -0.072868        0.076507        0.068513
 
     C   11        0.045196        0.156002       -0.081299
     C   11        0.156002        0.018550        0.063699
     C   11       -0.081299        0.063699       -0.063746
 
     Cl  12        1.255599        2.541084       -0.338393
     Cl  12        2.541084        0.364118       -0.167137
     Cl  12       -0.338393       -0.167137       -1.619716
 
     H   13        0.000000       -0.000000       -0.000000
     H   13       -0.000000        0.000000        0.000000
     H   13       -0.000000        0.000000       -0.000000
 
     C   14       -0.012753        0.059674       -0.074461
     C   14        0.059674       -0.032694       -0.070309
     C   14       -0.074461       -0.070309        0.045447
 
     H   15        0.000000       -0.000000       -0.000000
     H   15       -0.000000        0.000000        0.000000
     H   15       -0.000000        0.000000       -0.000000
 
     C   16       -0.023537        0.059151       -0.093430
     C   16        0.059151       -0.017317       -0.076143
     C   16       -0.093430       -0.076143        0.040854
 
     C   17        0.089876       -0.126194       -0.048280
     C   17       -0.126194       -0.004124       -0.100722
     C   17       -0.048280       -0.100722       -0.085751
 
     Cl  18        1.952819       -2.221846        0.594806
     Cl  18       -2.221846       -0.380755       -0.547885
     Cl  18        0.594806       -0.547885       -1.572064
 
     H   19        0.000000       -0.000000       -0.000000
     H   19       -0.000000        0.000000        0.000000
     H   19       -0.000000        0.000000       -0.000000
 
     C   20       -0.030426       -0.040983       -0.060031
     C   20       -0.040983       -0.040532        0.089403
     C   20       -0.060031        0.089403        0.070958
 
     H   21        0.000000       -0.000000       -0.000000
     H   21       -0.000000        0.000000        0.000000
     H   21       -0.000000        0.000000       -0.000000
 
     C   22       -0.048747       -0.041445       -0.068777
     C   22       -0.041445       -0.014275        0.076807
     C   22       -0.068777        0.076807        0.063022
 
     C   23        0.019816        0.105461       -0.086049
     C   23        0.105461        0.009681        0.070469
     C   23       -0.086049        0.070469       -0.029497
 
     Cl  24        0.992940        2.310090       -0.597412
     Cl  24        2.310090        0.370613       -0.288780
     Cl  24       -0.597412       -0.288780       -1.363552
 
     ----- total EFG -----
     Cl   1        1.335293       -2.651356        0.205266
     Cl   1       -2.651356        0.410673       -0.428835
     Cl   1        0.205266       -0.428835       -1.745967
 
     C    2        0.105203       -0.186644       -0.144749
     C    2       -0.186644        0.009519       -0.214050
     C    2       -0.144749       -0.214050       -0.114722
 
     C    3       -0.036181        0.126732       -0.180576
     C    3        0.126732       -0.041919       -0.151029
     C    3       -0.180576       -0.151029        0.078100
 
     H    4        0.087304        0.050104        0.211002
     H    4        0.050104       -0.130575        0.054358
     H    4        0.211002        0.054358        0.043271
 
     C    5       -0.036832        0.122116       -0.163213
     C    5        0.122116       -0.074297       -0.160656
     C    5       -0.163213       -0.160656        0.111128
 
     H    6       -0.150110       -0.018683       -0.004161
     H    6       -0.018683        0.166233        0.201702
     H    6       -0.004161        0.201702       -0.016123
 
     H    7       -0.134848       -0.038932        0.032815
     H    7       -0.038932        0.161619       -0.192205
     H    7        0.032815       -0.192205       -0.026771
 
     C    8       -0.096474       -0.090090       -0.139450
     C    8       -0.090090       -0.073943        0.184436
     C    8       -0.139450        0.184436        0.170417
 
     H    9        0.177126       -0.048102        0.184384
     H    9       -0.048102       -0.133325       -0.033910
     H    9        0.184384       -0.033910       -0.043801
 
     C   10       -0.107811       -0.107607       -0.156298
     C   10       -0.107607       -0.049333        0.170650
     C   10       -0.156298        0.170650        0.157144
 
     C   11        0.073198        0.295249       -0.180706
     C   11        0.295249        0.032446        0.151272
     C   11       -0.180706        0.151272       -0.105644
 
     Cl  12        1.374020        2.781668       -0.368070
     Cl  12        2.781668        0.400939       -0.183184
     Cl  12       -0.368070       -0.183184       -1.774959
 
     H   13       -0.149532       -0.008595       -0.000509
     H   13       -0.008595        0.181287        0.195010
     H   13       -0.000509        0.195010       -0.031755
 
     C   14       -0.042605        0.135614       -0.174442
     C   14        0.135614       -0.063168       -0.149576
     C   14       -0.174442       -0.149576        0.105773
 
     H   15        0.083461        0.049040        0.209134
     H   15        0.049040       -0.128054        0.052200
     H   15        0.209134        0.052200        0.044593
 
     C   16       -0.049491        0.137418       -0.202681
     C   16        0.137418       -0.046313       -0.168036
     C   16       -0.202681       -0.168036        0.095805
 
     C   17        0.158951       -0.234072       -0.124267
     C   17       -0.234072       -0.005904       -0.219038
     C   17       -0.124267       -0.219038       -0.153048
 
     Cl  18        2.138017       -2.436227        0.654168
     Cl  18       -2.436227       -0.415630       -0.599079
     Cl  18        0.654168       -0.599079       -1.722387
 
     H   19       -0.133384       -0.042274        0.032797
     H   19       -0.042274        0.160921       -0.190855
     H   19        0.032797       -0.190855       -0.027537
 
     C   20       -0.080489       -0.096484       -0.138573
     C   20       -0.096484       -0.081884        0.190543
     C   20       -0.138573        0.190543        0.162372
 
     H   21        0.176503       -0.034883        0.188709
     H   21       -0.034883       -0.136488       -0.026194
     H   21        0.188709       -0.026194       -0.040015
 
     C   22       -0.098261       -0.096601       -0.147217
     C   22       -0.096601       -0.044605        0.172552
     C   22       -0.147217        0.172552        0.142866
 
     C   23        0.021192        0.189062       -0.183263
     C   23        0.189062        0.011505        0.166498
     C   23       -0.183263        0.166498       -0.032697
 
     Cl  24        1.089250        2.527189       -0.649205
     Cl  24        2.527189        0.406150       -0.316610
     Cl  24       -0.649205       -0.316610       -1.495400
 
     ----- total EFG (symmetrized) -----
     Cl   1        1.335293       -2.651356        0.205266
     Cl   1       -2.651356        0.410673       -0.428835
     Cl   1        0.205266       -0.428835       -1.745967
 
     C    2        0.105203       -0.186644       -0.144749
     C    2       -0.186644        0.009519       -0.214050
     C    2       -0.144749       -0.214050       -0.114722
 
     C    3       -0.036181        0.126732       -0.180576
     C    3        0.126732       -0.041919       -0.151029
     C    3       -0.180576       -0.151029        0.078100
 
     H    4        0.087304        0.050104        0.211002
     H    4        0.050104       -0.130575        0.054358
     H    4        0.211002        0.054358        0.043271
 
     C    5       -0.036832        0.122116       -0.163213
     C    5        0.122116       -0.074297       -0.160656
     C    5       -0.163213       -0.160656        0.111128
 
     H    6       -0.150110       -0.018683       -0.004161
     H    6       -0.018683        0.166233        0.201702
     H    6       -0.004161        0.201702       -0.016123
 
     H    7       -0.134848       -0.038932        0.032815
     H    7       -0.038932        0.161619       -0.192205
     H    7        0.032815       -0.192205       -0.026771
 
     C    8       -0.096474       -0.090090       -0.139450
     C    8       -0.090090       -0.073943        0.184436
     C    8       -0.139450        0.184436        0.170417
 
     H    9        0.177126       -0.048102        0.184384
     H    9       -0.048102       -0.133325       -0.033910
     H    9        0.184384       -0.033910       -0.043801
 
     C   10       -0.107811       -0.107607       -0.156298
     C   10       -0.107607       -0.049333        0.170650
     C   10       -0.156298        0.170650        0.157144
 
     C   11        0.073198        0.295249       -0.180706
     C   11        0.295249        0.032446        0.151272
     C   11       -0.180706        0.151272       -0.105644
 
     Cl  12        1.374020        2.781668       -0.368070
     Cl  12        2.781668        0.400939       -0.183184
     Cl  12       -0.368070       -0.183184       -1.774959
 
     H   13       -0.149532       -0.008595       -0.000509
     H   13       -0.008595        0.181287        0.195010
     H   13       -0.000509        0.195010       -0.031755
 
     C   14       -0.042605        0.135614       -0.174442
     C   14        0.135614       -0.063168       -0.149576
     C   14       -0.174442       -0.149576        0.105773
 
     H   15        0.083461        0.049040        0.209134
     H   15        0.049040       -0.128054        0.052200
     H   15        0.209134        0.052200        0.044593
 
     C   16       -0.049491        0.137418       -0.202681
     C   16        0.137418       -0.046313       -0.168036
     C   16       -0.202681       -0.168036        0.095805
 
     C   17        0.158951       -0.234072       -0.124267
     C   17       -0.234072       -0.005904       -0.219038
     C   17       -0.124267       -0.219038       -0.153048
 
     Cl  18        2.138017       -2.436227        0.654168
     Cl  18       -2.436227       -0.415630       -0.599079
     Cl  18        0.654168       -0.599079       -1.722387
 
     H   19       -0.133384       -0.042274        0.032797
     H   19       -0.042274        0.160921       -0.190855
     H   19        0.032797       -0.190855       -0.027537
 
     C   20       -0.080489       -0.096484       -0.138573
     C   20       -0.096484       -0.081884        0.190543
     C   20       -0.138573        0.190543        0.162372
 
     H   21        0.176503       -0.034883        0.188709
     H   21       -0.034883       -0.136488       -0.026194
     H   21        0.188709       -0.026194       -0.040015
 
     C   22       -0.098261       -0.096601       -0.147217
     C   22       -0.096601       -0.044605        0.172552
     C   22       -0.147217        0.172552        0.142866
 
     C   23        0.021192        0.189062       -0.183263
     C   23        0.189062        0.011505        0.166498
     C   23       -0.183263        0.166498       -0.032697
 
     Cl  24        1.089250        2.527189       -0.649205
     Cl  24        2.527189        0.406150       -0.316610
     Cl  24       -0.649205       -0.316610       -1.495400
 
 
     NQR/NMR SPECTROSCOPIC PARAMETERS:
     Cl   1    Vxx=   -1.6033    axis=( -0.480149 -0.475085  0.737395)
     Cl   1    Vyy=   -1.9961    axis=(  0.436206  0.600012  0.670604)
     Cl   1    Vzz=    3.5995    axis=(  0.761039 -0.643646  0.080860)
     Cl   1  Q=        -8.1650 1e-30 m^2  Cq=       -69.0542 MHz  eta= 0.10913
 
     C    2    Vxx=    0.1318    axis=( -0.504235 -0.483238  0.715701)
     C    2    Vyy=    0.2515    axis=(  0.750485 -0.655224  0.086337)
     C    2    Vzz=   -0.3833    axis=(  0.427223  0.580657  0.693050)
     C    2  Q=         1.0000 1e-30 m^2  Cq=        -0.9006 MHz  eta= 0.31235
 
     C    3    Vxx=   -0.1441    axis=( -0.082049 -0.792044 -0.604925)
     C    3    Vyy=   -0.1739    axis=( -0.844845  0.377256 -0.379361)
     C    3    Vzz=    0.3180    axis=(  0.528683  0.479941 -0.700108)
     C    3  Q=         1.0000 1e-30 m^2  Cq=         0.7472 MHz  eta= 0.09345
 
     H    4    Vxx=   -0.1382    axis=(  0.513378 -0.777070 -0.364150)
     H    4    Vyy=   -0.1521    axis=(  0.451203  0.605366 -0.655704)
     H    4    Vzz=    0.2903    axis=( -0.729972 -0.172318 -0.661398)
     H    4  Q=         1.0000 1e-30 m^2  Cq=         0.6821 MHz  eta= 0.04790
 
     C    5    Vxx=   -0.1373    axis=(  0.705399  0.286205  0.648459)
     C    5    Vyy=   -0.1820    axis=( -0.507135  0.842941  0.179624)
     C    5    Vzz=    0.3193    axis=( -0.495204 -0.455563  0.739754)
     C    5  Q=         1.0000 1e-30 m^2  Cq=         0.7503 MHz  eta= 0.13991
 
     H    6    Vxx=   -0.1416    axis=( -0.581103  0.421101 -0.696414)
     H    6    Vyy=   -0.1556    axis=( -0.812840 -0.342502  0.471150)
     H    6    Vzz=    0.2971    axis=( -0.040122  0.839860  0.541318)
     H    6  Q=         1.0000 1e-30 m^2  Cq=         0.6981 MHz  eta= 0.04716
 
     H    7    Vxx=   -0.1360    axis=(  0.822174  0.380803  0.423106)
     H    7    Vyy=   -0.1515    axis=(  0.556760 -0.383190 -0.737010)
     H    7    Vzz=    0.2875    axis=(  0.118526 -0.841519  0.527065)
     H    7  Q=         1.0000 1e-30 m^2  Cq=         0.6755 MHz  eta= 0.05391
 
     C    8    Vxx=   -0.1526    axis=( -0.794651  0.311585 -0.521004)
     C    8    Vyy=   -0.1807    axis=( -0.489097 -0.836989  0.245427)
     C    8    Vzz=    0.3332    axis=( -0.359603  0.449850  0.817509)
     C    8  Q=         1.0000 1e-30 m^2  Cq=         0.7830 MHz  eta= 0.08429
 
     H    9    Vxx=   -0.1382    axis=(  0.347911  0.861325 -0.370240)
     H    9    Vyy=   -0.1515    axis=( -0.371185  0.489189  0.789250)
     H    9    Vzz=    0.2897    axis=( -0.860918  0.137161 -0.489905)
     H    9  Q=         1.0000 1e-30 m^2  Cq=         0.6807 MHz  eta= 0.04610
 
     C   10    Vxx=   -0.1406    axis=( -0.278736  0.762745 -0.583547)
     C   10    Vyy=   -0.1937    axis=( -0.876042 -0.450920 -0.170943)
     C   10    Vzz=    0.3343    axis=( -0.393519  0.463564  0.793884)
     C   10  Q=         1.0000 1e-30 m^2  Cq=         0.7854 MHz  eta= 0.15895
 
     C   11    Vxx=    0.0675    axis=( -0.349280  0.494049  0.796190)
     C   11    Vyy=    0.3511    axis=( -0.749608 -0.657158  0.078933)
     C   11    Vzz=   -0.4186    axis=(  0.562220 -0.569261  0.599876)
     C   11  Q=         1.0000 1e-30 m^2  Cq=        -0.9834 MHz  eta= 0.67748
 
     Cl  12    Vxx=   -1.7533    axis=( -0.249951  0.397817  0.882761)
     Cl  12    Vyy=   -1.9871    axis=(  0.594334 -0.656703  0.464228)
     Cl  12    Vzz=    3.7403    axis=( -0.764390 -0.640689  0.072292)
     Cl  12  Q=        -8.1650 1e-30 m^2  Cq=       -71.7566 MHz  eta= 0.06250
 
     H   13    Vxx=   -0.1445    axis=( -0.603648  0.397728 -0.690957)
     H   13    Vyy=   -0.1527    axis=( -0.797067 -0.319697  0.512327)
     H   13    Vzz=    0.2971    axis=( -0.017130  0.860004  0.510000)
     H   13  Q=         1.0000 1e-30 m^2  Cq=         0.6981 MHz  eta= 0.02760
 
     C   14    Vxx=   -0.1348    axis=(  0.452121  0.572547  0.683942)
     C   14    Vyy=   -0.1897    axis=( -0.728944  0.679074 -0.086601)
     C   14    Vzz=    0.3244    axis=( -0.514030 -0.459401  0.724378)
     C   14  Q=         1.0000 1e-30 m^2  Cq=         0.7623 MHz  eta= 0.16925
 
     H   15    Vxx=   -0.1370    axis=(  0.458297 -0.841582 -0.285840)
     H   15    Vyy=   -0.1493    axis=(  0.511463  0.512735 -0.689571)
     H   15    Vzz=    0.2864    axis=( -0.726890 -0.169831 -0.665423)
     H   15  Q=         1.0000 1e-30 m^2  Cq=         0.6729 MHz  eta= 0.04298
 
     C   16    Vxx=   -0.1576    axis=(  0.045395  0.815430  0.577073)
     C   16    Vyy=   -0.1977    axis=( -0.854429  0.330992 -0.400494)
     C   16    Vzz=    0.3553    axis=( -0.517582 -0.474887  0.711752)
     C   16  Q=         1.0000 1e-30 m^2  Cq=         0.8348 MHz  eta= 0.11299
 
     C   17    Vxx=    0.0870    axis=( -0.462777 -0.522417  0.716183)
     C   17    Vyy=    0.3265    axis=( -0.792936  0.605161 -0.070940)
     C   17    Vzz=   -0.4135    axis=( -0.396346 -0.600717 -0.694298)
     C   17  Q=         1.0000 1e-30 m^2  Cq=        -0.9716 MHz  eta= 0.57907
 
     Cl  18    Vxx=   -1.7026    axis=( -0.452076 -0.517626  0.726423)
     Cl  18    Vyy=   -2.0475    axis=(  0.292997  0.683029  0.669047)
     Cl  18    Vzz=    3.7501    axis=(  0.842484 -0.515300  0.157118)
     Cl  18  Q=        -8.1650 1e-30 m^2  Cq=       -71.9441 MHz  eta= 0.09197
 
     H   19    Vxx=   -0.1369    axis=( -0.853494 -0.361622 -0.375204)
     H   19    Vyy=   -0.1494    axis=( -0.505685  0.400915  0.763904)
     H   19    Vzz=    0.2863    axis=(  0.125820 -0.841723  0.525045)
     H   19  Q=         1.0000 1e-30 m^2  Cq=         0.6727 MHz  eta= 0.04378
 
     C   20    Vxx=   -0.1420    axis=( -0.864314  0.142074 -0.482470)
     C   20    Vyy=   -0.1926    axis=( -0.334705 -0.878494  0.340911)
     C   20    Vzz=    0.3346    axis=( -0.375412  0.456139  0.806847)
     C   20  Q=         1.0000 1e-30 m^2  Cq=         0.7861 MHz  eta= 0.15125
 
     H   21    Vxx=   -0.1384    axis=(  0.294169  0.898875 -0.324789)
     H   21    Vyy=   -0.1518    axis=( -0.416325  0.426405  0.803027)
     H   21    Vzz=    0.2902    axis=( -0.860313  0.101008 -0.499659)
     H   21  Q=         1.0000 1e-30 m^2  Cq=         0.6819 MHz  eta= 0.04590
 
     C   22    Vxx=   -0.1454    axis=( -0.234044  0.776824 -0.584610)
     C   22    Vyy=   -0.1742    axis=( -0.891401 -0.411498 -0.189930)
     C   22    Vzz=    0.3196    axis=( -0.388108  0.476670  0.788770)
     C   22  Q=         1.0000 1e-30 m^2  Cq=         0.7509 MHz  eta= 0.09032
 
     C   23    Vxx=    0.1515    axis=( -0.258380  0.574650  0.776542)
     C   23    Vyy=    0.2083    axis=( -0.781389 -0.596982  0.181780)
     C   23    Vzz=   -0.3598    axis=(  0.568041 -0.559813  0.603274)
     C   23  Q=         1.0000 1e-30 m^2  Cq=        -0.8453 MHz  eta= 0.15782
 
     Cl  24    Vxx=   -1.4848    axis=( -0.239995  0.463557  0.852946)
     Cl  24    Vyy=   -1.9125    axis=(  0.617836 -0.604773  0.502522)
     Cl  24    Vzz=    3.3973    axis=( -0.748787 -0.647583  0.141260)
     Cl  24  Q=        -8.1650 1e-30 m^2  Cq=       -65.1764 MHz  eta= 0.12590
 
     Initialization:
     gipaw_setup  :      0.20s CPU      0.31s WALL (       1 calls)
 
     Linear response
 
     Apply operators
 
     Induced current
 
     Other routines
     efg          :      0.73s CPU      0.85s WALL (       1 calls)
 
     General routines
     calbec       :      0.06s CPU      0.05s WALL (      16 calls)
     fft          :      0.07s CPU      0.10s WALL (      15 calls)
     ffts         :      0.00s CPU      0.00s WALL (       2 calls)
     fftw         :      0.49s CPU      0.50s WALL (     672 calls)
     davcio       :      0.02s CPU      0.08s WALL (      32 calls)
 
     Parallel routines
     fft_scatter  :      0.34s CPU      0.38s WALL (     689 calls)
 
     Plugins
 
     GIPAW        :      3.86s CPU      4.90s WALL (       1 calls)
