
     Program QE v.6.0 starts on 20May2017 at 14: 6:11 

     This program is part of the open-source Quantum ESPRESSO suite
     for quantum simulation of materials; please cite
         "P. Giannozzi et al., J. Phys.:Condens. Matter 21 395502 (2009);
          URL http://www.quantum-espresso.org", 
     in publications or presentations arising from this work. More details at
     http://www.quantum-espresso.org/quote
 
           ARCH :    x86_64
             CC :    icc
            CPP :    cpp
            F90 :    ifort
            F77 :    ifort
         DFLAGS :    -D__INTEL -D__DFTI
      BLAS LIBS :    -lmkl_intel_lp64  -lmkl_sequential -lmkl_core
    LAPACK LIBS :    
       FFT LIBS :    
      MASS LIBS :    

     Parallel version (MPI & OpenMP), running on      32 processor cores
     Number of MPI processes:                32
     Threads/MPI process:                     1
     R & G space division:  proc/nbgrp/npool/nimage =      32
 
     ***** This is GIPAW svn revision unknown      *****
 
     Parallelizing q-star over 1 images

     Reading data from directory:
     ./scratch/scf-426.save

   Info: using nr1, nr2, nr3 values from input

   Info: using nr1, nr2, nr3 values from input

     IMPORTANT: XC functional enforced from input :
     Exchange-correlation      =  SLA  PW   PBX  PBC ( 1  4  3  4 0 0)
     Any further DFT definition will be discarded
     Please, verify this is what you really want

               file C.pbe-n-kjpaw_psl.1.0.0.UPF: wavefunction(s)  2S 2P renormalized
               file Cl.pbe-n-kjpaw_psl.1.0.0.UPF: wavefunction(s)  3S 3P renormalized
               file H.pbe-kjpaw_psl.1.0.0.UPF: wavefunction(s)  1S renormalized
 
     Parallelization info
     --------------------
     sticks:   dense  smooth     PW     G-vecs:    dense   smooth      PW
     Min         764     305     83                36108     9133    1292
     Max         765     306     84                36110     9135    1293
     Sum       24467    9791   2657              1155489   292295   41363
 

     Subspace diagonalization in iterative solution of the eigenvalue problem:
     a serial algorithm will be used

     GIPAW projectors -----------------------------------------------
     atom=  C    l=0  rc=    1.2000  rs=    0.8000
     atom=  C    l=0  rc=    1.2000  rs=    0.8000
     atom=  C    l=1  rc=    1.4000  rs=    0.9333
     atom=  C    l=1  rc=    1.4000  rs=    0.9333
     projs nearly linearly dependent: l=1  n1,n2= 1, 2  s=  0.99951561
 
     atom=  Cl   l=0  rc=    1.6000  rs=    1.0667
     atom=  Cl   l=0  rc=    1.6000  rs=    1.0667
     atom=  Cl   l=1  rc=    1.6000  rs=    1.0667
     atom=  Cl   l=1  rc=    1.6000  rs=    1.0667
     atom=  Cl   l=2  rc=    1.6000  rs=    1.0667
     atom=  Cl   l=2  rc=    1.6000  rs=    1.0667
     projs nearly linearly dependent: l=2  n1,n2= 1, 2  s=  0.99993509
 
     atom=  H    l=0  rc=    1.0000  rs=    0.6667
     atom=  H    l=0  rc=    1.0000  rs=    0.6667
     projs nearly linearly dependent: l=0  n1,n2= 1, 2  s=  0.99968852
     -----------------------------------------------------------------
 
     GIPAW integrals: -------------------------------------------
     Atom  i/j   nmr_para   nmr_dia   epr_rmc  epr_para   epr_dia
       C   1 1   0.83E+03  0.17E-01  0.93E+01  0.24E+08  0.24E+03
       C   2 1   0.86E+03 -0.61E-01  0.94E+01  0.25E+08  0.25E+03
       C   2 2   0.90E+03 -0.15E+00  0.97E+01  0.26E+08  0.26E+03
       C   3 3   0.33E+01  0.34E+00  0.18E+01  0.55E+03  0.21E+02
       C   4 3   0.35E+01  0.37E+00  0.20E+01  0.59E+03  0.22E+02
       C   4 4   0.38E+01  0.39E+00  0.22E+01  0.63E+03  0.24E+02
       Cl  1 1   0.14E+04 -0.47E+00  0.84E+01  0.32E+09  0.42E+03
       Cl  2 1   0.21E+04 -0.37E+00  0.12E+02  0.49E+09  0.65E+03
       Cl  2 2   0.33E+04 -0.16E+00  0.21E+02  0.76E+09  0.10E+04
       Cl  3 3   0.21E+02  0.79E-01  0.89E+01  0.23E+05  0.13E+03
       Cl  4 3   0.24E+02  0.67E-01  0.99E+01  0.27E+05  0.15E+03
       Cl  4 4   0.28E+02  0.44E-01  0.11E+02  0.32E+05  0.18E+03
       Cl  5 5   0.77E+00  0.19E+00  0.18E+01  0.12E+03  0.22E+02
       Cl  6 5   0.80E+00  0.19E+00  0.19E+01  0.12E+03  0.23E+02
       Cl  6 6   0.83E+00  0.20E+00  0.19E+01  0.12E+03  0.23E+02
       H   1 1   0.39E+02  0.19E+00  0.29E+00  0.78E+05  0.13E+02
       H   2 1   0.41E+02  0.21E+00  0.32E+00  0.82E+05  0.14E+02
       H   2 2   0.43E+02  0.22E+00  0.36E+00  0.86E+05  0.15E+02
     ------------------------------------------------------------
 
     alpha_pv=     34.0374 eV
 
     Number of occupied bands for each k-point:
     k-point:     1    nbnd_occ=  42
     k-point:     2    nbnd_occ=  42
     k-point:     3    nbnd_occ=  42
     k-point:     4    nbnd_occ=  42
     k-point:     5    nbnd_occ=  42
     k-point:     6    nbnd_occ=  42
     k-point:     7    nbnd_occ=  42
     k-point:     8    nbnd_occ=  42
     k-point:     9    nbnd_occ=  42
     k-point:    10    nbnd_occ=  42
     k-point:    11    nbnd_occ=  42
     k-point:    12    nbnd_occ=  42
     k-point:    13    nbnd_occ=  42
     k-point:    14    nbnd_occ=  42
     k-point:    15    nbnd_occ=  42
     k-point:    16    nbnd_occ=  42
 
 
     q-space interpolation up to   110.00 Rydberg
 
     GIPAW job: efg                                                                             
 
 
     ELECTRIC FIELD GRADIENTS TENSORS IN Hartree/bohrradius^2:
 
     ----- bare term -----
     Cl   1        0.020912       -0.069480       -0.036815
     Cl   1       -0.069480        0.015515        0.010464
     Cl   1       -0.036815        0.010464       -0.036427
 
     C    2       -0.064298        0.033852       -0.369822
     C    2        0.033852       -0.073970       -0.529193
     C    2       -0.369822       -0.529193        0.138267
 
     C    3       -0.166688        0.332417       -0.335328
     C    3        0.332417       -0.171044       -0.454948
     C    3       -0.335328       -0.454948        0.337732
 
     H    4       -0.393718       -0.223159       -0.524408
     H    4       -0.223159        0.318368       -0.198505
     H    4       -0.524408       -0.198505        0.075350
 
     C    5       -0.309965        0.279711       -0.414905
     C    5        0.279711       -0.084664       -0.361384
     C    5       -0.414905       -0.361384        0.394629
 
     H    6        0.364297       -0.003289       -0.030794
     H    6       -0.003289       -0.426247       -0.538838
     H    6       -0.030794       -0.538838        0.061950
 
     H    7        0.373625        0.014177       -0.026595
     H    7        0.014177       -0.394412        0.561156
     H    7       -0.026595        0.561156        0.020787
 
     C    8       -0.274566       -0.317426       -0.409180
     C    8       -0.317426       -0.028589        0.382693
     C    8       -0.409180        0.382693        0.303156
 
     H    9       -0.317634        0.186989       -0.554954
     H    9        0.186989        0.333110        0.201261
     H    9       -0.554954        0.201261       -0.015475
 
     C   10       -0.120138       -0.352612       -0.322770
     C   10       -0.352612       -0.140939        0.474140
     C   10       -0.322770        0.474140        0.261078
 
     C   11       -0.063495       -0.150443       -0.385669
     C   11       -0.150443       -0.044557        0.524539
     C   11       -0.385669        0.524539        0.108053
 
     Cl  12       -0.000645        0.010803       -0.038178
     Cl  12        0.010803        0.018024       -0.008018
     Cl  12       -0.038178       -0.008018       -0.017379
 
     H   13        0.377186       -0.026100       -0.022611
     H   13       -0.026100       -0.466204       -0.523392
     H   13       -0.022611       -0.523392        0.089019
 
     C   14       -0.307314        0.275002       -0.373246
     C   14        0.275002       -0.042542       -0.407277
     C   14       -0.373246       -0.407277        0.349856
 
     H   15       -0.330956       -0.217244       -0.543257
     H   15       -0.217244        0.303893       -0.216499
     H   15       -0.543257       -0.216499        0.027063
 
     C   16       -0.174886        0.304132       -0.286387
     C   16        0.304132       -0.188698       -0.486074
     C   16       -0.286387       -0.486074        0.363584
 
     C   17       -0.128094        0.146808       -0.362725
     C   17        0.146808       -0.168140       -0.523909
     C   17       -0.362725       -0.523909        0.296233
 
     Cl  18       -0.042172        0.021367       -0.043372
     Cl  18        0.021367        0.027904        0.001864
     Cl  18       -0.043372        0.001864        0.014268
 
     H   19        0.383257       -0.004605       -0.027701
     H   19       -0.004605       -0.386472        0.564158
     H   19       -0.027701        0.564158        0.003215
 
     C   20       -0.252356       -0.347006       -0.414165
     C   20       -0.347006       -0.016133        0.376064
     C   20       -0.414165        0.376064        0.268489
 
     H   21       -0.312895        0.162125       -0.593168
     H   21        0.162125        0.378075        0.182934
     H   21       -0.593168        0.182934       -0.065180
 
     C   22       -0.126284       -0.370823       -0.320691
     C   22       -0.370823       -0.099318        0.481421
     C   22       -0.320691        0.481421        0.225602
 
     C   23       -0.104753       -0.123152       -0.349832
     C   23       -0.123152        0.005493        0.547606
     C   23       -0.349832        0.547606        0.099260
 
     Cl  24        0.008057        0.020517       -0.041344
     Cl  24        0.020517        0.009945       -0.012290
     Cl  24       -0.041344       -0.012290       -0.018002
 
     ----- ionic term -----
     Cl   1        0.123931       -0.172621        0.013739
     Cl   1       -0.172621        0.001681       -0.001434
     Cl   1        0.013739       -0.001434       -0.125612
 
     C    2        0.131124       -0.171154        0.286055
     C    2       -0.171154        0.062668        0.421810
     C    2        0.286055        0.421810       -0.193792
 
     C    3        0.103291       -0.270484        0.244590
     C    3       -0.270484        0.153477        0.356649
     C    3        0.244590        0.356649       -0.256768
 
     H    4        0.539551        0.309898        0.709107
     H    4        0.309898       -0.430311        0.261102
     H    4        0.709107        0.261102       -0.109240
 
     C    5        0.250450       -0.221479        0.331575
     C    5       -0.221479        0.061674        0.267325
     C    5        0.331575        0.267325       -0.312124
 
     H    6       -0.510992       -0.012380        0.024257
     H    6       -0.012380        0.589639        0.739372
     H    6        0.024257        0.739372       -0.078647
 
     H    7       -0.520098       -0.000454        0.022245
     H    7       -0.000454        0.542113       -0.766721
     H    7        0.022245       -0.766721       -0.022015
 
     C    8        0.220646        0.251287        0.327037
     C    8        0.251287        0.012239       -0.281973
     C    8        0.327037       -0.281973       -0.232885
 
     H    9        0.444775       -0.245975        0.754969
     H    9       -0.245975       -0.458575       -0.253766
     H    9        0.754969       -0.253766        0.013800
 
     C   10        0.074579        0.285300        0.235857
     C   10        0.285300        0.126296       -0.378349
     C   10        0.235857       -0.378349       -0.200875
 
     C   11        0.109058        0.245911        0.292926
     C   11        0.245911        0.052219       -0.417355
     C   11        0.292926       -0.417355       -0.161277
 
     Cl  12        0.122980        0.221822        0.007201
     Cl  12        0.221822        0.015866       -0.004018
     Cl  12        0.007201       -0.004018       -0.138846
 
     H   13       -0.523346        0.018975        0.021992
     H   13        0.018975        0.641111        0.719185
     H   13        0.021992        0.719185       -0.117765
 
     C   14        0.251496       -0.215078        0.293259
     C   14       -0.215078        0.018747        0.306103
     C   14        0.293259        0.306103       -0.270243
 
     H   15        0.464915        0.288280        0.740936
     H   15        0.288280       -0.426651        0.276493
     H   15        0.740936        0.276493       -0.038264
 
     C   16        0.123428       -0.250057        0.207491
     C   16       -0.250057        0.162310        0.395315
     C   16        0.207491        0.395315       -0.285737
 
     C   17        0.154572       -0.228613        0.274828
     C   17       -0.228613        0.156290        0.412721
     C   17        0.274828        0.412721       -0.310862
 
     Cl  18        0.129401       -0.248570        0.021137
     Cl  18       -0.248570        0.030189       -0.000796
     Cl  18        0.021137       -0.000796       -0.159589
 
     H   19       -0.528794        0.018834        0.021681
     H   19        0.018834        0.526881       -0.772127
     H   19        0.021681       -0.772127        0.001913
 
     C   20        0.205726        0.275482        0.329629
     C   20        0.275482        0.001861       -0.279131
     C   20        0.329629       -0.279131       -0.207587
 
     H   21        0.431089       -0.219061        0.794208
     H   21       -0.219061       -0.502431       -0.236498
     H   21        0.794208       -0.236498        0.071342
 
     C   22        0.077476        0.298316        0.233480
     C   22        0.298316        0.095891       -0.382300
     C   22        0.233480       -0.382300       -0.173367
 
     C   23        0.155231        0.224740        0.256092
     C   23        0.224740        0.002522       -0.444387
     C   23        0.256092       -0.444387       -0.157753
 
     Cl  24        0.138987        0.199196       -0.016566
     Cl  24        0.199196       -0.009909       -0.015810
     Cl  24       -0.016566       -0.015810       -0.129078
 
     ----- GIPAW term -----
     Cl   1        1.513271       -2.537959       -0.277053
     Cl   1       -2.537959        0.185739        0.098351
     Cl   1       -0.277053        0.098351       -1.699010
 
     C    2        0.082540       -0.154755       -0.066373
     C    2       -0.154755       -0.010399       -0.081265
     C    2       -0.066373       -0.081265       -0.072141
 
     C    3       -0.056577        0.043300       -0.079800
     C    3        0.043300       -0.004261       -0.082085
     C    3       -0.079800       -0.082085        0.060838
 
     H    4        0.000000       -0.000000       -0.000000
     H    4       -0.000000        0.000000        0.000000
     H    4       -0.000000        0.000000       -0.000000
 
     C    5       -0.039815        0.045825       -0.061954
     C    5        0.045825       -0.025587       -0.080839
     C    5       -0.061954       -0.080839        0.065402
 
     H    6        0.000000       -0.000000       -0.000000
     H    6       -0.000000        0.000000        0.000000
     H    6       -0.000000        0.000000       -0.000000
 
     H    7        0.000000       -0.000000       -0.000000
     H    7       -0.000000        0.000000        0.000000
     H    7       -0.000000        0.000000       -0.000000
 
     C    8       -0.033837       -0.051527       -0.060701
     C    8       -0.051527       -0.019859        0.088867
     C    8       -0.060701        0.088867        0.053695
 
     H    9        0.000000       -0.000000       -0.000000
     H    9       -0.000000        0.000000        0.000000
     H    9       -0.000000        0.000000       -0.000000
 
     C   10       -0.042044       -0.049529       -0.075380
     C   10       -0.049529       -0.002006        0.078489
     C   10       -0.075380        0.078489        0.044050
 
     C   11        0.061782        0.119237       -0.075952
     C   11        0.119237        0.010127        0.081998
     C   11       -0.075952        0.081998       -0.071909
 
     Cl  12        1.271345        2.457298       -0.368864
     Cl  12        2.457298        0.357877       -0.124499
     Cl  12       -0.368864       -0.124499       -1.629222
 
     H   13        0.000000       -0.000000       -0.000000
     H   13       -0.000000        0.000000        0.000000
     H   13       -0.000000        0.000000       -0.000000
 
     C   14       -0.032555        0.047003       -0.059997
     C   14        0.047003       -0.027298       -0.088544
     C   14       -0.059997       -0.088544        0.059852
 
     H   15        0.000000       -0.000000       -0.000000
     H   15       -0.000000        0.000000        0.000000
     H   15       -0.000000        0.000000       -0.000000
 
     C   16       -0.045894        0.036713       -0.069591
     C   16        0.036713       -0.014145       -0.073090
     C   16       -0.069591       -0.073090        0.060038
 
     C   17        0.043022       -0.104761       -0.072139
     C   17       -0.104761        0.000370       -0.088923
     C   17       -0.072139       -0.088923       -0.043392
 
     Cl  18        0.888681       -2.413704       -0.281643
     Cl  18       -2.413704        0.621582        0.007237
     Cl  18       -0.281643        0.007237       -1.510263
 
     H   19        0.000000       -0.000000       -0.000000
     H   19       -0.000000        0.000000        0.000000
     H   19       -0.000000        0.000000       -0.000000
 
     C   20       -0.028875       -0.055120       -0.062189
     C   20       -0.055120       -0.017742        0.085720
     C   20       -0.062189        0.085720        0.046617
 
     H   21        0.000000       -0.000000       -0.000000
     H   21       -0.000000        0.000000        0.000000
     H   21       -0.000000        0.000000       -0.000000
 
     C   22       -0.044882       -0.052649       -0.076203
     C   22       -0.052649        0.005609        0.081728
     C   22       -0.076203        0.081728        0.039272
 
     C   23        0.072369        0.122065       -0.081798
     C   23        0.122065        0.003866        0.075045
     C   23       -0.081798        0.075045       -0.076235
 
     Cl  24        1.550908        2.305428       -0.657675
     Cl  24        2.305428       -0.006871       -0.303542
     Cl  24       -0.657675       -0.303542       -1.544037
 
     ----- total EFG -----
     Cl   1        1.658114       -2.780060       -0.300129
     Cl   1       -2.780060        0.202935        0.107381
     Cl   1       -0.300129        0.107381       -1.861048
 
     C    2        0.149366       -0.292057       -0.150140
     C    2       -0.292057       -0.021700       -0.188648
     C    2       -0.150140       -0.188648       -0.127666
 
     C    3       -0.119974        0.105233       -0.170538
     C    3        0.105233       -0.021828       -0.180384
     C    3       -0.170538       -0.180384        0.141802
 
     H    4        0.145833        0.086740        0.184699
     H    4        0.086740       -0.111943        0.062597
     H    4        0.184699        0.062597       -0.033890
 
     C    5       -0.099330        0.104057       -0.145283
     C    5        0.104057       -0.048577       -0.174898
     C    5       -0.145283       -0.174898        0.147907
 
     H    6       -0.146696       -0.015669       -0.006537
     H    6       -0.015669        0.163392        0.200534
     H    6       -0.006537        0.200534       -0.016697
 
     H    7       -0.146473        0.013723       -0.004350
     H    7        0.013723        0.147701       -0.205564
     H    7       -0.004350       -0.205564       -0.001228
 
     C    8       -0.087757       -0.117666       -0.142843
     C    8       -0.117666       -0.036209        0.189586
     C    8       -0.142843        0.189586        0.123966
 
     H    9        0.127141       -0.058986        0.200015
     H    9       -0.058986       -0.125465       -0.052506
     H    9        0.200015       -0.052506       -0.001675
 
     C   10       -0.087603       -0.116842       -0.162293
     C   10       -0.116842       -0.016650        0.174280
     C   10       -0.162293        0.174280        0.104253
 
     C   11        0.107344        0.214705       -0.168694
     C   11        0.214705        0.017789        0.189182
     C   11       -0.168694        0.189182       -0.125133
 
     Cl  12        1.393680        2.689923       -0.399841
     Cl  12        2.689923        0.391767       -0.136536
     Cl  12       -0.399841       -0.136536       -1.785447
 
     H   13       -0.146160       -0.007125       -0.000620
     H   13       -0.007125        0.174907        0.195793
     H   13       -0.000620        0.195793       -0.028747
 
     C   14       -0.088373        0.106927       -0.139984
     C   14        0.106927       -0.051092       -0.189719
     C   14       -0.139984       -0.189719        0.139465
 
     H   15        0.133959        0.071036        0.197679
     H   15        0.071036       -0.122758        0.059995
     H   15        0.197679        0.059995       -0.011201
 
     C   16       -0.097352        0.090787       -0.148487
     C   16        0.090787       -0.040533       -0.163849
     C   16       -0.148487       -0.163849        0.137885
 
     C   17        0.069500       -0.186566       -0.160036
     C   17       -0.186566       -0.011480       -0.200110
     C   17       -0.160036       -0.200110       -0.058020
 
     Cl  18        0.975909       -2.640907       -0.303879
     Cl  18       -2.640907        0.679675        0.008305
     Cl  18       -0.303879        0.008305       -1.655585
 
     H   19       -0.145537        0.014229       -0.006020
     H   19        0.014229        0.140409       -0.207969
     H   19       -0.006020       -0.207969        0.005128
 
     C   20       -0.075505       -0.126644       -0.146725
     C   20       -0.126644       -0.032014        0.182653
     C   20       -0.146725        0.182653        0.107519
 
     H   21        0.118194       -0.056936        0.201040
     H   21       -0.056936       -0.124356       -0.053564
     H   21        0.201040       -0.053564        0.006161
 
     C   22       -0.093689       -0.125157       -0.163414
     C   22       -0.125157        0.002182        0.180849
     C   22       -0.163414        0.180849        0.091507
 
     C   23        0.122847        0.223652       -0.175537
     C   23        0.223652        0.011881        0.178264
     C   23       -0.175537        0.178264       -0.134728
 
     Cl  24        1.697952        2.525141       -0.715585
     Cl  24        2.525141       -0.006835       -0.331641
     Cl  24       -0.715585       -0.331641       -1.691117
 
     ----- total EFG (symmetrized) -----
     Cl   1        1.658114       -2.780060       -0.300129
     Cl   1       -2.780060        0.202935        0.107381
     Cl   1       -0.300129        0.107381       -1.861048
 
     C    2        0.149366       -0.292057       -0.150140
     C    2       -0.292057       -0.021700       -0.188648
     C    2       -0.150140       -0.188648       -0.127666
 
     C    3       -0.119974        0.105233       -0.170538
     C    3        0.105233       -0.021828       -0.180384
     C    3       -0.170538       -0.180384        0.141802
 
     H    4        0.145833        0.086740        0.184699
     H    4        0.086740       -0.111943        0.062597
     H    4        0.184699        0.062597       -0.033890
 
     C    5       -0.099330        0.104057       -0.145283
     C    5        0.104057       -0.048577       -0.174898
     C    5       -0.145283       -0.174898        0.147907
 
     H    6       -0.146696       -0.015669       -0.006537
     H    6       -0.015669        0.163392        0.200534
     H    6       -0.006537        0.200534       -0.016697
 
     H    7       -0.146473        0.013723       -0.004350
     H    7        0.013723        0.147701       -0.205564
     H    7       -0.004350       -0.205564       -0.001228
 
     C    8       -0.087757       -0.117666       -0.142843
     C    8       -0.117666       -0.036209        0.189586
     C    8       -0.142843        0.189586        0.123966
 
     H    9        0.127141       -0.058986        0.200015
     H    9       -0.058986       -0.125465       -0.052506
     H    9        0.200015       -0.052506       -0.001675
 
     C   10       -0.087603       -0.116842       -0.162293
     C   10       -0.116842       -0.016650        0.174280
     C   10       -0.162293        0.174280        0.104253
 
     C   11        0.107344        0.214705       -0.168694
     C   11        0.214705        0.017789        0.189182
     C   11       -0.168694        0.189182       -0.125133
 
     Cl  12        1.393680        2.689923       -0.399841
     Cl  12        2.689923        0.391767       -0.136536
     Cl  12       -0.399841       -0.136536       -1.785447
 
     H   13       -0.146160       -0.007125       -0.000620
     H   13       -0.007125        0.174907        0.195793
     H   13       -0.000620        0.195793       -0.028747
 
     C   14       -0.088373        0.106927       -0.139984
     C   14        0.106927       -0.051092       -0.189719
     C   14       -0.139984       -0.189719        0.139465
 
     H   15        0.133959        0.071036        0.197679
     H   15        0.071036       -0.122758        0.059995
     H   15        0.197679        0.059995       -0.011201
 
     C   16       -0.097352        0.090787       -0.148487
     C   16        0.090787       -0.040533       -0.163849
     C   16       -0.148487       -0.163849        0.137885
 
     C   17        0.069500       -0.186566       -0.160036
     C   17       -0.186566       -0.011480       -0.200110
     C   17       -0.160036       -0.200110       -0.058020
 
     Cl  18        0.975909       -2.640907       -0.303879
     Cl  18       -2.640907        0.679675        0.008305
     Cl  18       -0.303879        0.008305       -1.655585
 
     H   19       -0.145537        0.014229       -0.006020
     H   19        0.014229        0.140409       -0.207969
     H   19       -0.006020       -0.207969        0.005128
 
     C   20       -0.075505       -0.126644       -0.146725
     C   20       -0.126644       -0.032014        0.182653
     C   20       -0.146725        0.182653        0.107519
 
     H   21        0.118194       -0.056936        0.201040
     H   21       -0.056936       -0.124356       -0.053564
     H   21        0.201040       -0.053564        0.006161
 
     C   22       -0.093689       -0.125157       -0.163414
     C   22       -0.125157        0.002182        0.180849
     C   22       -0.163414        0.180849        0.091507
 
     C   23        0.122847        0.223652       -0.175537
     C   23        0.223652        0.011881        0.178264
     C   23       -0.175537        0.178264       -0.134728
 
     Cl  24        1.697952        2.525141       -0.715585
     Cl  24        2.525141       -0.006835       -0.331641
     Cl  24       -0.715585       -0.331641       -1.691117
 
 
     NQR/NMR SPECTROSCOPIC PARAMETERS:
     Cl   1    Vxx=   -1.8066    axis=( -0.322122 -0.488963  0.810649)
     Cl   1    Vyy=   -2.0138    axis=( -0.520138 -0.624059 -0.583101)
     Cl   1    Vzz=    3.8204    axis=( -0.791008  0.609480  0.053305)
     Cl   1  Q=        -8.1650 1e-30 m^2  Cq=       -73.2925 MHz  eta= 0.05426
 
     C    2    Vxx=    0.0633    axis=( -0.358020 -0.508155  0.783327)
     C    2    Vyy=    0.3683    axis=( -0.804368  0.593870  0.017615)
     C    2    Vzz=   -0.4316    axis=( -0.474145 -0.623777 -0.621361)
     C    2  Q=         1.0000 1e-30 m^2  Cq=        -1.0141 MHz  eta= 0.70652
 
     C    3    Vxx=   -0.1379    axis=( -0.047045  0.852279  0.520967)
     C    3    Vyy=   -0.2066    axis=( -0.916998  0.169968 -0.360867)
     C    3    Vzz=    0.3445    axis=( -0.396107 -0.494703  0.773543)
     C    3  Q=         1.0000 1e-30 m^2  Cq=         0.8094 MHz  eta= 0.19940
 
     H    4    Vxx=   -0.1367    axis=( -0.443636  0.851847  0.278467)
     H    4    Vyy=   -0.1531    axis=( -0.368054 -0.456480  0.810038)
     H    4    Vzz=    0.2897    axis=( -0.817143 -0.256871 -0.516037)
     H    4  Q=         1.0000 1e-30 m^2  Cq=         0.6808 MHz  eta= 0.05671
 
     C    5    Vxx=   -0.1435    axis=(  0.405683  0.680212  0.610519)
     C    5    Vyy=   -0.1815    axis=( -0.827974  0.556411 -0.069748)
     C    5    Vzz=    0.3250    axis=( -0.387143 -0.477199  0.788924)
     C    5  Q=         1.0000 1e-30 m^2  Cq=         0.7636 MHz  eta= 0.11693
 
     H    6    Vxx=   -0.1438    axis=( -0.655252  0.389168 -0.647451)
     H    6    Vyy=   -0.1500    axis=( -0.754459 -0.380146  0.535051)
     H    6    Vzz=    0.2938    axis=( -0.037901  0.839069  0.542703)
     H    6  Q=         1.0000 1e-30 m^2  Cq=         0.6903 MHz  eta= 0.02078
 
     H    7    Vxx=   -0.1418    axis=(  0.643312  0.422775  0.638287)
     H    7    Vyy=   -0.1505    axis=( -0.764964  0.389017  0.513318)
     H    7    Vzz=    0.2923    axis=( -0.031287 -0.818491  0.573667)
     H    7  Q=         1.0000 1e-30 m^2  Cq=         0.6868 MHz  eta= 0.02998
 
     C    8    Vxx=   -0.1476    axis=( -0.578355  0.494046 -0.649171)
     C    8    Vyy=   -0.1832    axis=( -0.709216 -0.697742  0.100839)
     C    8    Vzz=    0.3308    axis=( -0.403135  0.518724  0.753928)
     C    8  Q=         1.0000 1e-30 m^2  Cq=         0.7772 MHz  eta= 0.10772
 
     H    9    Vxx=   -0.1356    axis=(  0.445954  0.827230 -0.341784)
     H    9    Vyy=   -0.1522    axis=( -0.416868  0.529875  0.738549)
     H    9    Vzz=    0.2878    axis=( -0.792052  0.186880 -0.581145)
     H    9  Q=         1.0000 1e-30 m^2  Cq=         0.6762 MHz  eta= 0.05793
 
     C   10    Vxx=   -0.1406    axis=( -0.019953  0.808292 -0.588444)
     C   10    Vyy=   -0.1845    axis=( -0.899720 -0.271187 -0.341997)
     C   10    Vzz=    0.3252    axis=( -0.436012  0.522611  0.732647)
     C   10  Q=         1.0000 1e-30 m^2  Cq=         0.7640 MHz  eta= 0.13492
 
     C   11    Vxx=    0.1123    axis=( -0.393272  0.562363  0.727382)
     C   11    Vyy=    0.2824    axis=( -0.790985 -0.610242  0.044139)
     C   11    Vzz=   -0.3947    axis=(  0.468701 -0.557990  0.684812)
     C   11  Q=         1.0000 1e-30 m^2  Cq=        -0.9275 MHz  eta= 0.43083
 
     Cl  12    Vxx=   -1.6779    axis=( -0.387074  0.551802  0.738708)
     Cl  12    Vyy=   -1.9796    axis=(  0.509695 -0.539575  0.670127)
     Cl  12    Vzz=    3.6576    axis=( -0.768365 -0.635904  0.072395)
     Cl  12  Q=        -8.1650 1e-30 m^2  Cq=       -70.1683 MHz  eta= 0.08249
 
     H   13    Vxx=   -0.1437    axis=(  0.777465 -0.316579  0.543439)
     H   13    Vyy=   -0.1502    axis=( -0.628757 -0.411264  0.659944)
     H   13    Vzz=    0.2939    axis=( -0.014573  0.854775  0.518795)
     H   13  Q=         1.0000 1e-30 m^2  Cq=         0.6905 MHz  eta= 0.02205
 
     C   14    Vxx=   -0.1485    axis=(  0.709140  0.379165  0.594437)
     C   14    Vyy=   -0.1815    axis=( -0.589472  0.781396  0.204799)
     C   14    Vzz=    0.3300    axis=( -0.386838 -0.495635  0.777626)
     C   14  Q=         1.0000 1e-30 m^2  Cq=         0.7754 MHz  eta= 0.09980
 
     H   15    Vxx=   -0.1375    axis=(  0.478869 -0.795275 -0.371782)
     H   15    Vyy=   -0.1551    axis=(  0.366139  0.565833 -0.738766)
     H   15    Vzz=    0.2926    axis=( -0.797889 -0.217649 -0.562141)
     H   15  Q=         1.0000 1e-30 m^2  Cq=         0.6875 MHz  eta= 0.06028
 
     C   16    Vxx=   -0.1378    axis=(  0.053943  0.845323  0.531525)
     C   16    Vyy=   -0.1719    axis=( -0.917886  0.251563 -0.306924)
     C   16    Vzz=    0.3097    axis=( -0.393162 -0.471323  0.789480)
     C   16  Q=         1.0000 1e-30 m^2  Cq=         0.7276 MHz  eta= 0.11019
 
     C   17    Vxx=    0.1515    axis=( -0.406209 -0.485545  0.774106)
     C   17    Vyy=    0.2199    axis=( -0.774407  0.632616 -0.009569)
     C   17    Vzz=   -0.3714    axis=( -0.485066 -0.603360 -0.632984)
     C   17  Q=         1.0000 1e-30 m^2  Cq=        -0.8726 MHz  eta= 0.18431
 
     Cl  18    Vxx=   -1.5251    axis=( -0.364408 -0.439575  0.820963)
     Cl  18    Vyy=   -1.9577    axis=( -0.581853 -0.580838 -0.569275)
     Cl  18    Vzz=    3.4828    axis=( -0.727086  0.685128  0.044106)
     Cl  18  Q=        -8.1650 1e-30 m^2  Cq=       -66.8167 MHz  eta= 0.12420
 
     H   19    Vxx=   -0.1425    axis=( -0.700009 -0.399788 -0.591741)
     H   19    Vyy=   -0.1495    axis=(  0.713306 -0.431319 -0.552412)
     H   19    Vzz=    0.2920    axis=( -0.034382 -0.808785  0.587098)
     H   19  Q=         1.0000 1e-30 m^2  Cq=         0.6860 MHz  eta= 0.02390
 
     C   20    Vxx=   -0.1433    axis=( -0.543223  0.494932 -0.678197)
     C   20    Vyy=   -0.1827    axis=( -0.719075 -0.691243  0.071514)
     C   20    Vzz=    0.3260    axis=( -0.433404  0.526523  0.731392)
     C   20  Q=         1.0000 1e-30 m^2  Cq=         0.7659 MHz  eta= 0.12073
 
     H   21    Vxx=   -0.1339    axis=(  0.452762  0.826867 -0.333613)
     H   21    Vyy=   -0.1517    axis=( -0.431495  0.530622  0.729556)
     H   21    Vzz=    0.2856    axis=( -0.780268  0.186363 -0.597035)
     H   21  Q=         1.0000 1e-30 m^2  Cq=         0.6711 MHz  eta= 0.06226
 
     C   22    Vxx=   -0.1394    axis=(  0.032488  0.797849 -0.601981)
     C   22    Vyy=   -0.1932    axis=( -0.899907 -0.238709 -0.364945)
     C   22    Vzz=    0.3325    axis=( -0.434869  0.553584  0.710235)
     C   22  Q=         1.0000 1e-30 m^2  Cq=         0.7813 MHz  eta= 0.16177
 
     C   23    Vxx=    0.0979    axis=( -0.341957  0.603460  0.720348)
     C   23    Vyy=    0.3005    axis=( -0.814123 -0.573094  0.093628)
     C   23    Vzz=   -0.3984    axis=(  0.469328 -0.554435  0.687265)
     C   23  Q=         1.0000 1e-30 m^2  Cq=        -0.9361 MHz  eta= 0.50835
 
     Cl  24    Vxx=   -1.6653    axis=( -0.313964  0.621555  0.717702)
     Cl  24    Vyy=   -1.9584    axis=(  0.501586 -0.533238  0.681226)
     Cl  24    Vzz=    3.6237    axis=( -0.806125 -0.573869  0.144346)
     Cl  24  Q=        -8.1650 1e-30 m^2  Cq=       -69.5188 MHz  eta= 0.08089
 
     Initialization:
     gipaw_setup  :      0.19s CPU      0.30s WALL (       1 calls)
 
     Linear response
 
     Apply operators
 
     Induced current
 
     Other routines
     efg          :      0.82s CPU      0.95s WALL (       1 calls)
 
     General routines
     calbec       :      0.05s CPU      0.05s WALL (      16 calls)
     fft          :      0.07s CPU      0.10s WALL (      15 calls)
     ffts         :      0.00s CPU      0.00s WALL (       2 calls)
     fftw         :      0.56s CPU      0.58s WALL (     672 calls)
     davcio       :      0.02s CPU      0.10s WALL (      32 calls)
 
     Parallel routines
     fft_scatter  :      0.44s CPU      0.47s WALL (     689 calls)
 
     Plugins
 
     GIPAW        :      3.94s CPU      4.84s WALL (       1 calls)
