
     Program QE v.6.0 starts on 20May2017 at 12:15:57 

     This program is part of the open-source Quantum ESPRESSO suite
     for quantum simulation of materials; please cite
         "P. Giannozzi et al., J. Phys.:Condens. Matter 21 395502 (2009);
          URL http://www.quantum-espresso.org", 
     in publications or presentations arising from this work. More details at
     http://www.quantum-espresso.org/quote
 
           ARCH :    x86_64
             CC :    icc
            CPP :    cpp
            F90 :    ifort
            F77 :    ifort
         DFLAGS :    -D__INTEL -D__DFTI
      BLAS LIBS :    -lmkl_intel_lp64  -lmkl_sequential -lmkl_core
    LAPACK LIBS :    
       FFT LIBS :    
      MASS LIBS :    

     Parallel version (MPI & OpenMP), running on      32 processor cores
     Number of MPI processes:                32
     Threads/MPI process:                     1
     R & G space division:  proc/nbgrp/npool/nimage =      32
 
     ***** This is GIPAW svn revision unknown      *****
 
     Parallelizing q-star over 1 images

     Reading data from directory:
     ./scratch/scf-155.save

   Info: using nr1, nr2, nr3 values from input

   Info: using nr1, nr2, nr3 values from input

     IMPORTANT: XC functional enforced from input :
     Exchange-correlation      =  SLA  PW   PBX  PBC ( 1  4  3  4 0 0)
     Any further DFT definition will be discarded
     Please, verify this is what you really want

               file C.pbe-n-kjpaw_psl.1.0.0.UPF: wavefunction(s)  2S 2P renormalized
               file Cl.pbe-n-kjpaw_psl.1.0.0.UPF: wavefunction(s)  3S 3P renormalized
               file H.pbe-kjpaw_psl.1.0.0.UPF: wavefunction(s)  1S renormalized
 
     Parallelization info
     --------------------
     sticks:   dense  smooth     PW     G-vecs:    dense   smooth      PW
     Min         764     305     83                36108     9133    1292
     Max         765     306     84                36110     9135    1293
     Sum       24467    9791   2657              1155489   292295   41363
 

     Subspace diagonalization in iterative solution of the eigenvalue problem:
     a serial algorithm will be used

     GIPAW projectors -----------------------------------------------
     atom=  C    l=0  rc=    1.2000  rs=    0.8000
     atom=  C    l=0  rc=    1.2000  rs=    0.8000
     atom=  C    l=1  rc=    1.4000  rs=    0.9333
     atom=  C    l=1  rc=    1.4000  rs=    0.9333
     projs nearly linearly dependent: l=1  n1,n2= 1, 2  s=  0.99951561
 
     atom=  Cl   l=0  rc=    1.6000  rs=    1.0667
     atom=  Cl   l=0  rc=    1.6000  rs=    1.0667
     atom=  Cl   l=1  rc=    1.6000  rs=    1.0667
     atom=  Cl   l=1  rc=    1.6000  rs=    1.0667
     atom=  Cl   l=2  rc=    1.6000  rs=    1.0667
     atom=  Cl   l=2  rc=    1.6000  rs=    1.0667
     projs nearly linearly dependent: l=2  n1,n2= 1, 2  s=  0.99993509
 
     atom=  H    l=0  rc=    1.0000  rs=    0.6667
     atom=  H    l=0  rc=    1.0000  rs=    0.6667
     projs nearly linearly dependent: l=0  n1,n2= 1, 2  s=  0.99968852
     -----------------------------------------------------------------
 
     GIPAW integrals: -------------------------------------------
     Atom  i/j   nmr_para   nmr_dia   epr_rmc  epr_para   epr_dia
       C   1 1   0.83E+03  0.17E-01  0.93E+01  0.24E+08  0.24E+03
       C   2 1   0.86E+03 -0.61E-01  0.94E+01  0.25E+08  0.25E+03
       C   2 2   0.90E+03 -0.15E+00  0.97E+01  0.26E+08  0.26E+03
       C   3 3   0.33E+01  0.34E+00  0.18E+01  0.55E+03  0.21E+02
       C   4 3   0.35E+01  0.37E+00  0.20E+01  0.59E+03  0.22E+02
       C   4 4   0.38E+01  0.39E+00  0.22E+01  0.63E+03  0.24E+02
       Cl  1 1   0.14E+04 -0.47E+00  0.84E+01  0.32E+09  0.42E+03
       Cl  2 1   0.21E+04 -0.37E+00  0.12E+02  0.49E+09  0.65E+03
       Cl  2 2   0.33E+04 -0.16E+00  0.21E+02  0.76E+09  0.10E+04
       Cl  3 3   0.21E+02  0.79E-01  0.89E+01  0.23E+05  0.13E+03
       Cl  4 3   0.24E+02  0.67E-01  0.99E+01  0.27E+05  0.15E+03
       Cl  4 4   0.28E+02  0.44E-01  0.11E+02  0.32E+05  0.18E+03
       Cl  5 5   0.77E+00  0.19E+00  0.18E+01  0.12E+03  0.22E+02
       Cl  6 5   0.80E+00  0.19E+00  0.19E+01  0.12E+03  0.23E+02
       Cl  6 6   0.83E+00  0.20E+00  0.19E+01  0.12E+03  0.23E+02
       H   1 1   0.39E+02  0.19E+00  0.29E+00  0.78E+05  0.13E+02
       H   2 1   0.41E+02  0.21E+00  0.32E+00  0.82E+05  0.14E+02
       H   2 2   0.43E+02  0.22E+00  0.36E+00  0.86E+05  0.15E+02
     ------------------------------------------------------------
 
     alpha_pv=     33.6674 eV
 
     Number of occupied bands for each k-point:
     k-point:     1    nbnd_occ=  42
     k-point:     2    nbnd_occ=  42
     k-point:     3    nbnd_occ=  42
     k-point:     4    nbnd_occ=  42
     k-point:     5    nbnd_occ=  42
     k-point:     6    nbnd_occ=  42
     k-point:     7    nbnd_occ=  42
     k-point:     8    nbnd_occ=  42
     k-point:     9    nbnd_occ=  42
     k-point:    10    nbnd_occ=  42
     k-point:    11    nbnd_occ=  42
     k-point:    12    nbnd_occ=  42
     k-point:    13    nbnd_occ=  42
     k-point:    14    nbnd_occ=  42
     k-point:    15    nbnd_occ=  42
     k-point:    16    nbnd_occ=  42
 
 
     q-space interpolation up to   110.00 Rydberg
 
     GIPAW job: efg                                                                             
 
 
     ELECTRIC FIELD GRADIENTS TENSORS IN Hartree/bohrradius^2:
 
     ----- bare term -----
     Cl   1        0.055214       -0.008930       -0.042598
     Cl   1       -0.008930       -0.011819        0.020410
     Cl   1       -0.042598        0.020410       -0.043395
 
     C    2       -0.144194        0.009398       -0.317287
     C    2        0.009398       -0.033532       -0.539888
     C    2       -0.317287       -0.539888        0.177725
 
     C    3       -0.222559        0.315015       -0.266727
     C    3        0.315015       -0.100823       -0.514111
     C    3       -0.266727       -0.514111        0.323382
 
     H    4       -0.316037       -0.221472       -0.548402
     H    4       -0.221472        0.332818       -0.229076
     H    4       -0.548402       -0.229076       -0.016780
 
     C    5       -0.354090        0.284759       -0.362373
     C    5        0.284759        0.007301       -0.415898
     C    5       -0.362373       -0.415898        0.346789
 
     H    6        0.363626       -0.010739       -0.038697
     H    6       -0.010739       -0.451876       -0.536358
     H    6       -0.038697       -0.536358        0.088250
 
     H    7        0.373562       -0.062059        0.009341
     H    7       -0.062059       -0.467253        0.512267
     H    7        0.009341        0.512267        0.093691
 
     C    8       -0.300631       -0.280687       -0.427871
     C    8       -0.280687       -0.051653        0.369954
     C    8       -0.427871        0.369954        0.352284
 
     H    9       -0.272085        0.278585       -0.541245
     H    9        0.278585        0.309268        0.255694
     H    9       -0.541245        0.255694       -0.037183
 
     C   10       -0.175112       -0.299939       -0.328203
     C   10       -0.299939       -0.149660        0.467486
     C   10       -0.328203        0.467486        0.324773
 
     C   11       -0.104236       -0.105786       -0.301695
     C   11       -0.105786       -0.153548        0.568237
     C   11       -0.301695        0.568237        0.257783
 
     Cl  12       -0.026204        0.009625       -0.048446
     Cl  12        0.009625        0.021840       -0.023303
     Cl  12       -0.048446       -0.023303        0.004364
 
     H   13        0.377743       -0.028114       -0.019556
     H   13       -0.028114       -0.479869       -0.532066
     H   13       -0.019556       -0.532066        0.102126
 
     C   14       -0.350469        0.244959       -0.343173
     C   14        0.244959       -0.045368       -0.413690
     C   14       -0.343173       -0.413690        0.395837
 
     H   15       -0.386985       -0.225733       -0.531128
     H   15       -0.225733        0.329410       -0.209068
     H   15       -0.531128       -0.209068        0.057575
 
     C   16       -0.206746        0.302442       -0.278544
     C   16        0.302442       -0.152997       -0.497961
     C   16       -0.278544       -0.497961        0.359744
 
     C   17       -0.129726        0.114498       -0.350356
     C   17        0.114498       -0.087674       -0.544329
     C   17       -0.350356       -0.544329        0.217401
 
     Cl  18       -0.015338       -0.016439       -0.042528
     Cl  18       -0.016439        0.013089        0.004747
     Cl  18       -0.042528        0.004747        0.002249
 
     H   19        0.337462       -0.034158        0.000348
     H   19       -0.034158       -0.485254        0.495395
     H   19        0.000348        0.495395        0.147792
 
     C   20       -0.349411       -0.258895       -0.418402
     C   20       -0.258895       -0.079767        0.359114
     C   20       -0.418402        0.359114        0.429179
 
     H   21       -0.336705        0.288062       -0.503451
     H   21        0.288062        0.231076        0.241473
     H   21       -0.503451        0.241473        0.105628
 
     C   22       -0.182855       -0.309073       -0.343410
     C   22       -0.309073       -0.214350        0.437226
     C   22       -0.343410        0.437226        0.397205
 
     C   23       -0.056528       -0.075328       -0.395401
     C   23       -0.075328       -0.158777        0.504469
     C   23       -0.395401        0.504469        0.215305
 
     Cl  24       -0.023998        0.033136       -0.032936
     Cl  24        0.033136        0.039673        0.007574
     Cl  24       -0.032936        0.007574       -0.015675
 
     ----- ionic term -----
     Cl   1        0.155520       -0.188254       -0.025959
     Cl   1       -0.188254       -0.051265        0.009226
     Cl   1       -0.025959        0.009226       -0.104256
 
     C    2        0.214867       -0.133379        0.225388
     C    2       -0.133379        0.011471        0.438457
     C    2        0.225388        0.438457       -0.226337
 
     C    3        0.153685       -0.254848        0.186611
     C    3       -0.254848        0.099423        0.403192
     C    3        0.186611        0.403192       -0.253108
 
     H    4        0.449767        0.291714        0.739908
     H    4        0.291714       -0.449895        0.286532
     H    4        0.739908        0.286532        0.000128
 
     C    5        0.287365       -0.225721        0.286253
     C    5       -0.225721       -0.022498        0.315112
     C    5        0.286253        0.315112       -0.264867
 
     H    6       -0.510205        0.000191        0.033547
     H    6        0.000191        0.620048        0.734658
     H    6        0.033547        0.734658       -0.109843
 
     H    7       -0.518639        0.099636       -0.029860
     H    7        0.099636        0.645288       -0.706585
     H    7       -0.029860       -0.706585       -0.126649
 
     C    8        0.248279        0.218571        0.341453
     C    8        0.218571        0.030121       -0.277785
     C    8        0.341453       -0.277785       -0.278399
 
     H    9        0.383912       -0.373363        0.725391
     H    9       -0.373363       -0.404230       -0.335062
     H    9        0.725391       -0.335062        0.020319
 
     C   10        0.113630        0.249258        0.239027
     C   10        0.249258        0.137367       -0.371631
     C   10        0.239027       -0.371631       -0.250996
 
     C   11        0.148029        0.202388        0.220536
     C   11        0.202388        0.132562       -0.455716
     C   11        0.220536       -0.455716       -0.280591
 
     Cl  12        0.124841        0.223568       -0.005909
     Cl  12        0.223568        0.021569       -0.006707
     Cl  12       -0.005909       -0.006707       -0.146410
 
     H   13       -0.523473        0.020340        0.019113
     H   13        0.020340        0.652204        0.728556
     H   13        0.019113        0.728556       -0.128731
 
     C   14        0.281032       -0.195603        0.277390
     C   14       -0.195603        0.021214        0.309609
     C   14        0.277390        0.309609       -0.302247
 
     H   15        0.530662        0.310828        0.718824
     H   15        0.310828       -0.442216        0.272628
     H   15        0.718824        0.272628       -0.088446
 
     C   16        0.145449       -0.249140        0.201789
     C   16       -0.249140        0.138546        0.396723
     C   16        0.201789        0.396723       -0.283995
 
     C   17        0.170707       -0.211949        0.261218
     C   17       -0.211949        0.073293        0.436014
     C   17        0.261218        0.436014       -0.244001
 
     Cl  18        0.149889       -0.207798       -0.007097
     Cl  18       -0.207798       -0.000942        0.015922
     Cl  18       -0.007097        0.015922       -0.148947
 
     H   19       -0.485490        0.069603       -0.017724
     H   19        0.069603        0.672834       -0.684308
     H   19       -0.017724       -0.684308       -0.187343
 
     C   20        0.280040        0.203010        0.334006
     C   20        0.203010        0.055675       -0.267132
     C   20        0.334006       -0.267132       -0.335716
 
     H   21        0.462040       -0.393357        0.687371
     H   21       -0.393357       -0.330870       -0.320914
     H   21        0.687371       -0.320914       -0.131170
 
     C   22        0.124243        0.252896        0.253534
     C   22        0.252896        0.179608       -0.348710
     C   22        0.253534       -0.348710       -0.303852
 
     C   23        0.115567        0.191972        0.323508
     C   23        0.191972        0.136659       -0.387064
     C   23        0.323508       -0.387064       -0.252226
 
     Cl  24        0.141317        0.206575        0.059356
     Cl  24        0.206575        0.000324        0.027159
     Cl  24        0.059356        0.027159       -0.141641
 
     ----- GIPAW term -----
     Cl   1        2.201170       -2.068622       -0.769372
     Cl   1       -2.068622       -0.653402        0.311869
     Cl   1       -0.769372        0.311869       -1.547768
 
     C    2        0.097117       -0.135714       -0.083146
     C    2       -0.135714       -0.028166       -0.072898
     C    2       -0.083146       -0.072898       -0.068950
 
     C    3       -0.061494        0.042398       -0.070464
     C    3        0.042398        0.005891       -0.091623
     C    3       -0.070464       -0.091623        0.055603
 
     H    4        0.000000       -0.000000       -0.000000
     H    4       -0.000000        0.000000        0.000000
     H    4       -0.000000        0.000000       -0.000000
 
     C    5       -0.044515        0.045674       -0.055045
     C    5        0.045674       -0.019978       -0.087451
     C    5       -0.055045       -0.087451        0.064493
 
     H    6        0.000000       -0.000000       -0.000000
     H    6       -0.000000        0.000000        0.000000
     H    6       -0.000000        0.000000       -0.000000
 
     H    7        0.000000       -0.000000       -0.000000
     H    7       -0.000000        0.000000        0.000000
     H    7       -0.000000        0.000000       -0.000000
 
     C    8       -0.030685       -0.048613       -0.063509
     C    8       -0.048613       -0.026899        0.080928
     C    8       -0.063509        0.080928        0.057584
 
     H    9        0.000000       -0.000000       -0.000000
     H    9       -0.000000        0.000000        0.000000
     H    9       -0.000000        0.000000       -0.000000
 
     C   10       -0.053064       -0.032602       -0.078566
     C   10       -0.032602       -0.003439        0.079173
     C   10       -0.078566        0.079173        0.056503
 
     C   11        0.061600        0.117111       -0.070902
     C   11        0.117111       -0.013659        0.084119
     C   11       -0.070902        0.084119       -0.047941
 
     Cl  12        0.984078        2.456924       -0.638297
     Cl  12        2.456924        0.494868       -0.327762
     Cl  12       -0.638297       -0.327762       -1.478946
 
     H   13        0.000000       -0.000000       -0.000000
     H   13       -0.000000        0.000000        0.000000
     H   13       -0.000000        0.000000       -0.000000
 
     C   14       -0.044530        0.036766       -0.047101
     C   14        0.036766       -0.027821       -0.091561
     C   14       -0.047101       -0.091561        0.072351
 
     H   15        0.000000       -0.000000       -0.000000
     H   15       -0.000000        0.000000        0.000000
     H   15       -0.000000        0.000000       -0.000000
 
     C   16       -0.053819        0.036072       -0.066677
     C   16        0.036072       -0.002966       -0.084827
     C   16       -0.066677       -0.084827        0.056786
 
     C   17        0.061630       -0.119612       -0.075793
     C   17       -0.119612       -0.013009       -0.082318
     C   17       -0.075793       -0.082318       -0.048620
 
     Cl  18        1.403864       -2.360283       -0.567270
     Cl  18       -2.360283        0.131780        0.220702
     Cl  18       -0.567270        0.220702       -1.535643
 
     H   19        0.000000       -0.000000       -0.000000
     H   19       -0.000000        0.000000        0.000000
     H   19       -0.000000        0.000000       -0.000000
 
     C   20       -0.046782       -0.047178       -0.062563
     C   20       -0.047178       -0.027164        0.078426
     C   20       -0.062563        0.078426        0.073946
 
     H   21        0.000000       -0.000000       -0.000000
     H   21       -0.000000        0.000000        0.000000
     H   21       -0.000000        0.000000       -0.000000
 
     C   22       -0.050748       -0.039459       -0.077648
     C   22       -0.039459       -0.020003        0.073666
     C   22       -0.077648        0.073666        0.070750
 
     C   23        0.072739        0.137152       -0.048567
     C   23        0.137152       -0.013711        0.097954
     C   23       -0.048567        0.097954       -0.059028
 
     Cl  24        1.218264        2.535671        0.246471
     Cl  24        2.535671        0.421946        0.376971
     Cl  24        0.246471        0.376971       -1.640210
 
     ----- total EFG -----
     Cl   1        2.411905       -2.265805       -0.837928
     Cl   1       -2.265805       -0.716486        0.341505
     Cl   1       -0.837928        0.341505       -1.695419
 
     C    2        0.167790       -0.259695       -0.175045
     C    2       -0.259695       -0.050227       -0.174329
     C    2       -0.175045       -0.174329       -0.117562
 
     C    3       -0.130368        0.102565       -0.150579
     C    3        0.102565        0.004492       -0.202543
     C    3       -0.150579       -0.202543        0.125876
 
     H    4        0.133730        0.070242        0.191505
     H    4        0.070242       -0.117077        0.057456
     H    4        0.191505        0.057456       -0.016653
 
     C    5       -0.111241        0.104712       -0.131164
     C    5        0.104712       -0.035175       -0.188237
     C    5       -0.131164       -0.188237        0.146416
 
     H    6       -0.146579       -0.010548       -0.005150
     H    6       -0.010548        0.168172        0.198300
     H    6       -0.005150        0.198300       -0.021593
 
     H    7       -0.145077        0.037577       -0.020519
     H    7        0.037577        0.178035       -0.194317
     H    7       -0.020519       -0.194317       -0.032958
 
     C    8       -0.083038       -0.110728       -0.149927
     C    8       -0.110728       -0.048431        0.173097
     C    8       -0.149927        0.173097        0.131469
 
     H    9        0.111827       -0.094778        0.184146
     H    9       -0.094778       -0.094962       -0.079368
     H    9        0.184146       -0.079368       -0.016865
 
     C   10       -0.114546       -0.083283       -0.167743
     C   10       -0.083283       -0.015733        0.175028
     C   10       -0.167743        0.175028        0.130279
 
     C   11        0.105393        0.213712       -0.152061
     C   11        0.213712       -0.034644        0.196641
     C   11       -0.152061        0.196641       -0.070749
 
     Cl  12        1.082716        2.690117       -0.692651
     Cl  12        2.690117        0.538277       -0.357772
     Cl  12       -0.692651       -0.357772       -1.620993
 
     H   13       -0.145730       -0.007774       -0.000443
     H   13       -0.007774        0.172334        0.196490
     H   13       -0.000443        0.196490       -0.026605
 
     C   14       -0.113967        0.086122       -0.112883
     C   14        0.086122       -0.051975       -0.195642
     C   14       -0.112883       -0.195642        0.165941
 
     H   15        0.143677        0.085095        0.187696
     H   15        0.085095       -0.112806        0.063561
     H   15        0.187696        0.063561       -0.030871
 
     C   16       -0.115117        0.089374       -0.143432
     C   16        0.089374       -0.017418       -0.186065
     C   16       -0.143432       -0.186065        0.132534
 
     C   17        0.102610       -0.217063       -0.164931
     C   17       -0.217063       -0.027390       -0.190633
     C   17       -0.164931       -0.190633       -0.075220
 
     Cl  18        1.538414       -2.584521       -0.616895
     Cl  18       -2.584521        0.143927        0.241370
     Cl  18       -0.616895        0.241370       -1.682341
 
     H   19       -0.148028        0.035445       -0.017375
     H   19        0.035445        0.187580       -0.188914
     H   19       -0.017375       -0.188914       -0.039551
 
     C   20       -0.116153       -0.103064       -0.146959
     C   20       -0.103064       -0.051256        0.170408
     C   20       -0.146959        0.170408        0.167409
 
     H   21        0.125335       -0.105295        0.183920
     H   21       -0.105295       -0.099794       -0.079441
     H   21        0.183920       -0.079441       -0.025542
 
     C   22       -0.109359       -0.095636       -0.167524
     C   22       -0.095636       -0.054745        0.162182
     C   22       -0.167524        0.162182        0.164104
 
     C   23        0.131779        0.253797       -0.120460
     C   23        0.253797       -0.035829        0.215360
     C   23       -0.120460        0.215360       -0.095949
 
     Cl  24        1.335583        2.775381        0.272892
     Cl  24        2.775381        0.461942        0.411705
     Cl  24        0.272892        0.411705       -1.797525
 
     ----- total EFG (symmetrized) -----
     Cl   1        2.411905       -2.265805       -0.837928
     Cl   1       -2.265805       -0.716486        0.341505
     Cl   1       -0.837928        0.341505       -1.695419
 
     C    2        0.167790       -0.259695       -0.175045
     C    2       -0.259695       -0.050227       -0.174329
     C    2       -0.175045       -0.174329       -0.117562
 
     C    3       -0.130368        0.102565       -0.150579
     C    3        0.102565        0.004492       -0.202543
     C    3       -0.150579       -0.202543        0.125876
 
     H    4        0.133730        0.070242        0.191505
     H    4        0.070242       -0.117077        0.057456
     H    4        0.191505        0.057456       -0.016653
 
     C    5       -0.111241        0.104712       -0.131164
     C    5        0.104712       -0.035175       -0.188237
     C    5       -0.131164       -0.188237        0.146416
 
     H    6       -0.146579       -0.010548       -0.005150
     H    6       -0.010548        0.168172        0.198300
     H    6       -0.005150        0.198300       -0.021593
 
     H    7       -0.145077        0.037577       -0.020519
     H    7        0.037577        0.178035       -0.194317
     H    7       -0.020519       -0.194317       -0.032958
 
     C    8       -0.083038       -0.110728       -0.149927
     C    8       -0.110728       -0.048431        0.173097
     C    8       -0.149927        0.173097        0.131469
 
     H    9        0.111827       -0.094778        0.184146
     H    9       -0.094778       -0.094962       -0.079368
     H    9        0.184146       -0.079368       -0.016865
 
     C   10       -0.114546       -0.083283       -0.167743
     C   10       -0.083283       -0.015733        0.175028
     C   10       -0.167743        0.175028        0.130279
 
     C   11        0.105393        0.213712       -0.152061
     C   11        0.213712       -0.034644        0.196641
     C   11       -0.152061        0.196641       -0.070749
 
     Cl  12        1.082716        2.690117       -0.692651
     Cl  12        2.690117        0.538277       -0.357772
     Cl  12       -0.692651       -0.357772       -1.620993
 
     H   13       -0.145730       -0.007774       -0.000443
     H   13       -0.007774        0.172334        0.196490
     H   13       -0.000443        0.196490       -0.026605
 
     C   14       -0.113967        0.086122       -0.112883
     C   14        0.086122       -0.051975       -0.195642
     C   14       -0.112883       -0.195642        0.165941
 
     H   15        0.143677        0.085095        0.187696
     H   15        0.085095       -0.112806        0.063561
     H   15        0.187696        0.063561       -0.030871
 
     C   16       -0.115117        0.089374       -0.143432
     C   16        0.089374       -0.017418       -0.186065
     C   16       -0.143432       -0.186065        0.132534
 
     C   17        0.102610       -0.217063       -0.164931
     C   17       -0.217063       -0.027390       -0.190633
     C   17       -0.164931       -0.190633       -0.075220
 
     Cl  18        1.538414       -2.584521       -0.616895
     Cl  18       -2.584521        0.143927        0.241370
     Cl  18       -0.616895        0.241370       -1.682341
 
     H   19       -0.148028        0.035445       -0.017375
     H   19        0.035445        0.187580       -0.188914
     H   19       -0.017375       -0.188914       -0.039551
 
     C   20       -0.116153       -0.103064       -0.146959
     C   20       -0.103064       -0.051256        0.170408
     C   20       -0.146959        0.170408        0.167409
 
     H   21        0.125335       -0.105295        0.183920
     H   21       -0.105295       -0.099794       -0.079441
     H   21        0.183920       -0.079441       -0.025542
 
     C   22       -0.109359       -0.095636       -0.167524
     C   22       -0.095636       -0.054745        0.162182
     C   22       -0.167524        0.162182        0.164104
 
     C   23        0.131779        0.253797       -0.120460
     C   23        0.253797       -0.035829        0.215360
     C   23       -0.120460        0.215360       -0.095949
 
     Cl  24        1.335583        2.775381        0.272892
     Cl  24        2.775381        0.461942        0.411705
     Cl  24        0.272892        0.411705       -1.797525
 
 
     NQR/NMR SPECTROSCOPIC PARAMETERS:
     Cl   1    Vxx=   -1.7839    axis=( -0.148374 -0.572867  0.806107)
     Cl   1    Vyy=   -1.9661    axis=( -0.461279 -0.680933 -0.568816)
     Cl   1    Vzz=    3.7500    axis=(  0.874761 -0.456238 -0.163219)
     Cl   1  Q=        -8.1650 1e-30 m^2  Cq=       -71.9418 MHz  eta= 0.04860
 
     C    2    Vxx=    0.0721    axis=( -0.230732 -0.600884  0.765311)
     C    2    Vyy=    0.3471    axis=(  0.855481 -0.500016 -0.134671)
     C    2    Vzz=   -0.4192    axis=(  0.463589  0.623637  0.629414)
     C    2  Q=         1.0000 1e-30 m^2  Cq=        -0.9850 MHz  eta= 0.65609
 
     C    3    Vxx=   -0.1453    axis=( -0.119007  0.826083  0.550839)
     C    3    Vyy=   -0.2008    axis=( -0.926528  0.107028 -0.360682)
     C    3    Vzz=    0.3462    axis=( -0.356909 -0.553292  0.752652)
     C    3  Q=         1.0000 1e-30 m^2  Cq=         0.8134 MHz  eta= 0.16030
 
     H    4    Vxx=   -0.1332    axis=( -0.432043  0.854368  0.288781)
     H    4    Vyy=   -0.1515    axis=( -0.408894 -0.470977  0.781656)
     H    4    Vzz=    0.2846    axis=( -0.803831 -0.219628 -0.552828)
     H    4  Q=         1.0000 1e-30 m^2  Cq=         0.6688 MHz  eta= 0.06420
 
     C    5    Vxx=   -0.1434    axis=(  0.457352  0.636902  0.620633)
     C    5    Vyy=   -0.1846    axis=( -0.815175  0.579180  0.006349)
     C    5    Vzz=    0.3280    axis=( -0.355415 -0.508828  0.784075)
     C    5  Q=         1.0000 1e-30 m^2  Cq=         0.7707 MHz  eta= 0.12562
 
     H    6    Vxx=   -0.1454    axis=( -0.657127  0.386935 -0.646889)
     H    6    Vyy=   -0.1480    axis=( -0.753314 -0.367297  0.545537)
     H    6    Vzz=    0.2934    axis=( -0.026513  0.845798  0.532845)
     H    6  Q=         1.0000 1e-30 m^2  Cq=         0.6894 MHz  eta= 0.00871
 
     H    7    Vxx=   -0.1473    axis=(  0.629487  0.343570  0.696926)
     H    7    Vyy=   -0.1505    axis=( -0.771037  0.387207  0.505542)
     H    7    Vzz=    0.2978    axis=( -0.096166 -0.855588  0.508647)
     H    7  Q=         1.0000 1e-30 m^2  Cq=         0.6997 MHz  eta= 0.01077
 
     C    8    Vxx=   -0.1440    axis=( -0.480488  0.600691 -0.638985)
     C    8    Vyy=   -0.1778    axis=( -0.771395 -0.636104 -0.017929)
     C    8    Vzz=    0.3218    axis=( -0.417231  0.484295  0.769010)
     C    8  Q=         1.0000 1e-30 m^2  Cq=         0.7562 MHz  eta= 0.10514
 
     H    9    Vxx=   -0.1301    axis=(  0.499217  0.836662 -0.225341)
     H    9    Vyy=   -0.1526    axis=( -0.395306  0.451342  0.800015)
     H    9    Vzz=    0.2828    axis=( -0.771048  0.310302 -0.556055)
     H    9  Q=         1.0000 1e-30 m^2  Cq=         0.6644 MHz  eta= 0.07955
 
     C   10    Vxx=   -0.1255    axis=(  0.276030  0.867933 -0.412916)
     C   10    Vyy=   -0.2001    axis=( -0.878588  0.053650 -0.474557)
     C   10    Vzz=    0.3256    axis=( -0.389731  0.493775  0.777365)
     C   10  Q=         1.0000 1e-30 m^2  Cq=         0.7649 MHz  eta= 0.22908
 
     C   11    Vxx=    0.1250    axis=( -0.326996  0.527725  0.783951)
     C   11    Vyy=    0.2606    axis=( -0.821800 -0.568383  0.039830)
     C   11    Vzz=   -0.3856    axis=(  0.466604 -0.631226  0.619544)
     C   11  Q=         1.0000 1e-30 m^2  Cq=        -0.9061 MHz  eta= 0.35145
 
     Cl  12    Vxx=   -1.5980    axis=( -0.281943  0.492898  0.823140)
     Cl  12    Vyy=   -2.0249    axis=(  0.613416 -0.567078  0.549675)
     Cl  12    Vzz=    3.6228    axis=( -0.737719 -0.659905  0.142468)
     Cl  12  Q=        -8.1650 1e-30 m^2  Cq=       -69.5024 MHz  eta= 0.11783
 
     H   13    Vxx=   -0.1428    axis=(  0.775489 -0.320138  0.544176)
     H   13    Vyy=   -0.1504    axis=( -0.631168 -0.414420  0.655655)
     H   13    Vzz=    0.2932    axis=( -0.015618  0.851920  0.523439)
     H   13  Q=         1.0000 1e-30 m^2  Cq=         0.6889 MHz  eta= 0.02572
 
     C   14    Vxx=   -0.1464    axis=(  0.746593  0.408013  0.525476)
     C   14    Vyy=   -0.1798    axis=( -0.591053  0.769353  0.242389)
     C   14    Vzz=    0.3261    axis=( -0.305378 -0.491550  0.815551)
     C   14  Q=         1.0000 1e-30 m^2  Cq=         0.7663 MHz  eta= 0.10249
 
     H   15    Vxx=   -0.1365    axis=( -0.444705  0.851507  0.277801)
     H   15    Vyy=   -0.1547    axis=( -0.375669 -0.458880  0.805172)
     H   15    Vzz=    0.2912    axis=( -0.813087 -0.253703 -0.523951)
     H   15  Q=         1.0000 1e-30 m^2  Cq=         0.6842 MHz  eta= 0.06236
 
     C   16    Vxx=   -0.1422    axis=( -0.138494  0.852056  0.504796)
     C   16    Vyy=   -0.1811    axis=( -0.922785  0.074034 -0.378135)
     C   16    Vzz=    0.3232    axis=( -0.359564 -0.518188  0.776012)
     C   16  Q=         1.0000 1e-30 m^2  Cq=         0.7595 MHz  eta= 0.12029
 
     C   17    Vxx=    0.1242    axis=( -0.289810 -0.560615  0.775707)
     C   17    Vyy=    0.2659    axis=( -0.827793  0.553630  0.090847)
     C   17    Vzz=   -0.3901    axis=( -0.480384 -0.615796 -0.624521)
     C   17  Q=         1.0000 1e-30 m^2  Cq=        -0.9165 MHz  eta= 0.36331
 
     Cl  18    Vxx=   -1.6113    axis=( -0.307210 -0.558334  0.770639)
     Cl  18    Vyy=   -1.9837    axis=( -0.529687 -0.572441 -0.625894)
     Cl  18    Vzz=    3.5950    axis=( -0.790603  0.600479  0.119883)
     Cl  18  Q=        -8.1650 1e-30 m^2  Cq=       -68.9673 MHz  eta= 0.10358
 
     H   19    Vxx=   -0.1455    axis=(  0.358983  0.431254  0.827738)
     H   19    Vyy=   -0.1524    axis=(  0.929184 -0.248770 -0.273370)
     H   19    Vzz=    0.2979    axis=(  0.088024  0.867256 -0.490018)
     H   19  Q=         1.0000 1e-30 m^2  Cq=         0.7000 MHz  eta= 0.02314
 
     C   20    Vxx=   -0.1376    axis=( -0.319579  0.753261 -0.574862)
     C   20    Vyy=   -0.1941    axis=( -0.872093 -0.471075 -0.132448)
     C   20    Vzz=    0.3317    axis=( -0.370571  0.459006  0.807460)
     C   20  Q=         1.0000 1e-30 m^2  Cq=         0.7794 MHz  eta= 0.17052
 
     H   21    Vxx=   -0.1391    axis=(  0.539388  0.773629 -0.332504)
     H   21    Vyy=   -0.1538    axis=( -0.306161  0.548023  0.778419)
     H   21    Vzz=    0.2929    axis=( -0.784427  0.318070 -0.532452)
     H   21  Q=         1.0000 1e-30 m^2  Cq=         0.6881 MHz  eta= 0.05034
 
     C   22    Vxx=   -0.1404    axis=( -0.090188  0.857612 -0.506327)
     C   22    Vyy=   -0.1937    axis=( -0.912619 -0.274715 -0.302750)
     C   22    Vzz=    0.3342    axis=( -0.398738  0.434780  0.807449)
     C   22  Q=         1.0000 1e-30 m^2  Cq=         0.7851 MHz  eta= 0.15945
 
     C   23    Vxx=    0.0928    axis=( -0.441382  0.439122  0.782530)
     C   23    Vyy=    0.3179    axis=( -0.780956 -0.617472 -0.093996)
     C   23    Vzz=   -0.4108    axis=(  0.441915 -0.652610  0.615477)
     C   23  Q=         1.0000 1e-30 m^2  Cq=        -0.9652 MHz  eta= 0.54797
 
     Cl  24    Vxx=   -1.7346    axis=( -0.447834  0.417670  0.790567)
     Cl  24    Vyy=   -2.0144    axis=( -0.477420  0.635888 -0.606396)
     Cl  24    Vzz=    3.7490    axis=(  0.755986  0.648998  0.085368)
     Cl  24  Q=        -8.1650 1e-30 m^2  Cq=       -71.9227 MHz  eta= 0.07463
 
     Initialization:
     gipaw_setup  :      0.18s CPU      0.30s WALL (       1 calls)
 
     Linear response
 
     Apply operators
 
     Induced current
 
     Other routines
     efg          :      0.63s CPU      0.74s WALL (       1 calls)
 
     General routines
     calbec       :      0.05s CPU      0.06s WALL (      16 calls)
     fft          :      0.08s CPU      0.08s WALL (      15 calls)
     ffts         :      0.00s CPU      0.00s WALL (       2 calls)
     fftw         :      0.35s CPU      0.41s WALL (     672 calls)
     davcio       :      0.00s CPU      0.06s WALL (      32 calls)
 
     Parallel routines
     fft_scatter  :      0.25s CPU      0.29s WALL (     689 calls)
 
     Plugins
 
     GIPAW        :      4.48s CPU      5.20s WALL (       1 calls)
