
     Program QE v.6.0 starts on 20May2017 at 13:26:16 

     This program is part of the open-source Quantum ESPRESSO suite
     for quantum simulation of materials; please cite
         "P. Giannozzi et al., J. Phys.:Condens. Matter 21 395502 (2009);
          URL http://www.quantum-espresso.org", 
     in publications or presentations arising from this work. More details at
     http://www.quantum-espresso.org/quote
 
           ARCH :    x86_64
             CC :    icc
            CPP :    cpp
            F90 :    ifort
            F77 :    ifort
         DFLAGS :    -D__INTEL -D__DFTI
      BLAS LIBS :    -lmkl_intel_lp64  -lmkl_sequential -lmkl_core
    LAPACK LIBS :    
       FFT LIBS :    
      MASS LIBS :    

     Parallel version (MPI & OpenMP), running on      32 processor cores
     Number of MPI processes:                32
     Threads/MPI process:                     1
     R & G space division:  proc/nbgrp/npool/nimage =      32
 
     ***** This is GIPAW svn revision unknown      *****
 
     Parallelizing q-star over 1 images

     Reading data from directory:
     ./scratch/scf-677.save

   Info: using nr1, nr2, nr3 values from input

   Info: using nr1, nr2, nr3 values from input

     IMPORTANT: XC functional enforced from input :
     Exchange-correlation      =  SLA  PW   PBX  PBC ( 1  4  3  4 0 0)
     Any further DFT definition will be discarded
     Please, verify this is what you really want

               file C.pbe-n-kjpaw_psl.1.0.0.UPF: wavefunction(s)  2S 2P renormalized
               file Cl.pbe-n-kjpaw_psl.1.0.0.UPF: wavefunction(s)  3S 3P renormalized
               file H.pbe-kjpaw_psl.1.0.0.UPF: wavefunction(s)  1S renormalized
 
     Parallelization info
     --------------------
     sticks:   dense  smooth     PW     G-vecs:    dense   smooth      PW
     Min         764     305     83                36108     9133    1292
     Max         765     306     84                36110     9135    1293
     Sum       24467    9791   2657              1155489   292295   41363
 

     Subspace diagonalization in iterative solution of the eigenvalue problem:
     a serial algorithm will be used

     GIPAW projectors -----------------------------------------------
     atom=  C    l=0  rc=    1.2000  rs=    0.8000
     atom=  C    l=0  rc=    1.2000  rs=    0.8000
     atom=  C    l=1  rc=    1.4000  rs=    0.9333
     atom=  C    l=1  rc=    1.4000  rs=    0.9333
     projs nearly linearly dependent: l=1  n1,n2= 1, 2  s=  0.99951561
 
     atom=  Cl   l=0  rc=    1.6000  rs=    1.0667
     atom=  Cl   l=0  rc=    1.6000  rs=    1.0667
     atom=  Cl   l=1  rc=    1.6000  rs=    1.0667
     atom=  Cl   l=1  rc=    1.6000  rs=    1.0667
     atom=  Cl   l=2  rc=    1.6000  rs=    1.0667
     atom=  Cl   l=2  rc=    1.6000  rs=    1.0667
     projs nearly linearly dependent: l=2  n1,n2= 1, 2  s=  0.99993509
 
     atom=  H    l=0  rc=    1.0000  rs=    0.6667
     atom=  H    l=0  rc=    1.0000  rs=    0.6667
     projs nearly linearly dependent: l=0  n1,n2= 1, 2  s=  0.99968852
     -----------------------------------------------------------------
 
     GIPAW integrals: -------------------------------------------
     Atom  i/j   nmr_para   nmr_dia   epr_rmc  epr_para   epr_dia
       C   1 1   0.83E+03  0.17E-01  0.93E+01  0.24E+08  0.24E+03
       C   2 1   0.86E+03 -0.61E-01  0.94E+01  0.25E+08  0.25E+03
       C   2 2   0.90E+03 -0.15E+00  0.97E+01  0.26E+08  0.26E+03
       C   3 3   0.33E+01  0.34E+00  0.18E+01  0.55E+03  0.21E+02
       C   4 3   0.35E+01  0.37E+00  0.20E+01  0.59E+03  0.22E+02
       C   4 4   0.38E+01  0.39E+00  0.22E+01  0.63E+03  0.24E+02
       Cl  1 1   0.14E+04 -0.47E+00  0.84E+01  0.32E+09  0.42E+03
       Cl  2 1   0.21E+04 -0.37E+00  0.12E+02  0.49E+09  0.65E+03
       Cl  2 2   0.33E+04 -0.16E+00  0.21E+02  0.76E+09  0.10E+04
       Cl  3 3   0.21E+02  0.79E-01  0.89E+01  0.23E+05  0.13E+03
       Cl  4 3   0.24E+02  0.67E-01  0.99E+01  0.27E+05  0.15E+03
       Cl  4 4   0.28E+02  0.44E-01  0.11E+02  0.32E+05  0.18E+03
       Cl  5 5   0.77E+00  0.19E+00  0.18E+01  0.12E+03  0.22E+02
       Cl  6 5   0.80E+00  0.19E+00  0.19E+01  0.12E+03  0.23E+02
       Cl  6 6   0.83E+00  0.20E+00  0.19E+01  0.12E+03  0.23E+02
       H   1 1   0.39E+02  0.19E+00  0.29E+00  0.78E+05  0.13E+02
       H   2 1   0.41E+02  0.21E+00  0.32E+00  0.82E+05  0.14E+02
       H   2 2   0.43E+02  0.22E+00  0.36E+00  0.86E+05  0.15E+02
     ------------------------------------------------------------
 
     alpha_pv=     33.7887 eV
 
     Number of occupied bands for each k-point:
     k-point:     1    nbnd_occ=  42
     k-point:     2    nbnd_occ=  42
     k-point:     3    nbnd_occ=  42
     k-point:     4    nbnd_occ=  42
     k-point:     5    nbnd_occ=  42
     k-point:     6    nbnd_occ=  42
     k-point:     7    nbnd_occ=  42
     k-point:     8    nbnd_occ=  42
     k-point:     9    nbnd_occ=  42
     k-point:    10    nbnd_occ=  42
     k-point:    11    nbnd_occ=  42
     k-point:    12    nbnd_occ=  42
     k-point:    13    nbnd_occ=  42
     k-point:    14    nbnd_occ=  42
     k-point:    15    nbnd_occ=  42
     k-point:    16    nbnd_occ=  42
 
 
     q-space interpolation up to   110.00 Rydberg
 
     GIPAW job: efg                                                                             
 
 
     ELECTRIC FIELD GRADIENTS TENSORS IN Hartree/bohrradius^2:
 
     ----- bare term -----
     Cl   1       -0.003680       -0.022786       -0.014901
     Cl   1       -0.022786        0.006495       -0.018960
     Cl   1       -0.014901       -0.018960       -0.002815
 
     C    2       -0.146376        0.106190       -0.413750
     C    2        0.106190       -0.051921       -0.488185
     C    2       -0.413750       -0.488185        0.198297
 
     C    3       -0.178202        0.323732       -0.287171
     C    3        0.323732       -0.144225       -0.508051
     C    3       -0.287171       -0.508051        0.322427
 
     H    4       -0.397944       -0.154825       -0.540243
     H    4       -0.154825        0.345488       -0.171994
     H    4       -0.540243       -0.171994        0.052456
 
     C    5       -0.310450        0.314335       -0.368787
     C    5        0.314335       -0.028288       -0.400162
     C    5       -0.368787       -0.400162        0.338738
 
     H    6        0.378856       -0.052134       -0.054599
     H    6       -0.052134       -0.398909       -0.553357
     H    6       -0.054599       -0.553357        0.020053
 
     H    7        0.374010        0.077207       -0.050596
     H    7        0.077207       -0.516168        0.500896
     H    7       -0.050596        0.500896        0.142158
 
     C    8       -0.416419       -0.215238       -0.273658
     C    8       -0.215238       -0.078658        0.414370
     C    8       -0.273658        0.414370        0.495077
 
     H    9       -0.475211        0.266085       -0.459428
     H    9        0.266085        0.288116        0.189908
     H    9       -0.459428        0.189908        0.187095
 
     C   10       -0.262345       -0.208356       -0.200544
     C   10       -0.208356       -0.215458        0.496975
     C   10       -0.200544        0.496975        0.477802
 
     C   11       -0.207806       -0.024358       -0.271813
     C   11       -0.024358       -0.206203        0.509834
     C   11       -0.271813        0.509834        0.414009
 
     Cl  12       -0.042606        0.010003       -0.027875
     Cl  12        0.010003        0.028552       -0.005703
     Cl  12       -0.027875       -0.005703        0.014055
 
     H   13        0.371491       -0.089256       -0.055887
     H   13       -0.089256       -0.450163       -0.527742
     H   13       -0.055887       -0.527742        0.078672
 
     C   14       -0.337958        0.279229       -0.334825
     C   14        0.279229       -0.023022       -0.414346
     C   14       -0.334825       -0.414346        0.360980
 
     H   15       -0.392443       -0.170985       -0.538594
     H   15       -0.170985        0.332795       -0.175445
     H   15       -0.538594       -0.175445        0.059649
 
     C   16       -0.193564        0.273797       -0.269848
     C   16        0.273797       -0.187117       -0.513997
     C   16       -0.269848       -0.513997        0.380681
 
     C   17       -0.085588        0.090030       -0.431196
     C   17        0.090030       -0.145179       -0.475456
     C   17       -0.431196       -0.475456        0.230768
 
     Cl  18       -0.009388       -0.024683       -0.014488
     Cl  18       -0.024683        0.014214       -0.013152
     Cl  18       -0.014488       -0.013152       -0.004827
 
     H   19        0.340768        0.099494       -0.042276
     H   19        0.099494       -0.520653        0.473407
     H   19       -0.042276        0.473407        0.179885
 
     C   20       -0.453010       -0.196874       -0.254013
     C   20       -0.196874       -0.101346        0.393940
     C   20       -0.254013        0.393940        0.554356
 
     H   21       -0.498261        0.276291       -0.426569
     H   21        0.276291        0.272673        0.175737
     H   21       -0.426569        0.175737        0.225588
 
     C   22       -0.277658       -0.203806       -0.222609
     C   22       -0.203806       -0.249762        0.474493
     C   22       -0.222609        0.474493        0.527420
 
     C   23       -0.154577        0.025960       -0.349469
     C   23        0.025960       -0.217838        0.460378
     C   23       -0.349469        0.460378        0.372415
 
     Cl  24       -0.017995        0.057582       -0.015964
     Cl  24        0.057582        0.024276        0.003177
     Cl  24       -0.015964        0.003177       -0.006281
 
     ----- ionic term -----
     Cl   1        0.118560       -0.210447        0.020958
     Cl   1       -0.210447        0.031205       -0.001486
     Cl   1        0.020958       -0.001486       -0.149766
 
     C    2        0.169418       -0.213849        0.318996
     C    2       -0.213849        0.063692        0.388792
     C    2        0.318996        0.388792       -0.233110
 
     C    3        0.126517       -0.258531        0.209136
     C    3       -0.258531        0.121926        0.407384
     C    3        0.209136        0.407384       -0.248443
 
     H    4        0.543737        0.211427        0.738587
     H    4        0.211427       -0.476469        0.218946
     H    4        0.738587        0.218946       -0.067268
 
     C    5        0.257961       -0.248104        0.289318
     C    5       -0.248104        0.005090        0.300251
     C    5        0.289318        0.300251       -0.263051
 
     H    6       -0.521578        0.059364        0.064756
     H    6        0.059364        0.549054        0.757437
     H    6        0.064756        0.757437       -0.027477
 
     H    7       -0.515609       -0.091050        0.060677
     H    7       -0.091050        0.710353       -0.682786
     H    7        0.060677       -0.682786       -0.194744
 
     C    8        0.344818        0.169701        0.208400
     C    8        0.169701        0.043563       -0.313338
     C    8        0.208400       -0.313338       -0.388381
 
     H    9        0.650864       -0.359066        0.627326
     H    9       -0.359066       -0.401122       -0.246989
     H    9        0.627326       -0.246989       -0.249741
 
     C   10        0.189131        0.168321        0.143554
     C   10        0.168321        0.185015       -0.402309
     C   10        0.143554       -0.402309       -0.374147
 
     C   11        0.211201        0.138137        0.185551
     C   11        0.138137        0.190718       -0.419895
     C   11        0.185551       -0.419895       -0.401919
 
     Cl  12        0.112748        0.220470       -0.024094
     Cl  12        0.220470        0.037285       -0.029512
     Cl  12       -0.024094       -0.029512       -0.150033
 
     H   13       -0.512972        0.104972        0.070545
     H   13        0.104972        0.622607        0.722608
     H   13        0.070545        0.722608       -0.109635
 
     C   14        0.284045       -0.220666        0.260040
     C   14       -0.220666       -0.003911        0.313346
     C   14        0.260040        0.313346       -0.280134
 
     H   15        0.547527        0.226239        0.734603
     H   15        0.226239       -0.464681        0.219690
     H   15        0.734603        0.219690       -0.082845
 
     C   16        0.140512       -0.219253        0.189988
     C   16       -0.219253        0.155306        0.415143
     C   16        0.189988        0.415143       -0.295818
 
     C   17        0.112413       -0.200113        0.334185
     C   17       -0.200113        0.152655        0.374009
     C   17        0.334185        0.374009       -0.265067
 
     Cl  18        0.085294       -0.212348        0.019106
     Cl  18       -0.212348        0.063398       -0.007694
     Cl  18        0.019106       -0.007694       -0.148692
 
     H   19       -0.483093       -0.114486        0.054204
     H   19       -0.114486        0.720870       -0.650613
     H   19        0.054204       -0.650613       -0.237777
 
     C   20        0.371745        0.157560        0.197801
     C   20        0.157560        0.064551       -0.297275
     C   20        0.197801       -0.297275       -0.436296
 
     H   21        0.684100       -0.384373        0.581759
     H   21       -0.384373       -0.378473       -0.233608
     H   21        0.581759       -0.233608       -0.305627
 
     C   22        0.194677        0.165165        0.158015
     C   22        0.165165        0.210383       -0.382082
     C   22        0.158015       -0.382082       -0.405060
 
     C   23        0.173209        0.117104        0.264766
     C   23        0.117104        0.206454       -0.372347
     C   23        0.264766       -0.372347       -0.379663
 
     Cl  24        0.087071        0.187649        0.009982
     Cl  24        0.187649        0.059059        0.003195
     Cl  24        0.009982        0.003195       -0.146130
 
     ----- GIPAW term -----
     Cl   1        1.217453       -2.461303        0.048841
     Cl   1       -2.461303        0.379567       -0.230516
     Cl   1        0.048841       -0.230516       -1.597020
 
     C    2        0.041048       -0.129989       -0.071010
     C    2       -0.129989        0.016007       -0.080044
     C    2       -0.071010       -0.080044       -0.057055
 
     C    3       -0.045868        0.049058       -0.068161
     C    3        0.049058       -0.011923       -0.080451
     C    3       -0.068161       -0.080451        0.057791
 
     H    4        0.000000       -0.000000       -0.000000
     H    4       -0.000000        0.000000        0.000000
     H    4       -0.000000        0.000000       -0.000000
 
     C    5       -0.031014        0.050251       -0.060554
     C    5        0.050251       -0.027271       -0.087686
     C    5       -0.060554       -0.087686        0.058285
 
     H    6        0.000000       -0.000000       -0.000000
     H    6       -0.000000        0.000000        0.000000
     H    6       -0.000000        0.000000       -0.000000
 
     H    7        0.000000       -0.000000       -0.000000
     H    7       -0.000000        0.000000        0.000000
     H    7       -0.000000        0.000000       -0.000000
 
     C    8       -0.045631       -0.034552       -0.050813
     C    8       -0.034552       -0.038021        0.087672
     C    8       -0.050813        0.087672        0.083652
 
     H    9        0.000000       -0.000000       -0.000000
     H    9       -0.000000        0.000000        0.000000
     H    9       -0.000000        0.000000       -0.000000
 
     C   10       -0.064742       -0.025917       -0.051055
     C   10       -0.025917       -0.017715        0.075063
     C   10       -0.051055        0.075063        0.082457
 
     C   11        0.022505        0.131733       -0.075543
     C   11        0.131733       -0.002773        0.065474
     C   11       -0.075543        0.065474       -0.019732
 
     Cl  12        0.711953        2.449206       -0.581539
     Cl  12        2.449206        0.697086       -0.372001
     Cl  12       -0.581539       -0.372001       -1.409039
 
     H   13        0.000000       -0.000000       -0.000000
     H   13       -0.000000        0.000000        0.000000
     H   13       -0.000000        0.000000       -0.000000
 
     C   14       -0.028758        0.045263       -0.058191
     C   14        0.045263       -0.030847       -0.088173
     C   14       -0.058191       -0.088173        0.059605
 
     H   15        0.000000       -0.000000       -0.000000
     H   15       -0.000000        0.000000        0.000000
     H   15       -0.000000        0.000000       -0.000000
 
     C   16       -0.046338        0.039090       -0.071323
     C   16        0.039090       -0.019603       -0.080759
     C   16       -0.071323       -0.080759        0.065941
 
     C   17        0.039908       -0.131274       -0.073401
     C   17       -0.131274        0.019974       -0.085330
     C   17       -0.073401       -0.085330       -0.059882
 
     Cl  18        0.778668       -2.509357        0.021649
     Cl  18       -2.509357        0.817984       -0.237019
     Cl  18        0.021649       -0.237019       -1.596652
 
     H   19        0.000000       -0.000000       -0.000000
     H   19       -0.000000        0.000000        0.000000
     H   19       -0.000000        0.000000       -0.000000
 
     C   20       -0.054728       -0.031747       -0.043044
     C   20       -0.031747       -0.038361        0.082515
     C   20       -0.043044        0.082515        0.093090
 
     H   21        0.000000       -0.000000       -0.000000
     H   21       -0.000000        0.000000        0.000000
     H   21       -0.000000        0.000000       -0.000000
 
     C   22       -0.073432       -0.024820       -0.058032
     C   22       -0.024820       -0.023513        0.075558
     C   22       -0.058032        0.075558        0.096945
 
     C   23        0.033364        0.159536       -0.064451
     C   23        0.159536        0.003361        0.069687
     C   23       -0.064451        0.069687       -0.036725
 
     Cl  24        0.701361        2.584980       -0.089862
     Cl  24        2.584980        0.886132        0.075301
     Cl  24       -0.089862        0.075301       -1.587494
 
     ----- total EFG -----
     Cl   1        1.332333       -2.694537        0.054898
     Cl   1       -2.694537        0.417268       -0.250961
     Cl   1        0.054898       -0.250961       -1.749601
 
     C    2        0.064090       -0.237647       -0.165764
     C    2       -0.237647        0.027778       -0.179437
     C    2       -0.165764       -0.179437       -0.091868
 
     C    3       -0.097553        0.114259       -0.146197
     C    3        0.114259       -0.034221       -0.181118
     C    3       -0.146197       -0.181118        0.131774
 
     H    4        0.145793        0.056603        0.198344
     H    4        0.056603       -0.130981        0.046952
     H    4        0.198344        0.046952       -0.014812
 
     C    5       -0.083504        0.116482       -0.140024
     C    5        0.116482       -0.050469       -0.187597
     C    5       -0.140024       -0.187597        0.133972
 
     H    6       -0.142722        0.007230        0.010156
     H    6        0.007230        0.150145        0.204081
     H    6        0.010156        0.204081       -0.007423
 
     H    7       -0.141599       -0.013843        0.010081
     H    7       -0.013843        0.194185       -0.181890
     H    7        0.010081       -0.181890       -0.052586
 
     C    8       -0.117231       -0.080089       -0.116072
     C    8       -0.080089       -0.073116        0.188703
     C    8       -0.116072        0.188703        0.190348
 
     H    9        0.175653       -0.092981        0.167898
     H    9       -0.092981       -0.113006       -0.057081
     H    9        0.167898       -0.057081       -0.062647
 
     C   10       -0.137955       -0.065952       -0.108044
     C   10       -0.065952       -0.048157        0.169730
     C   10       -0.108044        0.169730        0.186112
 
     C   11        0.025900        0.245513       -0.161806
     C   11        0.245513       -0.018259        0.155413
     C   11       -0.161806        0.155413       -0.007641
 
     Cl  12        0.782095        2.679678       -0.633509
     Cl  12        2.679678        0.762923       -0.407216
     Cl  12       -0.633509       -0.407216       -1.545018
 
     H   13       -0.141482        0.015716        0.014658
     H   13        0.015716        0.172444        0.194865
     H   13        0.014658        0.194865       -0.030963
 
     C   14       -0.082671        0.103826       -0.132976
     C   14        0.103826       -0.057780       -0.189174
     C   14       -0.132976       -0.189174        0.140451
 
     H   15        0.155083        0.055254        0.196008
     H   15        0.055254       -0.131887        0.044245
     H   15        0.196008        0.044245       -0.023197
 
     C   16       -0.099390        0.093633       -0.151183
     C   16        0.093633       -0.051414       -0.179613
     C   16       -0.151183       -0.179613        0.150804
 
     C   17        0.066732       -0.241358       -0.170412
     C   17       -0.241358        0.027449       -0.186777
     C   17       -0.170412       -0.186777       -0.094181
 
     Cl  18        0.854574       -2.746388        0.026267
     Cl  18       -2.746388        0.895597       -0.257865
     Cl  18        0.026267       -0.257865       -1.750171
 
     H   19       -0.142325       -0.014992        0.011928
     H   19       -0.014992        0.200217       -0.177206
     H   19        0.011928       -0.177206       -0.057892
 
     C   20       -0.135994       -0.071061       -0.099256
     C   20       -0.071061       -0.075156        0.179180
     C   20       -0.099256        0.179180        0.211150
 
     H   21        0.185839       -0.108083        0.155190
     H   21       -0.108083       -0.105800       -0.057871
     H   21        0.155190       -0.057871       -0.080039
 
     C   22       -0.156413       -0.063462       -0.122626
     C   22       -0.063462       -0.062891        0.167970
     C   22       -0.122626        0.167970        0.219304
 
     C   23        0.051997        0.302599       -0.149154
     C   23        0.302599       -0.008024        0.157718
     C   23       -0.149154        0.157718       -0.043973
 
     Cl  24        0.770438        2.830211       -0.095844
     Cl  24        2.830211        0.969467        0.081673
     Cl  24       -0.095844        0.081673       -1.739905
 
     ----- total EFG (symmetrized) -----
     Cl   1        1.332333       -2.694537        0.054898
     Cl   1       -2.694537        0.417268       -0.250961
     Cl   1        0.054898       -0.250961       -1.749601
 
     C    2        0.064090       -0.237647       -0.165764
     C    2       -0.237647        0.027778       -0.179437
     C    2       -0.165764       -0.179437       -0.091868
 
     C    3       -0.097553        0.114259       -0.146197
     C    3        0.114259       -0.034221       -0.181118
     C    3       -0.146197       -0.181118        0.131774
 
     H    4        0.145793        0.056603        0.198344
     H    4        0.056603       -0.130981        0.046952
     H    4        0.198344        0.046952       -0.014812
 
     C    5       -0.083504        0.116482       -0.140024
     C    5        0.116482       -0.050469       -0.187597
     C    5       -0.140024       -0.187597        0.133972
 
     H    6       -0.142722        0.007230        0.010156
     H    6        0.007230        0.150145        0.204081
     H    6        0.010156        0.204081       -0.007423
 
     H    7       -0.141599       -0.013843        0.010081
     H    7       -0.013843        0.194185       -0.181890
     H    7        0.010081       -0.181890       -0.052586
 
     C    8       -0.117231       -0.080089       -0.116072
     C    8       -0.080089       -0.073116        0.188703
     C    8       -0.116072        0.188703        0.190348
 
     H    9        0.175653       -0.092981        0.167898
     H    9       -0.092981       -0.113006       -0.057081
     H    9        0.167898       -0.057081       -0.062647
 
     C   10       -0.137955       -0.065952       -0.108044
     C   10       -0.065952       -0.048157        0.169730
     C   10       -0.108044        0.169730        0.186112
 
     C   11        0.025900        0.245513       -0.161806
     C   11        0.245513       -0.018259        0.155413
     C   11       -0.161806        0.155413       -0.007641
 
     Cl  12        0.782095        2.679678       -0.633509
     Cl  12        2.679678        0.762923       -0.407216
     Cl  12       -0.633509       -0.407216       -1.545018
 
     H   13       -0.141482        0.015716        0.014658
     H   13        0.015716        0.172444        0.194865
     H   13        0.014658        0.194865       -0.030963
 
     C   14       -0.082671        0.103826       -0.132976
     C   14        0.103826       -0.057780       -0.189174
     C   14       -0.132976       -0.189174        0.140451
 
     H   15        0.155083        0.055254        0.196008
     H   15        0.055254       -0.131887        0.044245
     H   15        0.196008        0.044245       -0.023197
 
     C   16       -0.099390        0.093633       -0.151183
     C   16        0.093633       -0.051414       -0.179613
     C   16       -0.151183       -0.179613        0.150804
 
     C   17        0.066732       -0.241358       -0.170412
     C   17       -0.241358        0.027449       -0.186777
     C   17       -0.170412       -0.186777       -0.094181
 
     Cl  18        0.854574       -2.746388        0.026267
     Cl  18       -2.746388        0.895597       -0.257865
     Cl  18        0.026267       -0.257865       -1.750171
 
     H   19       -0.142325       -0.014992        0.011928
     H   19       -0.014992        0.200217       -0.177206
     H   19        0.011928       -0.177206       -0.057892
 
     C   20       -0.135994       -0.071061       -0.099256
     C   20       -0.071061       -0.075156        0.179180
     C   20       -0.099256        0.179180        0.211150
 
     H   21        0.185839       -0.108083        0.155190
     H   21       -0.108083       -0.105800       -0.057871
     H   21        0.155190       -0.057871       -0.080039
 
     C   22       -0.156413       -0.063462       -0.122626
     C   22       -0.063462       -0.062891        0.167970
     C   22       -0.122626        0.167970        0.219304
 
     C   23        0.051997        0.302599       -0.149154
     C   23        0.302599       -0.008024        0.157718
     C   23       -0.149154        0.157718       -0.043973
 
     Cl  24        0.770438        2.830211       -0.095844
     Cl  24        2.830211        0.969467        0.081673
     Cl  24       -0.095844        0.081673       -1.739905
 
 
     NQR/NMR SPECTROSCOPIC PARAMETERS:
     Cl   1    Vxx=   -1.6437    axis=( -0.403617 -0.429318  0.807948)
     Cl   1    Vyy=   -1.9720    axis=(  0.505275  0.631601  0.588028)
     Cl   1    Vzz=    3.6157    axis=(  0.762751 -0.645574  0.038001)
     Cl   1  Q=        -8.1650 1e-30 m^2  Cq=       -69.3646 MHz  eta= 0.09080
 
     C    2    Vxx=    0.1073    axis=( -0.430571 -0.462420  0.775097)
     C    2    Vyy=    0.2843    axis=( -0.733049  0.680175 -0.001423)
     C    2    Vzz=   -0.3915    axis=( -0.526544 -0.568797 -0.631840)
     C    2  Q=         1.0000 1e-30 m^2  Cq=        -0.9200 MHz  eta= 0.45208
 
     C    3    Vxx=   -0.1433    axis=(  0.377074  0.668795  0.640725)
     C    3    Vyy=   -0.1850    axis=( -0.836089  0.543418 -0.075177)
     C    3    Vzz=    0.3283    axis=( -0.398459 -0.507356  0.764081)
     C    3  Q=         1.0000 1e-30 m^2  Cq=         0.7713 MHz  eta= 0.12686
 
     H    4    Vxx=   -0.1385    axis=(  0.442081 -0.800221 -0.405230)
     H    4    Vyy=   -0.1537    axis=(  0.373486  0.574967 -0.727957)
     H    4    Vzz=    0.2921    axis=( -0.815520 -0.170468 -0.553053)
     H    4  Q=         1.0000 1e-30 m^2  Cq=         0.6864 MHz  eta= 0.05198
 
     C    5    Vxx=   -0.1420    axis=(  0.677943  0.400617  0.616360)
     C    5    Vyy=   -0.1878    axis=( -0.616089  0.767048  0.179084)
     C    5    Vzz=    0.3298    axis=( -0.401033 -0.501141  0.766831)
     C    5  Q=         1.0000 1e-30 m^2  Cq=         0.7749 MHz  eta= 0.13902
 
     H    6    Vxx=   -0.1404    axis=(  0.852190 -0.314773  0.417961)
     H    6    Vyy=   -0.1500    axis=( -0.522535 -0.470735  0.710891)
     H    6    Vzz=    0.2904    axis=(  0.027020  0.824213  0.565635)
     H    6  Q=         1.0000 1e-30 m^2  Cq=         0.6824 MHz  eta= 0.03310
 
     H    7    Vxx=   -0.1415    axis=( -0.950990 -0.176720 -0.253747)
     H    7    Vyy=   -0.1498    axis=( -0.306734  0.435265  0.846439)
     H    7    Vzz=    0.2913    axis=(  0.039135 -0.882788  0.468139)
     H    7  Q=         1.0000 1e-30 m^2  Cq=         0.6843 MHz  eta= 0.02847
 
     C    8    Vxx=   -0.1488    axis=( -0.770670  0.407050 -0.490283)
     C    8    Vyy=   -0.1836    axis=(  0.563497  0.794586 -0.226061)
     C    8    Vzz=    0.3324    axis=( -0.297554  0.450492  0.841736)
     C    8  Q=         1.0000 1e-30 m^2  Cq=         0.7809 MHz  eta= 0.10479
 
     H    9    Vxx=   -0.1373    axis=(  0.444255  0.812126 -0.378270)
     H    9    Vyy=   -0.1544    axis=( -0.265086  0.522476  0.810400)
     H    9    Vzz=    0.2917    axis=( -0.855784  0.259750 -0.447396)
     H    9  Q=         1.0000 1e-30 m^2  Cq=         0.6853 MHz  eta= 0.05858
 
     C   10    Vxx=   -0.1356    axis=( -0.194549  0.839100 -0.507998)
     C   10    Vyy=   -0.1752    axis=(  0.942699  0.303055  0.139554)
     C   10    Vzz=    0.3108    axis=( -0.271051  0.451739  0.849978)
     C   10  Q=         1.0000 1e-30 m^2  Cq=         0.7302 MHz  eta= 0.12720
 
     C   11    Vxx=    0.1264    axis=( -0.274283  0.448361  0.850730)
     C   11    Vyy=    0.2517    axis=(  0.762388  0.640575 -0.091802)
     C   11    Vzz=   -0.3781    axis=( -0.586117  0.623407 -0.517524)
     C   11  Q=         1.0000 1e-30 m^2  Cq=        -0.8884 MHz  eta= 0.33122
 
     Cl  12    Vxx=   -1.5766    axis=( -0.210160  0.396281  0.893753)
     Cl  12    Vyy=   -1.9819    axis=(  0.678369 -0.599191  0.425189)
     Cl  12    Vzz=    3.5585    axis=(  0.704023  0.695652 -0.142899)
     Cl  12  Q=        -8.1650 1e-30 m^2  Cq=       -68.2680 MHz  eta= 0.11389
 
     H   13    Vxx=   -0.1403    axis=(  0.893190 -0.269276  0.360143)
     H   13    Vyy=   -0.1513    axis=( -0.447054 -0.445305  0.775787)
     H   13    Vzz=    0.2916    axis=(  0.048528  0.853929  0.518122)
     H   13  Q=         1.0000 1e-30 m^2  Cq=         0.6851 MHz  eta= 0.03756
 
     C   14    Vxx=   -0.1408    axis=(  0.794277  0.258930  0.549618)
     C   14    Vyy=   -0.1832    axis=( -0.472886  0.831442  0.291688)
     C   14    Vzz=    0.3240    axis=( -0.381449 -0.491588  0.782840)
     C   14  Q=         1.0000 1e-30 m^2  Cq=         0.7614 MHz  eta= 0.13072
 
     H   15    Vxx=   -0.1387    axis=(  0.417770 -0.817895 -0.395621)
     H   15    Vyy=   -0.1542    axis=(  0.373919  0.551633 -0.745578)
     H   15    Vzz=    0.2929    axis=( -0.828042 -0.163550 -0.536282)
     H   15  Q=         1.0000 1e-30 m^2  Cq=         0.6883 MHz  eta= 0.05300
 
     C   16    Vxx=   -0.1554    axis=(  0.211888  0.793748  0.570147)
     C   16    Vyy=   -0.1741    axis=( -0.899148  0.386922 -0.204509)
     C   16    Vzz=    0.3295    axis=( -0.382931 -0.469314  0.795681)
     C   16  Q=         1.0000 1e-30 m^2  Cq=         0.7742 MHz  eta= 0.05655
 
     C   17    Vxx=    0.1132    axis=( -0.434086 -0.462356  0.773173)
     C   17    Vyy=    0.2893    axis=( -0.733368  0.679812 -0.005212)
     C   17    Vzz=   -0.4024    axis=( -0.523203 -0.569283 -0.634174)
     C   17  Q=         1.0000 1e-30 m^2  Cq=        -0.9456 MHz  eta= 0.43750
 
     Cl  18    Vxx=   -1.6420    axis=( -0.432946 -0.385777  0.814698)
     Cl  18    Vyy=   -1.9871    axis=(  0.564002  0.589101  0.578673)
     Cl  18    Vzz=    3.6291    axis=(  0.703178 -0.710026  0.037470)
     Cl  18  Q=        -8.1650 1e-30 m^2  Cq=       -69.6226 MHz  eta= 0.09508
 
     H   19    Vxx=   -0.1410    axis=( -0.876799 -0.251375 -0.409921)
     H   19    Vyy=   -0.1501    axis=( -0.478908  0.379804  0.791452)
     H   19    Vzz=    0.2912    axis=(  0.043261 -0.890258  0.453397)
     H   19  Q=         1.0000 1e-30 m^2  Cq=         0.6842 MHz  eta= 0.03125
 
     C   20    Vxx=   -0.1437    axis=( -0.632954  0.605315 -0.482662)
     C   20    Vyy=   -0.1848    axis=(  0.732356  0.670310 -0.119749)
     C   20    Vzz=    0.3285    axis=( -0.251047  0.429276  0.867581)
     C   20  Q=         1.0000 1e-30 m^2  Cq=         0.7719 MHz  eta= 0.12504
 
     H   21    Vxx=   -0.1391    axis=(  0.440537  0.828622 -0.345415)
     H   21    Vyy=   -0.1555    axis=( -0.233897  0.477417  0.846974)
     H   21    Vzz=    0.2947    axis=( -0.866729  0.292333 -0.404132)
     H   21  Q=         1.0000 1e-30 m^2  Cq=         0.6923 MHz  eta= 0.05558
 
     C   22    Vxx=   -0.1406    axis=( -0.096217  0.889004 -0.447677)
     C   22    Vyy=   -0.1956    axis=(  0.958125  0.204588  0.200349)
     C   22    Vzz=    0.3362    axis=( -0.269700  0.409654  0.871462)
     C   22  Q=         1.0000 1e-30 m^2  Cq=         0.7900 MHz  eta= 0.16358
 
     C   23    Vxx=    0.0844    axis=( -0.329647  0.388737  0.860358)
     C   23    Vyy=    0.3261    axis=( -0.744895 -0.666991  0.015960)
     C   23    Vzz=   -0.4106    axis=(  0.580055 -0.635615  0.509440)
     C   23  Q=         1.0000 1e-30 m^2  Cq=        -0.9647 MHz  eta= 0.58869
 
     Cl  24    Vxx=   -1.6833    axis=( -0.294777  0.286433  0.911626)
     Cl  24    Vyy=   -2.0187    axis=( -0.656236  0.632787 -0.411018)
     Cl  24    Vzz=    3.7019    axis=( -0.694594 -0.719400  0.001436)
     Cl  24  Q=        -8.1650 1e-30 m^2  Cq=       -71.0195 MHz  eta= 0.09061
 
     Initialization:
     gipaw_setup  :      0.17s CPU      0.30s WALL (       1 calls)
 
     Linear response
 
     Apply operators
 
     Induced current
 
     Other routines
     efg          :      0.68s CPU      0.78s WALL (       1 calls)
 
     General routines
     calbec       :      0.05s CPU      0.05s WALL (      16 calls)
     fft          :      0.06s CPU      0.08s WALL (      15 calls)
     ffts         :      0.00s CPU      0.00s WALL (       2 calls)
     fftw         :      0.44s CPU      0.43s WALL (     672 calls)
     davcio       :      0.02s CPU      0.08s WALL (      32 calls)
 
     Parallel routines
     fft_scatter  :      0.30s CPU      0.31s WALL (     689 calls)
 
     Plugins
 
     GIPAW        :      3.76s CPU      4.63s WALL (       1 calls)
