
     Program QE v.6.0 starts on 22May2017 at 15: 6: 1 

     This program is part of the open-source Quantum ESPRESSO suite
     for quantum simulation of materials; please cite
         "P. Giannozzi et al., J. Phys.:Condens. Matter 21 395502 (2009);
          URL http://www.quantum-espresso.org", 
     in publications or presentations arising from this work. More details at
     http://www.quantum-espresso.org/quote
 
           ARCH :    x86_64
             CC :    icc
            CPP :    cpp
            F90 :    ifort
            F77 :    ifort
         DFLAGS :    -D__INTEL -D__DFTI
      BLAS LIBS :    -lmkl_intel_lp64  -lmkl_sequential -lmkl_core
    LAPACK LIBS :    
       FFT LIBS :    
      MASS LIBS :    

     Parallel version (MPI & OpenMP), running on      32 processor cores
     Number of MPI processes:                32
     Threads/MPI process:                     1
     R & G space division:  proc/nbgrp/npool/nimage =      32
 
     ***** This is GIPAW svn revision unknown      *****
 
     Parallelizing q-star over 1 images

     Reading data from directory:
     ./scratch/scf-1382.save

   Info: using nr1, nr2, nr3 values from input

   Info: using nr1, nr2, nr3 values from input

     IMPORTANT: XC functional enforced from input :
     Exchange-correlation      =  SLA  PW   PBX  PBC ( 1  4  3  4 0 0)
     Any further DFT definition will be discarded
     Please, verify this is what you really want

               file C.pbe-n-kjpaw_psl.1.0.0.UPF: wavefunction(s)  2S 2P renormalized
               file Cl.pbe-n-kjpaw_psl.1.0.0.UPF: wavefunction(s)  3S 3P renormalized
               file H.pbe-kjpaw_psl.1.0.0.UPF: wavefunction(s)  1S renormalized
 
     Parallelization info
     --------------------
     sticks:   dense  smooth     PW     G-vecs:    dense   smooth      PW
     Min         764     305     83                36108     9133    1292
     Max         765     306     84                36110     9135    1293
     Sum       24467    9791   2657              1155489   292295   41363
 

     Subspace diagonalization in iterative solution of the eigenvalue problem:
     a serial algorithm will be used

     GIPAW projectors -----------------------------------------------
     atom=  C    l=0  rc=    1.2000  rs=    0.8000
     atom=  C    l=0  rc=    1.2000  rs=    0.8000
     atom=  C    l=1  rc=    1.4000  rs=    0.9333
     atom=  C    l=1  rc=    1.4000  rs=    0.9333
     projs nearly linearly dependent: l=1  n1,n2= 1, 2  s=  0.99951561
 
     atom=  Cl   l=0  rc=    1.6000  rs=    1.0667
     atom=  Cl   l=0  rc=    1.6000  rs=    1.0667
     atom=  Cl   l=1  rc=    1.6000  rs=    1.0667
     atom=  Cl   l=1  rc=    1.6000  rs=    1.0667
     atom=  Cl   l=2  rc=    1.6000  rs=    1.0667
     atom=  Cl   l=2  rc=    1.6000  rs=    1.0667
     projs nearly linearly dependent: l=2  n1,n2= 1, 2  s=  0.99993509
 
     atom=  H    l=0  rc=    1.0000  rs=    0.6667
     atom=  H    l=0  rc=    1.0000  rs=    0.6667
     projs nearly linearly dependent: l=0  n1,n2= 1, 2  s=  0.99968852
     -----------------------------------------------------------------
 
     GIPAW integrals: -------------------------------------------
     Atom  i/j   nmr_para   nmr_dia   epr_rmc  epr_para   epr_dia
       C   1 1   0.83E+03  0.17E-01  0.93E+01  0.24E+08  0.24E+03
       C   2 1   0.86E+03 -0.61E-01  0.94E+01  0.25E+08  0.25E+03
       C   2 2   0.90E+03 -0.15E+00  0.97E+01  0.26E+08  0.26E+03
       C   3 3   0.33E+01  0.34E+00  0.18E+01  0.55E+03  0.21E+02
       C   4 3   0.35E+01  0.37E+00  0.20E+01  0.59E+03  0.22E+02
       C   4 4   0.38E+01  0.39E+00  0.22E+01  0.63E+03  0.24E+02
       Cl  1 1   0.14E+04 -0.47E+00  0.84E+01  0.32E+09  0.42E+03
       Cl  2 1   0.21E+04 -0.37E+00  0.12E+02  0.49E+09  0.65E+03
       Cl  2 2   0.33E+04 -0.16E+00  0.21E+02  0.76E+09  0.10E+04
       Cl  3 3   0.21E+02  0.79E-01  0.89E+01  0.23E+05  0.13E+03
       Cl  4 3   0.24E+02  0.67E-01  0.99E+01  0.27E+05  0.15E+03
       Cl  4 4   0.28E+02  0.44E-01  0.11E+02  0.32E+05  0.18E+03
       Cl  5 5   0.77E+00  0.19E+00  0.18E+01  0.12E+03  0.22E+02
       Cl  6 5   0.80E+00  0.19E+00  0.19E+01  0.12E+03  0.23E+02
       Cl  6 6   0.83E+00  0.20E+00  0.19E+01  0.12E+03  0.23E+02
       H   1 1   0.39E+02  0.19E+00  0.29E+00  0.78E+05  0.13E+02
       H   2 1   0.41E+02  0.21E+00  0.32E+00  0.82E+05  0.14E+02
       H   2 2   0.43E+02  0.22E+00  0.36E+00  0.86E+05  0.15E+02
     ------------------------------------------------------------
 
     alpha_pv=     34.4963 eV
 
     Number of occupied bands for each k-point:
     k-point:     1    nbnd_occ=  42
     k-point:     2    nbnd_occ=  42
     k-point:     3    nbnd_occ=  42
     k-point:     4    nbnd_occ=  42
     k-point:     5    nbnd_occ=  42
     k-point:     6    nbnd_occ=  42
     k-point:     7    nbnd_occ=  42
     k-point:     8    nbnd_occ=  42
     k-point:     9    nbnd_occ=  42
     k-point:    10    nbnd_occ=  42
     k-point:    11    nbnd_occ=  42
     k-point:    12    nbnd_occ=  42
     k-point:    13    nbnd_occ=  42
     k-point:    14    nbnd_occ=  42
     k-point:    15    nbnd_occ=  42
     k-point:    16    nbnd_occ=  42
 
 
     q-space interpolation up to   110.00 Rydberg
 
     GIPAW job: efg                                                                             
 
 
     ELECTRIC FIELD GRADIENTS TENSORS IN Hartree/bohrradius^2:
 
     ----- bare term -----
     Cl   1        0.006196        0.011935       -0.013690
     Cl   1        0.011935        0.000279       -0.021266
     Cl   1       -0.013690       -0.021266       -0.006475
 
     C    2       -0.092156        0.130214       -0.472966
     C    2        0.130214       -0.072479       -0.462392
     C    2       -0.472966       -0.462392        0.164634
 
     C    3       -0.101529        0.375167       -0.359136
     C    3        0.375167       -0.213211       -0.440140
     C    3       -0.359136       -0.440140        0.314739
 
     H    4       -0.239566       -0.137430       -0.573110
     H    4       -0.137430        0.300058       -0.198380
     H    4       -0.573110       -0.198380       -0.060492
 
     C    5       -0.203099        0.341140       -0.460701
     C    5        0.341140       -0.062205       -0.342376
     C    5       -0.460701       -0.342376        0.265305
 
     H    6        0.378711       -0.021428       -0.031528
     H    6       -0.021428       -0.476838       -0.502915
     H    6       -0.031528       -0.502915        0.098128
 
     H    7        0.345400        0.204010       -0.074619
     H    7        0.204010       -0.589762        0.401150
     H    7       -0.074619        0.401150        0.244362
 
     C    8       -0.400439       -0.181000       -0.251673
     C    8       -0.181000       -0.212580        0.354880
     C    8       -0.251673        0.354880        0.613019
 
     H    9       -0.575559        0.216440       -0.400518
     H    9        0.216440        0.322983        0.153587
     H    9       -0.400518        0.153587        0.252576
 
     C   10       -0.240196       -0.207641       -0.209950
     C   10       -0.207641       -0.344379        0.441130
     C   10       -0.209950        0.441130        0.584575
 
     C   11       -0.338544       -0.033438       -0.282514
     C   11       -0.033438       -0.186698        0.441875
     C   11       -0.282514        0.441875        0.525241
 
     Cl  12        0.001165       -0.009329       -0.007982
     Cl  12       -0.009329       -0.046768        0.019816
     Cl  12       -0.007982        0.019816        0.045603
 
     H   13        0.382300       -0.016229       -0.007960
     H   13       -0.016229       -0.445357       -0.521595
     H   13       -0.007960       -0.521595        0.063057
 
     C   14       -0.180264        0.310656       -0.473497
     C   14        0.310656       -0.108561       -0.325149
     C   14       -0.473497       -0.325149        0.288825
 
     H   15       -0.287269       -0.147310       -0.582839
     H   15       -0.147310        0.329649       -0.184270
     H   15       -0.582839       -0.184270       -0.042380
 
     C   16       -0.053066        0.373248       -0.391188
     C   16        0.373248       -0.222720       -0.422986
     C   16       -0.391188       -0.422986        0.275786
 
     C   17       -0.005196        0.151588       -0.463778
     C   17        0.151588       -0.098888       -0.470850
     C   17       -0.463778       -0.470850        0.104084
 
     Cl  18       -0.001366       -0.041724       -0.018190
     Cl  18       -0.041724        0.005886       -0.018604
     Cl  18       -0.018190       -0.018604       -0.004520
 
     H   19        0.350553        0.205688       -0.093752
     H   19        0.205688       -0.525007        0.459399
     H   19       -0.093752        0.459399        0.174453
 
     C   20       -0.395233       -0.177190       -0.278971
     C   20       -0.177190       -0.176762        0.371765
     C   20       -0.278971        0.371765        0.571995
 
     H   21       -0.529532        0.214723       -0.435783
     H   21        0.214723        0.297975        0.157130
     H   21       -0.435783        0.157130        0.231557
 
     C   22       -0.226671       -0.205729       -0.234951
     C   22       -0.205729       -0.318309        0.451173
     C   22       -0.234951        0.451173        0.544980
 
     C   23       -0.220687        0.109466       -0.286980
     C   23        0.109466       -0.189780        0.442979
     C   23       -0.286980        0.442979        0.410466
 
     Cl  24        0.023620        0.059659       -0.025210
     Cl  24        0.059659        0.007067       -0.020670
     Cl  24       -0.025210       -0.020670       -0.030687
 
     ----- ionic term -----
     Cl   1        0.172153       -0.221298        0.063268
     Cl   1       -0.221298       -0.030288       -0.026515
     Cl   1        0.063268       -0.026515       -0.141864
 
     C    2        0.144101       -0.220811        0.390278
     C    2       -0.220811        0.066881        0.346962
     C    2        0.390278        0.346962       -0.210982
 
     C    3        0.072068       -0.302200        0.265016
     C    3       -0.302200        0.178629        0.350272
     C    3        0.265016        0.350272       -0.250696
 
     H    4        0.338148        0.189210        0.783916
     H    4        0.189210       -0.432806        0.251344
     H    4        0.783916        0.251344        0.094657
 
     C    5        0.170238       -0.265843        0.363141
     C    5       -0.265843        0.031505        0.259244
     C    5        0.363141        0.259244       -0.201743
 
     H    6       -0.527725        0.013359        0.031128
     H    6        0.013359        0.657588        0.698169
     H    6        0.031128        0.698169       -0.129863
 
     H    7       -0.474885       -0.267609        0.109881
     H    7       -0.267609        0.798955       -0.560972
     H    7        0.109881       -0.560972       -0.324069
 
     C    8        0.324674        0.145475        0.197215
     C    8        0.145475        0.151892       -0.265275
     C    8        0.197215       -0.265275       -0.476566
 
     H    9        0.794457       -0.297000        0.541558
     H    9       -0.297000       -0.442174       -0.189323
     H    9        0.541558       -0.189323       -0.352283
 
     C   10        0.169667        0.169511        0.153105
     C   10        0.169511        0.291298       -0.351322
     C   10        0.153105       -0.351322       -0.460965
 
     C   11        0.322024        0.133133        0.200735
     C   11        0.133133        0.162850       -0.360612
     C   11        0.200735       -0.360612       -0.484874
 
     Cl  12        0.138447        0.217203       -0.045703
     Cl  12        0.217203        0.031141       -0.036896
     Cl  12       -0.045703       -0.036896       -0.169588
 
     H   13       -0.531744        0.000602        0.005891
     H   13        0.000602        0.610959        0.723911
     H   13        0.005891        0.723911       -0.079215
 
     C   14        0.146074       -0.244280        0.383805
     C   14       -0.244280        0.073913        0.240929
     C   14        0.383805        0.240929       -0.219988
 
     H   15        0.395932        0.210839        0.788769
     H   15        0.210839       -0.454354        0.243250
     H   15        0.788769        0.243250        0.058422
 
     C   16        0.025182       -0.304667        0.287557
     C   16       -0.304667        0.190613        0.334332
     C   16        0.287557        0.334332       -0.215795
 
     C   17        0.053558       -0.251178        0.383601
     C   17       -0.251178        0.100658        0.353086
     C   17        0.383601        0.353086       -0.154216
 
     Cl  18        0.107823       -0.192657        0.060436
     Cl  18       -0.192657        0.036118       -0.035942
     Cl  18        0.060436       -0.035942       -0.143941
 
     H   19       -0.478646       -0.260441        0.128961
     H   19       -0.260441        0.719333       -0.625409
     H   19        0.128961       -0.625409       -0.240687
 
     C   20        0.324080        0.146298        0.223760
     C   20        0.146298        0.123889       -0.279305
     C   20        0.223760       -0.279305       -0.447969
 
     H   21        0.746344       -0.283814        0.590458
     H   21       -0.283814       -0.427037       -0.191368
     H   21        0.590458       -0.191368       -0.319307
 
     C   22        0.152614        0.166344        0.172019
     C   22        0.166344        0.273720       -0.360738
     C   22        0.172019       -0.360738       -0.426334
 
     C   23        0.231330        0.054449        0.196957
     C   23        0.054449        0.182844       -0.371872
     C   23        0.196957       -0.371872       -0.414174
 
     Cl  24        0.087387        0.179245       -0.036902
     Cl  24        0.179245        0.026156       -0.028318
     Cl  24       -0.036902       -0.028318       -0.113543
 
     ----- GIPAW term -----
     Cl   1        1.886952       -2.207783        0.500437
     Cl   1       -2.207783       -0.347635       -0.525464
     Cl   1        0.500437       -0.525464       -1.539318
 
     C    2        0.074617       -0.111248       -0.055579
     C    2       -0.111248       -0.005607       -0.097994
     C    2       -0.055579       -0.097994       -0.069010
 
     C    3       -0.027070        0.055979       -0.079484
     C    3        0.055979       -0.021987       -0.072362
     C    3       -0.079484       -0.072362        0.049057
 
     H    4        0.000000       -0.000000       -0.000000
     H    4       -0.000000        0.000000        0.000000
     H    4       -0.000000        0.000000       -0.000000
 
     C    5       -0.013289        0.059453       -0.073094
     C    5        0.059453       -0.034032       -0.074103
     C    5       -0.073094       -0.074103        0.047321
 
     H    6        0.000000       -0.000000       -0.000000
     H    6       -0.000000        0.000000        0.000000
     H    6       -0.000000        0.000000       -0.000000
 
     H    7        0.000000       -0.000000       -0.000000
     H    7       -0.000000        0.000000        0.000000
     H    7       -0.000000        0.000000       -0.000000
 
     C    8       -0.050897       -0.023751       -0.042578
     C    8       -0.023751       -0.057573        0.079519
     C    8       -0.042578        0.079519        0.108470
 
     H    9        0.000000       -0.000000       -0.000000
     H    9       -0.000000        0.000000        0.000000
     H    9       -0.000000        0.000000       -0.000000
 
     C   10       -0.063877       -0.028307       -0.047757
     C   10       -0.028307       -0.034169        0.074021
     C   10       -0.047757        0.074021        0.098046
 
     C   11        0.012547        0.115770       -0.073126
     C   11        0.115770       -0.020050        0.058434
     C   11       -0.073126        0.058434        0.007502
 
     Cl  12        1.493051        2.191208       -0.603765
     Cl  12        2.191208       -0.205031       -0.171810
     Cl  12       -0.603765       -0.171810       -1.288019
 
     H   13        0.000000       -0.000000       -0.000000
     H   13       -0.000000        0.000000        0.000000
     H   13       -0.000000        0.000000       -0.000000
 
     C   14       -0.015897        0.049736       -0.065623
     C   14        0.049736       -0.037128       -0.075880
     C   14       -0.065623       -0.075880        0.053024
 
     H   15        0.000000       -0.000000       -0.000000
     H   15       -0.000000        0.000000        0.000000
     H   15       -0.000000        0.000000       -0.000000
 
     C   16       -0.024637        0.050207       -0.088730
     C   16        0.050207       -0.018105       -0.074164
     C   16       -0.088730       -0.074164        0.042742
 
     C   17        0.059919       -0.124377       -0.052829
     C   17       -0.124377        0.006409       -0.101804
     C   17       -0.052829       -0.101804       -0.066328
 
     Cl  18        1.121345       -2.452772        0.417880
     Cl  18       -2.452772        0.431451       -0.585473
     Cl  18        0.417880       -0.585473       -1.552797
 
     H   19        0.000000       -0.000000       -0.000000
     H   19       -0.000000        0.000000        0.000000
     H   19       -0.000000        0.000000       -0.000000
 
     C   20       -0.047981       -0.021226       -0.040318
     C   20       -0.021226       -0.051105        0.080084
     C   20       -0.040318        0.080084        0.099086
 
     H   21        0.000000       -0.000000       -0.000000
     H   21       -0.000000        0.000000        0.000000
     H   21       -0.000000        0.000000       -0.000000
 
     C   22       -0.069864       -0.026298       -0.055377
     C   22       -0.026298       -0.025337        0.073294
     C   22       -0.055377        0.073294        0.095201
 
     C   23        0.030281        0.174436       -0.081311
     C   23        0.174436        0.002151        0.046591
     C   23       -0.081311        0.046591       -0.032432
 
     Cl  24        1.155853        2.534768       -0.688139
     Cl  24        2.534768        0.333330       -0.515353
     Cl  24       -0.688139       -0.515353       -1.489183
 
     ----- total EFG -----
     Cl   1        2.065301       -2.417146        0.550016
     Cl   1       -2.417146       -0.377644       -0.573246
     Cl   1        0.550016       -0.573246       -1.687657
 
     C    2        0.126563       -0.201845       -0.138267
     C    2       -0.201845       -0.011205       -0.213424
     C    2       -0.138267       -0.213424       -0.115358
 
     C    3       -0.056531        0.128946       -0.173604
     C    3        0.128946       -0.056569       -0.162230
     C    3       -0.173604       -0.162230        0.113100
 
     H    4        0.098582        0.051780        0.210806
     H    4        0.051780       -0.132747        0.052964
     H    4        0.210806        0.052964        0.034165
 
     C    5       -0.046151        0.134750       -0.170654
     C    5        0.134750       -0.064732       -0.157235
     C    5       -0.170654       -0.157235        0.110882
 
     H    6       -0.149015       -0.008068       -0.000399
     H    6       -0.008068        0.180750        0.195254
     H    6       -0.000399        0.195254       -0.031735
 
     H    7       -0.129485       -0.063599        0.035261
     H    7       -0.063599        0.209193       -0.159822
     H    7        0.035261       -0.159822       -0.079708
 
     C    8       -0.126662       -0.059276       -0.097037
     C    8       -0.059276       -0.118261        0.169124
     C    8       -0.097037        0.169124        0.244923
 
     H    9        0.218898       -0.080561        0.141040
     H    9       -0.080561       -0.119191       -0.035736
     H    9        0.141040       -0.035736       -0.099708
 
     C   10       -0.134406       -0.066437       -0.104602
     C   10       -0.066437       -0.087250        0.163830
     C   10       -0.104602        0.163830        0.221656
 
     C   11       -0.003973        0.215465       -0.154905
     C   11        0.215465       -0.043897        0.139696
     C   11       -0.154905        0.139696        0.047870
 
     Cl  12        1.632663        2.399082       -0.657449
     Cl  12        2.399082       -0.220658       -0.188890
     Cl  12       -0.657449       -0.188890       -1.412005
 
     H   13       -0.149444       -0.015627       -0.002069
     H   13       -0.015627        0.165602        0.202316
     H   13       -0.002069        0.202316       -0.016158
 
     C   14       -0.050086        0.116112       -0.155314
     C   14        0.116112       -0.071775       -0.160099
     C   14       -0.155314       -0.160099        0.121861
 
     H   15        0.108663        0.063530        0.205929
     H   15        0.063530       -0.124704        0.058979
     H   15        0.205929        0.058979        0.016042
 
     C   16       -0.052521        0.118787       -0.192361
     C   16        0.118787       -0.050213       -0.162817
     C   16       -0.192361       -0.162817        0.102734
 
     C   17        0.108281       -0.223967       -0.133006
     C   17       -0.223967        0.008179       -0.219568
     C   17       -0.133006       -0.219568       -0.116460
 
     Cl  18        1.227802       -2.687153        0.460126
     Cl  18       -2.687153        0.473456       -0.640020
     Cl  18        0.460126       -0.640020       -1.701258
 
     H   19       -0.128093       -0.054753        0.035208
     H   19       -0.054753        0.194327       -0.166010
     H   19        0.035208       -0.166010       -0.066234
 
     C   20       -0.119134       -0.052118       -0.095529
     C   20       -0.052118       -0.103978        0.172545
     C   20       -0.095529        0.172545        0.223111
 
     H   21        0.216811       -0.069091        0.154676
     H   21       -0.069091       -0.129061       -0.034238
     H   21        0.154676       -0.034238       -0.087750
 
     C   22       -0.143921       -0.065682       -0.118308
     C   22       -0.065682       -0.069927        0.163729
     C   22       -0.118308        0.163729        0.213848
 
     C   23        0.040925        0.338351       -0.171334
     C   23        0.338351       -0.004785        0.117698
     C   23       -0.171334        0.117698       -0.036140
 
     Cl  24        1.266860        2.773672       -0.750251
     Cl  24        2.773672        0.366554       -0.564342
     Cl  24       -0.750251       -0.564342       -1.633413
 
     ----- total EFG (symmetrized) -----
     Cl   1        2.065301       -2.417146        0.550016
     Cl   1       -2.417146       -0.377644       -0.573246
     Cl   1        0.550016       -0.573246       -1.687657
 
     C    2        0.126563       -0.201845       -0.138267
     C    2       -0.201845       -0.011205       -0.213424
     C    2       -0.138267       -0.213424       -0.115358
 
     C    3       -0.056531        0.128946       -0.173604
     C    3        0.128946       -0.056569       -0.162230
     C    3       -0.173604       -0.162230        0.113100
 
     H    4        0.098582        0.051780        0.210806
     H    4        0.051780       -0.132747        0.052964
     H    4        0.210806        0.052964        0.034165
 
     C    5       -0.046151        0.134750       -0.170654
     C    5        0.134750       -0.064732       -0.157235
     C    5       -0.170654       -0.157235        0.110882
 
     H    6       -0.149015       -0.008068       -0.000399
     H    6       -0.008068        0.180750        0.195254
     H    6       -0.000399        0.195254       -0.031735
 
     H    7       -0.129485       -0.063599        0.035261
     H    7       -0.063599        0.209193       -0.159822
     H    7        0.035261       -0.159822       -0.079708
 
     C    8       -0.126662       -0.059276       -0.097037
     C    8       -0.059276       -0.118261        0.169124
     C    8       -0.097037        0.169124        0.244923
 
     H    9        0.218898       -0.080561        0.141040
     H    9       -0.080561       -0.119191       -0.035736
     H    9        0.141040       -0.035736       -0.099708
 
     C   10       -0.134406       -0.066437       -0.104602
     C   10       -0.066437       -0.087250        0.163830
     C   10       -0.104602        0.163830        0.221656
 
     C   11       -0.003973        0.215465       -0.154905
     C   11        0.215465       -0.043897        0.139696
     C   11       -0.154905        0.139696        0.047870
 
     Cl  12        1.632663        2.399082       -0.657449
     Cl  12        2.399082       -0.220658       -0.188890
     Cl  12       -0.657449       -0.188890       -1.412005
 
     H   13       -0.149444       -0.015627       -0.002069
     H   13       -0.015627        0.165602        0.202316
     H   13       -0.002069        0.202316       -0.016158
 
     C   14       -0.050086        0.116112       -0.155314
     C   14        0.116112       -0.071775       -0.160099
     C   14       -0.155314       -0.160099        0.121861
 
     H   15        0.108663        0.063530        0.205929
     H   15        0.063530       -0.124704        0.058979
     H   15        0.205929        0.058979        0.016042
 
     C   16       -0.052521        0.118787       -0.192361
     C   16        0.118787       -0.050213       -0.162817
     C   16       -0.192361       -0.162817        0.102734
 
     C   17        0.108281       -0.223967       -0.133006
     C   17       -0.223967        0.008179       -0.219568
     C   17       -0.133006       -0.219568       -0.116460
 
     Cl  18        1.227802       -2.687153        0.460126
     Cl  18       -2.687153        0.473456       -0.640020
     Cl  18        0.460126       -0.640020       -1.701258
 
     H   19       -0.128093       -0.054753        0.035208
     H   19       -0.054753        0.194327       -0.166010
     H   19        0.035208       -0.166010       -0.066234
 
     C   20       -0.119134       -0.052118       -0.095529
     C   20       -0.052118       -0.103978        0.172545
     C   20       -0.095529        0.172545        0.223111
 
     H   21        0.216811       -0.069091        0.154676
     H   21       -0.069091       -0.129061       -0.034238
     H   21        0.154676       -0.034238       -0.087750
 
     C   22       -0.143921       -0.065682       -0.118308
     C   22       -0.065682       -0.069927        0.163729
     C   22       -0.118308        0.163729        0.213848
 
     C   23        0.040925        0.338351       -0.171334
     C   23        0.338351       -0.004785        0.117698
     C   23       -0.171334        0.117698       -0.036140
 
     Cl  24        1.266860        2.773672       -0.750251
     Cl  24        2.773672        0.366554       -0.564342
     Cl  24       -0.750251       -0.564342       -1.633413
 
 
     NQR/NMR SPECTROSCOPIC PARAMETERS:
     Cl   1    Vxx=   -1.6305    axis=( -0.433855 -0.491546  0.755084)
     Cl   1    Vyy=   -2.0322    axis=(  0.324874  0.696342  0.639972)
     Cl   1    Vzz=    3.6627    axis=(  0.840373 -0.522962  0.142421)
     Cl   1  Q=        -8.1650 1e-30 m^2  Cq=       -70.2670 MHz  eta= 0.10967
 
     C    2    Vxx=    0.1189    axis=( -0.440492 -0.518735  0.732721)
     C    2    Vyy=    0.2715    axis=( -0.794799  0.604842 -0.049609)
     C    2    Vzz=   -0.3904    axis=( -0.417447 -0.604218 -0.678719)
     C    2  Q=         1.0000 1e-30 m^2  Cq=        -0.9173 MHz  eta= 0.39108
 
     C    3    Vxx=   -0.1449    axis=(  0.423720  0.610545  0.669101)
     C    3    Vyy=   -0.1863    axis=( -0.764244  0.637481 -0.097721)
     C    3    Vzz=    0.3312    axis=( -0.486203 -0.469950  0.736719)
     C    3  Q=         1.0000 1e-30 m^2  Cq=         0.7781 MHz  eta= 0.12507
 
     H    4    Vxx=   -0.1398    axis=(  0.533725 -0.731748 -0.423890)
     H    4    Vyy=   -0.1526    axis=(  0.398621  0.659768 -0.637029)
     H    4    Vzz=    0.2924    axis=( -0.745814 -0.171027 -0.643825)
     H    4  Q=         1.0000 1e-30 m^2  Cq=         0.6871 MHz  eta= 0.04366
 
     C    5    Vxx=   -0.1373    axis=(  0.520746  0.512483  0.682777)
     C    5    Vyy=   -0.1905    axis=( -0.691475  0.722250 -0.014731)
     C    5    Vzz=    0.3278    axis=( -0.500685 -0.464453  0.730478)
     C    5  Q=         1.0000 1e-30 m^2  Cq=         0.7703 MHz  eta= 0.16241
 
     H    6    Vxx=   -0.1446    axis=( -0.641848  0.382818 -0.664441)
     H    6    Vyy=   -0.1523    axis=( -0.766665 -0.338445  0.545601)
     H    6    Vzz=    0.2969    axis=( -0.016011  0.859596  0.510723)
     H    6  Q=         1.0000 1e-30 m^2  Cq=         0.6976 MHz  eta= 0.02586
 
     H    7    Vxx=   -0.1386    axis=( -0.873065 -0.326193 -0.362430)
     H    7    Vyy=   -0.1540    axis=( -0.457314  0.289886  0.840732)
     H    7    Vzz=    0.2926    axis=(  0.169177 -0.899758  0.402262)
     H    7  Q=         1.0000 1e-30 m^2  Cq=         0.6875 MHz  eta= 0.05258
 
     C    8    Vxx=   -0.1446    axis=(  0.877634 -0.319471  0.357346)
     C    8    Vyy=   -0.1939    axis=( -0.418087 -0.874826  0.244711)
     C    8    Vzz=    0.3385    axis=( -0.234438  0.364169  0.901344)
     C    8  Q=         1.0000 1e-30 m^2  Cq=         0.7953 MHz  eta= 0.14565
 
     H    9    Vxx=   -0.1367    axis=(  0.287153  0.939374 -0.187401)
     H    9    Vyy=   -0.1545    axis=( -0.288288  0.271323  0.918300)
     H    9    Vzz=    0.2912    axis=( -0.913473  0.209667 -0.348721)
     H    9  Q=         1.0000 1e-30 m^2  Cq=         0.6843 MHz  eta= 0.06131
 
     C   10    Vxx=   -0.1431    axis=( -0.596787  0.653997 -0.464901)
     C   10    Vyy=   -0.1819    axis=(  0.759866  0.646761 -0.065601)
     C   10    Vzz=    0.3250    axis=( -0.257777  0.392413  0.882929)
     C   10  Q=         1.0000 1e-30 m^2  Cq=         0.7636 MHz  eta= 0.11950
 
     C   11    Vxx=    0.1490    axis=( -0.010438  0.578806  0.815398)
     C   11    Vyy=    0.2001    axis=( -0.792678 -0.501870  0.346103)
     C   11    Vzz=   -0.3491    axis=(  0.609551 -0.642736  0.464045)
     C   11  Q=         1.0000 1e-30 m^2  Cq=        -0.8202 MHz  eta= 0.14628
 
     Cl  12    Vxx=   -1.4015    axis=( -0.133812  0.415757  0.899578)
     Cl  12    Vyy=   -1.9646    axis=(  0.556031 -0.719898  0.415424)
     Cl  12    Vzz=    3.3662    axis=( -0.820320 -0.555782  0.134843)
     Cl  12  Q=        -8.1650 1e-30 m^2  Cq=       -64.5780 MHz  eta= 0.16729
 
     H   13    Vxx=   -0.1416    axis=( -0.630064  0.404512 -0.662864)
     H   13    Vyy=   -0.1554    axis=( -0.775888 -0.362996  0.515977)
     H   13    Vzz=    0.2970    axis=( -0.031898  0.839407  0.542567)
     H   13  Q=         1.0000 1e-30 m^2  Cq=         0.6978 MHz  eta= 0.04644
 
     C   14    Vxx=   -0.1344    axis=(  0.687150  0.351379  0.635891)
     C   14    Vyy=   -0.1796    axis=( -0.555563  0.818150  0.148256)
     C   14    Vzz=    0.3141    axis=( -0.468160 -0.455152  0.757405)
     C   14  Q=         1.0000 1e-30 m^2  Cq=         0.7379 MHz  eta= 0.14389
 
     H   15    Vxx=   -0.1388    axis=(  0.467288 -0.829640 -0.305515)
     H   15    Vyy=   -0.1526    axis=(  0.447206  0.519901 -0.727811)
     H   15    Vzz=    0.2914    axis=( -0.762659 -0.203469 -0.613964)
     H   15  Q=         1.0000 1e-30 m^2  Cq=         0.6847 MHz  eta= 0.04755
 
     C   16    Vxx=   -0.1534    axis=( -0.069088  0.864608  0.497675)
     C   16    Vyy=   -0.1838    axis=( -0.862269  0.199135 -0.465659)
     C   16    Vzz=    0.3373    axis=( -0.501717 -0.461301  0.731766)
     C   16  Q=         1.0000 1e-30 m^2  Cq=         0.7924 MHz  eta= 0.09018
 
     C   17    Vxx=    0.1087    axis=( -0.523632 -0.434324  0.732921)
     C   17    Vyy=    0.2919    axis=(  0.730203 -0.671979  0.123480)
     C   17    Vzz=   -0.4006    axis=(  0.438877  0.599839  0.669014)
     C   17  Q=         1.0000 1e-30 m^2  Cq=        -0.9412 MHz  eta= 0.45739
 
     Cl  18    Vxx=   -1.6557    axis=( -0.512207 -0.421498  0.748320)
     Cl  18    Vyy=   -2.0180    axis=(  0.429043  0.629217  0.648081)
     Cl  18    Vzz=    3.6737    axis=(  0.744021 -0.653013  0.141448)
     Cl  18  Q=        -8.1650 1e-30 m^2  Cq=       -70.4789 MHz  eta= 0.09863
 
     H   19    Vxx=   -0.1338    axis=( -0.855186 -0.340442 -0.390841)
     H   19    Vyy=   -0.1514    axis=( -0.494737  0.311269  0.811386)
     H   19    Vzz=    0.2852    axis=(  0.154573 -0.887249  0.434622)
     H   19  Q=         1.0000 1e-30 m^2  Cq=         0.6701 MHz  eta= 0.06167
 
     C   20    Vxx=   -0.1429    axis=(  0.935257 -0.156087  0.317696)
     C   20    Vyy=   -0.1809    axis=( -0.262284 -0.908302  0.325874)
     C   20    Vzz=    0.3238    axis=( -0.237699  0.388103  0.890436)
     C   20  Q=         1.0000 1e-30 m^2  Cq=         0.7608 MHz  eta= 0.11749
 
     H   21    Vxx=   -0.1410    axis=(  0.301309  0.907884 -0.291479)
     H   21    Vyy=   -0.1545    axis=( -0.294722  0.379389  0.877042)
     H   21    Vzz=    0.2955    axis=( -0.906836  0.178355 -0.381886)
     H   21  Q=         1.0000 1e-30 m^2  Cq=         0.6944 MHz  eta= 0.04581
 
     C   22    Vxx=   -0.1421    axis=( -0.233506  0.851615 -0.469283)
     C   22    Vyy=   -0.1851    axis=(  0.932548  0.332818  0.139952)
     C   22    Vzz=    0.3273    axis=( -0.275371  0.404950  0.871887)
     C   22  Q=         1.0000 1e-30 m^2  Cq=         0.7689 MHz  eta= 0.13133
 
     C   23    Vxx=    0.0640    axis=( -0.217705  0.429061  0.876648)
     C   23    Vyy=    0.3631    axis=( -0.750223 -0.648099  0.130892)
     C   23    Vzz=   -0.4271    axis=(  0.624315 -0.629186  0.462986)
     C   23  Q=         1.0000 1e-30 m^2  Cq=        -1.0036 MHz  eta= 0.70025
 
     Cl  24    Vxx=   -1.7809    axis=( -0.038023  0.299637  0.953295)
     Cl  24    Vyy=   -2.0078    axis=(  0.658536 -0.710009  0.249434)
     Cl  24    Vzz=    3.7887    axis=(  0.751588  0.637264 -0.170325)
     Cl  24  Q=        -8.1650 1e-30 m^2  Cq=       -72.6834 MHz  eta= 0.05989
 
     Initialization:
     gipaw_setup  :      0.17s CPU      0.31s WALL (       1 calls)
 
     Linear response
 
     Apply operators
 
     Induced current
 
     Other routines
     efg          :      0.64s CPU      0.75s WALL (       1 calls)
 
     General routines
     calbec       :      0.06s CPU      0.06s WALL (      16 calls)
     fft          :      0.06s CPU      0.09s WALL (      15 calls)
     ffts         :      0.00s CPU      0.00s WALL (       2 calls)
     fftw         :      0.39s CPU      0.41s WALL (     672 calls)
     davcio       :      0.00s CPU      0.06s WALL (      32 calls)
 
     Parallel routines
     fft_scatter  :      0.27s CPU      0.30s WALL (     689 calls)
 
     Plugins
 
     GIPAW        :      3.74s CPU      4.88s WALL (       1 calls)
