
     Program QE v.6.0 starts on 20May2017 at 13: 9:58 

     This program is part of the open-source Quantum ESPRESSO suite
     for quantum simulation of materials; please cite
         "P. Giannozzi et al., J. Phys.:Condens. Matter 21 395502 (2009);
          URL http://www.quantum-espresso.org", 
     in publications or presentations arising from this work. More details at
     http://www.quantum-espresso.org/quote
 
           ARCH :    x86_64
             CC :    icc
            CPP :    cpp
            F90 :    ifort
            F77 :    ifort
         DFLAGS :    -D__INTEL -D__DFTI
      BLAS LIBS :    -lmkl_intel_lp64  -lmkl_sequential -lmkl_core
    LAPACK LIBS :    
       FFT LIBS :    
      MASS LIBS :    

     Parallel version (MPI & OpenMP), running on      32 processor cores
     Number of MPI processes:                32
     Threads/MPI process:                     1
     R & G space division:  proc/nbgrp/npool/nimage =      32
 
     ***** This is GIPAW svn revision unknown      *****
 
     Parallelizing q-star over 1 images

     Reading data from directory:
     ./scratch/scf-1805.save

   Info: using nr1, nr2, nr3 values from input

   Info: using nr1, nr2, nr3 values from input

     IMPORTANT: XC functional enforced from input :
     Exchange-correlation      =  SLA  PW   PBX  PBC ( 1  4  3  4 0 0)
     Any further DFT definition will be discarded
     Please, verify this is what you really want

               file C.pbe-n-kjpaw_psl.1.0.0.UPF: wavefunction(s)  2S 2P renormalized
               file Cl.pbe-n-kjpaw_psl.1.0.0.UPF: wavefunction(s)  3S 3P renormalized
               file H.pbe-kjpaw_psl.1.0.0.UPF: wavefunction(s)  1S renormalized
 
     Parallelization info
     --------------------
     sticks:   dense  smooth     PW     G-vecs:    dense   smooth      PW
     Min         764     305     83                36108     9133    1292
     Max         765     306     84                36110     9135    1293
     Sum       24467    9791   2657              1155489   292295   41363
 

     Subspace diagonalization in iterative solution of the eigenvalue problem:
     a serial algorithm will be used

     GIPAW projectors -----------------------------------------------
     atom=  C    l=0  rc=    1.2000  rs=    0.8000
     atom=  C    l=0  rc=    1.2000  rs=    0.8000
     atom=  C    l=1  rc=    1.4000  rs=    0.9333
     atom=  C    l=1  rc=    1.4000  rs=    0.9333
     projs nearly linearly dependent: l=1  n1,n2= 1, 2  s=  0.99951561
 
     atom=  Cl   l=0  rc=    1.6000  rs=    1.0667
     atom=  Cl   l=0  rc=    1.6000  rs=    1.0667
     atom=  Cl   l=1  rc=    1.6000  rs=    1.0667
     atom=  Cl   l=1  rc=    1.6000  rs=    1.0667
     atom=  Cl   l=2  rc=    1.6000  rs=    1.0667
     atom=  Cl   l=2  rc=    1.6000  rs=    1.0667
     projs nearly linearly dependent: l=2  n1,n2= 1, 2  s=  0.99993509
 
     atom=  H    l=0  rc=    1.0000  rs=    0.6667
     atom=  H    l=0  rc=    1.0000  rs=    0.6667
     projs nearly linearly dependent: l=0  n1,n2= 1, 2  s=  0.99968852
     -----------------------------------------------------------------
 
     GIPAW integrals: -------------------------------------------
     Atom  i/j   nmr_para   nmr_dia   epr_rmc  epr_para   epr_dia
       C   1 1   0.83E+03  0.17E-01  0.93E+01  0.24E+08  0.24E+03
       C   2 1   0.86E+03 -0.61E-01  0.94E+01  0.25E+08  0.25E+03
       C   2 2   0.90E+03 -0.15E+00  0.97E+01  0.26E+08  0.26E+03
       C   3 3   0.33E+01  0.34E+00  0.18E+01  0.55E+03  0.21E+02
       C   4 3   0.35E+01  0.37E+00  0.20E+01  0.59E+03  0.22E+02
       C   4 4   0.38E+01  0.39E+00  0.22E+01  0.63E+03  0.24E+02
       Cl  1 1   0.14E+04 -0.47E+00  0.84E+01  0.32E+09  0.42E+03
       Cl  2 1   0.21E+04 -0.37E+00  0.12E+02  0.49E+09  0.65E+03
       Cl  2 2   0.33E+04 -0.16E+00  0.21E+02  0.76E+09  0.10E+04
       Cl  3 3   0.21E+02  0.79E-01  0.89E+01  0.23E+05  0.13E+03
       Cl  4 3   0.24E+02  0.67E-01  0.99E+01  0.27E+05  0.15E+03
       Cl  4 4   0.28E+02  0.44E-01  0.11E+02  0.32E+05  0.18E+03
       Cl  5 5   0.77E+00  0.19E+00  0.18E+01  0.12E+03  0.22E+02
       Cl  6 5   0.80E+00  0.19E+00  0.19E+01  0.12E+03  0.23E+02
       Cl  6 6   0.83E+00  0.20E+00  0.19E+01  0.12E+03  0.23E+02
       H   1 1   0.39E+02  0.19E+00  0.29E+00  0.78E+05  0.13E+02
       H   2 1   0.41E+02  0.21E+00  0.32E+00  0.82E+05  0.14E+02
       H   2 2   0.43E+02  0.22E+00  0.36E+00  0.86E+05  0.15E+02
     ------------------------------------------------------------
 
     alpha_pv=     34.2013 eV
 
     Number of occupied bands for each k-point:
     k-point:     1    nbnd_occ=  42
     k-point:     2    nbnd_occ=  42
     k-point:     3    nbnd_occ=  42
     k-point:     4    nbnd_occ=  42
     k-point:     5    nbnd_occ=  42
     k-point:     6    nbnd_occ=  42
     k-point:     7    nbnd_occ=  42
     k-point:     8    nbnd_occ=  42
     k-point:     9    nbnd_occ=  42
     k-point:    10    nbnd_occ=  42
     k-point:    11    nbnd_occ=  42
     k-point:    12    nbnd_occ=  42
     k-point:    13    nbnd_occ=  42
     k-point:    14    nbnd_occ=  42
     k-point:    15    nbnd_occ=  42
     k-point:    16    nbnd_occ=  42
 
 
     q-space interpolation up to   110.00 Rydberg
 
     GIPAW job: efg                                                                             
 
 
     ELECTRIC FIELD GRADIENTS TENSORS IN Hartree/bohrradius^2:
 
     ----- bare term -----
     Cl   1        0.030664       -0.059564       -0.009793
     Cl   1       -0.059564        0.002569        0.002984
     Cl   1       -0.009793        0.002984       -0.033233
 
     C    2       -0.201905       -0.042032       -0.359118
     C    2       -0.042032       -0.103111       -0.458922
     C    2       -0.359118       -0.458922        0.305016
 
     C    3       -0.223827        0.216530       -0.263178
     C    3        0.216530       -0.216346       -0.499225
     C    3       -0.263178       -0.499225        0.440173
 
     H    4       -0.513197       -0.211669       -0.453366
     H    4       -0.211669        0.339135       -0.160529
     H    4       -0.453366       -0.160529        0.174062
 
     C    5       -0.387570        0.246511       -0.301676
     C    5        0.246511       -0.097135       -0.397798
     C    5       -0.301676       -0.397798        0.484705
 
     H    6        0.360954       -0.144542       -0.091760
     H    6       -0.144542       -0.426723       -0.536869
     H    6       -0.091760       -0.536869        0.065769
 
     H    7        0.397944        0.083924       -0.090475
     H    7        0.083924       -0.325632        0.589259
     H    7       -0.090475        0.589259       -0.072312
 
     C    8       -0.251757       -0.320556       -0.359633
     C    8       -0.320556       -0.030232        0.418473
     C    8       -0.359633        0.418473        0.281990
 
     H    9       -0.415755        0.113848       -0.540864
     H    9        0.113848        0.379027        0.158449
     H    9       -0.540864        0.158449        0.036728
 
     C   10       -0.137608       -0.355397       -0.257645
     C   10       -0.355397       -0.104719        0.533689
     C   10       -0.257645        0.533689        0.242326
 
     C   11       -0.236529       -0.144457       -0.338948
     C   11       -0.144457        0.050987        0.533323
     C   11       -0.338948        0.533323        0.185541
 
     Cl  12        0.015030       -0.020186       -0.007294
     Cl  12       -0.020186       -0.003586        0.016936
     Cl  12       -0.007294        0.016936       -0.011443
 
     H   13        0.356837       -0.159776       -0.082529
     H   13       -0.159776       -0.455718       -0.511304
     H   13       -0.082529       -0.511304        0.098881
 
     C   14       -0.373898        0.248074       -0.276640
     C   14        0.248074       -0.122541       -0.407108
     C   14       -0.276640       -0.407108        0.496439
 
     H   15       -0.568142       -0.190252       -0.451549
     H   15       -0.190252        0.319116       -0.150788
     H   15       -0.451549       -0.150788        0.249025
 
     C   16       -0.198822        0.224828       -0.243416
     C   16        0.224828       -0.274088       -0.524993
     C   16       -0.243416       -0.524993        0.472911
 
     C   17       -0.249780        0.077948       -0.378790
     C   17        0.077948       -0.157508       -0.473916
     C   17       -0.378790       -0.473916        0.407288
 
     Cl  18       -0.010773        0.003219       -0.009014
     Cl  18        0.003219       -0.021734       -0.026599
     Cl  18       -0.009014       -0.026599        0.032507
 
     H   19        0.369319        0.130363       -0.082035
     H   19        0.130363       -0.335873        0.574805
     H   19       -0.082035        0.574805       -0.033447
 
     C   20       -0.317696       -0.269582       -0.329338
     C   20       -0.269582       -0.040799        0.428594
     C   20       -0.329338        0.428594        0.358496
 
     H   21       -0.508039        0.119290       -0.501468
     H   21        0.119290        0.341244        0.138640
     H   21       -0.501468        0.138640        0.166796
 
     C   22       -0.161883       -0.333554       -0.270693
     C   22       -0.333554       -0.178709        0.512395
     C   22       -0.270693        0.512395        0.340592
 
     C   23       -0.103267       -0.072860       -0.443037
     C   23       -0.072860       -0.033090        0.461344
     C   23       -0.443037        0.461344        0.136357
 
     Cl  24        0.003763        0.053064       -0.000667
     Cl  24        0.053064        0.009003        0.030356
     Cl  24       -0.000667        0.030356       -0.012766
 
     ----- ionic term -----
     Cl   1        0.050560       -0.185823       -0.013921
     Cl   1       -0.185823        0.069507        0.012848
     Cl   1       -0.013921        0.012848       -0.120068
 
     C    2        0.198743       -0.110778        0.256775
     C    2       -0.110778        0.131256        0.386341
     C    2        0.256775        0.386341       -0.329998
 
     C    3        0.153359       -0.172036        0.194711
     C    3       -0.172036        0.181915        0.400404
     C    3        0.194711        0.400404       -0.335274
 
     H    4        0.715169        0.278561        0.616642
     H    4        0.278561       -0.464419        0.198735
     H    4        0.616642        0.198735       -0.250749
 
     C    5        0.328153       -0.199102        0.235510
     C    5       -0.199102        0.059171        0.296913
     C    5        0.235510        0.296913       -0.387324
 
     H    6       -0.491856        0.183633        0.123132
     H    6        0.183633        0.589260        0.726543
     H    6        0.123132        0.726543       -0.097404
 
     H    7       -0.535115       -0.108457        0.115565
     H    7       -0.108457        0.432280       -0.801321
     H    7        0.115565       -0.801321        0.102835
 
     C    8        0.214628        0.249470        0.280587
     C    8        0.249470        0.010823       -0.312708
     C    8        0.280587       -0.312708       -0.225451
 
     H    9        0.587512       -0.144243        0.729366
     H    9       -0.144243       -0.513525       -0.184269
     H    9        0.729366       -0.184269       -0.073987
 
     C   10        0.084104        0.289904        0.183847
     C   10        0.289904        0.098400       -0.426350
     C   10        0.183847       -0.426350       -0.182505
 
     C   11        0.252207        0.227691        0.240223
     C   11        0.227691       -0.037861       -0.434506
     C   11        0.240223       -0.434506       -0.214346
 
     Cl  12        0.134622        0.228359       -0.035686
     Cl  12        0.228359       -0.004027       -0.028202
     Cl  12       -0.035686       -0.028202       -0.130595
 
     H   13       -0.488355        0.206754        0.118853
     H   13        0.206754        0.621804        0.701844
     H   13        0.118853        0.701844       -0.133448
 
     C   14        0.312726       -0.198708        0.213283
     C   14       -0.198708        0.080166        0.302517
     C   14        0.213283        0.302517       -0.392891
 
     H   15        0.772825        0.253884        0.616521
     H   15        0.253884       -0.451738        0.187394
     H   15        0.616521        0.187394       -0.321086
 
     C   16        0.144434       -0.183579        0.182021
     C   16       -0.183579        0.222791        0.422913
     C   16        0.182021        0.422913       -0.367224
 
     C   17        0.234902       -0.176993        0.281883
     C   17       -0.176993        0.159233        0.383900
     C   17        0.281883        0.383900       -0.394134
 
     Cl  18        0.100362       -0.230204        0.001534
     Cl  18       -0.230204        0.073023        0.012661
     Cl  18        0.001534        0.012661       -0.173384
 
     H   19       -0.504749       -0.157477        0.112198
     H   19       -0.157477        0.458267       -0.780641
     H   19        0.112198       -0.780641        0.046481
 
     C   20        0.259706        0.212013        0.261406
     C   20        0.212013        0.023284       -0.318129
     C   20        0.261406       -0.318129       -0.282990
 
     H   21        0.693816       -0.164804        0.688350
     H   21       -0.164804       -0.481746       -0.171636
     H   21        0.688350       -0.171636       -0.212070
 
     C   22        0.108373        0.271805        0.195782
     C   22        0.271805        0.147777       -0.413823
     C   22        0.195782       -0.413823       -0.256149
 
     C   23        0.133786        0.198539        0.347172
     C   23        0.198539        0.060032       -0.363071
     C   23        0.347172       -0.363071       -0.193818
 
     Cl  24        0.089207        0.187693        0.031902
     Cl  24        0.187693        0.053549        0.011026
     Cl  24        0.031902        0.011026       -0.142756
 
     ----- GIPAW term -----
     Cl   1        0.846479       -2.599308       -0.276366
     Cl   1       -2.599308        0.752392        0.160800
     Cl   1       -0.276366        0.160800       -1.598871
 
     C    2        0.015698       -0.166189       -0.083594
     C    2       -0.166189        0.035734       -0.051815
     C    2       -0.083594       -0.051815       -0.051432
 
     C    3       -0.063682        0.032439       -0.060587
     C    3        0.032439       -0.020247       -0.079149
     C    3       -0.060587       -0.079149        0.083928
 
     H    4        0.000000       -0.000000       -0.000000
     H    4       -0.000000        0.000000        0.000000
     H    4       -0.000000        0.000000       -0.000000
 
     C    5       -0.035343        0.033506       -0.051922
     C    5        0.033506       -0.039782       -0.088708
     C    5       -0.051922       -0.088708        0.075126
 
     H    6        0.000000       -0.000000       -0.000000
     H    6       -0.000000        0.000000        0.000000
     H    6       -0.000000        0.000000       -0.000000
 
     H    7        0.000000       -0.000000       -0.000000
     H    7       -0.000000        0.000000        0.000000
     H    7       -0.000000        0.000000       -0.000000
 
     C    8       -0.018991       -0.051910       -0.060908
     C    8       -0.051910       -0.021979        0.093704
     C    8       -0.060908        0.093704        0.040971
 
     H    9        0.000000       -0.000000       -0.000000
     H    9       -0.000000        0.000000        0.000000
     H    9       -0.000000        0.000000       -0.000000
 
     C   10       -0.050039       -0.049468       -0.064996
     C   10       -0.049468        0.001210        0.085756
     C   10       -0.064996        0.085756        0.048829
 
     C   11        0.040791        0.104360       -0.086553
     C   11        0.104360        0.009202        0.071910
     C   11       -0.086553        0.071910       -0.049993
 
     Cl  12        1.590841        2.192889       -0.492978
     Cl  12        2.192889       -0.096647       -0.112790
     Cl  12       -0.492978       -0.112790       -1.494194
 
     H   13        0.000000       -0.000000       -0.000000
     H   13       -0.000000        0.000000        0.000000
     H   13       -0.000000        0.000000       -0.000000
 
     C   14       -0.036428        0.035446       -0.050686
     C   14        0.035446       -0.043083       -0.092654
     C   14       -0.050686       -0.092654        0.079510
 
     H   15        0.000000       -0.000000       -0.000000
     H   15       -0.000000        0.000000        0.000000
     H   15       -0.000000        0.000000       -0.000000
 
     C   16       -0.046650        0.029640       -0.053836
     C   16        0.029640       -0.038171       -0.085447
     C   16       -0.053836       -0.085447        0.084821
 
     C   17        0.009575       -0.121428       -0.078507
     C   17       -0.121428        0.008468       -0.076365
     C   17       -0.078507       -0.076365       -0.018042
 
     Cl  18        0.962167       -2.413723       -0.091646
     Cl  18       -2.413723        0.501792       -0.168518
     Cl  18       -0.091646       -0.168518       -1.463959
 
     H   19        0.000000       -0.000000       -0.000000
     H   19       -0.000000        0.000000        0.000000
     H   19       -0.000000        0.000000       -0.000000
 
     C   20       -0.035937       -0.044256       -0.052515
     C   20       -0.044256       -0.019835        0.095448
     C   20       -0.052515        0.095448        0.055772
 
     H   21        0.000000       -0.000000       -0.000000
     H   21       -0.000000        0.000000        0.000000
     H   21       -0.000000        0.000000       -0.000000
 
     C   22       -0.049587       -0.046297       -0.066221
     C   22       -0.046297       -0.015611        0.078796
     C   22       -0.066221        0.078796        0.065198
 
     C   23        0.042266        0.146211       -0.069651
     C   23        0.146211        0.035183        0.081331
     C   23       -0.069651        0.081331       -0.077449
 
     Cl  24        0.990073        2.545076        0.320334
     Cl  24        2.545076        0.632361        0.451004
     Cl  24        0.320334        0.451004       -1.622433
 
     ----- total EFG -----
     Cl   1        0.927702       -2.844696       -0.300080
     Cl   1       -2.844696        0.824469        0.176632
     Cl   1       -0.300080        0.176632       -1.752171
 
     C    2        0.012536       -0.318999       -0.185937
     C    2       -0.318999        0.063879       -0.124396
     C    2       -0.185937       -0.124396       -0.076415
 
     C    3       -0.134149        0.076933       -0.129054
     C    3        0.076933       -0.054678       -0.177970
     C    3       -0.129054       -0.177970        0.188827
 
     H    4        0.201971        0.066892        0.163276
     H    4        0.066892       -0.125284        0.038206
     H    4        0.163276        0.038206       -0.076687
 
     C    5       -0.094761        0.080914       -0.118089
     C    5        0.080914       -0.077746       -0.189594
     C    5       -0.118089       -0.189594        0.172506
 
     H    6       -0.130903        0.039091        0.031372
     H    6        0.039091        0.162537        0.189673
     H    6        0.031372        0.189673       -0.031634
 
     H    7       -0.137171       -0.024533        0.025090
     H    7       -0.024533        0.106648       -0.212062
     H    7        0.025090       -0.212062        0.030523
 
     C    8       -0.056120       -0.122996       -0.139954
     C    8       -0.122996       -0.041389        0.199468
     C    8       -0.139954        0.199468        0.097509
 
     H    9        0.171757       -0.030394        0.188501
     H    9       -0.030394       -0.134498       -0.025820
     H    9        0.188501       -0.025820       -0.037259
 
     C   10       -0.103542       -0.114961       -0.138794
     C   10       -0.114961       -0.005109        0.193095
     C   10       -0.138794        0.193095        0.108651
 
     C   11        0.056470        0.187594       -0.185278
     C   11        0.187594        0.022328        0.170727
     C   11       -0.185278        0.170727       -0.078798
 
     Cl  12        1.740492        2.401061       -0.535958
     Cl  12        2.401061       -0.104260       -0.124057
     Cl  12       -0.535958       -0.124057       -1.636232
 
     H   13       -0.131518        0.046978        0.036324
     H   13        0.046978        0.166085        0.190540
     H   13        0.036324        0.190540       -0.034568
 
     C   14       -0.097600        0.084812       -0.114043
     C   14        0.084812       -0.085458       -0.197245
     C   14       -0.114043       -0.197245        0.183058
 
     H   15        0.204683        0.063632        0.164971
     H   15        0.063632       -0.132622        0.036605
     H   15        0.164971        0.036605       -0.072061
 
     C   16       -0.101039        0.070889       -0.115230
     C   16        0.070889       -0.089469       -0.187527
     C   16       -0.115230       -0.187527        0.190508
 
     C   17       -0.005303       -0.220473       -0.175414
     C   17       -0.220473        0.010192       -0.166381
     C   17       -0.175414       -0.166381       -0.004889
 
     Cl  18        1.051756       -2.640708       -0.099126
     Cl  18       -2.640708        0.553081       -0.182455
     Cl  18       -0.099126       -0.182455       -1.604837
 
     H   19       -0.135429       -0.027113        0.030163
     H   19       -0.027113        0.122395       -0.205836
     H   19        0.030163       -0.205836        0.013034
 
     C   20       -0.093927       -0.101824       -0.120446
     C   20       -0.101824       -0.037350        0.205913
     C   20       -0.120446        0.205913        0.131277
 
     H   21        0.185777       -0.045514        0.186882
     H   21       -0.045514       -0.140503       -0.032996
     H   21        0.186882       -0.032996       -0.045275
 
     C   22       -0.103097       -0.108046       -0.141132
     C   22       -0.108046       -0.046543        0.177367
     C   22       -0.141132        0.177367        0.149640
 
     C   23        0.072785        0.271891       -0.165516
     C   23        0.271891        0.062125        0.179604
     C   23       -0.165516        0.179604       -0.134910
 
     Cl  24        1.083043        2.785834        0.351570
     Cl  24        2.785834        0.694913        0.492386
     Cl  24        0.351570        0.492386       -1.777956
 
     ----- total EFG (symmetrized) -----
     Cl   1        0.927702       -2.844696       -0.300080
     Cl   1       -2.844696        0.824469        0.176632
     Cl   1       -0.300080        0.176632       -1.752171
 
     C    2        0.012536       -0.318999       -0.185937
     C    2       -0.318999        0.063879       -0.124396
     C    2       -0.185937       -0.124396       -0.076415
 
     C    3       -0.134149        0.076933       -0.129054
     C    3        0.076933       -0.054678       -0.177970
     C    3       -0.129054       -0.177970        0.188827
 
     H    4        0.201971        0.066892        0.163276
     H    4        0.066892       -0.125284        0.038206
     H    4        0.163276        0.038206       -0.076687
 
     C    5       -0.094761        0.080914       -0.118089
     C    5        0.080914       -0.077746       -0.189594
     C    5       -0.118089       -0.189594        0.172506
 
     H    6       -0.130903        0.039091        0.031372
     H    6        0.039091        0.162537        0.189673
     H    6        0.031372        0.189673       -0.031634
 
     H    7       -0.137171       -0.024533        0.025090
     H    7       -0.024533        0.106648       -0.212062
     H    7        0.025090       -0.212062        0.030523
 
     C    8       -0.056120       -0.122996       -0.139954
     C    8       -0.122996       -0.041389        0.199468
     C    8       -0.139954        0.199468        0.097509
 
     H    9        0.171757       -0.030394        0.188501
     H    9       -0.030394       -0.134498       -0.025820
     H    9        0.188501       -0.025820       -0.037259
 
     C   10       -0.103542       -0.114961       -0.138794
     C   10       -0.114961       -0.005109        0.193095
     C   10       -0.138794        0.193095        0.108651
 
     C   11        0.056470        0.187594       -0.185278
     C   11        0.187594        0.022328        0.170727
     C   11       -0.185278        0.170727       -0.078798
 
     Cl  12        1.740492        2.401061       -0.535958
     Cl  12        2.401061       -0.104260       -0.124057
     Cl  12       -0.535958       -0.124057       -1.636232
 
     H   13       -0.131518        0.046978        0.036324
     H   13        0.046978        0.166085        0.190540
     H   13        0.036324        0.190540       -0.034568
 
     C   14       -0.097600        0.084812       -0.114043
     C   14        0.084812       -0.085458       -0.197245
     C   14       -0.114043       -0.197245        0.183058
 
     H   15        0.204683        0.063632        0.164971
     H   15        0.063632       -0.132622        0.036605
     H   15        0.164971        0.036605       -0.072061
 
     C   16       -0.101039        0.070889       -0.115230
     C   16        0.070889       -0.089469       -0.187527
     C   16       -0.115230       -0.187527        0.190508
 
     C   17       -0.005303       -0.220473       -0.175414
     C   17       -0.220473        0.010192       -0.166381
     C   17       -0.175414       -0.166381       -0.004889
 
     Cl  18        1.051756       -2.640708       -0.099126
     Cl  18       -2.640708        0.553081       -0.182455
     Cl  18       -0.099126       -0.182455       -1.604837
 
     H   19       -0.135429       -0.027113        0.030163
     H   19       -0.027113        0.122395       -0.205836
     H   19        0.030163       -0.205836        0.013034
 
     C   20       -0.093927       -0.101824       -0.120446
     C   20       -0.101824       -0.037350        0.205913
     C   20       -0.120446        0.205913        0.131277
 
     H   21        0.185777       -0.045514        0.186882
     H   21       -0.045514       -0.140503       -0.032996
     H   21        0.186882       -0.032996       -0.045275
 
     C   22       -0.103097       -0.108046       -0.141132
     C   22       -0.108046       -0.046543        0.177367
     C   22       -0.141132        0.177367        0.149640
 
     C   23        0.072785        0.271891       -0.165516
     C   23        0.271891        0.062125        0.179604
     C   23       -0.165516        0.179604       -0.134910
 
     Cl  24        1.083043        2.785834        0.351570
     Cl  24        2.785834        0.694913        0.492386
     Cl  24        0.351570        0.492386       -1.777956
 
 
     NQR/NMR SPECTROSCOPIC PARAMETERS:
     Cl   1    Vxx=   -1.7418    axis=(  0.201813  0.288133 -0.936083)
     Cl   1    Vyy=   -2.0002    axis=(  0.671726  0.654832  0.346381)
     Cl   1    Vzz=    3.7420    axis=( -0.712780  0.698695  0.061393)
     Cl   1  Q=        -8.1650 1e-30 m^2  Cq=       -71.7890 MHz  eta= 0.06904
 
     C    2    Vxx=    0.0617    axis=( -0.329346 -0.437070  0.836959)
     C    2    Vyy=    0.3616    axis=( -0.698756  0.708986  0.095278)
     C    2    Vzz=   -0.4233    axis=( -0.635036 -0.553451 -0.538908)
     C    2  Q=         1.0000 1e-30 m^2  Cq=        -0.9945 MHz  eta= 0.70840
 
     C    3    Vxx=   -0.1470    axis=(  0.193930  0.834032  0.516509)
     C    3    Vyy=   -0.1841    axis=(  0.931742 -0.321357  0.169076)
     C    3    Vzz=    0.3311    axis=( -0.306999 -0.448464  0.839423)
     C    3  Q=         1.0000 1e-30 m^2  Cq=         0.7780 MHz  eta= 0.11204
 
     H    4    Vxx=   -0.1366    axis=( -0.316630  0.904377  0.286090)
     H    4    Vyy=   -0.1548    axis=( -0.322944 -0.386370  0.863959)
     H    4    Vzz=    0.2914    axis=( -0.891881 -0.181164 -0.414400)
     H    4  Q=         1.0000 1e-30 m^2  Cq=         0.6847 MHz  eta= 0.06241
 
     C    5    Vxx=   -0.1382    axis=(  0.892930  0.143290  0.426783)
     C    5    Vyy=   -0.1849    axis=(  0.313862 -0.877765 -0.361966)
     C    5    Vzz=    0.3231    axis=( -0.322749 -0.457161  0.828756)
     C    5  Q=         1.0000 1e-30 m^2  Cq=         0.7591 MHz  eta= 0.14437
 
     H    6    Vxx=   -0.1339    axis=(  0.901322 -0.311440  0.301037)
     H    6    Vyy=   -0.1505    axis=( -0.416520 -0.432458  0.799682)
     H    6    Vzz=    0.2845    axis=(  0.118867  0.846159  0.519505)
     H    6  Q=         1.0000 1e-30 m^2  Cq=         0.6684 MHz  eta= 0.05841
 
     H    7    Vxx=   -0.1386    axis=( -0.918458 -0.307260 -0.249052)
     H    7    Vyy=   -0.1483    axis=( -0.386913  0.567336  0.726930)
     H    7    Vzz=    0.2869    axis=(  0.082061 -0.764016  0.639958)
     H    7  Q=         1.0000 1e-30 m^2  Cq=         0.6741 MHz  eta= 0.03402
 
     C    8    Vxx=   -0.1387    axis=( -0.837220  0.056716 -0.543917)
     C    8    Vyy=   -0.1900    axis=( -0.332063 -0.842980  0.423225)
     C    8    Vzz=    0.3287    axis=( -0.434508  0.534947  0.724593)
     C    8  Q=         1.0000 1e-30 m^2  Cq=         0.7723 MHz  eta= 0.15599
 
     H    9    Vxx=   -0.1348    axis=(  0.299853  0.889763 -0.344108)
     H    9    Vyy=   -0.1517    axis=( -0.418731  0.446856  0.790559)
     H    9    Vzz=    0.2865    axis=( -0.857177  0.092963 -0.506562)
     H    9  Q=         1.0000 1e-30 m^2  Cq=         0.6730 MHz  eta= 0.05914
 
     C   10    Vxx=   -0.1474    axis=( -0.232930  0.711538 -0.662916)
     C   10    Vyy=   -0.1808    axis=( -0.893054 -0.426344 -0.143821)
     C   10    Vzz=    0.3282    axis=( -0.384965  0.558520  0.734750)
     C   10  Q=         1.0000 1e-30 m^2  Cq=         0.7710 MHz  eta= 0.10179
 
     C   11    Vxx=    0.1366    axis=( -0.308185  0.598581  0.739407)
     C   11    Vyy=    0.2310    axis=(  0.792733  0.591268 -0.148244)
     C   11    Vzz=   -0.3677    axis=( -0.525924  0.540466 -0.656735)
     C   11  Q=         1.0000 1e-30 m^2  Cq=        -0.8639 MHz  eta= 0.25675
 
     Cl  12    Vxx=   -1.5180    axis=( -0.301095  0.577930  0.758511)
     Cl  12    Vyy=   -1.9239    axis=(  0.482999 -0.593418  0.643869)
     Cl  12    Vzz=    3.4419    axis=( -0.822225 -0.560225  0.100465)
     Cl  12  Q=        -8.1650 1e-30 m^2  Cq=       -66.0320 MHz  eta= 0.11794
 
     H   13    Vxx=   -0.1363    axis=(  0.882033 -0.341531  0.324613)
     H   13    Vyy=   -0.1530    axis=( -0.450269 -0.407954  0.794249)
     H   13    Vzz=    0.2894    axis=(  0.138834  0.846717  0.513610)
     H   13  Q=         1.0000 1e-30 m^2  Cq=         0.6799 MHz  eta= 0.05767
 
     C   14    Vxx=   -0.1356    axis=(  0.887463  0.175420  0.426189)
     C   14    Vyy=   -0.1977    axis=(  0.340591 -0.872620 -0.350047)
     C   14    Vzz=    0.3333    axis=( -0.310496 -0.455810  0.834164)
     C   14  Q=         1.0000 1e-30 m^2  Cq=         0.7831 MHz  eta= 0.18627
 
     H   15    Vxx=   -0.1406    axis=(  0.375126 -0.793602 -0.479037)
     H   15    Vyy=   -0.1536    axis=(  0.251428  0.584510 -0.771448)
     H   15    Vzz=    0.2942    axis=( -0.892225 -0.168947 -0.418798)
     H   15  Q=         1.0000 1e-30 m^2  Cq=         0.6912 MHz  eta= 0.04405
 
     C   16    Vxx=   -0.1406    axis=(  0.922498  0.094082  0.374360)
     C   16    Vyy=   -0.1864    axis=(  0.242266 -0.896153 -0.371777)
     C   16    Vzz=    0.3270    axis=( -0.300506 -0.433658  0.849492)
     C   16  Q=         1.0000 1e-30 m^2  Cq=         0.7683 MHz  eta= 0.14024
 
     C   17    Vxx=    0.1527    axis=( -0.375074 -0.397542  0.837424)
     C   17    Vyy=    0.2231    axis=( -0.703186  0.710653  0.022411)
     C   17    Vzz=   -0.3758    axis=( -0.604027 -0.580459 -0.546093)
     C   17  Q=         1.0000 1e-30 m^2  Cq=        -0.8829 MHz  eta= 0.18746
 
     Cl  18    Vxx=   -1.4918    axis=(  0.336603  0.356930 -0.871378)
     Cl  18    Vyy=   -1.9635    axis=( -0.583198 -0.647515 -0.490514)
     Cl  18    Vzz=    3.4554    axis=( -0.739309  0.673295 -0.009794)
     Cl  18  Q=        -8.1650 1e-30 m^2  Cq=       -66.2893 MHz  eta= 0.13652
 
     H   19    Vxx=   -0.1343    axis=(  0.826959  0.402319  0.392783)
     H   19    Vyy=   -0.1502    axis=(  0.554251 -0.465781 -0.689822)
     H   19    Vzz=    0.2845    axis=(  0.094577 -0.788155  0.608167)
     H   19  Q=         1.0000 1e-30 m^2  Cq=         0.6684 MHz  eta= 0.05586
 
     C   20    Vxx=   -0.1438    axis=( -0.831739  0.203520 -0.516517)
     C   20    Vyy=   -0.1840    axis=( -0.431907 -0.821764  0.371700)
     C   20    Vzz=    0.3278    axis=( -0.348807  0.532245  0.771395)
     C   20  Q=         1.0000 1e-30 m^2  Cq=         0.7702 MHz  eta= 0.12262
 
     H   21    Vxx=   -0.1419    axis=(  0.404203  0.747937 -0.526507)
     H   21    Vyy=   -0.1552    axis=( -0.295850  0.651591  0.698500)
     H   21    Vzz=    0.2971    axis=( -0.865501  0.126569 -0.484652)
     H   21  Q=         1.0000 1e-30 m^2  Cq=         0.6980 MHz  eta= 0.04489
 
     C   22    Vxx=   -0.1402    axis=( -0.446013  0.650212 -0.615058)
     C   22    Vyy=   -0.1866    axis=( -0.810181 -0.585344 -0.031291)
     C   22    Vzz=    0.3268    axis=( -0.380366  0.484352  0.787860)
     C   22  Q=         1.0000 1e-30 m^2  Cq=         0.7679 MHz  eta= 0.14198
 
     C   23    Vxx=    0.0768    axis=( -0.474371  0.452679  0.755019)
     C   23    Vyy=    0.3396    axis=( -0.707302 -0.706607 -0.020739)
     C   23    Vzz=   -0.4163    axis=(  0.524114 -0.543865  0.655375)
     C   23  Q=         1.0000 1e-30 m^2  Cq=        -0.9782 MHz  eta= 0.63122
 
     Cl  24    Vxx=   -1.7491    axis=( -0.480176  0.388936  0.786231)
     Cl  24    Vyy=   -1.9962    axis=( -0.492989  0.621712 -0.608635)
     Cl  24    Vzz=    3.7452    axis=(  0.725529  0.679855  0.106790)
     Cl  24  Q=        -8.1650 1e-30 m^2  Cq=       -71.8507 MHz  eta= 0.06597
 
     Initialization:
     gipaw_setup  :      0.18s CPU      0.30s WALL (       1 calls)
 
     Linear response
 
     Apply operators
 
     Induced current
 
     Other routines
     efg          :      0.72s CPU      0.81s WALL (       1 calls)
 
     General routines
     calbec       :      0.05s CPU      0.05s WALL (      16 calls)
     fft          :      0.06s CPU      0.09s WALL (      15 calls)
     ffts         :      0.00s CPU      0.00s WALL (       2 calls)
     fftw         :      0.45s CPU      0.47s WALL (     672 calls)
     davcio       :      0.02s CPU      0.07s WALL (      32 calls)
 
     Parallel routines
     fft_scatter  :      0.35s CPU      0.36s WALL (     689 calls)
 
     Plugins
 
     GIPAW        :      3.86s CPU      4.63s WALL (       1 calls)
