
     Program QE v.6.0 starts on 20May2017 at 15:14:27 

     This program is part of the open-source Quantum ESPRESSO suite
     for quantum simulation of materials; please cite
         "P. Giannozzi et al., J. Phys.:Condens. Matter 21 395502 (2009);
          URL http://www.quantum-espresso.org", 
     in publications or presentations arising from this work. More details at
     http://www.quantum-espresso.org/quote
 
           ARCH :    x86_64
             CC :    icc
            CPP :    cpp
            F90 :    ifort
            F77 :    ifort
         DFLAGS :    -D__INTEL -D__DFTI
      BLAS LIBS :    -lmkl_intel_lp64  -lmkl_sequential -lmkl_core
    LAPACK LIBS :    
       FFT LIBS :    
      MASS LIBS :    

     Parallel version (MPI & OpenMP), running on      32 processor cores
     Number of MPI processes:                32
     Threads/MPI process:                     1
     R & G space division:  proc/nbgrp/npool/nimage =      32
 
     ***** This is GIPAW svn revision unknown      *****
 
     Parallelizing q-star over 1 images

     Reading data from directory:
     ./scratch/scf-1009.save

   Info: using nr1, nr2, nr3 values from input

   Info: using nr1, nr2, nr3 values from input

     IMPORTANT: XC functional enforced from input :
     Exchange-correlation      =  SLA  PW   PBX  PBC ( 1  4  3  4 0 0)
     Any further DFT definition will be discarded
     Please, verify this is what you really want

               file C.pbe-n-kjpaw_psl.1.0.0.UPF: wavefunction(s)  2S 2P renormalized
               file Cl.pbe-n-kjpaw_psl.1.0.0.UPF: wavefunction(s)  3S 3P renormalized
               file H.pbe-kjpaw_psl.1.0.0.UPF: wavefunction(s)  1S renormalized
 
     Parallelization info
     --------------------
     sticks:   dense  smooth     PW     G-vecs:    dense   smooth      PW
     Min         764     305     83                36108     9133    1292
     Max         765     306     84                36110     9135    1293
     Sum       24467    9791   2657              1155489   292295   41363
 

     Subspace diagonalization in iterative solution of the eigenvalue problem:
     a serial algorithm will be used

     GIPAW projectors -----------------------------------------------
     atom=  C    l=0  rc=    1.2000  rs=    0.8000
     atom=  C    l=0  rc=    1.2000  rs=    0.8000
     atom=  C    l=1  rc=    1.4000  rs=    0.9333
     atom=  C    l=1  rc=    1.4000  rs=    0.9333
     projs nearly linearly dependent: l=1  n1,n2= 1, 2  s=  0.99951561
 
     atom=  Cl   l=0  rc=    1.6000  rs=    1.0667
     atom=  Cl   l=0  rc=    1.6000  rs=    1.0667
     atom=  Cl   l=1  rc=    1.6000  rs=    1.0667
     atom=  Cl   l=1  rc=    1.6000  rs=    1.0667
     atom=  Cl   l=2  rc=    1.6000  rs=    1.0667
     atom=  Cl   l=2  rc=    1.6000  rs=    1.0667
     projs nearly linearly dependent: l=2  n1,n2= 1, 2  s=  0.99993509
 
     atom=  H    l=0  rc=    1.0000  rs=    0.6667
     atom=  H    l=0  rc=    1.0000  rs=    0.6667
     projs nearly linearly dependent: l=0  n1,n2= 1, 2  s=  0.99968852
     -----------------------------------------------------------------
 
     GIPAW integrals: -------------------------------------------
     Atom  i/j   nmr_para   nmr_dia   epr_rmc  epr_para   epr_dia
       C   1 1   0.83E+03  0.17E-01  0.93E+01  0.24E+08  0.24E+03
       C   2 1   0.86E+03 -0.61E-01  0.94E+01  0.25E+08  0.25E+03
       C   2 2   0.90E+03 -0.15E+00  0.97E+01  0.26E+08  0.26E+03
       C   3 3   0.33E+01  0.34E+00  0.18E+01  0.55E+03  0.21E+02
       C   4 3   0.35E+01  0.37E+00  0.20E+01  0.59E+03  0.22E+02
       C   4 4   0.38E+01  0.39E+00  0.22E+01  0.63E+03  0.24E+02
       Cl  1 1   0.14E+04 -0.47E+00  0.84E+01  0.32E+09  0.42E+03
       Cl  2 1   0.21E+04 -0.37E+00  0.12E+02  0.49E+09  0.65E+03
       Cl  2 2   0.33E+04 -0.16E+00  0.21E+02  0.76E+09  0.10E+04
       Cl  3 3   0.21E+02  0.79E-01  0.89E+01  0.23E+05  0.13E+03
       Cl  4 3   0.24E+02  0.67E-01  0.99E+01  0.27E+05  0.15E+03
       Cl  4 4   0.28E+02  0.44E-01  0.11E+02  0.32E+05  0.18E+03
       Cl  5 5   0.77E+00  0.19E+00  0.18E+01  0.12E+03  0.22E+02
       Cl  6 5   0.80E+00  0.19E+00  0.19E+01  0.12E+03  0.23E+02
       Cl  6 6   0.83E+00  0.20E+00  0.19E+01  0.12E+03  0.23E+02
       H   1 1   0.39E+02  0.19E+00  0.29E+00  0.78E+05  0.13E+02
       H   2 1   0.41E+02  0.21E+00  0.32E+00  0.82E+05  0.14E+02
       H   2 2   0.43E+02  0.22E+00  0.36E+00  0.86E+05  0.15E+02
     ------------------------------------------------------------
 
     alpha_pv=     34.3750 eV
 
     Number of occupied bands for each k-point:
     k-point:     1    nbnd_occ=  42
     k-point:     2    nbnd_occ=  42
     k-point:     3    nbnd_occ=  42
     k-point:     4    nbnd_occ=  42
     k-point:     5    nbnd_occ=  42
     k-point:     6    nbnd_occ=  42
     k-point:     7    nbnd_occ=  42
     k-point:     8    nbnd_occ=  42
     k-point:     9    nbnd_occ=  42
     k-point:    10    nbnd_occ=  42
     k-point:    11    nbnd_occ=  42
     k-point:    12    nbnd_occ=  42
     k-point:    13    nbnd_occ=  42
     k-point:    14    nbnd_occ=  42
     k-point:    15    nbnd_occ=  42
     k-point:    16    nbnd_occ=  42
 
 
     q-space interpolation up to   110.00 Rydberg
 
     GIPAW job: efg                                                                             
 
 
     ELECTRIC FIELD GRADIENTS TENSORS IN Hartree/bohrradius^2:
 
     ----- bare term -----
     Cl   1       -0.035111        0.002421       -0.027030
     Cl   1        0.002421        0.006329       -0.018365
     Cl   1       -0.027030       -0.018365        0.028783
 
     C    2       -0.277397        0.087324       -0.296386
     C    2        0.087324       -0.111063       -0.519882
     C    2       -0.296386       -0.519882        0.388460
 
     C    3       -0.255397        0.245555       -0.212353
     C    3        0.245555       -0.206030       -0.504215
     C    3       -0.212353       -0.504215        0.461426
 
     H    4       -0.536408       -0.243943       -0.434617
     H    4       -0.243943        0.295252       -0.180429
     H    4       -0.434617       -0.180429        0.241156
 
     C    5       -0.420052        0.209375       -0.255196
     C    5        0.209375       -0.092728       -0.412952
     C    5       -0.255196       -0.412952        0.512781
 
     H    6        0.372721       -0.093686       -0.046135
     H    6       -0.093686       -0.496141       -0.522057
     H    6       -0.046135       -0.522057        0.123420
 
     H    7        0.373111        0.115772       -0.083778
     H    7        0.115772       -0.409679        0.560474
     H    7       -0.083778        0.560474        0.036568
 
     C    8       -0.334413       -0.259667       -0.340613
     C    8       -0.259667       -0.062620        0.418347
     C    8       -0.340613        0.418347        0.397033
 
     H    9       -0.468343        0.162017       -0.504699
     H    9        0.162017        0.314957        0.149723
     H    9       -0.504699        0.149723        0.153387
 
     C   10       -0.191304       -0.290441       -0.262501
     C   10       -0.290441       -0.190287        0.499102
     C   10       -0.262501        0.499102        0.381591
 
     C   11       -0.125742        0.007691       -0.380069
     C   11        0.007691       -0.082417        0.492622
     C   11       -0.380069        0.492622        0.208158
 
     Cl  12       -0.004174        0.066276       -0.032629
     Cl  12        0.066276        0.040743       -0.005393
     Cl  12       -0.032629       -0.005393       -0.036569
 
     H   13        0.363182       -0.108109       -0.074997
     H   13       -0.108109       -0.487152       -0.527659
     H   13       -0.074997       -0.527659        0.123970
 
     C   14       -0.429696        0.216019       -0.261900
     C   14        0.216019       -0.049600       -0.427475
     C   14       -0.261900       -0.427475        0.479297
 
     H   15       -0.465610       -0.256147       -0.430858
     H   15       -0.256147        0.295759       -0.190237
     H   15       -0.430858       -0.190237        0.169850
 
     C   16       -0.253311        0.228486       -0.192097
     C   16        0.228486       -0.195833       -0.529501
     C   16       -0.192097       -0.529501        0.449144
 
     C   17       -0.210223       -0.042943       -0.278532
     C   17       -0.042943       -0.116783       -0.513290
     C   17       -0.278532       -0.513290        0.327006
 
     Cl  18        0.023974       -0.019396       -0.021098
     Cl  18       -0.019396        0.000504        0.013961
     Cl  18       -0.021098        0.013961       -0.024478
 
     H   19        0.375314        0.109757       -0.072686
     H   19        0.109757       -0.438648        0.534405
     H   19       -0.072686        0.534405        0.063334
 
     C   20       -0.331905       -0.259777       -0.322476
     C   20       -0.259777       -0.076058        0.418093
     C   20       -0.322476        0.418093        0.407962
 
     H   21       -0.473898        0.180122       -0.460365
     H   21        0.180122        0.368151        0.168192
     H   21       -0.460365        0.168192        0.105747
 
     C   22       -0.201566       -0.278316       -0.250630
     C   22       -0.278316       -0.195726        0.511317
     C   22       -0.250630        0.511317        0.397292
 
     C   23       -0.171615       -0.094508       -0.379327
     C   23       -0.094508       -0.124957        0.496262
     C   23       -0.379327        0.496262        0.296572
 
     Cl  24        0.007525        0.012454       -0.009571
     Cl  24        0.012454       -0.021658        0.010766
     Cl  24       -0.009571        0.010766        0.014133
 
     ----- ionic term -----
     Cl   1        0.153126       -0.219614       -0.021798
     Cl   1       -0.219614        0.008536        0.035970
     Cl   1       -0.021798        0.035970       -0.161663
 
     C    2        0.274339       -0.181146        0.209097
     C    2       -0.181146        0.097016        0.426224
     C    2        0.209097        0.426224       -0.371355
 
     C    3        0.183967       -0.200950        0.157980
     C    3       -0.200950        0.175235        0.403897
     C    3        0.157980        0.403897       -0.359202
 
     H    4        0.725541        0.342659        0.592943
     H    4        0.342659       -0.408521        0.233425
     H    4        0.592943        0.233425       -0.317020
 
     C    5        0.341629       -0.166046        0.203335
     C    5       -0.166046        0.059461        0.308246
     C    5        0.203335        0.308246       -0.401089
 
     H    6       -0.512905        0.111946        0.061805
     H    6        0.111946        0.672282        0.712377
     H    6        0.061805        0.712377       -0.159376
 
     H    7       -0.511189       -0.139890        0.105950
     H    7       -0.139890        0.564625       -0.757705
     H    7        0.105950       -0.757705       -0.053436
 
     C    8        0.277466        0.208510        0.265532
     C    8        0.208510        0.034648       -0.313398
     C    8        0.265532       -0.313398       -0.312114
 
     H    9        0.645357       -0.220007        0.692811
     H    9       -0.220007       -0.451477       -0.191799
     H    9        0.692811       -0.191799       -0.193881
 
     C   10        0.131869        0.234478        0.191852
     C   10        0.234478        0.163508       -0.403236
     C   10        0.191852       -0.403236       -0.295376
 
     C   11        0.160517        0.138797        0.281933
     C   11        0.138797        0.094041       -0.401210
     C   11        0.281933       -0.401210       -0.254558
 
     Cl  12        0.109224        0.180057        0.008483
     Cl  12        0.180057        0.017418       -0.009012
     Cl  12        0.008483       -0.009012       -0.126642
 
     H   13       -0.502741        0.129123        0.089454
     H   13        0.129123        0.666298        0.715307
     H   13        0.089454        0.715307       -0.163557
 
     C   14        0.354405       -0.172251        0.205293
     C   14       -0.172251        0.023139        0.325471
     C   14        0.205293        0.325471       -0.377545
 
     H   15        0.654876        0.340133        0.597805
     H   15        0.340133       -0.413393        0.238929
     H   15        0.597805        0.238929       -0.241483
 
     C   16        0.177698       -0.185096        0.135446
     C   16       -0.185096        0.169474        0.420412
     C   16        0.135446        0.420412       -0.347172
 
     C   17        0.241513       -0.095319        0.183351
     C   17       -0.095319        0.100314        0.428471
     C   17        0.183351        0.428471       -0.341827
 
     Cl  18        0.127757       -0.202464       -0.047494
     Cl  18       -0.202464       -0.010741        0.026667
     Cl  18       -0.047494        0.026667       -0.117016
 
     H   19       -0.511451       -0.140307        0.097630
     H   19       -0.140307        0.598621       -0.729886
     H   19        0.097630       -0.729886       -0.087170
 
     C   20        0.275021        0.205370        0.251274
     C   20        0.205370        0.043517       -0.312861
     C   20        0.251274       -0.312861       -0.318538
 
     H   21        0.651361       -0.240175        0.646260
     H   21       -0.240175       -0.493405       -0.210965
     H   21        0.646260       -0.210965       -0.157955
 
     C   22        0.139199        0.226376        0.176852
     C   22        0.226376        0.169192       -0.412910
     C   22        0.176852       -0.412910       -0.308391
 
     C   23        0.183546        0.195076        0.284212
     C   23        0.195076        0.126182       -0.399107
     C   23        0.284212       -0.399107       -0.309728
 
     Cl  24        0.085708        0.219594       -0.011111
     Cl  24        0.219594        0.071888       -0.011365
     Cl  24       -0.011111       -0.011365       -0.157596
 
     ----- GIPAW term -----
     Cl   1        1.261370       -2.295157       -0.540471
     Cl   1       -2.295157        0.126797        0.185794
     Cl   1       -0.540471        0.185794       -1.388168
 
     C    2        0.022467       -0.114146       -0.075162
     C    2       -0.114146       -0.011556       -0.069187
     C    2       -0.075162       -0.069187       -0.010911
 
     C    3       -0.063202        0.031345       -0.046772
     C    3        0.031345       -0.017079       -0.081875
     C    3       -0.046772       -0.081875        0.080281
 
     H    4        0.000000       -0.000000       -0.000000
     H    4       -0.000000        0.000000        0.000000
     H    4       -0.000000        0.000000       -0.000000
 
     C    5       -0.051810        0.031316       -0.038509
     C    5        0.031316       -0.035749       -0.092322
     C    5       -0.038509       -0.092322        0.087559
 
     H    6        0.000000       -0.000000       -0.000000
     H    6       -0.000000        0.000000        0.000000
     H    6       -0.000000        0.000000       -0.000000
 
     H    7        0.000000       -0.000000       -0.000000
     H    7       -0.000000        0.000000        0.000000
     H    7       -0.000000        0.000000       -0.000000
 
     C    8       -0.035584       -0.038570       -0.058156
     C    8       -0.038570       -0.029695        0.090656
     C    8       -0.058156        0.090656        0.065279
 
     H    9        0.000000       -0.000000       -0.000000
     H    9       -0.000000        0.000000        0.000000
     H    9       -0.000000        0.000000       -0.000000
 
     C   10       -0.054807       -0.039431       -0.063375
     C   10       -0.039431       -0.011860        0.076489
     C   10       -0.063375        0.076489        0.066667
 
     C   11        0.049094        0.162049       -0.079460
     C   11        0.162049        0.019221        0.068047
     C   11       -0.079460        0.068047       -0.068315
 
     Cl  12        1.110227        2.614617       -0.272053
     Cl  12        2.614617        0.589088       -0.145541
     Cl  12       -0.272053       -0.145541       -1.699314
 
     H   13        0.000000       -0.000000       -0.000000
     H   13       -0.000000        0.000000        0.000000
     H   13       -0.000000        0.000000       -0.000000
 
     C   14       -0.049467        0.033480       -0.041755
     C   14        0.033480       -0.029828       -0.088222
     C   14       -0.041755       -0.088222        0.079296
 
     H   15        0.000000       -0.000000       -0.000000
     H   15       -0.000000        0.000000        0.000000
     H   15       -0.000000        0.000000       -0.000000
 
     C   16       -0.066934        0.029133       -0.051147
     C   16        0.029133       -0.015842       -0.090676
     C   16       -0.051147       -0.090676        0.082775
 
     C   17        0.056950       -0.151140       -0.087702
     C   17       -0.151140       -0.015418       -0.060449
     C   17       -0.087702       -0.060449       -0.041532
 
     Cl  18        1.572415       -2.344229       -0.759306
     Cl  18       -2.344229       -0.102005        0.425935
     Cl  18       -0.759306        0.425935       -1.470410
 
     H   19        0.000000       -0.000000       -0.000000
     H   19       -0.000000        0.000000        0.000000
     H   19       -0.000000        0.000000       -0.000000
 
     C   20       -0.034426       -0.040340       -0.055490
     C   20       -0.040340       -0.033766        0.092077
     C   20       -0.055490        0.092077        0.068192
 
     H   21        0.000000       -0.000000       -0.000000
     H   21       -0.000000        0.000000        0.000000
     H   21       -0.000000        0.000000       -0.000000
 
     C   22       -0.056240       -0.037130       -0.066121
     C   22       -0.037130       -0.013653        0.079172
     C   22       -0.066121        0.079172        0.069893
 
     C   23        0.029587        0.121685       -0.077496
     C   23        0.121685        0.010600        0.075164
     C   23       -0.077496        0.075164       -0.040187
 
     Cl  24        0.958597        2.443288       -0.251352
     Cl  24        2.443288        0.542868       -0.002651
     Cl  24       -0.251352       -0.002651       -1.501466
 
     ----- total EFG -----
     Cl   1        1.379385       -2.512350       -0.589299
     Cl   1       -2.512350        0.141663        0.203399
     Cl   1       -0.589299        0.203399       -1.521048
 
     C    2        0.019409       -0.207967       -0.162450
     C    2       -0.207967       -0.025603       -0.162845
     C    2       -0.162450       -0.162845        0.006193
 
     C    3       -0.134632        0.075951       -0.101144
     C    3        0.075951       -0.047873       -0.182193
     C    3       -0.101144       -0.182193        0.182505
 
     H    4        0.189133        0.098716        0.158326
     H    4        0.098716       -0.113270        0.052996
     H    4        0.158326        0.052996       -0.075864
 
     C    5       -0.130233        0.074645       -0.090369
     C    5        0.074645       -0.069017       -0.197029
     C    5       -0.090369       -0.197029        0.199250
 
     H    6       -0.140184        0.018260        0.015669
     H    6        0.018260        0.176141        0.190320
     H    6        0.015669        0.190320       -0.035956
 
     H    7       -0.138078       -0.024118        0.022172
     H    7       -0.024118        0.154946       -0.197231
     H    7        0.022172       -0.197231       -0.016868
 
     C    8       -0.092531       -0.089726       -0.133237
     C    8       -0.089726       -0.057667        0.195605
     C    8       -0.133237        0.195605        0.150198
 
     H    9        0.177014       -0.057990        0.188112
     H    9       -0.057990       -0.136520       -0.042077
     H    9        0.188112       -0.042077       -0.040494
 
     C   10       -0.114242       -0.095395       -0.134024
     C   10       -0.095395       -0.038640        0.172356
     C   10       -0.134024        0.172356        0.152881
 
     C   11        0.083869        0.308537       -0.177597
     C   11        0.308537        0.030846        0.159459
     C   11       -0.177597        0.159459       -0.114715
 
     Cl  12        1.215276        2.860949       -0.296199
     Cl  12        2.860949        0.647249       -0.159946
     Cl  12       -0.296199       -0.159946       -1.862526
 
     H   13       -0.139559        0.021014        0.014457
     H   13        0.021014        0.179146        0.187649
     H   13        0.014457        0.187649       -0.039587
 
     C   14       -0.124759        0.077248       -0.098362
     C   14        0.077248       -0.056289       -0.190226
     C   14       -0.098362       -0.190226        0.181048
 
     H   15        0.189266        0.083986        0.166947
     H   15        0.083986       -0.117633        0.048692
     H   15        0.166947        0.048692       -0.071633
 
     C   16       -0.142546        0.072523       -0.107797
     C   16        0.072523       -0.042201       -0.199765
     C   16       -0.107797       -0.199765        0.184747
 
     C   17        0.088239       -0.289402       -0.182883
     C   17       -0.289402       -0.031886       -0.145268
     C   17       -0.182883       -0.145268       -0.056353
 
     Cl  18        1.724145       -2.566089       -0.827898
     Cl  18       -2.566089       -0.112241        0.466563
     Cl  18       -0.827898        0.466563       -1.611904
 
     H   19       -0.136137       -0.030551        0.024944
     H   19       -0.030551        0.159973       -0.195481
     H   19        0.024944       -0.195481       -0.023835
 
     C   20       -0.091310       -0.094747       -0.126692
     C   20       -0.094747       -0.066306        0.197309
     C   20       -0.126692        0.197309        0.157616
 
     H   21        0.177463       -0.060053        0.185895
     H   21       -0.060053       -0.125254       -0.042772
     H   21        0.185895       -0.042772       -0.052208
 
     C   22       -0.118607       -0.089070       -0.139899
     C   22       -0.089070       -0.040187        0.177579
     C   22       -0.139899        0.177579        0.158795
 
     C   23        0.041518        0.222252       -0.172611
     C   23        0.222252        0.011824        0.172319
     C   23       -0.172611        0.172319       -0.053343
 
     Cl  24        1.051831        2.675336       -0.272034
     Cl  24        2.675336        0.593098       -0.003250
     Cl  24       -0.272034       -0.003250       -1.644929
 
     ----- total EFG (symmetrized) -----
     Cl   1        1.379385       -2.512350       -0.589299
     Cl   1       -2.512350        0.141663        0.203399
     Cl   1       -0.589299        0.203399       -1.521048
 
     C    2        0.019409       -0.207967       -0.162450
     C    2       -0.207967       -0.025603       -0.162845
     C    2       -0.162450       -0.162845        0.006193
 
     C    3       -0.134632        0.075951       -0.101144
     C    3        0.075951       -0.047873       -0.182193
     C    3       -0.101144       -0.182193        0.182505
 
     H    4        0.189133        0.098716        0.158326
     H    4        0.098716       -0.113270        0.052996
     H    4        0.158326        0.052996       -0.075864
 
     C    5       -0.130233        0.074645       -0.090369
     C    5        0.074645       -0.069017       -0.197029
     C    5       -0.090369       -0.197029        0.199250
 
     H    6       -0.140184        0.018260        0.015669
     H    6        0.018260        0.176141        0.190320
     H    6        0.015669        0.190320       -0.035956
 
     H    7       -0.138078       -0.024118        0.022172
     H    7       -0.024118        0.154946       -0.197231
     H    7        0.022172       -0.197231       -0.016868
 
     C    8       -0.092531       -0.089726       -0.133237
     C    8       -0.089726       -0.057667        0.195605
     C    8       -0.133237        0.195605        0.150198
 
     H    9        0.177014       -0.057990        0.188112
     H    9       -0.057990       -0.136520       -0.042077
     H    9        0.188112       -0.042077       -0.040494
 
     C   10       -0.114242       -0.095395       -0.134024
     C   10       -0.095395       -0.038640        0.172356
     C   10       -0.134024        0.172356        0.152881
 
     C   11        0.083869        0.308537       -0.177597
     C   11        0.308537        0.030846        0.159459
     C   11       -0.177597        0.159459       -0.114715
 
     Cl  12        1.215276        2.860949       -0.296199
     Cl  12        2.860949        0.647249       -0.159946
     Cl  12       -0.296199       -0.159946       -1.862526
 
     H   13       -0.139559        0.021014        0.014457
     H   13        0.021014        0.179146        0.187649
     H   13        0.014457        0.187649       -0.039587
 
     C   14       -0.124759        0.077248       -0.098362
     C   14        0.077248       -0.056289       -0.190226
     C   14       -0.098362       -0.190226        0.181048
 
     H   15        0.189266        0.083986        0.166947
     H   15        0.083986       -0.117633        0.048692
     H   15        0.166947        0.048692       -0.071633
 
     C   16       -0.142546        0.072523       -0.107797
     C   16        0.072523       -0.042201       -0.199765
     C   16       -0.107797       -0.199765        0.184747
 
     C   17        0.088239       -0.289402       -0.182883
     C   17       -0.289402       -0.031886       -0.145268
     C   17       -0.182883       -0.145268       -0.056353
 
     Cl  18        1.724145       -2.566089       -0.827898
     Cl  18       -2.566089       -0.112241        0.466563
     Cl  18       -0.827898        0.466563       -1.611904
 
     H   19       -0.136137       -0.030551        0.024944
     H   19       -0.030551        0.159973       -0.195481
     H   19        0.024944       -0.195481       -0.023835
 
     C   20       -0.091310       -0.094747       -0.126692
     C   20       -0.094747       -0.066306        0.197309
     C   20       -0.126692        0.197309        0.157616
 
     H   21        0.177463       -0.060053        0.185895
     H   21       -0.060053       -0.125254       -0.042772
     H   21        0.185895       -0.042772       -0.052208
 
     C   22       -0.118607       -0.089070       -0.139899
     C   22       -0.089070       -0.040187        0.177579
     C   22       -0.139899        0.177579        0.158795
 
     C   23        0.041518        0.222252       -0.172611
     C   23        0.222252        0.011824        0.172319
     C   23       -0.172611        0.172319       -0.053343
 
     Cl  24        1.051831        2.675336       -0.272034
     Cl  24        2.675336        0.593098       -0.003250
     Cl  24       -0.272034       -0.003250       -1.644929
 
 
     NQR/NMR SPECTROSCOPIC PARAMETERS:
     Cl   1    Vxx=   -1.4754    axis=( -0.224358 -0.456845  0.860788)
     Cl   1    Vyy=   -1.9430    axis=( -0.578245 -0.648589 -0.494940)
     Cl   1    Vzz=    3.4184    axis=( -0.784408  0.608790  0.118653)
     Cl   1  Q=        -8.1650 1e-30 m^2  Cq=       -65.5802 MHz  eta= 0.13679
 
     C    2    Vxx=    0.1495    axis=( -0.220121 -0.511278  0.830748)
     C    2    Vyy=    0.2080    axis=(  0.789329 -0.593749 -0.156272)
     C    2    Vzz=   -0.3575    axis=(  0.573154  0.621335  0.534263)
     C    2  Q=         1.0000 1e-30 m^2  Cq=        -0.8399 MHz  eta= 0.16379
 
     C    3    Vxx=   -0.1387    axis=(  0.467584  0.697614  0.542862)
     C    3    Vyy=   -0.1789    axis=(  0.842583 -0.537420 -0.035123)
     C    3    Vzz=    0.3176    axis=( -0.267242 -0.473830  0.839087)
     C    3  Q=         1.0000 1e-30 m^2  Cq=         0.7462 MHz  eta= 0.12630
 
     H    4    Vxx=   -0.1402    axis=( -0.430044  0.816277  0.385685)
     H    4    Vyy=   -0.1536    axis=( -0.233645 -0.513279  0.825805)
     H    4    Vzz=    0.2938    axis=( -0.872050 -0.265019 -0.411452)
     H    4  Q=         1.0000 1e-30 m^2  Cq=         0.6904 MHz  eta= 0.04548
 
     C    5    Vxx=   -0.1419    axis=(  0.781187  0.428216  0.454289)
     C    5    Vyy=   -0.1902    axis=(  0.575687 -0.775622 -0.258834)
     C    5    Vzz=    0.3320    axis=( -0.241519 -0.463726  0.852424)
     C    5  Q=         1.0000 1e-30 m^2  Cq=         0.7802 MHz  eta= 0.14547
 
     H    6    Vxx=   -0.1393    axis=(  0.891517 -0.270706  0.363202)
     H    6    Vyy=   -0.1499    axis=( -0.449628 -0.431354  0.782156)
     H    6    Vzz=    0.2893    axis=(  0.055065  0.860611  0.506277)
     H    6  Q=         1.0000 1e-30 m^2  Cq=         0.6797 MHz  eta= 0.03657
 
     H    7    Vxx=   -0.1373    axis=(  0.852790  0.338663  0.397564)
     H    7    Vyy=   -0.1493    axis=(  0.516709 -0.436496 -0.736534)
     H    7    Vzz=    0.2866    axis=(  0.075902 -0.833534  0.547230)
     H    7  Q=         1.0000 1e-30 m^2  Cq=         0.6735 MHz  eta= 0.04183
 
     C    8    Vxx=   -0.1511    axis=( -0.889387  0.085896 -0.449014)
     C    8    Vyy=   -0.1777    axis=( -0.286954 -0.869489  0.402053)
     C    8    Vzz=    0.3289    axis=( -0.355878  0.486427  0.797960)
     C    8  Q=         1.0000 1e-30 m^2  Cq=         0.7727 MHz  eta= 0.08087
 
     H    9    Vxx=   -0.1413    axis=(  0.447180  0.716212 -0.535789)
     H    9    Vyy=   -0.1560    axis=( -0.267994  0.678785  0.683689)
     H    9    Vzz=    0.2973    axis=( -0.853352  0.162144 -0.495480)
     H    9  Q=         1.0000 1e-30 m^2  Cq=         0.6984 MHz  eta= 0.04964
 
     C   10    Vxx=   -0.1358    axis=( -0.286185  0.758323 -0.585700)
     C   10    Vyy=   -0.1809    axis=( -0.889676 -0.437268 -0.131429)
     C   10    Vzz=    0.3167    axis=( -0.355774  0.483470  0.799801)
     C   10  Q=         1.0000 1e-30 m^2  Cq=         0.7441 MHz  eta= 0.14262
 
     C   11    Vxx=    0.0627    axis=( -0.361961  0.483571  0.796959)
     C   11    Vyy=    0.3684    axis=( -0.750466 -0.658306  0.058596)
     C   11    Vzz=   -0.4311    axis=(  0.552978 -0.576881  0.601185)
     C   11  Q=         1.0000 1e-30 m^2  Cq=        -1.0129 MHz  eta= 0.70910
 
     Cl  12    Vxx=   -1.8265    axis=( -0.343396  0.450427  0.824133)
     Cl  12    Vyy=   -1.9985    axis=(  0.577670 -0.590582  0.563481)
     Cl  12    Vzz=    3.8251    axis=( -0.740525 -0.669574  0.057395)
     Cl  12  Q=        -8.1650 1e-30 m^2  Cq=       -73.3820 MHz  eta= 0.04497
 
     H   13    Vxx=   -0.1405    axis=(  0.957090 -0.190926  0.218006)
     H   13    Vyy=   -0.1480    axis=( -0.283662 -0.463315  0.839569)
     H   13    Vzz=    0.2885    axis=(  0.059290  0.865383  0.497592)
     H   13  Q=         1.0000 1e-30 m^2  Cq=         0.6778 MHz  eta= 0.02623
 
     C   14    Vxx=   -0.1413    axis=(  0.704659  0.495754  0.507625)
     C   14    Vyy=   -0.1796    axis=(  0.657197 -0.725715 -0.203543)
     C   14    Vzz=    0.3209    axis=( -0.267484 -0.477038  0.837190)
     C   14  Q=         1.0000 1e-30 m^2  Cq=         0.7539 MHz  eta= 0.11945
 
     H   15    Vxx=   -0.1375    axis=( -0.365029  0.892314  0.265575)
     H   15    Vyy=   -0.1560    axis=( -0.322679 -0.388838  0.862950)
     H   15    Vzz=    0.2935    axis=( -0.873288 -0.229306 -0.429868)
     H   15  Q=         1.0000 1e-30 m^2  Cq=         0.6896 MHz  eta= 0.06303
 
     C   16    Vxx=   -0.1555    axis=(  0.332132  0.763668  0.553623)
     C   16    Vyy=   -0.1807    axis=(  0.906262 -0.421081  0.037151)
     C   16    Vzz=    0.3361    axis=( -0.261491 -0.489389  0.831938)
     C   16  Q=         1.0000 1e-30 m^2  Cq=         0.7898 MHz  eta= 0.07492
 
     C   17    Vxx=    0.0821    axis=( -0.207040 -0.525762  0.825051)
     C   17    Vyy=    0.3321    axis=(  0.802960 -0.573108 -0.163716)
     C   17    Vzz=   -0.4142    axis=(  0.558918  0.628587  0.540822)
     C   17  Q=         1.0000 1e-30 m^2  Cq=        -0.9732 MHz  eta= 0.60351
 
     Cl  18    Vxx=   -1.7331    axis=( -0.129593 -0.458287  0.879306)
     Cl  18    Vyy=   -1.9667    axis=( -0.576669 -0.686560 -0.442819)
     Cl  18    Vzz=    3.6997    axis=(  0.806634 -0.564455 -0.175307)
     Cl  18  Q=        -8.1650 1e-30 m^2  Cq=       -70.9775 MHz  eta= 0.06315
 
     H   19    Vxx=   -0.1376    axis=( -0.906991 -0.292271 -0.303226)
     H   19    Vyy=   -0.1501    axis=( -0.410975  0.456915  0.788878)
     H   19    Vzz=    0.2877    axis=(  0.092017 -0.840123  0.534534)
     H   19  Q=         1.0000 1e-30 m^2  Cq=         0.6760 MHz  eta= 0.04313
 
     C   20    Vxx=   -0.1424    axis=( -0.857070  0.182323 -0.481861)
     C   20    Vyy=   -0.1887    axis=( -0.378841 -0.856885  0.349610)
     C   20    Vzz=    0.3311    axis=( -0.349157  0.482189  0.803482)
     C   20  Q=         1.0000 1e-30 m^2  Cq=         0.7779 MHz  eta= 0.13989
 
     H   21    Vxx=   -0.1350    axis=(  0.315508  0.919824 -0.233193)
     H   21    Vyy=   -0.1589    axis=( -0.403632  0.352494  0.844292)
     H   21    Vzz=    0.2939    axis=( -0.858799  0.172257 -0.482485)
     H   21  Q=         1.0000 1e-30 m^2  Cq=         0.6907 MHz  eta= 0.08140
 
     C   22    Vxx=   -0.1434    axis=( -0.141100  0.823598 -0.549342)
     C   22    Vyy=   -0.1814    axis=( -0.926001 -0.306062 -0.221016)
     C   22    Vzz=    0.3248    axis=( -0.350161  0.477506  0.805838)
     C   22  Q=         1.0000 1e-30 m^2  Cq=         0.7632 MHz  eta= 0.11719
 
     C   23    Vxx=    0.1289    axis=( -0.368902  0.475289  0.798756)
     C   23    Vyy=    0.2498    axis=(  0.747454  0.662504 -0.049006)
     C   23    Vzz=   -0.3787    axis=( -0.552471  0.578955 -0.599656)
     C   23  Q=         1.0000 1e-30 m^2  Cq=        -0.8899 MHz  eta= 0.31926
 
     Cl  24    Vxx=   -1.5482    axis=( -0.312370  0.391585  0.865498)
     Cl  24    Vyy=   -1.9674    axis=(  0.599360 -0.625617  0.499371)
     Cl  24    Vzz=    3.5156    axis=( -0.737016 -0.674733  0.039276)
     Cl  24  Q=        -8.1650 1e-30 m^2  Cq=       -67.4446 MHz  eta= 0.11922
 
     Initialization:
     gipaw_setup  :      0.17s CPU      0.30s WALL (       1 calls)
 
     Linear response
 
     Apply operators
 
     Induced current
 
     Other routines
     efg          :      0.68s CPU      0.78s WALL (       1 calls)
 
     General routines
     calbec       :      0.06s CPU      0.06s WALL (      16 calls)
     fft          :      0.08s CPU      0.10s WALL (      15 calls)
     ffts         :      0.00s CPU      0.00s WALL (       2 calls)
     fftw         :      0.44s CPU      0.44s WALL (     672 calls)
     davcio       :      0.02s CPU      0.07s WALL (      32 calls)
 
     Parallel routines
     fft_scatter  :      0.28s CPU      0.32s WALL (     689 calls)
 
     Plugins
 
     GIPAW        :      3.82s CPU      4.61s WALL (       1 calls)
