
     Program QE v.6.0 starts on 20May2017 at 13:48:13 

     This program is part of the open-source Quantum ESPRESSO suite
     for quantum simulation of materials; please cite
         "P. Giannozzi et al., J. Phys.:Condens. Matter 21 395502 (2009);
          URL http://www.quantum-espresso.org", 
     in publications or presentations arising from this work. More details at
     http://www.quantum-espresso.org/quote
 
           ARCH :    x86_64
             CC :    icc
            CPP :    cpp
            F90 :    ifort
            F77 :    ifort
         DFLAGS :    -D__INTEL -D__DFTI
      BLAS LIBS :    -lmkl_intel_lp64  -lmkl_sequential -lmkl_core
    LAPACK LIBS :    
       FFT LIBS :    
      MASS LIBS :    

     Parallel version (MPI & OpenMP), running on      32 processor cores
     Number of MPI processes:                32
     Threads/MPI process:                     1
     R & G space division:  proc/nbgrp/npool/nimage =      32
 
     ***** This is GIPAW svn revision unknown      *****
 
     Parallelizing q-star over 1 images

     Reading data from directory:
     ./scratch/scf-411.save

   Info: using nr1, nr2, nr3 values from input

   Info: using nr1, nr2, nr3 values from input

     IMPORTANT: XC functional enforced from input :
     Exchange-correlation      =  SLA  PW   PBX  PBC ( 1  4  3  4 0 0)
     Any further DFT definition will be discarded
     Please, verify this is what you really want

               file C.pbe-n-kjpaw_psl.1.0.0.UPF: wavefunction(s)  2S 2P renormalized
               file Cl.pbe-n-kjpaw_psl.1.0.0.UPF: wavefunction(s)  3S 3P renormalized
               file H.pbe-kjpaw_psl.1.0.0.UPF: wavefunction(s)  1S renormalized
 
     Parallelization info
     --------------------
     sticks:   dense  smooth     PW     G-vecs:    dense   smooth      PW
     Min         764     305     83                36108     9133    1292
     Max         765     306     84                36110     9135    1293
     Sum       24467    9791   2657              1155489   292295   41363
 

     Subspace diagonalization in iterative solution of the eigenvalue problem:
     a serial algorithm will be used

     GIPAW projectors -----------------------------------------------
     atom=  C    l=0  rc=    1.2000  rs=    0.8000
     atom=  C    l=0  rc=    1.2000  rs=    0.8000
     atom=  C    l=1  rc=    1.4000  rs=    0.9333
     atom=  C    l=1  rc=    1.4000  rs=    0.9333
     projs nearly linearly dependent: l=1  n1,n2= 1, 2  s=  0.99951561
 
     atom=  Cl   l=0  rc=    1.6000  rs=    1.0667
     atom=  Cl   l=0  rc=    1.6000  rs=    1.0667
     atom=  Cl   l=1  rc=    1.6000  rs=    1.0667
     atom=  Cl   l=1  rc=    1.6000  rs=    1.0667
     atom=  Cl   l=2  rc=    1.6000  rs=    1.0667
     atom=  Cl   l=2  rc=    1.6000  rs=    1.0667
     projs nearly linearly dependent: l=2  n1,n2= 1, 2  s=  0.99993509
 
     atom=  H    l=0  rc=    1.0000  rs=    0.6667
     atom=  H    l=0  rc=    1.0000  rs=    0.6667
     projs nearly linearly dependent: l=0  n1,n2= 1, 2  s=  0.99968852
     -----------------------------------------------------------------
 
     GIPAW integrals: -------------------------------------------
     Atom  i/j   nmr_para   nmr_dia   epr_rmc  epr_para   epr_dia
       C   1 1   0.83E+03  0.17E-01  0.93E+01  0.24E+08  0.24E+03
       C   2 1   0.86E+03 -0.61E-01  0.94E+01  0.25E+08  0.25E+03
       C   2 2   0.90E+03 -0.15E+00  0.97E+01  0.26E+08  0.26E+03
       C   3 3   0.33E+01  0.34E+00  0.18E+01  0.55E+03  0.21E+02
       C   4 3   0.35E+01  0.37E+00  0.20E+01  0.59E+03  0.22E+02
       C   4 4   0.38E+01  0.39E+00  0.22E+01  0.63E+03  0.24E+02
       Cl  1 1   0.14E+04 -0.47E+00  0.84E+01  0.32E+09  0.42E+03
       Cl  2 1   0.21E+04 -0.37E+00  0.12E+02  0.49E+09  0.65E+03
       Cl  2 2   0.33E+04 -0.16E+00  0.21E+02  0.76E+09  0.10E+04
       Cl  3 3   0.21E+02  0.79E-01  0.89E+01  0.23E+05  0.13E+03
       Cl  4 3   0.24E+02  0.67E-01  0.99E+01  0.27E+05  0.15E+03
       Cl  4 4   0.28E+02  0.44E-01  0.11E+02  0.32E+05  0.18E+03
       Cl  5 5   0.77E+00  0.19E+00  0.18E+01  0.12E+03  0.22E+02
       Cl  6 5   0.80E+00  0.19E+00  0.19E+01  0.12E+03  0.23E+02
       Cl  6 6   0.83E+00  0.20E+00  0.19E+01  0.12E+03  0.23E+02
       H   1 1   0.39E+02  0.19E+00  0.29E+00  0.78E+05  0.13E+02
       H   2 1   0.41E+02  0.21E+00  0.32E+00  0.82E+05  0.14E+02
       H   2 2   0.43E+02  0.22E+00  0.36E+00  0.86E+05  0.15E+02
     ------------------------------------------------------------
 
     alpha_pv=     34.2912 eV
 
     Number of occupied bands for each k-point:
     k-point:     1    nbnd_occ=  42
     k-point:     2    nbnd_occ=  42
     k-point:     3    nbnd_occ=  42
     k-point:     4    nbnd_occ=  42
     k-point:     5    nbnd_occ=  42
     k-point:     6    nbnd_occ=  42
     k-point:     7    nbnd_occ=  42
     k-point:     8    nbnd_occ=  42
     k-point:     9    nbnd_occ=  42
     k-point:    10    nbnd_occ=  42
     k-point:    11    nbnd_occ=  42
     k-point:    12    nbnd_occ=  42
     k-point:    13    nbnd_occ=  42
     k-point:    14    nbnd_occ=  42
     k-point:    15    nbnd_occ=  42
     k-point:    16    nbnd_occ=  42
 
 
     q-space interpolation up to   110.00 Rydberg
 
     GIPAW job: efg                                                                             
 
 
     ELECTRIC FIELD GRADIENTS TENSORS IN Hartree/bohrradius^2:
 
     ----- bare term -----
     Cl   1        0.005889       -0.061353       -0.004448
     Cl   1       -0.061353       -0.005775       -0.025376
     Cl   1       -0.004448       -0.025376       -0.000114
 
     C    2       -0.051293        0.061443       -0.455219
     C    2        0.061443       -0.128407       -0.460321
     C    2       -0.455219       -0.460321        0.179700
 
     C    3       -0.122177        0.331375       -0.376558
     C    3        0.331375       -0.268558       -0.410129
     C    3       -0.376558       -0.410129        0.390734
 
     H    4       -0.408814       -0.193338       -0.520310
     H    4       -0.193338        0.302161       -0.184630
     H    4       -0.520310       -0.184630        0.106653
 
     C    5       -0.275472        0.266530       -0.449895
     C    5        0.266530       -0.144457       -0.323024
     C    5       -0.449895       -0.323024        0.419929
 
     H    6        0.357497       -0.058102       -0.038554
     H    6       -0.058102       -0.473681       -0.498527
     H    6       -0.038554       -0.498527        0.116185
 
     H    7        0.351094        0.182399       -0.071415
     H    7        0.182399       -0.632680        0.371405
     H    7       -0.071415        0.371405        0.281586
 
     C    8       -0.447394       -0.117107       -0.185440
     C    8       -0.117107       -0.248463        0.316786
     C    8       -0.185440        0.316786        0.695857
 
     H    9       -0.601108        0.308530       -0.278428
     H    9        0.308530        0.216647        0.144312
     H    9       -0.278428        0.144312        0.384461
 
     C   10       -0.285620       -0.191312       -0.151149
     C   10       -0.191312       -0.380903        0.399495
     C   10       -0.151149        0.399495        0.666523
 
     C   11       -0.352915        0.109688       -0.191093
     C   11        0.109688       -0.224274        0.393864
     C   11       -0.191093        0.393864        0.577189
 
     Cl  12        0.024379        0.002661       -0.012082
     Cl  12        0.002661       -0.029816        0.007220
     Cl  12       -0.012082        0.007220        0.005437
 
     H   13        0.387510       -0.052573       -0.038894
     H   13       -0.052573       -0.486028       -0.502456
     H   13       -0.038894       -0.502456        0.098518
 
     C   14       -0.239010        0.294957       -0.429017
     C   14        0.294957       -0.096950       -0.364791
     C   14       -0.429017       -0.364791        0.335960
 
     H   15       -0.296772       -0.178438       -0.557188
     H   15       -0.178438        0.286961       -0.203328
     H   15       -0.557188       -0.203328        0.009810
 
     C   16       -0.120359        0.328385       -0.324463
     C   16        0.328385       -0.246934       -0.454272
     C   16       -0.324463       -0.454272        0.367293
 
     C   17       -0.169869        0.169465       -0.401743
     C   17        0.169465       -0.158579       -0.489103
     C   17       -0.401743       -0.489103        0.328447
 
     Cl  18       -0.039433        0.041328       -0.028740
     Cl  18        0.041328        0.011564       -0.011940
     Cl  18       -0.028740       -0.011940        0.027869
 
     H   19        0.363899        0.190283       -0.057646
     H   19        0.190283       -0.647949        0.358351
     H   19       -0.057646        0.358351        0.284050
 
     C   20       -0.435867       -0.103648       -0.173844
     C   20       -0.103648       -0.255586        0.310940
     C   20       -0.173844        0.310940        0.691453
 
     H   21       -0.614871        0.281827       -0.279191
     H   21        0.281827        0.254023        0.130419
     H   21       -0.279191        0.130419        0.360848
 
     C   22       -0.290360       -0.179182       -0.151282
     C   22       -0.179182       -0.375155        0.388784
     C   22       -0.151282        0.388784        0.665515
 
     C   23       -0.311680        0.103513       -0.188634
     C   23        0.103513       -0.264149        0.396423
     C   23       -0.188634        0.396423        0.575829
 
     Cl  24        0.012016        0.048572       -0.009528
     Cl  24        0.048572       -0.025215        0.001020
     Cl  24       -0.009528        0.001020        0.013198
 
     ----- ionic term -----
     Cl   1        0.114262       -0.177153        0.053802
     Cl   1       -0.177153        0.035811       -0.029420
     Cl   1        0.053802       -0.029420       -0.150073
 
     C    2        0.099070       -0.187114        0.378063
     C    2       -0.187114        0.122456        0.348760
     C    2        0.378063        0.348760       -0.221526
 
     C    3        0.074926       -0.268557        0.278789
     C    3       -0.268557        0.224828        0.323971
     C    3        0.278789        0.323971       -0.299754
 
     H    4        0.556971        0.272337        0.710467
     H    4        0.272337       -0.422195        0.241574
     H    4        0.710467        0.241574       -0.134776
 
     C    5        0.221441       -0.208499        0.361436
     C    5       -0.208499        0.107546        0.238193
     C    5        0.361436        0.238193       -0.328988
 
     H    6       -0.506201        0.055288        0.043682
     H    6        0.055288        0.653228        0.692403
     H    6        0.043682        0.692403       -0.147027
 
     H    7       -0.487890       -0.232076        0.096079
     H    7       -0.232076        0.855648       -0.522657
     H    7        0.096079       -0.522657       -0.367757
 
     C    8        0.361338        0.089793        0.145328
     C    8        0.089793        0.187299       -0.233552
     C    8        0.145328       -0.233552       -0.548637
 
     H    9        0.832052       -0.416840        0.381569
     H    9       -0.416840       -0.326389       -0.177095
     H    9        0.381569       -0.177095       -0.505663
 
     C   10        0.199715        0.163474        0.112288
     C   10        0.163474        0.318288       -0.315954
     C   10        0.112288       -0.315954       -0.518003
 
     C   11        0.361991        0.027571        0.125467
     C   11        0.027571        0.171028       -0.321084
     C   11        0.125467       -0.321084       -0.533018
 
     Cl  12        0.179067        0.201763       -0.022523
     Cl  12        0.201763       -0.028263       -0.016285
     Cl  12       -0.022523       -0.016285       -0.150804
 
     H   13       -0.534346        0.055186        0.045402
     H   13        0.055186        0.668380        0.695680
     H   13        0.045402        0.695680       -0.134034
 
     C   14        0.200150       -0.229019        0.337925
     C   14       -0.229019        0.060760        0.275935
     C   14        0.337925        0.275935       -0.260911
 
     H   15        0.427042        0.237039        0.762273
     H   15        0.237039       -0.418277        0.255488
     H   15        0.762273        0.255488       -0.008764
 
     C   16        0.082753       -0.268706        0.242593
     C   16       -0.268706        0.208877        0.367542
     C   16        0.242593        0.367542       -0.291630
 
     C   17        0.188300       -0.239398        0.313163
     C   17       -0.239398        0.144414        0.380061
     C   17        0.313163        0.380061       -0.332714
 
     Cl  18        0.157831       -0.257840        0.021341
     Cl  18       -0.257840        0.013649       -0.005570
     Cl  18        0.021341       -0.005570       -0.171480
 
     H   19       -0.497232       -0.241847        0.084255
     H   19       -0.241847        0.871385       -0.505879
     H   19        0.084255       -0.505879       -0.374153
 
     C   20        0.357163        0.080240        0.138484
     C   20        0.080240        0.192717       -0.230777
     C   20        0.138484       -0.230777       -0.549880
 
     H   21        0.847651       -0.398926        0.381167
     H   21       -0.398926       -0.359856       -0.166705
     H   21        0.381167       -0.166705       -0.487795
 
     C   22        0.202873        0.154455        0.112850
     C   22        0.154455        0.316378       -0.310838
     C   22        0.112850       -0.310838       -0.519251
 
     C   23        0.318998        0.040343        0.121772
     C   23        0.040343        0.219169       -0.328420
     C   23        0.121772       -0.328420       -0.538167
 
     Cl  24        0.130388        0.178486       -0.034078
     Cl  24        0.178486        0.021285       -0.020392
     Cl  24       -0.034078       -0.020392       -0.151673
 
     ----- GIPAW term -----
     Cl   1        1.262874       -2.502993        0.497402
     Cl   1       -2.502993        0.307019       -0.588154
     Cl   1        0.497402       -0.588154       -1.569893
 
     C    2        0.060581       -0.145810       -0.049520
     C    2       -0.145810       -0.000086       -0.094473
     C    2       -0.049520       -0.094473       -0.060495
 
     C    3       -0.042404        0.046426       -0.084055
     C    3        0.046426       -0.025885       -0.071457
     C    3       -0.084055       -0.071457        0.068288
 
     H    4        0.000000       -0.000000       -0.000000
     H    4       -0.000000        0.000000        0.000000
     H    4       -0.000000        0.000000       -0.000000
 
     C    5       -0.033697        0.045390       -0.066268
     C    5        0.045390       -0.037685       -0.073660
     C    5       -0.066268       -0.073660        0.071381
 
     H    6        0.000000       -0.000000       -0.000000
     H    6       -0.000000        0.000000        0.000000
     H    6       -0.000000        0.000000       -0.000000
 
     H    7        0.000000       -0.000000       -0.000000
     H    7       -0.000000        0.000000        0.000000
     H    7       -0.000000        0.000000       -0.000000
 
     C    8       -0.057931       -0.019164       -0.029363
     C    8       -0.019164       -0.060507        0.072004
     C    8       -0.029363        0.072004        0.118438
 
     H    9        0.000000       -0.000000       -0.000000
     H    9       -0.000000        0.000000        0.000000
     H    9       -0.000000        0.000000       -0.000000
 
     C   10       -0.077070       -0.018486       -0.032605
     C   10       -0.018486       -0.042907        0.068267
     C   10       -0.032605        0.068267        0.119976
 
     C   11        0.042297        0.148115       -0.059481
     C   11        0.148115       -0.049136        0.053003
     C   11       -0.059481        0.053003        0.006839
 
     Cl  12        2.150227        2.155572       -0.395983
     Cl  12        2.155572       -0.646933       -0.083888
     Cl  12       -0.395983       -0.083888       -1.503293
 
     H   13        0.000000       -0.000000       -0.000000
     H   13       -0.000000        0.000000        0.000000
     H   13       -0.000000        0.000000       -0.000000
 
     C   14       -0.018236        0.051043       -0.068682
     C   14        0.051043       -0.038545       -0.078973
     C   14       -0.068682       -0.078973        0.056781
 
     H   15        0.000000       -0.000000       -0.000000
     H   15       -0.000000        0.000000        0.000000
     H   15       -0.000000        0.000000       -0.000000
 
     C   16       -0.035010        0.043385       -0.070553
     C   16        0.043385       -0.023926       -0.069016
     C   16       -0.070553       -0.069016        0.058935
 
     C   17        0.039222       -0.092941       -0.070487
     C   17       -0.092941       -0.005424       -0.088884
     C   17       -0.070487       -0.088884       -0.033798
 
     Cl  18        1.235026       -2.299923       -0.123593
     Cl  18       -2.299923        0.250702       -0.199279
     Cl  18       -0.123593       -0.199279       -1.485727
 
     H   19        0.000000       -0.000000       -0.000000
     H   19       -0.000000        0.000000        0.000000
     H   19       -0.000000        0.000000       -0.000000
 
     C   20       -0.050900       -0.014858       -0.025970
     C   20       -0.014858       -0.061474        0.069555
     C   20       -0.025970        0.069555        0.112374
 
     H   21        0.000000       -0.000000       -0.000000
     H   21       -0.000000        0.000000        0.000000
     H   21       -0.000000        0.000000       -0.000000
 
     C   22       -0.078856       -0.012602       -0.033173
     C   22       -0.012602       -0.039149        0.064411
     C   22       -0.033173        0.064411        0.118005
 
     C   23        0.034683        0.156031       -0.061188
     C   23        0.156031       -0.035572        0.047508
     C   23       -0.061188        0.047508        0.000889
 
     Cl  24        1.502199        2.381473       -0.496660
     Cl  24        2.381473       -0.060897       -0.207161
     Cl  24       -0.496660       -0.207161       -1.441302
 
     ----- total EFG -----
     Cl   1        1.383025       -2.741498        0.546756
     Cl   1       -2.741498        0.337055       -0.642950
     Cl   1        0.546756       -0.642950       -1.720080
 
     C    2        0.108358       -0.271480       -0.126676
     C    2       -0.271480       -0.006037       -0.206033
     C    2       -0.126676       -0.206033       -0.102322
 
     C    3       -0.089655        0.109245       -0.181824
     C    3        0.109245       -0.069614       -0.157615
     C    3       -0.181824       -0.157615        0.159269
 
     H    4        0.148157        0.078999        0.190157
     H    4        0.078999       -0.120034        0.056944
     H    4        0.190157        0.056944       -0.028123
 
     C    5       -0.087728        0.103421       -0.154728
     C    5        0.103421       -0.074595       -0.158491
     C    5       -0.154728       -0.158491        0.162323
 
     H    6       -0.148704       -0.002814        0.005127
     H    6       -0.002814        0.179547        0.193876
     H    6        0.005127        0.193876       -0.030842
 
     H    7       -0.136796       -0.049676        0.024664
     H    7       -0.049676        0.222968       -0.151252
     H    7        0.024664       -0.151252       -0.086172
 
     C    8       -0.143987       -0.046478       -0.069476
     C    8       -0.046478       -0.121671        0.155238
     C    8       -0.069476        0.155238        0.265658
 
     H    9        0.230944       -0.108310        0.103142
     H    9       -0.108310       -0.109742       -0.032784
     H    9        0.103142       -0.032784       -0.121202
 
     C   10       -0.162975       -0.046324       -0.071466
     C   10       -0.046324       -0.105522        0.151808
     C   10       -0.071466        0.151808        0.268497
 
     C   11        0.051372        0.285374       -0.125107
     C   11        0.285374       -0.102382        0.125783
     C   11       -0.125107        0.125783        0.051010
 
     Cl  12        2.353673        2.359996       -0.430588
     Cl  12        2.359996       -0.705012       -0.092954
     Cl  12       -0.430588       -0.092954       -1.648661
 
     H   13       -0.146836        0.002613        0.006508
     H   13        0.002613        0.182352        0.193224
     H   13        0.006508        0.193224       -0.035516
 
     C   14       -0.057096        0.116980       -0.159774
     C   14        0.116980       -0.074734       -0.167828
     C   14       -0.159774       -0.167828        0.131830
 
     H   15        0.130270        0.058601        0.205086
     H   15        0.058601       -0.131316        0.052160
     H   15        0.205086        0.052160        0.001046
 
     C   16       -0.072615        0.103064       -0.152423
     C   16        0.103064       -0.061983       -0.155746
     C   16       -0.152423       -0.155746        0.134598
 
     C   17        0.057654       -0.162874       -0.159067
     C   17       -0.162874       -0.019589       -0.197925
     C   17       -0.159067       -0.197925       -0.038065
 
     Cl  18        1.353424       -2.516435       -0.130992
     Cl  18       -2.516435        0.275914       -0.216788
     Cl  18       -0.130992       -0.216788       -1.629339
 
     H   19       -0.133333       -0.051564        0.026609
     H   19       -0.051564        0.223436       -0.147527
     H   19        0.026609       -0.147527       -0.090103
 
     C   20       -0.129604       -0.038265       -0.061330
     C   20       -0.038265       -0.124343        0.149718
     C   20       -0.061330        0.149718        0.253947
 
     H   21        0.232780       -0.117100        0.101975
     H   21       -0.117100       -0.105833       -0.036286
     H   21        0.101975       -0.036286       -0.126947
 
     C   22       -0.166343       -0.037330       -0.071606
     C   22       -0.037330       -0.097926        0.142358
     C   22       -0.071606        0.142358        0.264269
 
     C   23        0.042001        0.299887       -0.128050
     C   23        0.299887       -0.080552        0.115510
     C   23       -0.128050        0.115510        0.038551
 
     Cl  24        1.644603        2.608530       -0.540266
     Cl  24        2.608530       -0.064827       -0.226534
     Cl  24       -0.540266       -0.226534       -1.579776
 
     ----- total EFG (symmetrized) -----
     Cl   1        1.383025       -2.741498        0.546756
     Cl   1       -2.741498        0.337055       -0.642950
     Cl   1        0.546756       -0.642950       -1.720080
 
     C    2        0.108358       -0.271480       -0.126676
     C    2       -0.271480       -0.006037       -0.206033
     C    2       -0.126676       -0.206033       -0.102322
 
     C    3       -0.089655        0.109245       -0.181824
     C    3        0.109245       -0.069614       -0.157615
     C    3       -0.181824       -0.157615        0.159269
 
     H    4        0.148157        0.078999        0.190157
     H    4        0.078999       -0.120034        0.056944
     H    4        0.190157        0.056944       -0.028123
 
     C    5       -0.087728        0.103421       -0.154728
     C    5        0.103421       -0.074595       -0.158491
     C    5       -0.154728       -0.158491        0.162323
 
     H    6       -0.148704       -0.002814        0.005127
     H    6       -0.002814        0.179547        0.193876
     H    6        0.005127        0.193876       -0.030842
 
     H    7       -0.136796       -0.049676        0.024664
     H    7       -0.049676        0.222968       -0.151252
     H    7        0.024664       -0.151252       -0.086172
 
     C    8       -0.143987       -0.046478       -0.069476
     C    8       -0.046478       -0.121671        0.155238
     C    8       -0.069476        0.155238        0.265658
 
     H    9        0.230944       -0.108310        0.103142
     H    9       -0.108310       -0.109742       -0.032784
     H    9        0.103142       -0.032784       -0.121202
 
     C   10       -0.162975       -0.046324       -0.071466
     C   10       -0.046324       -0.105522        0.151808
     C   10       -0.071466        0.151808        0.268497
 
     C   11        0.051372        0.285374       -0.125107
     C   11        0.285374       -0.102382        0.125783
     C   11       -0.125107        0.125783        0.051010
 
     Cl  12        2.353673        2.359996       -0.430588
     Cl  12        2.359996       -0.705012       -0.092954
     Cl  12       -0.430588       -0.092954       -1.648661
 
     H   13       -0.146836        0.002613        0.006508
     H   13        0.002613        0.182352        0.193224
     H   13        0.006508        0.193224       -0.035516
 
     C   14       -0.057096        0.116980       -0.159774
     C   14        0.116980       -0.074734       -0.167828
     C   14       -0.159774       -0.167828        0.131830
 
     H   15        0.130270        0.058601        0.205086
     H   15        0.058601       -0.131316        0.052160
     H   15        0.205086        0.052160        0.001046
 
     C   16       -0.072615        0.103064       -0.152423
     C   16        0.103064       -0.061983       -0.155746
     C   16       -0.152423       -0.155746        0.134598
 
     C   17        0.057654       -0.162874       -0.159067
     C   17       -0.162874       -0.019589       -0.197925
     C   17       -0.159067       -0.197925       -0.038065
 
     Cl  18        1.353424       -2.516435       -0.130992
     Cl  18       -2.516435        0.275914       -0.216788
     Cl  18       -0.130992       -0.216788       -1.629339
 
     H   19       -0.133333       -0.051564        0.026609
     H   19       -0.051564        0.223436       -0.147527
     H   19        0.026609       -0.147527       -0.090103
 
     C   20       -0.129604       -0.038265       -0.061330
     C   20       -0.038265       -0.124343        0.149718
     C   20       -0.061330        0.149718        0.253947
 
     H   21        0.232780       -0.117100        0.101975
     H   21       -0.117100       -0.105833       -0.036286
     H   21        0.101975       -0.036286       -0.126947
 
     C   22       -0.166343       -0.037330       -0.071606
     C   22       -0.037330       -0.097926        0.142358
     C   22       -0.071606        0.142358        0.264269
 
     C   23        0.042001        0.299887       -0.128050
     C   23        0.299887       -0.080552        0.115510
     C   23       -0.128050        0.115510        0.038551
 
     Cl  24        1.644603        2.608530       -0.540266
     Cl  24        2.608530       -0.064827       -0.226534
     Cl  24       -0.540266       -0.226534       -1.579776
 
 
     NQR/NMR SPECTROSCOPIC PARAMETERS:
     Cl   1    Vxx=   -1.7370    axis=(  0.476065  0.384016 -0.791135)
     Cl   1    Vyy=   -2.0397    axis=( -0.443506 -0.671994 -0.593065)
     Cl   1    Vzz=    3.7767    axis=( -0.759384  0.633210 -0.149600)
     Cl   1  Q=        -8.1650 1e-30 m^2  Cq=       -72.4546 MHz  eta= 0.08015
 
     C    2    Vxx=    0.0809    axis=( -0.463049 -0.412807  0.784332)
     C    2    Vyy=    0.3316    axis=( -0.746870  0.658221 -0.094500)
     C    2    Vzz=   -0.4125    axis=( -0.477253 -0.629552 -0.613102)
     C    2  Q=         1.0000 1e-30 m^2  Cq=        -0.9692 MHz  eta= 0.60773
 
     C    3    Vxx=   -0.1463    axis=(  0.239054  0.797658  0.553710)
     C    3    Vyy=   -0.1969    axis=( -0.865828  0.433235 -0.250300)
     C    3    Vzz=    0.3432    axis=( -0.439540 -0.419582  0.794201)
     C    3  Q=         1.0000 1e-30 m^2  Cq=         0.8063 MHz  eta= 0.14744
 
     H    4    Vxx=   -0.1400    axis=( -0.431483  0.850617  0.300456)
     H    4    Vyy=   -0.1525    axis=( -0.378748 -0.473092  0.795446)
     H    4    Vzz=    0.2925    axis=( -0.818762 -0.229424 -0.526301)
     H    4  Q=         1.0000 1e-30 m^2  Cq=         0.6873 MHz  eta= 0.04287
 
     C    5    Vxx=   -0.1397    axis=(  0.509663  0.626376  0.589828)
     C    5    Vyy=   -0.1850    axis=( -0.756650  0.652640 -0.039268)
     C    5    Vzz=    0.3247    axis=( -0.409542 -0.426279  0.806574)
     C    5  Q=         1.0000 1e-30 m^2  Cq=         0.7628 MHz  eta= 0.13946
 
     H    6    Vxx=   -0.1415    axis=( -0.629457  0.397641 -0.667582)
     H    6    Vyy=   -0.1534    axis=( -0.777035 -0.321611  0.541094)
     H    6    Vzz=    0.2949    axis=(  0.000459  0.859330  0.511421)
     H    6  Q=         1.0000 1e-30 m^2  Cq=         0.6930 MHz  eta= 0.04052
 
     H    7    Vxx=   -0.1414    axis=( -0.840603 -0.301415 -0.450039)
     H    7    Vyy=   -0.1504    axis=( -0.526309  0.258172  0.810152)
     H    7    Vzz=    0.2918    axis=(  0.128004 -0.917876  0.375658)
     H    7  Q=         1.0000 1e-30 m^2  Cq=         0.6856 MHz  eta= 0.03081
 
     C    8    Vxx=   -0.1444    axis=( -0.827607  0.464009 -0.315850)
     C    8    Vyy=   -0.1895    axis=(  0.535797  0.820766 -0.198154)
     C    8    Vzz=    0.3339    axis=( -0.167294  0.333225  0.927887)
     C    8  Q=         1.0000 1e-30 m^2  Cq=         0.7846 MHz  eta= 0.13490
 
     H    9    Vxx=   -0.1405    axis=(  0.336706  0.904035 -0.263345)
     H    9    Vyy=   -0.1503    axis=( -0.158027  0.329962  0.930673)
     H    9    Vzz=    0.2909    axis=( -0.928255  0.271748 -0.253962)
     H    9  Q=         1.0000 1e-30 m^2  Cq=         0.6834 MHz  eta= 0.03371
 
     C   10    Vxx=   -0.1467    axis=( -0.536697  0.758484 -0.369674)
     C   10    Vyy=   -0.1894    axis=(  0.827686  0.558396 -0.055947)
     C   10    Vzz=    0.3361    axis=( -0.163989  0.336001  0.927476)
     C   10  Q=         1.0000 1e-30 m^2  Cq=         0.7898 MHz  eta= 0.12693
 
     C   11    Vxx=    0.1181    axis=( -0.114547  0.376286  0.919395)
     C   11    Vyy=    0.2731    axis=(  0.810033  0.571141 -0.132833)
     C   11    Vzz=   -0.3912    axis=( -0.575088  0.729525 -0.370227)
     C   11  Q=         1.0000 1e-30 m^2  Cq=        -0.9191 MHz  eta= 0.39630
 
     Cl  12    Vxx=   -1.6385    axis=( -0.093116  0.328974  0.939737)
     Cl  12    Vyy=   -2.0316    axis=(  0.472034 -0.816439  0.332583)
     Cl  12    Vzz=    3.6701    axis=( -0.876649 -0.474556  0.079263)
     Cl  12  Q=        -8.1650 1e-30 m^2  Cq=       -70.4098 MHz  eta= 0.10710
 
     H   13    Vxx=   -0.1433    axis=(  0.765088 -0.333123  0.551062)
     H   13    Vyy=   -0.1520    axis=( -0.643804 -0.379078  0.664693)
     H   13    Vzz=    0.2953    axis=(  0.012529  0.863324  0.504494)
     H   13  Q=         1.0000 1e-30 m^2  Cq=         0.6938 MHz  eta= 0.02956
 
     C   14    Vxx=   -0.1411    axis=(  0.695838  0.353891  0.624956)
     C   14    Vyy=   -0.1855    axis=( -0.554120  0.818125  0.153693)
     C   14    Vzz=    0.3266    axis=( -0.456902 -0.453247  0.765381)
     C   14  Q=         1.0000 1e-30 m^2  Cq=         0.7674 MHz  eta= 0.13593
 
     H   15    Vxx=   -0.1400    axis=(  0.478737 -0.776956 -0.408840)
     H   15    Vyy=   -0.1550    axis=(  0.380150  0.603197 -0.701170)
     H   15    Vzz=    0.2950    axis=( -0.791389 -0.180255 -0.584133)
     H   15  Q=         1.0000 1e-30 m^2  Cq=         0.6931 MHz  eta= 0.05098
 
     C   16    Vxx=   -0.1380    axis=(  0.491731  0.608702  0.622641)
     C   16    Vyy=   -0.1706    axis=( -0.755074  0.654211 -0.043245)
     C   16    Vzz=    0.3087    axis=( -0.433662 -0.448876  0.781311)
     C   16  Q=         1.0000 1e-30 m^2  Cq=         0.7253 MHz  eta= 0.10563
 
     C   17    Vxx=    0.1665    axis=( -0.326114 -0.539913  0.775979)
     C   17    Vyy=    0.1866    axis=(  0.811620 -0.580779 -0.063003)
     C   17    Vzz=   -0.3530    axis=(  0.484688  0.609254  0.627604)
     C   17  Q=         1.0000 1e-30 m^2  Cq=        -0.8295 MHz  eta= 0.05680
 
     Cl  18    Vxx=   -1.4351    axis=( -0.389586 -0.472846  0.790342)
     Cl  18    Vyy=   -1.9533    axis=(  0.493867  0.617076  0.612628)
     Cl  18    Vzz=    3.3884    axis=( -0.777379  0.628995 -0.006881)
     Cl  18  Q=        -8.1650 1e-30 m^2  Cq=       -65.0041 MHz  eta= 0.15294
 
     H   19    Vxx=   -0.1381    axis=( -0.870939 -0.286962 -0.398897)
     H   19    Vyy=   -0.1517    axis=( -0.472419  0.265580  0.840409)
     H   19    Vzz=    0.2898    axis=(  0.135227 -0.920391  0.366870)
     H   19  Q=         1.0000 1e-30 m^2  Cq=         0.6810 MHz  eta= 0.04674
 
     C   20    Vxx=   -0.1347    axis=(  0.923414 -0.286057  0.255885)
     C   20    Vyy=   -0.1824    axis=( -0.350653 -0.899848  0.259454)
     C   20    Vzz=    0.3172    axis=( -0.156039  0.329310  0.931239)
     C   20  Q=         1.0000 1e-30 m^2  Cq=         0.7452 MHz  eta= 0.15032
 
     H   21    Vxx=   -0.1411    axis=(  0.356229  0.890235 -0.283869)
     H   21    Vyy=   -0.1558    axis=( -0.137516  0.350439  0.926435)
     H   21    Vzz=    0.2969    axis=( -0.924224  0.290987 -0.247258)
     H   21  Q=         1.0000 1e-30 m^2  Cq=         0.6977 MHz  eta= 0.04947
 
     C   22    Vxx=   -0.1434    axis=( -0.305387  0.881016 -0.361317)
     C   22    Vyy=   -0.1831    axis=(  0.938676  0.342317  0.041314)
     C   22    Vzz=    0.3265    axis=( -0.160083  0.326543  0.931527)
     C   22  Q=         1.0000 1e-30 m^2  Cq=         0.7671 MHz  eta= 0.12172
 
     C   23    Vxx=    0.1027    axis=( -0.130588  0.366852  0.921068)
     C   23    Vyy=    0.2902    axis=(  0.790133  0.599673 -0.126819)
     C   23    Vzz=   -0.3929    axis=( -0.598863  0.711205 -0.368172)
     C   23  Q=         1.0000 1e-30 m^2  Cq=        -0.9231 MHz  eta= 0.47711
 
     Cl  24    Vxx=   -1.5938    axis=( -0.118388  0.340188  0.932875)
     Cl  24    Vyy=   -2.0039    axis=(  0.579381 -0.739311  0.343129)
     Cl  24    Vzz=    3.5978    axis=(  0.806413  0.581113 -0.109573)
     Cl  24  Q=        -8.1650 1e-30 m^2  Cq=       -69.0212 MHz  eta= 0.11399
 
     Initialization:
     gipaw_setup  :      0.17s CPU      0.30s WALL (       1 calls)
 
     Linear response
 
     Apply operators
 
     Induced current
 
     Other routines
     efg          :      0.65s CPU      0.78s WALL (       1 calls)
 
     General routines
     calbec       :      0.06s CPU      0.05s WALL (      16 calls)
     fft          :      0.06s CPU      0.10s WALL (      15 calls)
     ffts         :      0.00s CPU      0.00s WALL (       2 calls)
     fftw         :      0.40s CPU      0.40s WALL (     672 calls)
     davcio       :      0.01s CPU      0.10s WALL (      32 calls)
 
     Parallel routines
     fft_scatter  :      0.29s CPU      0.30s WALL (     689 calls)
 
     Plugins
 
     GIPAW        :      3.82s CPU      4.57s WALL (       1 calls)
