
     Program QE v.6.0 starts on 20May2017 at 13:57: 3 

     This program is part of the open-source Quantum ESPRESSO suite
     for quantum simulation of materials; please cite
         "P. Giannozzi et al., J. Phys.:Condens. Matter 21 395502 (2009);
          URL http://www.quantum-espresso.org", 
     in publications or presentations arising from this work. More details at
     http://www.quantum-espresso.org/quote
 
           ARCH :    x86_64
             CC :    icc
            CPP :    cpp
            F90 :    ifort
            F77 :    ifort
         DFLAGS :    -D__INTEL -D__DFTI
      BLAS LIBS :    -lmkl_intel_lp64  -lmkl_sequential -lmkl_core
    LAPACK LIBS :    
       FFT LIBS :    
      MASS LIBS :    

     Parallel version (MPI & OpenMP), running on      32 processor cores
     Number of MPI processes:                32
     Threads/MPI process:                     1
     R & G space division:  proc/nbgrp/npool/nimage =      32
 
     ***** This is GIPAW svn revision unknown      *****
 
     Parallelizing q-star over 1 images

     Reading data from directory:
     ./scratch/scf-2438.save

   Info: using nr1, nr2, nr3 values from input

   Info: using nr1, nr2, nr3 values from input

     IMPORTANT: XC functional enforced from input :
     Exchange-correlation      =  SLA  PW   PBX  PBC ( 1  4  3  4 0 0)
     Any further DFT definition will be discarded
     Please, verify this is what you really want

               file C.pbe-n-kjpaw_psl.1.0.0.UPF: wavefunction(s)  2S 2P renormalized
               file Cl.pbe-n-kjpaw_psl.1.0.0.UPF: wavefunction(s)  3S 3P renormalized
               file H.pbe-kjpaw_psl.1.0.0.UPF: wavefunction(s)  1S renormalized
 
     Parallelization info
     --------------------
     sticks:   dense  smooth     PW     G-vecs:    dense   smooth      PW
     Min         764     305     83                36108     9133    1292
     Max         765     306     84                36110     9135    1293
     Sum       24467    9791   2657              1155489   292295   41363
 

     Subspace diagonalization in iterative solution of the eigenvalue problem:
     a serial algorithm will be used

     GIPAW projectors -----------------------------------------------
     atom=  C    l=0  rc=    1.2000  rs=    0.8000
     atom=  C    l=0  rc=    1.2000  rs=    0.8000
     atom=  C    l=1  rc=    1.4000  rs=    0.9333
     atom=  C    l=1  rc=    1.4000  rs=    0.9333
     projs nearly linearly dependent: l=1  n1,n2= 1, 2  s=  0.99951561
 
     atom=  Cl   l=0  rc=    1.6000  rs=    1.0667
     atom=  Cl   l=0  rc=    1.6000  rs=    1.0667
     atom=  Cl   l=1  rc=    1.6000  rs=    1.0667
     atom=  Cl   l=1  rc=    1.6000  rs=    1.0667
     atom=  Cl   l=2  rc=    1.6000  rs=    1.0667
     atom=  Cl   l=2  rc=    1.6000  rs=    1.0667
     projs nearly linearly dependent: l=2  n1,n2= 1, 2  s=  0.99993509
 
     atom=  H    l=0  rc=    1.0000  rs=    0.6667
     atom=  H    l=0  rc=    1.0000  rs=    0.6667
     projs nearly linearly dependent: l=0  n1,n2= 1, 2  s=  0.99968852
     -----------------------------------------------------------------
 
     GIPAW integrals: -------------------------------------------
     Atom  i/j   nmr_para   nmr_dia   epr_rmc  epr_para   epr_dia
       C   1 1   0.83E+03  0.17E-01  0.93E+01  0.24E+08  0.24E+03
       C   2 1   0.86E+03 -0.61E-01  0.94E+01  0.25E+08  0.25E+03
       C   2 2   0.90E+03 -0.15E+00  0.97E+01  0.26E+08  0.26E+03
       C   3 3   0.33E+01  0.34E+00  0.18E+01  0.55E+03  0.21E+02
       C   4 3   0.35E+01  0.37E+00  0.20E+01  0.59E+03  0.22E+02
       C   4 4   0.38E+01  0.39E+00  0.22E+01  0.63E+03  0.24E+02
       Cl  1 1   0.14E+04 -0.47E+00  0.84E+01  0.32E+09  0.42E+03
       Cl  2 1   0.21E+04 -0.37E+00  0.12E+02  0.49E+09  0.65E+03
       Cl  2 2   0.33E+04 -0.16E+00  0.21E+02  0.76E+09  0.10E+04
       Cl  3 3   0.21E+02  0.79E-01  0.89E+01  0.23E+05  0.13E+03
       Cl  4 3   0.24E+02  0.67E-01  0.99E+01  0.27E+05  0.15E+03
       Cl  4 4   0.28E+02  0.44E-01  0.11E+02  0.32E+05  0.18E+03
       Cl  5 5   0.77E+00  0.19E+00  0.18E+01  0.12E+03  0.22E+02
       Cl  6 5   0.80E+00  0.19E+00  0.19E+01  0.12E+03  0.23E+02
       Cl  6 6   0.83E+00  0.20E+00  0.19E+01  0.12E+03  0.23E+02
       H   1 1   0.39E+02  0.19E+00  0.29E+00  0.78E+05  0.13E+02
       H   2 1   0.41E+02  0.21E+00  0.32E+00  0.82E+05  0.14E+02
       H   2 2   0.43E+02  0.22E+00  0.36E+00  0.86E+05  0.15E+02
     ------------------------------------------------------------
 
     alpha_pv=     34.4967 eV
 
     Number of occupied bands for each k-point:
     k-point:     1    nbnd_occ=  42
     k-point:     2    nbnd_occ=  42
     k-point:     3    nbnd_occ=  42
     k-point:     4    nbnd_occ=  42
     k-point:     5    nbnd_occ=  42
     k-point:     6    nbnd_occ=  42
     k-point:     7    nbnd_occ=  42
     k-point:     8    nbnd_occ=  42
     k-point:     9    nbnd_occ=  42
     k-point:    10    nbnd_occ=  42
     k-point:    11    nbnd_occ=  42
     k-point:    12    nbnd_occ=  42
     k-point:    13    nbnd_occ=  42
     k-point:    14    nbnd_occ=  42
     k-point:    15    nbnd_occ=  42
     k-point:    16    nbnd_occ=  42
 
 
     q-space interpolation up to   110.00 Rydberg
 
     GIPAW job: efg                                                                             
 
 
     ELECTRIC FIELD GRADIENTS TENSORS IN Hartree/bohrradius^2:
 
     ----- bare term -----
     Cl   1       -0.014669        0.029369       -0.025970
     Cl   1        0.029369       -0.025221       -0.013058
     Cl   1       -0.025970       -0.013058        0.039890
 
     C    2       -0.080182        0.231633       -0.447289
     C    2        0.231633       -0.128296       -0.470877
     C    2       -0.447289       -0.470877        0.208478
 
     C    3       -0.079758        0.327323       -0.344718
     C    3        0.327323       -0.217099       -0.455026
     C    3       -0.344718       -0.455026        0.296857
 
     H    4       -0.402139       -0.164428       -0.531378
     H    4       -0.164428        0.357319       -0.166280
     H    4       -0.531378       -0.166280        0.044820
 
     C    5       -0.235401        0.323367       -0.414125
     C    5        0.323367       -0.107849       -0.356025
     C    5       -0.414125       -0.356025        0.343250
 
     H    6        0.380102       -0.058296       -0.034963
     H    6       -0.058296       -0.399202       -0.542757
     H    6       -0.034963       -0.542757        0.019099
 
     H    7        0.382931       -0.017265        0.005078
     H    7       -0.017265       -0.297743        0.583930
     H    7        0.005078        0.583930       -0.085188
 
     C    8       -0.345140       -0.283582       -0.312372
     C    8       -0.283582        0.085929        0.448747
     C    8       -0.312372        0.448747        0.259211
 
     H    9       -0.386552        0.204268       -0.507823
     H    9        0.204268        0.329368        0.203542
     H    9       -0.507823        0.203542        0.057184
 
     C   10       -0.222937       -0.353850       -0.205902
     C   10       -0.353850        0.005179        0.541927
     C   10       -0.205902        0.541927        0.217758
 
     C   11       -0.171711       -0.134313       -0.327068
     C   11       -0.134313        0.070302        0.552285
     C   11       -0.327068        0.552285        0.101409
 
     Cl  12       -0.022758       -0.005105       -0.021583
     Cl  12       -0.005105        0.036300        0.009446
     Cl  12       -0.021583        0.009446       -0.013542
 
     H   13        0.389250       -0.048988       -0.075708
     H   13       -0.048988       -0.345977       -0.582760
     H   13       -0.075708       -0.582760       -0.043274
 
     C   14       -0.205830        0.350555       -0.441494
     C   14        0.350555       -0.074506       -0.345742
     C   14       -0.441494       -0.345742        0.280336
 
     H   15       -0.323135       -0.145711       -0.575143
     H   15       -0.145711        0.323458       -0.175445
     H   15       -0.575143       -0.175445       -0.000323
 
     C   16       -0.051888        0.345595       -0.354015
     C   16        0.345595       -0.175914       -0.479122
     C   16       -0.354015       -0.479122        0.227802
 
     C   17       -0.046375        0.036273       -0.385052
     C   17        0.036273       -0.012769       -0.531709
     C   17       -0.385052       -0.531709        0.059144
 
     Cl  18        0.027102       -0.048271       -0.041431
     Cl  18       -0.048271        0.026787        0.027543
     Cl  18       -0.041431        0.027543       -0.053889
 
     H   19        0.373427        0.003897       -0.015304
     H   19        0.003897       -0.356860        0.571764
     H   19       -0.015304        0.571764       -0.016567
 
     C   20       -0.385490       -0.267284       -0.290408
     C   20       -0.267284        0.092004        0.458040
     C   20       -0.290408        0.458040        0.293485
 
     H   21       -0.404540        0.201471       -0.535200
     H   21        0.201471        0.351756        0.198000
     H   21       -0.535200        0.198000        0.052784
 
     C   22       -0.269147       -0.326461       -0.209960
     C   22       -0.326461       -0.013508        0.557972
     C   22       -0.209960        0.557972        0.282654
 
     C   23       -0.139702       -0.090829       -0.363702
     C   23       -0.090829        0.026003        0.535425
     C   23       -0.363702        0.535425        0.113699
 
     Cl  24        0.016934        0.041362       -0.016599
     Cl  24        0.041362        0.008381        0.010028
     Cl  24       -0.016599        0.010028       -0.025315
 
     ----- ionic term -----
     Cl   1        0.074865       -0.246911        0.019465
     Cl   1       -0.246911        0.104969       -0.007013
     Cl   1        0.019465       -0.007013       -0.179834
 
     C    2        0.090414       -0.294980        0.344631
     C    2       -0.294980        0.141571        0.372741
     C    2        0.344631        0.372741       -0.231985
 
     C    3        0.046080       -0.264998        0.262298
     C    3       -0.264998        0.180817        0.368093
     C    3        0.262298        0.368093       -0.226897
 
     H    4        0.547858        0.215739        0.733098
     H    4        0.215739       -0.487779        0.209977
     H    4        0.733098        0.209977       -0.060078
 
     C    5        0.191569       -0.255098        0.328347
     C    5       -0.255098        0.075858        0.255948
     C    5        0.328347        0.255948       -0.267427
 
     H    6       -0.524238        0.065342        0.048763
     H    6        0.065342        0.546131        0.748616
     H    6        0.048763        0.748616       -0.021893
 
     H    7       -0.527706        0.038520       -0.019595
     H    7        0.038520        0.401621       -0.801658
     H    7       -0.019595       -0.801658        0.126085
 
     C    8        0.282049        0.218760        0.247468
     C    8        0.218760       -0.076399       -0.337983
     C    8        0.247468       -0.337983       -0.205650
 
     H    9        0.531926       -0.276727        0.699905
     H    9       -0.276727       -0.453651       -0.261549
     H    9        0.699905       -0.261549       -0.078275
 
     C   10        0.159290        0.292497        0.143815
     C   10        0.292497       -0.001141       -0.433596
     C   10        0.143815       -0.433596       -0.158149
 
     C   11        0.218224        0.225822        0.241618
     C   11        0.225822       -0.069114       -0.441264
     C   11        0.241618       -0.441264       -0.149110
 
     Cl  12        0.173146        0.226794        0.013280
     Cl  12        0.226794       -0.031426        0.000323
     Cl  12        0.013280        0.000323       -0.141720
 
     H   13       -0.531727        0.050624        0.083230
     H   13        0.050624        0.478682        0.788371
     H   13        0.083230        0.788371        0.053045
 
     C   14        0.175755       -0.282260        0.352795
     C   14       -0.282260        0.050524        0.254032
     C   14        0.352795        0.254032       -0.226278
 
     H   15        0.464004        0.184151        0.780010
     H   15        0.184151       -0.463329        0.211698
     H   15        0.780010        0.211698       -0.000676
 
     C   16        0.014569       -0.275773        0.262901
     C   16       -0.275773        0.156188        0.378213
     C   16        0.262901        0.378213       -0.170757
 
     C   17        0.093919       -0.175025        0.280310
     C   17       -0.175025        0.043224        0.437657
     C   17        0.280310        0.437657       -0.137143
 
     Cl  18        0.092153       -0.190554       -0.015433
     Cl  18       -0.190554        0.011097        0.018243
     Cl  18       -0.015433        0.018243       -0.103250
 
     H   19       -0.516862        0.008545        0.007499
     H   19        0.008545        0.484688       -0.783534
     H   19        0.007499       -0.783534        0.032174
 
     C   20        0.316183        0.203262        0.227260
     C   20        0.203262       -0.085198       -0.347619
     C   20        0.227260       -0.347619       -0.230985
 
     H   21        0.554367       -0.284349        0.718475
     H   21       -0.284349       -0.468627       -0.259399
     H   21        0.718475       -0.259399       -0.085740
 
     C   22        0.192883        0.269091        0.137879
     C   22        0.269091        0.015732       -0.443454
     C   22        0.137879       -0.443454       -0.208615
 
     C   23        0.200923        0.195834        0.277021
     C   23        0.195834       -0.028959       -0.424744
     C   23        0.277021       -0.424744       -0.171964
 
     Cl  24        0.143102        0.187477        0.026436
     Cl  24        0.187477       -0.007202        0.011344
     Cl  24        0.026436        0.011344       -0.135900
 
     ----- GIPAW term -----
     Cl   1        0.635562       -2.310493       -0.100320
     Cl   1       -2.310493        0.830083       -0.222275
     Cl   1       -0.100320       -0.222275       -1.465644
 
     C    2        0.022536       -0.088625       -0.080012
     C    2       -0.088625        0.022683       -0.079680
     C    2       -0.080012       -0.079680       -0.045219
 
     C    3       -0.031902        0.048091       -0.069977
     C    3        0.048091       -0.020839       -0.069863
     C    3       -0.069977       -0.069863        0.052741
 
     H    4        0.000000       -0.000000       -0.000000
     H    4       -0.000000        0.000000        0.000000
     H    4       -0.000000        0.000000       -0.000000
 
     C    5       -0.024397        0.052041       -0.065982
     C    5        0.052041       -0.032306       -0.090633
     C    5       -0.065982       -0.090633        0.056703
 
     H    6        0.000000       -0.000000       -0.000000
     H    6       -0.000000        0.000000        0.000000
     H    6       -0.000000        0.000000       -0.000000
 
     H    7        0.000000       -0.000000       -0.000000
     H    7       -0.000000        0.000000        0.000000
     H    7       -0.000000        0.000000       -0.000000
 
     C    8       -0.038048       -0.049318       -0.047308
     C    8       -0.049318       -0.000589        0.096440
     C    8       -0.047308        0.096440        0.038637
 
     H    9        0.000000       -0.000000       -0.000000
     H    9       -0.000000        0.000000        0.000000
     H    9       -0.000000        0.000000       -0.000000
 
     C   10       -0.054616       -0.043808       -0.055876
     C   10       -0.043808        0.007822        0.086824
     C   10       -0.055876        0.086824        0.046795
 
     C   11        0.067162        0.115350       -0.067387
     C   11        0.115350       -0.001023        0.086332
     C   11       -0.067387        0.086332       -0.066140
 
     Cl  12        1.581207        2.344433       -0.111414
     Cl  12        2.344433        0.049305        0.113621
     Cl  12       -0.111414        0.113621       -1.630511
 
     H   13        0.000000       -0.000000       -0.000000
     H   13       -0.000000        0.000000        0.000000
     H   13       -0.000000        0.000000       -0.000000
 
     C   14       -0.015438        0.052635       -0.066106
     C   14        0.052635       -0.025593       -0.081026
     C   14       -0.066106       -0.081026        0.041031
 
     H   15        0.000000       -0.000000       -0.000000
     H   15       -0.000000        0.000000        0.000000
     H   15       -0.000000        0.000000       -0.000000
 
     C   16       -0.035659        0.051206       -0.081224
     C   16        0.051206       -0.006934       -0.085851
     C   16       -0.081224       -0.085851        0.042593
 
     C   17        0.064413       -0.154378       -0.090832
     C   17       -0.154378        0.027880       -0.069463
     C   17       -0.090832       -0.069463       -0.092293
 
     Cl  18        1.240528       -2.518939       -0.639172
     Cl  18       -2.518939        0.384467        0.483063
     Cl  18       -0.639172        0.483063       -1.624995
 
     H   19        0.000000       -0.000000       -0.000000
     H   19       -0.000000        0.000000        0.000000
     H   19       -0.000000        0.000000       -0.000000
 
     C   20       -0.043223       -0.051264       -0.047043
     C   20       -0.051264       -0.001306        0.094384
     C   20       -0.047043        0.094384        0.044528
 
     H   21        0.000000       -0.000000       -0.000000
     H   21       -0.000000        0.000000        0.000000
     H   21       -0.000000        0.000000       -0.000000
 
     C   22       -0.065739       -0.039852       -0.065385
     C   22       -0.039852        0.007027        0.093563
     C   22       -0.065385        0.093563        0.058713
 
     C   23        0.082195        0.125985       -0.065860
     C   23        0.125985       -0.002990        0.088411
     C   23       -0.065860        0.088411       -0.079205
 
     Cl  24        1.684325        2.385102        0.079777
     Cl  24        2.385102        0.010962        0.233625
     Cl  24        0.079777        0.233625       -1.695287
 
     ----- total EFG -----
     Cl   1        0.695757       -2.528036       -0.106825
     Cl   1       -2.528036        0.909830       -0.242347
     Cl   1       -0.106825       -0.242347       -1.605588
 
     C    2        0.032768       -0.151972       -0.182670
     C    2       -0.151972        0.035958       -0.177816
     C    2       -0.182670       -0.177816       -0.068725
 
     C    3       -0.065580        0.110416       -0.152397
     C    3        0.110416       -0.057121       -0.156796
     C    3       -0.152397       -0.156796        0.122701
 
     H    4        0.145718        0.051312        0.201720
     H    4        0.051312       -0.130461        0.043697
     H    4        0.201720        0.043697       -0.015258
 
     C    5       -0.068229        0.120310       -0.151760
     C    5        0.120310       -0.064297       -0.190710
     C    5       -0.151760       -0.190710        0.132526
 
     H    6       -0.144136        0.007046        0.013800
     H    6        0.007046        0.146929        0.205859
     H    6        0.013800        0.205859       -0.002794
 
     H    7       -0.144775        0.021255       -0.014517
     H    7        0.021255        0.103878       -0.217729
     H    7       -0.014517       -0.217729        0.040897
 
     C    8       -0.101140       -0.114140       -0.112212
     C    8       -0.114140        0.008942        0.207204
     C    8       -0.112212        0.207204        0.092198
 
     H    9        0.145374       -0.072459        0.192082
     H    9       -0.072459       -0.124283       -0.058007
     H    9        0.192082       -0.058007       -0.021092
 
     C   10       -0.118264       -0.105162       -0.117963
     C   10       -0.105162        0.011860        0.195154
     C   10       -0.117963        0.195154        0.106404
 
     C   11        0.113675        0.206859       -0.152837
     C   11        0.206859        0.000165        0.197353
     C   11       -0.152837        0.197353       -0.113841
 
     Cl  12        1.731594        2.566123       -0.119717
     Cl  12        2.566123        0.054179        0.123389
     Cl  12       -0.119717        0.123389       -1.785773
 
     H   13       -0.142476        0.001636        0.007522
     H   13        0.001636        0.132705        0.205611
     H   13        0.007522        0.205611        0.009771
 
     C   14       -0.045513        0.120930       -0.154806
     C   14        0.120930       -0.049576       -0.172736
     C   14       -0.154806       -0.172736        0.095089
 
     H   15        0.140869        0.038440        0.204867
     H   15        0.038440       -0.139871        0.036253
     H   15        0.204867        0.036253       -0.000999
 
     C   16       -0.072978        0.121028       -0.172337
     C   16        0.121028       -0.026660       -0.186760
     C   16       -0.172337       -0.186760        0.099639
 
     C   17        0.111957       -0.293130       -0.195574
     C   17       -0.293130        0.058335       -0.163515
     C   17       -0.195574       -0.163515       -0.170292
 
     Cl  18        1.359783       -2.757764       -0.696035
     Cl  18       -2.757764        0.422351        0.528849
     Cl  18       -0.696035        0.528849       -1.782134
 
     H   19       -0.143435        0.012442       -0.007805
     H   19        0.012442        0.127828       -0.211770
     H   19       -0.007805       -0.211770        0.015608
 
     C   20       -0.112530       -0.115286       -0.110191
     C   20       -0.115286        0.005501        0.204805
     C   20       -0.110191        0.204805        0.107029
 
     H   21        0.149827       -0.082878        0.183275
     H   21       -0.082878       -0.116870       -0.061399
     H   21        0.183275       -0.061399       -0.032956
 
     C   22       -0.142003       -0.097222       -0.137466
     C   22       -0.097222        0.009251        0.208081
     C   22       -0.137466        0.208081        0.132752
 
     C   23        0.143416        0.230989       -0.152541
     C   23        0.230989       -0.005946        0.199093
     C   23       -0.152541        0.199093       -0.137469
 
     Cl  24        1.844361        2.613941        0.089614
     Cl  24        2.613941        0.012141        0.254997
     Cl  24        0.089614        0.254997       -1.856502
 
     ----- total EFG (symmetrized) -----
     Cl   1        0.695757       -2.528036       -0.106825
     Cl   1       -2.528036        0.909830       -0.242347
     Cl   1       -0.106825       -0.242347       -1.605588
 
     C    2        0.032768       -0.151972       -0.182670
     C    2       -0.151972        0.035958       -0.177816
     C    2       -0.182670       -0.177816       -0.068725
 
     C    3       -0.065580        0.110416       -0.152397
     C    3        0.110416       -0.057121       -0.156796
     C    3       -0.152397       -0.156796        0.122701
 
     H    4        0.145718        0.051312        0.201720
     H    4        0.051312       -0.130461        0.043697
     H    4        0.201720        0.043697       -0.015258
 
     C    5       -0.068229        0.120310       -0.151760
     C    5        0.120310       -0.064297       -0.190710
     C    5       -0.151760       -0.190710        0.132526
 
     H    6       -0.144136        0.007046        0.013800
     H    6        0.007046        0.146929        0.205859
     H    6        0.013800        0.205859       -0.002794
 
     H    7       -0.144775        0.021255       -0.014517
     H    7        0.021255        0.103878       -0.217729
     H    7       -0.014517       -0.217729        0.040897
 
     C    8       -0.101140       -0.114140       -0.112212
     C    8       -0.114140        0.008942        0.207204
     C    8       -0.112212        0.207204        0.092198
 
     H    9        0.145374       -0.072459        0.192082
     H    9       -0.072459       -0.124283       -0.058007
     H    9        0.192082       -0.058007       -0.021092
 
     C   10       -0.118264       -0.105162       -0.117963
     C   10       -0.105162        0.011860        0.195154
     C   10       -0.117963        0.195154        0.106404
 
     C   11        0.113675        0.206859       -0.152837
     C   11        0.206859        0.000165        0.197353
     C   11       -0.152837        0.197353       -0.113841
 
     Cl  12        1.731594        2.566123       -0.119717
     Cl  12        2.566123        0.054179        0.123389
     Cl  12       -0.119717        0.123389       -1.785773
 
     H   13       -0.142476        0.001636        0.007522
     H   13        0.001636        0.132705        0.205611
     H   13        0.007522        0.205611        0.009771
 
     C   14       -0.045513        0.120930       -0.154806
     C   14        0.120930       -0.049576       -0.172736
     C   14       -0.154806       -0.172736        0.095089
 
     H   15        0.140869        0.038440        0.204867
     H   15        0.038440       -0.139871        0.036253
     H   15        0.204867        0.036253       -0.000999
 
     C   16       -0.072978        0.121028       -0.172337
     C   16        0.121028       -0.026660       -0.186760
     C   16       -0.172337       -0.186760        0.099639
 
     C   17        0.111957       -0.293130       -0.195574
     C   17       -0.293130        0.058335       -0.163515
     C   17       -0.195574       -0.163515       -0.170292
 
     Cl  18        1.359783       -2.757764       -0.696035
     Cl  18       -2.757764        0.422351        0.528849
     Cl  18       -0.696035        0.528849       -1.782134
 
     H   19       -0.143435        0.012442       -0.007805
     H   19        0.012442        0.127828       -0.211770
     H   19       -0.007805       -0.211770        0.015608
 
     C   20       -0.112530       -0.115286       -0.110191
     C   20       -0.115286        0.005501        0.204805
     C   20       -0.110191        0.204805        0.107029
 
     H   21        0.149827       -0.082878        0.183275
     H   21       -0.082878       -0.116870       -0.061399
     H   21        0.183275       -0.061399       -0.032956
 
     C   22       -0.142003       -0.097222       -0.137466
     C   22       -0.097222        0.009251        0.208081
     C   22       -0.137466        0.208081        0.132752
 
     C   23        0.143416        0.230989       -0.152541
     C   23        0.230989       -0.005946        0.199093
     C   23       -0.152541        0.199093       -0.137469
 
     Cl  24        1.844361        2.613941        0.089614
     Cl  24        2.613941        0.012141        0.254997
     Cl  24        0.089614        0.254997       -1.856502
 
 
     NQR/NMR SPECTROSCOPIC PARAMETERS:
     Cl   1    Vxx=   -1.4156    axis=(  0.457232  0.415103 -0.786529)
     Cl   1    Vyy=   -1.9196    axis=(  0.559715  0.552963  0.617213)
     Cl   1    Vzz=    3.3352    axis=( -0.691128  0.722442 -0.020493)
     Cl   1  Q=        -8.1650 1e-30 m^2  Cq=       -63.9835 MHz  eta= 0.15112
 
     C    2    Vxx=    0.1628    axis=( -0.430852 -0.518828  0.738366)
     C    2    Vyy=    0.1864    axis=(  0.731904 -0.679540 -0.050412)
     C    2    Vzz=   -0.3493    axis=(  0.527905  0.518693  0.672513)
     C    2  Q=         1.0000 1e-30 m^2  Cq=        -0.8206 MHz  eta= 0.06768
 
     C    3    Vxx=   -0.1358    axis=(  0.515493  0.563375  0.645659)
     C    3    Vyy=   -0.1719    axis=( -0.729803  0.683519 -0.013737)
     C    3    Vzz=    0.3076    axis=( -0.449060 -0.464122  0.763503)
     C    3  Q=         1.0000 1e-30 m^2  Cq=         0.7229 MHz  eta= 0.11726
 
     H    4    Vxx=   -0.1374    axis=( -0.368017  0.882792  0.291963)
     H    4    Vyy=   -0.1556    axis=( -0.445408 -0.443003  0.778049)
     H    4    Vzz=    0.2930    axis=( -0.816196 -0.156293 -0.556235)
     H    4  Q=         1.0000 1e-30 m^2  Cq=         0.6885 MHz  eta= 0.06217
 
     C    5    Vxx=   -0.1457    axis=(  0.766141  0.252438  0.591018)
     C    5    Vyy=   -0.1939    axis=( -0.480137  0.836120  0.265278)
     C    5    Vzz=    0.3395    axis=( -0.427196 -0.487010  0.761791)
     C    5  Q=         1.0000 1e-30 m^2  Cq=         0.7978 MHz  eta= 0.14205
 
     H    6    Vxx=   -0.1384    axis=(  0.762541 -0.390785  0.515576)
     H    6    Vyy=   -0.1531    axis=( -0.646177 -0.421377  0.636315)
     H    6    Vzz=    0.2915    axis=(  0.031410  0.818370  0.573833)
     H    6  Q=         1.0000 1e-30 m^2  Cq=         0.6850 MHz  eta= 0.05047
 
     H    7    Vxx=   -0.1439    axis=(  0.780646  0.373385  0.501174)
     H    7    Vyy=   -0.1499    axis=(  0.622257 -0.539041 -0.567653)
     H    7    Vzz=    0.2939    axis=( -0.058200 -0.754995  0.653142)
     H    7  Q=         1.0000 1e-30 m^2  Cq=         0.6905 MHz  eta= 0.02047
 
     C    8    Vxx=   -0.1448    axis=( -0.656853  0.385561 -0.647986)
     C    8    Vyy=   -0.1770    axis=( -0.666535 -0.698692  0.259924)
     C    8    Vzz=    0.3219    axis=( -0.352526  0.602637  0.715928)
     C    8  Q=         1.0000 1e-30 m^2  Cq=         0.7563 MHz  eta= 0.10001
 
     H    9    Vxx=   -0.1374    axis=(  0.498982  0.736469 -0.456761)
     H    9    Vyy=   -0.1546    axis=( -0.298202  0.640793  0.707431)
     H    9    Vzz=    0.2920    axis=( -0.813691  0.216788 -0.539361)
     H    9  Q=         1.0000 1e-30 m^2  Cq=         0.6861 MHz  eta= 0.05891
 
     C   10    Vxx=   -0.1394    axis=( -0.228591  0.706006 -0.670299)
     C   10    Vyy=   -0.1777    axis=( -0.911934 -0.396298 -0.106413)
     C   10    Vzz=    0.3171    axis=( -0.340766  0.586944  0.734422)
     C   10  Q=         1.0000 1e-30 m^2  Cq=         0.7451 MHz  eta= 0.12095
 
     C   11    Vxx=    0.1148    axis=( -0.402675  0.542470  0.737279)
     C   11    Vyy=    0.2714    axis=( -0.797869 -0.602781  0.007743)
     C   11    Vzz=   -0.3863    axis=(  0.448618 -0.585134  0.675544)
     C   11  Q=         1.0000 1e-30 m^2  Cq=        -0.9076 MHz  eta= 0.40540
 
     Cl  12    Vxx=   -1.6259    axis=( -0.399418  0.556576  0.728483)
     Cl  12    Vyy=   -1.9668    axis=(  0.430127 -0.587963  0.685048)
     Cl  12    Vzz=    3.5927    axis=( -0.809602 -0.586961  0.004555)
     Cl  12  Q=        -8.1650 1e-30 m^2  Cq=       -68.9242 MHz  eta= 0.09491
 
     H   13    Vxx=   -0.1379    axis=(  0.734711 -0.413237  0.537992)
     H   13    Vyy=   -0.1480    axis=( -0.678245 -0.431619  0.594717)
     H   13    Vzz=    0.2859    axis=(  0.013551  0.801835  0.597391)
     H   13  Q=         1.0000 1e-30 m^2  Cq=         0.6718 MHz  eta= 0.03547
 
     C   14    Vxx=   -0.1435    axis=(  0.743332  0.210640  0.634892)
     C   14    Vyy=   -0.1728    axis=( -0.469395  0.840462  0.270726)
     C   14    Vzz=    0.3162    axis=( -0.476577 -0.499254  0.723616)
     C   14  Q=         1.0000 1e-30 m^2  Cq=         0.7430 MHz  eta= 0.09262
 
     H   15    Vxx=   -0.1393    axis=(  0.472338 -0.717936 -0.511337)
     H   15    Vyy=   -0.1537    axis=(  0.353160  0.685678 -0.636493)
     H   15    Vzz=    0.2931    axis=( -0.807573 -0.120055 -0.577418)
     H   15  Q=         1.0000 1e-30 m^2  Cq=         0.6886 MHz  eta= 0.04908
 
     C   16    Vxx=   -0.1605    axis=( -0.084780  0.835146  0.543455)
     C   16    Vyy=   -0.1803    axis=( -0.887183  0.185005 -0.422705)
     C   16    Vzz=    0.3408    axis=( -0.453562 -0.517981  0.725243)
     C   16  Q=         1.0000 1e-30 m^2  Cq=         0.8008 MHz  eta= 0.05825
 
     C   17    Vxx=    0.0616    axis=( -0.400416 -0.555139  0.729032)
     C   17    Vyy=    0.3821    axis=( -0.758127  0.647578  0.076717)
     C   17    Vzz=   -0.4438    axis=( -0.514694 -0.521980 -0.680167)
     C   17  Q=         1.0000 1e-30 m^2  Cq=        -1.0427 MHz  eta= 0.72221
 
     Cl  18    Vxx=   -1.8673    axis=(  0.407176  0.640750 -0.650882)
     Cl  18    Vyy=   -1.9570    axis=( -0.512907 -0.429243 -0.743423)
     Cl  18    Vzz=    3.8243    axis=(  0.755735 -0.636545 -0.153868)
     Cl  18  Q=        -8.1650 1e-30 m^2  Cq=       -73.3677 MHz  eta= 0.02345
 
     H   19    Vxx=   -0.1434    axis=( -0.941413 -0.179652 -0.285425)
     H   19    Vyy=   -0.1479    axis=( -0.335578  0.583327  0.739673)
     H   19    Vzz=    0.2913    axis=( -0.033613 -0.792120  0.609439)
     H   19  Q=         1.0000 1e-30 m^2  Cq=         0.6844 MHz  eta= 0.01521
 
     C   20    Vxx=   -0.1395    axis=( -0.542628  0.510682 -0.666903)
     C   20    Vyy=   -0.1850    axis=( -0.767897 -0.623372  0.147454)
     C   20    Vzz=    0.3244    axis=( -0.340426  0.592125  0.730409)
     C   20  Q=         1.0000 1e-30 m^2  Cq=         0.7623 MHz  eta= 0.14025
 
     H   21    Vxx=   -0.1361    axis=(  0.496313  0.751629 -0.434428)
     H   21    Vyy=   -0.1531    axis=( -0.279867  0.612219  0.739501)
     H   21    Vzz=    0.2893    axis=( -0.821796  0.245442 -0.514208)
     H   21  Q=         1.0000 1e-30 m^2  Cq=         0.6796 MHz  eta= 0.05891
 
     C   22    Vxx=   -0.1457    axis=(  0.069773  0.815350 -0.574749)
     C   22    Vyy=   -0.2004    axis=( -0.942784 -0.134401 -0.305114)
     C   22    Vzz=    0.3461    axis=( -0.326021  0.563153  0.759321)
     C   22  Q=         1.0000 1e-30 m^2  Cq=         0.8132 MHz  eta= 0.15777
 
     C   23    Vxx=    0.0956    axis=( -0.383619  0.562935  0.732079)
     C   23    Vyy=    0.3116    axis=( -0.814289 -0.580135  0.019400)
     C   23    Vzz=   -0.4072    axis=(  0.435626 -0.588682  0.680943)
     C   23  Q=         1.0000 1e-30 m^2  Cq=        -0.9567 MHz  eta= 0.53063
 
     Cl  24    Vxx=   -1.6969    axis=( -0.446880  0.582132  0.679279)
     Cl  24    Vyy=   -2.0099    axis=(  0.370168 -0.570936  0.732808)
     Cl  24    Vzz=    3.7068    axis=(  0.814416  0.578924  0.039654)
     Cl  24  Q=        -8.1650 1e-30 m^2  Cq=       -71.1137 MHz  eta= 0.08443
 
     Initialization:
     gipaw_setup  :      0.16s CPU      0.30s WALL (       1 calls)
 
     Linear response
 
     Apply operators
 
     Induced current
 
     Other routines
     efg          :      0.66s CPU      0.77s WALL (       1 calls)
 
     General routines
     calbec       :      0.05s CPU      0.05s WALL (      16 calls)
     fft          :      0.06s CPU      0.09s WALL (      15 calls)
     ffts         :      0.00s CPU      0.00s WALL (       2 calls)
     fftw         :      0.39s CPU      0.42s WALL (     672 calls)
     davcio       :      0.02s CPU      0.08s WALL (      32 calls)
 
     Parallel routines
     fft_scatter  :      0.28s CPU      0.30s WALL (     689 calls)
 
     Plugins
 
     GIPAW        :      3.76s CPU      4.62s WALL (       1 calls)
