
     Program QE v.6.0 starts on 20May2017 at 14:29:50 

     This program is part of the open-source Quantum ESPRESSO suite
     for quantum simulation of materials; please cite
         "P. Giannozzi et al., J. Phys.:Condens. Matter 21 395502 (2009);
          URL http://www.quantum-espresso.org", 
     in publications or presentations arising from this work. More details at
     http://www.quantum-espresso.org/quote
 
           ARCH :    x86_64
             CC :    icc
            CPP :    cpp
            F90 :    ifort
            F77 :    ifort
         DFLAGS :    -D__INTEL -D__DFTI
      BLAS LIBS :    -lmkl_intel_lp64  -lmkl_sequential -lmkl_core
    LAPACK LIBS :    
       FFT LIBS :    
      MASS LIBS :    

     Parallel version (MPI & OpenMP), running on      32 processor cores
     Number of MPI processes:                32
     Threads/MPI process:                     1
     R & G space division:  proc/nbgrp/npool/nimage =      32
 
     ***** This is GIPAW svn revision unknown      *****
 
     Parallelizing q-star over 1 images

     Reading data from directory:
     ./scratch/scf-2465.save

   Info: using nr1, nr2, nr3 values from input

   Info: using nr1, nr2, nr3 values from input

     IMPORTANT: XC functional enforced from input :
     Exchange-correlation      =  SLA  PW   PBX  PBC ( 1  4  3  4 0 0)
     Any further DFT definition will be discarded
     Please, verify this is what you really want

               file C.pbe-n-kjpaw_psl.1.0.0.UPF: wavefunction(s)  2S 2P renormalized
               file Cl.pbe-n-kjpaw_psl.1.0.0.UPF: wavefunction(s)  3S 3P renormalized
               file H.pbe-kjpaw_psl.1.0.0.UPF: wavefunction(s)  1S renormalized
 
     Parallelization info
     --------------------
     sticks:   dense  smooth     PW     G-vecs:    dense   smooth      PW
     Min         764     305     83                36108     9133    1292
     Max         765     306     84                36110     9135    1293
     Sum       24467    9791   2657              1155489   292295   41363
 

     Subspace diagonalization in iterative solution of the eigenvalue problem:
     a serial algorithm will be used

     GIPAW projectors -----------------------------------------------
     atom=  C    l=0  rc=    1.2000  rs=    0.8000
     atom=  C    l=0  rc=    1.2000  rs=    0.8000
     atom=  C    l=1  rc=    1.4000  rs=    0.9333
     atom=  C    l=1  rc=    1.4000  rs=    0.9333
     projs nearly linearly dependent: l=1  n1,n2= 1, 2  s=  0.99951561
 
     atom=  Cl   l=0  rc=    1.6000  rs=    1.0667
     atom=  Cl   l=0  rc=    1.6000  rs=    1.0667
     atom=  Cl   l=1  rc=    1.6000  rs=    1.0667
     atom=  Cl   l=1  rc=    1.6000  rs=    1.0667
     atom=  Cl   l=2  rc=    1.6000  rs=    1.0667
     atom=  Cl   l=2  rc=    1.6000  rs=    1.0667
     projs nearly linearly dependent: l=2  n1,n2= 1, 2  s=  0.99993509
 
     atom=  H    l=0  rc=    1.0000  rs=    0.6667
     atom=  H    l=0  rc=    1.0000  rs=    0.6667
     projs nearly linearly dependent: l=0  n1,n2= 1, 2  s=  0.99968852
     -----------------------------------------------------------------
 
     GIPAW integrals: -------------------------------------------
     Atom  i/j   nmr_para   nmr_dia   epr_rmc  epr_para   epr_dia
       C   1 1   0.83E+03  0.17E-01  0.93E+01  0.24E+08  0.24E+03
       C   2 1   0.86E+03 -0.61E-01  0.94E+01  0.25E+08  0.25E+03
       C   2 2   0.90E+03 -0.15E+00  0.97E+01  0.26E+08  0.26E+03
       C   3 3   0.33E+01  0.34E+00  0.18E+01  0.55E+03  0.21E+02
       C   4 3   0.35E+01  0.37E+00  0.20E+01  0.59E+03  0.22E+02
       C   4 4   0.38E+01  0.39E+00  0.22E+01  0.63E+03  0.24E+02
       Cl  1 1   0.14E+04 -0.47E+00  0.84E+01  0.32E+09  0.42E+03
       Cl  2 1   0.21E+04 -0.37E+00  0.12E+02  0.49E+09  0.65E+03
       Cl  2 2   0.33E+04 -0.16E+00  0.21E+02  0.76E+09  0.10E+04
       Cl  3 3   0.21E+02  0.79E-01  0.89E+01  0.23E+05  0.13E+03
       Cl  4 3   0.24E+02  0.67E-01  0.99E+01  0.27E+05  0.15E+03
       Cl  4 4   0.28E+02  0.44E-01  0.11E+02  0.32E+05  0.18E+03
       Cl  5 5   0.77E+00  0.19E+00  0.18E+01  0.12E+03  0.22E+02
       Cl  6 5   0.80E+00  0.19E+00  0.19E+01  0.12E+03  0.23E+02
       Cl  6 6   0.83E+00  0.20E+00  0.19E+01  0.12E+03  0.23E+02
       H   1 1   0.39E+02  0.19E+00  0.29E+00  0.78E+05  0.13E+02
       H   2 1   0.41E+02  0.21E+00  0.32E+00  0.82E+05  0.14E+02
       H   2 2   0.43E+02  0.22E+00  0.36E+00  0.86E+05  0.15E+02
     ------------------------------------------------------------
 
     alpha_pv=     34.3213 eV
 
     Number of occupied bands for each k-point:
     k-point:     1    nbnd_occ=  42
     k-point:     2    nbnd_occ=  42
     k-point:     3    nbnd_occ=  42
     k-point:     4    nbnd_occ=  42
     k-point:     5    nbnd_occ=  42
     k-point:     6    nbnd_occ=  42
     k-point:     7    nbnd_occ=  42
     k-point:     8    nbnd_occ=  42
     k-point:     9    nbnd_occ=  42
     k-point:    10    nbnd_occ=  42
     k-point:    11    nbnd_occ=  42
     k-point:    12    nbnd_occ=  42
     k-point:    13    nbnd_occ=  42
     k-point:    14    nbnd_occ=  42
     k-point:    15    nbnd_occ=  42
     k-point:    16    nbnd_occ=  42
 
 
     q-space interpolation up to   110.00 Rydberg
 
     GIPAW job: efg                                                                             
 
 
     ELECTRIC FIELD GRADIENTS TENSORS IN Hartree/bohrradius^2:
 
     ----- bare term -----
     Cl   1       -0.012345       -0.066968       -0.036781
     Cl   1       -0.066968        0.036913        0.024183
     Cl   1       -0.036781        0.024183       -0.024568
 
     C    2       -0.093067       -0.051910       -0.332158
     C    2       -0.051910       -0.204475       -0.497040
     C    2       -0.332158       -0.497040        0.297542
 
     C    3       -0.222347        0.259684       -0.278700
     C    3        0.259684       -0.263645       -0.442204
     C    3       -0.278700       -0.442204        0.485992
 
     H    4       -0.486728       -0.268174       -0.438589
     H    4       -0.268174        0.283285       -0.179261
     H    4       -0.438589       -0.179261        0.203444
 
     C    5       -0.370359        0.199456       -0.350177
     C    5        0.199456       -0.128793       -0.374627
     C    5       -0.350177       -0.374627        0.499152
 
     H    6        0.363578       -0.094241       -0.052918
     H    6       -0.094241       -0.505164       -0.491116
     H    6       -0.052918       -0.491116        0.141586
 
     H    7        0.366987        0.000588       -0.008924
     H    7        0.000588       -0.500852        0.511001
     H    7       -0.008924        0.511001        0.133865
 
     C    8       -0.477792       -0.166240       -0.222132
     C    8       -0.166240       -0.042834        0.427180
     C    8       -0.222132        0.427180        0.520627
 
     H    9       -0.479223        0.347090       -0.369488
     H    9        0.347090        0.230058        0.214167
     H    9       -0.369488        0.214167        0.249165
 
     C   10       -0.328884       -0.192303       -0.149316
     C   10       -0.192303       -0.162439        0.514958
     C   10       -0.149316        0.514958        0.491323
 
     C   11       -0.221070        0.017141       -0.214510
     C   11        0.017141       -0.184392        0.529246
     C   11       -0.214510        0.529246        0.405462
 
     Cl  12       -0.038221        0.033064       -0.024370
     Cl  12        0.033064        0.027997       -0.000483
     Cl  12       -0.024370       -0.000483        0.010224
 
     H   13        0.373208       -0.049558       -0.038947
     H   13       -0.049558       -0.487965       -0.503079
     H   13       -0.038947       -0.503079        0.114756
 
     C   14       -0.330795        0.233429       -0.364314
     C   14        0.233429       -0.148742       -0.371823
     C   14       -0.364314       -0.371823        0.479537
 
     H   15       -0.438408       -0.252695       -0.486428
     H   15       -0.252695        0.289590       -0.204436
     H   15       -0.486428       -0.204436        0.148818
 
     C   16       -0.191514        0.294713       -0.286554
     C   16        0.294713       -0.243909       -0.449439
     C   16       -0.286554       -0.449439        0.435423
 
     C   17       -0.240847        0.119031       -0.314199
     C   17        0.119031       -0.155309       -0.515424
     C   17       -0.314199       -0.515424        0.396155
 
     Cl  18       -0.043962        0.025906       -0.027426
     Cl  18        0.025906        0.008827       -0.010334
     Cl  18       -0.027426       -0.010334        0.035135
 
     H   19        0.347298        0.010431        0.001082
     H   19        0.010431       -0.498933        0.502473
     H   19        0.001082        0.502473        0.151636
 
     C   20       -0.494533       -0.149202       -0.206612
     C   20       -0.149202       -0.065325        0.412814
     C   20       -0.206612        0.412814        0.559858
 
     H   21       -0.466318        0.374215       -0.373664
     H   21        0.374215        0.188639        0.206586
     H   21       -0.373664        0.206586        0.277679
 
     C   22       -0.315510       -0.199889       -0.168858
     C   22       -0.199889       -0.201830        0.495435
     C   22       -0.168858        0.495435        0.517340
 
     C   23       -0.187424        0.001602       -0.278725
     C   23        0.001602       -0.205371        0.496347
     C   23       -0.278725        0.496347        0.392795
 
     Cl  24       -0.037481        0.024475       -0.020214
     Cl  24        0.024475        0.035717        0.008959
     Cl  24       -0.020214        0.008959        0.001764
 
     ----- ionic term -----
     Cl   1        0.114016       -0.181746       -0.000474
     Cl   1       -0.181746        0.021376        0.002947
     Cl   1       -0.000474        0.002947       -0.135393
 
     C    2        0.149278       -0.101093        0.251011
     C    2       -0.101093        0.182828        0.399211
     C    2        0.251011        0.399211       -0.332106
 
     C    3        0.148640       -0.214882        0.203194
     C    3       -0.214882        0.229054        0.354525
     C    3        0.203194        0.354525       -0.377693
 
     H    4        0.660784        0.359495        0.610103
     H    4        0.359495       -0.395892        0.235797
     H    4        0.610103        0.235797       -0.264893
 
     C    5        0.301937       -0.158416        0.278088
     C    5       -0.158416        0.094391        0.281664
     C    5        0.278088        0.281664       -0.396328
 
     H    6       -0.506916        0.104731        0.063070
     H    6        0.104731        0.697171        0.673099
     H    6        0.063070        0.673099       -0.190255
 
     H    7       -0.511018        0.016333       -0.001759
     H    7        0.016333        0.687158       -0.700214
     H    7       -0.001759       -0.700214       -0.176140
 
     C    8        0.392135        0.124728        0.167472
     C    8        0.124728        0.022752       -0.322478
     C    8        0.167472       -0.322478       -0.414887
 
     H    9        0.641219       -0.479709        0.515752
     H    9       -0.479709       -0.310624       -0.284661
     H    9        0.515752       -0.284661       -0.330594
 
     C   10        0.235009        0.164169        0.102544
     C   10        0.164169        0.137972       -0.411958
     C   10        0.102544       -0.411958       -0.372982
 
     C   11        0.250446        0.103243        0.137584
     C   11        0.103243        0.145794       -0.432839
     C   11        0.137584       -0.432839       -0.396240
 
     Cl  12        0.153447        0.201574       -0.017269
     Cl  12        0.201574        0.000934       -0.020696
     Cl  12       -0.017269       -0.020696       -0.154380
 
     H   13       -0.519772        0.054608        0.045673
     H   13        0.054608        0.667919        0.696052
     H   13        0.045673        0.696052       -0.148147
 
     C   14        0.263719       -0.181579        0.287443
     C   14       -0.181579        0.111077        0.273375
     C   14        0.287443        0.273375       -0.374797
 
     H   15        0.610839        0.342565        0.659264
     H   15        0.342565       -0.402450        0.260122
     H   15        0.659264        0.260122       -0.208389
 
     C   16        0.126413       -0.244327        0.215252
     C   16       -0.244327        0.211976        0.360587
     C   16        0.215252        0.360587       -0.338388
 
     C   17        0.250098       -0.201107        0.233036
     C   17       -0.201107        0.128419        0.412087
     C   17        0.233036        0.412087       -0.378517
 
     Cl  18        0.163773       -0.240922       -0.004495
     Cl  18       -0.240922        0.006896        0.013522
     Cl  18       -0.004495        0.013522       -0.170670
 
     H   19       -0.492684        0.007619       -0.010809
     H   19        0.007619        0.686820       -0.690748
     H   19       -0.010809       -0.690748       -0.194136
 
     C   20        0.401933        0.114064        0.160822
     C   20        0.114064        0.043133       -0.310015
     C   20        0.160822       -0.310015       -0.445066
 
     H   21        0.640357       -0.513848        0.508481
     H   21       -0.513848       -0.269083       -0.273661
     H   21        0.508481       -0.273661       -0.371274
 
     C   22        0.227130        0.168797        0.121336
     C   22        0.168797        0.164690       -0.400167
     C   22        0.121336       -0.400167       -0.391820
 
     C   23        0.219645        0.123702        0.206950
     C   23        0.123702        0.168001       -0.398770
     C   23        0.206950       -0.398770       -0.387646
 
     Cl  24        0.137855        0.214187        0.026530
     Cl  24        0.214187        0.014108        0.009331
     Cl  24        0.026530        0.009331       -0.151963
 
     ----- GIPAW term -----
     Cl   1        1.038564       -2.626258       -0.428546
     Cl   1       -2.626258        0.622349        0.289647
     Cl   1       -0.428546        0.289647       -1.660913
 
     C    2        0.069198       -0.165796       -0.068271
     C    2       -0.165796       -0.008530       -0.072390
     C    2       -0.068271       -0.072390       -0.060668
 
     C    3       -0.066695        0.028019       -0.067504
     C    3        0.028019       -0.017240       -0.072367
     C    3       -0.067504       -0.072367        0.083935
 
     H    4        0.000000       -0.000000       -0.000000
     H    4       -0.000000        0.000000        0.000000
     H    4       -0.000000        0.000000       -0.000000
 
     C    5       -0.045661        0.033116       -0.054363
     C    5        0.033116       -0.034461       -0.078871
     C    5       -0.054363       -0.078871        0.080122
 
     H    6        0.000000       -0.000000       -0.000000
     H    6       -0.000000        0.000000        0.000000
     H    6       -0.000000        0.000000       -0.000000
 
     H    7        0.000000       -0.000000       -0.000000
     H    7       -0.000000        0.000000        0.000000
     H    7       -0.000000        0.000000       -0.000000
 
     C    8       -0.056318       -0.033613       -0.041629
     C    8       -0.033613       -0.025868        0.089499
     C    8       -0.041629        0.089499        0.082186
 
     H    9        0.000000       -0.000000       -0.000000
     H    9       -0.000000        0.000000        0.000000
     H    9       -0.000000        0.000000       -0.000000
 
     C   10       -0.079785       -0.014295       -0.043395
     C   10       -0.014295       -0.016048        0.083125
     C   10       -0.043395        0.083125        0.095833
 
     C   11        0.052528        0.136508       -0.067099
     C   11        0.136508       -0.029568        0.071925
     C   11       -0.067099        0.071925       -0.022959
 
     Cl  12        1.177485        2.471741       -0.472537
     Cl  12        2.471741        0.325955       -0.229600
     Cl  12       -0.472537       -0.229600       -1.503440
 
     H   13        0.000000       -0.000000       -0.000000
     H   13       -0.000000        0.000000        0.000000
     H   13       -0.000000        0.000000       -0.000000
 
     C   14       -0.044718        0.039563       -0.057693
     C   14        0.039563       -0.038702       -0.085986
     C   14       -0.057693       -0.085986        0.083420
 
     H   15        0.000000       -0.000000       -0.000000
     H   15       -0.000000        0.000000        0.000000
     H   15       -0.000000        0.000000       -0.000000
 
     C   16       -0.060225        0.034980       -0.061568
     C   16        0.034980       -0.015879       -0.070665
     C   16       -0.061568       -0.070665        0.076103
 
     C   17        0.030864       -0.103013       -0.068856
     C   17       -0.103013       -0.019451       -0.077387
     C   17       -0.068856       -0.077387       -0.011413
 
     Cl  18        1.252915       -2.280366       -0.386700
     Cl  18       -2.280366        0.159100        0.031994
     Cl  18       -0.386700        0.031994       -1.412015
 
     H   19        0.000000       -0.000000       -0.000000
     H   19       -0.000000        0.000000        0.000000
     H   19       -0.000000        0.000000       -0.000000
 
     C   20       -0.062635       -0.029634       -0.033888
     C   20       -0.029634       -0.027438        0.087527
     C   20       -0.033888        0.087527        0.090073
 
     H   21        0.000000       -0.000000       -0.000000
     H   21       -0.000000        0.000000        0.000000
     H   21       -0.000000        0.000000       -0.000000
 
     C   22       -0.075405       -0.018145       -0.043307
     C   22       -0.018145       -0.024845        0.077241
     C   22       -0.043307        0.077241        0.100250
 
     C   23        0.050923        0.144153       -0.052812
     C   23        0.144153       -0.025232        0.078545
     C   23       -0.052812        0.078545       -0.025691
 
     Cl  24        1.026937        2.526785        0.038008
     Cl  24        2.526785        0.538600        0.205330
     Cl  24        0.038008        0.205330       -1.565536
 
     ----- total EFG -----
     Cl   1        1.140236       -2.874973       -0.465801
     Cl   1       -2.874973        0.680638        0.316778
     Cl   1       -0.465801        0.316778       -1.820874
 
     C    2        0.125409       -0.318799       -0.149418
     C    2       -0.318799       -0.030177       -0.170220
     C    2       -0.149418       -0.170220       -0.095232
 
     C    3       -0.140402        0.072821       -0.143011
     C    3        0.072821       -0.051832       -0.160046
     C    3       -0.143011       -0.160046        0.192234
 
     H    4        0.174056        0.091321        0.171514
     H    4        0.091321       -0.112607        0.056537
     H    4        0.171514        0.056537       -0.061449
 
     C    5       -0.114082        0.074156       -0.126452
     C    5        0.074156       -0.068863       -0.171834
     C    5       -0.126452       -0.171834        0.182946
 
     H    6       -0.143339        0.010490        0.010152
     H    6        0.010490        0.192007        0.181982
     H    6        0.010152        0.181982       -0.048668
 
     H    7       -0.144031        0.016921       -0.010684
     H    7        0.016921        0.186306       -0.189214
     H    7       -0.010684       -0.189214       -0.042275
 
     C    8       -0.141975       -0.075125       -0.096289
     C    8       -0.075125       -0.045951        0.194200
     C    8       -0.096289        0.194200        0.187926
 
     H    9        0.161996       -0.132619        0.146264
     H    9       -0.132619       -0.080567       -0.070494
     H    9        0.146264       -0.070494       -0.081429
 
     C   10       -0.173659       -0.042428       -0.090167
     C   10       -0.042428       -0.040515        0.186125
     C   10       -0.090167        0.186125        0.214174
 
     C   11        0.081903        0.256892       -0.144025
     C   11        0.256892       -0.068166        0.168332
     C   11       -0.144025        0.168332       -0.013737
 
     Cl  12        1.292711        2.706379       -0.514176
     Cl  12        2.706379        0.354885       -0.250780
     Cl  12       -0.514176       -0.250780       -1.647596
 
     H   13       -0.146563        0.005049        0.006727
     H   13        0.005049        0.179954        0.192973
     H   13        0.006727        0.192973       -0.033391
 
     C   14       -0.111793        0.091413       -0.134564
     C   14        0.091413       -0.076367       -0.184435
     C   14       -0.134564       -0.184435        0.188160
 
     H   15        0.172431        0.089870        0.172836
     H   15        0.089870       -0.112860        0.055685
     H   15        0.172836        0.055685       -0.059571
 
     C   16       -0.125326        0.085366       -0.132871
     C   16        0.085366       -0.047812       -0.159518
     C   16       -0.132871       -0.159518        0.173138
 
     C   17        0.040115       -0.185088       -0.150019
     C   17       -0.185088       -0.046340       -0.180724
     C   17       -0.150019       -0.180724        0.006225
 
     Cl  18        1.372727       -2.495382       -0.418620
     Cl  18       -2.495382        0.174823        0.035182
     Cl  18       -0.418620        0.035182       -1.547550
 
     H   19       -0.145386        0.018051       -0.009727
     H   19        0.018051        0.187887       -0.188275
     H   19       -0.009727       -0.188275       -0.042501
 
     C   20       -0.155235       -0.064772       -0.079677
     C   20       -0.064772       -0.049630        0.190326
     C   20       -0.079677        0.190326        0.204865
 
     H   21        0.174039       -0.139633        0.134816
     H   21       -0.139633       -0.080444       -0.067076
     H   21        0.134816       -0.067076       -0.093595
 
     C   22       -0.163785       -0.049236       -0.090828
     C   22       -0.049236       -0.061985        0.172509
     C   22       -0.090828        0.172509        0.225769
 
     C   23        0.083143        0.269457       -0.124586
     C   23        0.269457       -0.062602        0.176122
     C   23       -0.124586        0.176122       -0.020541
 
     Cl  24        1.127311        2.765447        0.044323
     Cl  24        2.765447        0.588424        0.223620
     Cl  24        0.044323        0.223620       -1.715736
 
     ----- total EFG (symmetrized) -----
     Cl   1        1.140236       -2.874973       -0.465801
     Cl   1       -2.874973        0.680638        0.316778
     Cl   1       -0.465801        0.316778       -1.820874
 
     C    2        0.125409       -0.318799       -0.149418
     C    2       -0.318799       -0.030177       -0.170220
     C    2       -0.149418       -0.170220       -0.095232
 
     C    3       -0.140402        0.072821       -0.143011
     C    3        0.072821       -0.051832       -0.160046
     C    3       -0.143011       -0.160046        0.192234
 
     H    4        0.174056        0.091321        0.171514
     H    4        0.091321       -0.112607        0.056537
     H    4        0.171514        0.056537       -0.061449
 
     C    5       -0.114082        0.074156       -0.126452
     C    5        0.074156       -0.068863       -0.171834
     C    5       -0.126452       -0.171834        0.182946
 
     H    6       -0.143339        0.010490        0.010152
     H    6        0.010490        0.192007        0.181982
     H    6        0.010152        0.181982       -0.048668
 
     H    7       -0.144031        0.016921       -0.010684
     H    7        0.016921        0.186306       -0.189214
     H    7       -0.010684       -0.189214       -0.042275
 
     C    8       -0.141975       -0.075125       -0.096289
     C    8       -0.075125       -0.045951        0.194200
     C    8       -0.096289        0.194200        0.187926
 
     H    9        0.161996       -0.132619        0.146264
     H    9       -0.132619       -0.080567       -0.070494
     H    9        0.146264       -0.070494       -0.081429
 
     C   10       -0.173659       -0.042428       -0.090167
     C   10       -0.042428       -0.040515        0.186125
     C   10       -0.090167        0.186125        0.214174
 
     C   11        0.081903        0.256892       -0.144025
     C   11        0.256892       -0.068166        0.168332
     C   11       -0.144025        0.168332       -0.013737
 
     Cl  12        1.292711        2.706379       -0.514176
     Cl  12        2.706379        0.354885       -0.250780
     Cl  12       -0.514176       -0.250780       -1.647596
 
     H   13       -0.146563        0.005049        0.006727
     H   13        0.005049        0.179954        0.192973
     H   13        0.006727        0.192973       -0.033391
 
     C   14       -0.111793        0.091413       -0.134564
     C   14        0.091413       -0.076367       -0.184435
     C   14       -0.134564       -0.184435        0.188160
 
     H   15        0.172431        0.089870        0.172836
     H   15        0.089870       -0.112860        0.055685
     H   15        0.172836        0.055685       -0.059571
 
     C   16       -0.125326        0.085366       -0.132871
     C   16        0.085366       -0.047812       -0.159518
     C   16       -0.132871       -0.159518        0.173138
 
     C   17        0.040115       -0.185088       -0.150019
     C   17       -0.185088       -0.046340       -0.180724
     C   17       -0.150019       -0.180724        0.006225
 
     Cl  18        1.372727       -2.495382       -0.418620
     Cl  18       -2.495382        0.174823        0.035182
     Cl  18       -0.418620        0.035182       -1.547550
 
     H   19       -0.145386        0.018051       -0.009727
     H   19        0.018051        0.187887       -0.188275
     H   19       -0.009727       -0.188275       -0.042501
 
     C   20       -0.155235       -0.064772       -0.079677
     C   20       -0.064772       -0.049630        0.190326
     C   20       -0.079677        0.190326        0.204865
 
     H   21        0.174039       -0.139633        0.134816
     H   21       -0.139633       -0.080444       -0.067076
     H   21        0.134816       -0.067076       -0.093595
 
     C   22       -0.163785       -0.049236       -0.090828
     C   22       -0.049236       -0.061985        0.172509
     C   22       -0.090828        0.172509        0.225769
 
     C   23        0.083143        0.269457       -0.124586
     C   23        0.269457       -0.062602        0.176122
     C   23       -0.124586        0.176122       -0.020541
 
     Cl  24        1.127311        2.765447        0.044323
     Cl  24        2.765447        0.588424        0.223620
     Cl  24        0.044323        0.223620       -1.715736
 
 
     NQR/NMR SPECTROSCOPIC PARAMETERS:
     Cl   1    Vxx=   -1.8284    axis=( -0.272986 -0.421952  0.864544)
     Cl   1    Vyy=   -2.0209    axis=( -0.624034 -0.606287 -0.492949)
     Cl   1    Vzz=    3.8493    axis=(  0.732162 -0.674072 -0.097805)
     Cl   1  Q=        -8.1650 1e-30 m^2  Cq=       -73.8475 MHz  eta= 0.05002
 
     C    2    Vxx=    0.0562    axis=( -0.318911 -0.458124  0.829710)
     C    2    Vyy=    0.3762    axis=( -0.792721  0.608774  0.031441)
     C    2    Vzz=   -0.4323    axis=( -0.519509 -0.647701 -0.557309)
     C    2  Q=         1.0000 1e-30 m^2  Cq=        -1.0158 MHz  eta= 0.74009
 
     C    3    Vxx=   -0.1310    axis=(  0.024721  0.891506  0.452334)
     C    3    Vyy=   -0.1956    axis=(  0.945400 -0.167935  0.279315)
     C    3    Vzz=    0.3266    axis=( -0.324974 -0.420731  0.846981)
     C    3  Q=         1.0000 1e-30 m^2  Cq=         0.7674 MHz  eta= 0.19771
 
     H    4    Vxx=   -0.1373    axis=( -0.412604  0.863818  0.289097)
     H    4    Vyy=   -0.1554    axis=( -0.318403 -0.434119  0.842710)
     H    4    Vzz=    0.2927    axis=( -0.853450 -0.255656 -0.454161)
     H    4  Q=         1.0000 1e-30 m^2  Cq=         0.6877 MHz  eta= 0.06174
 
     C    5    Vxx=   -0.1505    axis=(  0.516234  0.665669  0.538876)
     C    5    Vyy=   -0.1690    axis=(  0.794469 -0.607205 -0.011014)
     C    5    Vzz=    0.3195    axis=( -0.319876 -0.433806  0.842313)
     C    5  Q=         1.0000 1e-30 m^2  Cq=         0.7506 MHz  eta= 0.05806
 
     H    6    Vxx=   -0.1410    axis=(  0.812786 -0.298907  0.500034)
     H    6    Vyy=   -0.1493    axis=( -0.581662 -0.368682  0.725081)
     H    6    Vzz=    0.2903    axis=(  0.032378  0.880186  0.473522)
     H    6  Q=         1.0000 1e-30 m^2  Cq=         0.6821 MHz  eta= 0.02892
 
     H    7    Vxx=   -0.1447    axis=(  0.973792 -0.148331 -0.172416)
     H    7    Vyy=   -0.1493    axis=(  0.222826  0.470262  0.853933)
     H    7    Vzz=    0.2940    axis=(  0.045584  0.869972 -0.490990)
     H    7  Q=         1.0000 1e-30 m^2  Cq=         0.6907 MHz  eta= 0.01547
 
     C    8    Vxx=   -0.1449    axis=( -0.509401  0.670920 -0.538867)
     C    8    Vyy=   -0.1838    axis=(  0.823750  0.561301 -0.079854)
     C    8    Vzz=    0.3287    axis=( -0.248891  0.484570  0.838597)
     C    8  Q=         1.0000 1e-30 m^2  Cq=         0.7724 MHz  eta= 0.11847
 
     H    9    Vxx=   -0.1373    axis=(  0.503862  0.811935 -0.294761)
     H    9    Vyy=   -0.1538    axis=( -0.213937  0.447915  0.868103)
     H    9    Vzz=    0.2911    axis=( -0.836871  0.374344 -0.399391)
     H    9  Q=         1.0000 1e-30 m^2  Cq=         0.6840 MHz  eta= 0.05693
 
     C   10    Vxx=   -0.1383    axis=(  0.078932  0.889737 -0.449597)
     C   10    Vyy=   -0.1936    axis=(  0.977981  0.018290  0.207892)
     C   10    Vzz=    0.3320    axis=( -0.193193  0.456106  0.868702)
     C   10  Q=         1.0000 1e-30 m^2  Cq=         0.7800 MHz  eta= 0.16656
 
     C   11    Vxx=    0.1150    axis=( -0.241746  0.450611  0.859365)
     C   11    Vyy=    0.2755    axis=(  0.815450  0.574361 -0.071776)
     C   11    Vzz=   -0.3906    axis=( -0.525928  0.683417 -0.506300)
     C   11  Q=         1.0000 1e-30 m^2  Cq=        -0.9177 MHz  eta= 0.41089
 
     Cl  12    Vxx=   -1.6385    axis=( -0.208998  0.396221  0.894052)
     Cl  12    Vyy=   -1.9903    axis=(  0.612210 -0.659909  0.435568)
     Cl  12    Vzz=    3.6289    axis=( -0.762574 -0.638380  0.104651)
     Cl  12  Q=        -8.1650 1e-30 m^2  Cq=       -69.6184 MHz  eta= 0.09695
 
     H   13    Vxx=   -0.1437    axis=(  0.734417 -0.355973  0.577854)
     H   13    Vyy=   -0.1502    axis=( -0.678470 -0.362950  0.638707)
     H   13    Vzz=    0.2939    axis=(  0.017631  0.861133  0.508073)
     H   13  Q=         1.0000 1e-30 m^2  Cq=         0.6906 MHz  eta= 0.02203
 
     C   14    Vxx=   -0.1516    axis=(  0.677879  0.499330  0.539582)
     C   14    Vyy=   -0.1890    axis=(  0.653575 -0.745384 -0.131310)
     C   14    Vzz=    0.3406    axis=( -0.336629 -0.441670  0.831630)
     C   14  Q=         1.0000 1e-30 m^2  Cq=         0.8002 MHz  eta= 0.10994
 
     H   15    Vxx=   -0.1373    axis=( -0.400044  0.878870  0.259907)
     H   15    Vyy=   -0.1548    axis=( -0.337608 -0.404960  0.849723)
     H   15    Vzz=    0.2921    axis=( -0.852048 -0.252180 -0.458715)
     H   15  Q=         1.0000 1e-30 m^2  Cq=         0.6863 MHz  eta= 0.05985
 
     C   16    Vxx=   -0.1282    axis=(  0.220773  0.818386  0.530570)
     C   16    Vyy=   -0.1850    axis=( -0.914905  0.362264 -0.178083)
     C   16    Vzz=    0.3132    axis=( -0.337947 -0.446105  0.828723)
     C   16  Q=         1.0000 1e-30 m^2  Cq=         0.7359 MHz  eta= 0.18133
 
     C   17    Vxx=    0.1609    axis=( -0.210224 -0.529128  0.822089)
     C   17    Vyy=    0.1877    axis=(  0.826336 -0.545544 -0.139823)
     C   17    Vzz=   -0.3486    axis=(  0.522470  0.649927  0.551924)
     C   17  Q=         1.0000 1e-30 m^2  Cq=        -0.8191 MHz  eta= 0.07684
 
     Cl  18    Vxx=   -1.4267    axis=( -0.281830 -0.457642  0.843289)
     Cl  18    Vyy=   -1.9384    axis=( -0.551279 -0.642117 -0.532708)
     Cl  18    Vzz=    3.3651    axis=( -0.785279  0.615020  0.071320)
     Cl  18  Q=        -8.1650 1e-30 m^2  Cq=       -64.5577 MHz  eta= 0.15204
 
     H   19    Vxx=   -0.1463    axis=( -0.980612 -0.053280 -0.188579)
     H   19    Vyy=   -0.1481    axis=( -0.190347  0.487679  0.852020)
     H   19    Vzz=    0.2944    axis=( -0.046570 -0.871396  0.488365)
     H   19  Q=         1.0000 1e-30 m^2  Cq=         0.6916 MHz  eta= 0.00617
 
     C   20    Vxx=   -0.1410    axis=( -0.465343  0.725784 -0.506649)
     C   20    Vyy=   -0.1867    axis=(  0.861144  0.503581 -0.069548)
     C   20    Vzz=    0.3276    axis=( -0.204661  0.468661  0.859343)
     C   20  Q=         1.0000 1e-30 m^2  Cq=         0.7698 MHz  eta= 0.13953
 
     H   21    Vxx=   -0.1390    axis=(  0.513169  0.753494 -0.410980)
     H   21    Vyy=   -0.1551    axis=( -0.115685  0.535191  0.836772)
     H   21    Vzz=    0.2941    axis=( -0.850455  0.381862 -0.361811)
     H   21  Q=         1.0000 1e-30 m^2  Cq=         0.6910 MHz  eta= 0.05501
 
     C   22    Vxx=   -0.1419    axis=( -0.132252  0.884403 -0.447594)
     C   22    Vyy=   -0.1862    axis=(  0.969739  0.208935  0.126304)
     C   22    Vzz=    0.3282    axis=( -0.205222  0.417346  0.885272)
     C   22  Q=         1.0000 1e-30 m^2  Cq=         0.7710 MHz  eta= 0.13498
 
     C   23    Vxx=    0.1038    axis=( -0.334208  0.374303  0.864987)
     C   23    Vyy=    0.2897    axis=( -0.785088 -0.618351 -0.035760)
     C   23    Vzz=   -0.3935    axis=(  0.521481 -0.691042  0.500519)
     C   23  Q=         1.0000 1e-30 m^2  Cq=        -0.9246 MHz  eta= 0.47239
 
     Cl  24    Vxx=   -1.6531    axis=( -0.326874  0.314360  0.891253)
     Cl  24    Vyy=   -1.9896    axis=( -0.588334  0.670344 -0.452218)
     Cl  24    Vzz=    3.6427    axis=(  0.739605  0.672173  0.034169)
     Cl  24  Q=        -8.1650 1e-30 m^2  Cq=       -69.8828 MHz  eta= 0.09236
 
     Initialization:
     gipaw_setup  :      0.20s CPU      0.30s WALL (       1 calls)
 
     Linear response
 
     Apply operators
 
     Induced current
 
     Other routines
     efg          :      0.68s CPU      0.78s WALL (       1 calls)
 
     General routines
     calbec       :      0.07s CPU      0.05s WALL (      16 calls)
     fft          :      0.06s CPU      0.08s WALL (      15 calls)
     ffts         :      0.01s CPU      0.00s WALL (       2 calls)
     fftw         :      0.43s CPU      0.43s WALL (     672 calls)
     davcio       :      0.01s CPU      0.08s WALL (      32 calls)
 
     Parallel routines
     fft_scatter  :      0.30s CPU      0.32s WALL (     689 calls)
 
     Plugins
 
     GIPAW        :      3.86s CPU      4.70s WALL (       1 calls)
