
     Program QE v.6.0 starts on 20May2017 at 12:52:13 

     This program is part of the open-source Quantum ESPRESSO suite
     for quantum simulation of materials; please cite
         "P. Giannozzi et al., J. Phys.:Condens. Matter 21 395502 (2009);
          URL http://www.quantum-espresso.org", 
     in publications or presentations arising from this work. More details at
     http://www.quantum-espresso.org/quote
 
           ARCH :    x86_64
             CC :    icc
            CPP :    cpp
            F90 :    ifort
            F77 :    ifort
         DFLAGS :    -D__INTEL -D__DFTI
      BLAS LIBS :    -lmkl_intel_lp64  -lmkl_sequential -lmkl_core
    LAPACK LIBS :    
       FFT LIBS :    
      MASS LIBS :    

     Parallel version (MPI & OpenMP), running on      32 processor cores
     Number of MPI processes:                32
     Threads/MPI process:                     1
     R & G space division:  proc/nbgrp/npool/nimage =      32
 
     ***** This is GIPAW svn revision unknown      *****
 
     Parallelizing q-star over 1 images

     Reading data from directory:
     ./scratch/scf-363.save

   Info: using nr1, nr2, nr3 values from input

   Info: using nr1, nr2, nr3 values from input

     IMPORTANT: XC functional enforced from input :
     Exchange-correlation      =  SLA  PW   PBX  PBC ( 1  4  3  4 0 0)
     Any further DFT definition will be discarded
     Please, verify this is what you really want

               file C.pbe-n-kjpaw_psl.1.0.0.UPF: wavefunction(s)  2S 2P renormalized
               file Cl.pbe-n-kjpaw_psl.1.0.0.UPF: wavefunction(s)  3S 3P renormalized
               file H.pbe-kjpaw_psl.1.0.0.UPF: wavefunction(s)  1S renormalized
 
     Parallelization info
     --------------------
     sticks:   dense  smooth     PW     G-vecs:    dense   smooth      PW
     Min         764     305     83                36108     9133    1292
     Max         765     306     84                36110     9135    1293
     Sum       24467    9791   2657              1155489   292295   41363
 

     Subspace diagonalization in iterative solution of the eigenvalue problem:
     a serial algorithm will be used

     GIPAW projectors -----------------------------------------------
     atom=  C    l=0  rc=    1.2000  rs=    0.8000
     atom=  C    l=0  rc=    1.2000  rs=    0.8000
     atom=  C    l=1  rc=    1.4000  rs=    0.9333
     atom=  C    l=1  rc=    1.4000  rs=    0.9333
     projs nearly linearly dependent: l=1  n1,n2= 1, 2  s=  0.99951561
 
     atom=  Cl   l=0  rc=    1.6000  rs=    1.0667
     atom=  Cl   l=0  rc=    1.6000  rs=    1.0667
     atom=  Cl   l=1  rc=    1.6000  rs=    1.0667
     atom=  Cl   l=1  rc=    1.6000  rs=    1.0667
     atom=  Cl   l=2  rc=    1.6000  rs=    1.0667
     atom=  Cl   l=2  rc=    1.6000  rs=    1.0667
     projs nearly linearly dependent: l=2  n1,n2= 1, 2  s=  0.99993509
 
     atom=  H    l=0  rc=    1.0000  rs=    0.6667
     atom=  H    l=0  rc=    1.0000  rs=    0.6667
     projs nearly linearly dependent: l=0  n1,n2= 1, 2  s=  0.99968852
     -----------------------------------------------------------------
 
     GIPAW integrals: -------------------------------------------
     Atom  i/j   nmr_para   nmr_dia   epr_rmc  epr_para   epr_dia
       C   1 1   0.83E+03  0.17E-01  0.93E+01  0.24E+08  0.24E+03
       C   2 1   0.86E+03 -0.61E-01  0.94E+01  0.25E+08  0.25E+03
       C   2 2   0.90E+03 -0.15E+00  0.97E+01  0.26E+08  0.26E+03
       C   3 3   0.33E+01  0.34E+00  0.18E+01  0.55E+03  0.21E+02
       C   4 3   0.35E+01  0.37E+00  0.20E+01  0.59E+03  0.22E+02
       C   4 4   0.38E+01  0.39E+00  0.22E+01  0.63E+03  0.24E+02
       Cl  1 1   0.14E+04 -0.47E+00  0.84E+01  0.32E+09  0.42E+03
       Cl  2 1   0.21E+04 -0.37E+00  0.12E+02  0.49E+09  0.65E+03
       Cl  2 2   0.33E+04 -0.16E+00  0.21E+02  0.76E+09  0.10E+04
       Cl  3 3   0.21E+02  0.79E-01  0.89E+01  0.23E+05  0.13E+03
       Cl  4 3   0.24E+02  0.67E-01  0.99E+01  0.27E+05  0.15E+03
       Cl  4 4   0.28E+02  0.44E-01  0.11E+02  0.32E+05  0.18E+03
       Cl  5 5   0.77E+00  0.19E+00  0.18E+01  0.12E+03  0.22E+02
       Cl  6 5   0.80E+00  0.19E+00  0.19E+01  0.12E+03  0.23E+02
       Cl  6 6   0.83E+00  0.20E+00  0.19E+01  0.12E+03  0.23E+02
       H   1 1   0.39E+02  0.19E+00  0.29E+00  0.78E+05  0.13E+02
       H   2 1   0.41E+02  0.21E+00  0.32E+00  0.82E+05  0.14E+02
       H   2 2   0.43E+02  0.22E+00  0.36E+00  0.86E+05  0.15E+02
     ------------------------------------------------------------
 
     alpha_pv=     34.0224 eV
 
     Number of occupied bands for each k-point:
     k-point:     1    nbnd_occ=  42
     k-point:     2    nbnd_occ=  42
     k-point:     3    nbnd_occ=  42
     k-point:     4    nbnd_occ=  42
     k-point:     5    nbnd_occ=  42
     k-point:     6    nbnd_occ=  42
     k-point:     7    nbnd_occ=  42
     k-point:     8    nbnd_occ=  42
     k-point:     9    nbnd_occ=  42
     k-point:    10    nbnd_occ=  42
     k-point:    11    nbnd_occ=  42
     k-point:    12    nbnd_occ=  42
     k-point:    13    nbnd_occ=  42
     k-point:    14    nbnd_occ=  42
     k-point:    15    nbnd_occ=  42
     k-point:    16    nbnd_occ=  42
 
 
     q-space interpolation up to   110.00 Rydberg
 
     GIPAW job: efg                                                                             
 
 
     ELECTRIC FIELD GRADIENTS TENSORS IN Hartree/bohrradius^2:
 
     ----- bare term -----
     Cl   1       -0.034840        0.007303       -0.026884
     Cl   1        0.007303        0.019713       -0.005100
     Cl   1       -0.026884       -0.005100        0.015126
 
     C    2       -0.164228        0.127167       -0.327349
     C    2        0.127167       -0.137458       -0.540525
     C    2       -0.327349       -0.540525        0.301686
 
     C    3       -0.191528        0.332277       -0.257709
     C    3        0.332277       -0.153967       -0.502822
     C    3       -0.257709       -0.502822        0.345495
 
     H    4       -0.340485       -0.179599       -0.561567
     H    4       -0.179599        0.350244       -0.199664
     H    4       -0.561567       -0.199664       -0.009759
 
     C    5       -0.271896        0.282767       -0.367489
     C    5        0.282767       -0.030973       -0.418515
     C    5       -0.367489       -0.418515        0.302869
 
     H    6        0.397268       -0.028398       -0.031351
     H    6       -0.028398       -0.447062       -0.536241
     H    6       -0.031351       -0.536241        0.049793
 
     H    7        0.366629        0.102697       -0.049487
     H    7        0.102697       -0.533327        0.469760
     H    7       -0.049487        0.469760        0.166698
 
     C    8       -0.429348       -0.164130       -0.254473
     C    8       -0.164130       -0.116296        0.401678
     C    8       -0.254473        0.401678        0.545644
 
     H    9       -0.498844        0.303345       -0.397259
     H    9        0.303345        0.259269        0.186888
     H    9       -0.397259        0.186888        0.239575
 
     C   10       -0.276622       -0.200287       -0.185328
     C   10       -0.200287       -0.261529        0.480945
     C   10       -0.185328        0.480945        0.538152
 
     C   11       -0.211527        0.021694       -0.302201
     C   11        0.021694       -0.227679        0.457361
     C   11       -0.302201        0.457361        0.439206
 
     Cl  12       -0.013819        0.020784       -0.011543
     Cl  12        0.020784        0.012288        0.007001
     Cl  12       -0.011543        0.007001        0.001531
 
     H   13        0.352299       -0.038300       -0.026873
     H   13       -0.038300       -0.432330       -0.528437
     H   13       -0.026873       -0.528437        0.080030
 
     C   14       -0.332157        0.233723       -0.388064
     C   14        0.233723       -0.097298       -0.382878
     C   14       -0.388064       -0.382878        0.429454
 
     H   15       -0.422872       -0.235128       -0.499895
     H   15       -0.235128        0.275613       -0.195573
     H   15       -0.499895       -0.195573        0.147258
 
     C   16       -0.195176        0.324564       -0.320999
     C   16        0.324564       -0.203510       -0.432506
     C   16       -0.320999       -0.432506        0.398685
 
     C   17       -0.042547        0.047307       -0.425814
     C   17        0.047307       -0.103246       -0.464983
     C   17       -0.425814       -0.464983        0.145793
 
     Cl  18       -0.008092       -0.059830       -0.000458
     Cl  18       -0.059830        0.028138       -0.028738
     Cl  18       -0.000458       -0.028738       -0.020046
 
     H   19        0.347928        0.108721       -0.048958
     H   19        0.108721       -0.553335        0.446115
     H   19       -0.048958        0.446115        0.205407
 
     C   20       -0.452198       -0.172166       -0.235597
     C   20       -0.172166       -0.116769        0.400428
     C   20       -0.235597        0.400428        0.568967
 
     H   21       -0.525171        0.281645       -0.401024
     H   21        0.281645        0.252766        0.176552
     H   21       -0.401024        0.176552        0.272405
 
     C   22       -0.301013       -0.208370       -0.183575
     C   22       -0.208370       -0.272706        0.473345
     C   22       -0.183575        0.473345        0.573719
 
     C   23       -0.228882        0.036908       -0.344217
     C   23        0.036908       -0.214861        0.427342
     C   23       -0.344217        0.427342        0.443743
 
     Cl  24       -0.005430        0.040393       -0.001630
     Cl  24        0.040393       -0.007055        0.025558
     Cl  24       -0.001630        0.025558        0.012484
 
     ----- ionic term -----
     Cl   1        0.143227       -0.231750        0.000786
     Cl   1       -0.231750        0.015488        0.006276
     Cl   1        0.000786        0.006276       -0.158716
 
     C    2        0.196421       -0.210539        0.246042
     C    2       -0.210539        0.119277        0.427488
     C    2        0.246042        0.427488       -0.315699
 
     C    3        0.133683       -0.276982        0.178956
     C    3       -0.276982        0.136741        0.407441
     C    3        0.178956        0.407441       -0.270423
 
     H    4        0.477913        0.242183        0.755676
     H    4        0.242183       -0.472849        0.252972
     H    4        0.755676        0.252972       -0.005064
 
     C    5        0.227591       -0.216792        0.283193
     C    5       -0.216792        0.009037        0.319916
     C    5        0.283193        0.319916       -0.236627
 
     H    6       -0.541318        0.029118        0.034344
     H    6        0.029118        0.611129        0.736972
     H    6        0.034344        0.736972       -0.069811
 
     H    7       -0.508314       -0.123048        0.062388
     H    7       -0.123048        0.734098       -0.647819
     H    7        0.062388       -0.647819       -0.225783
 
     C    8        0.356037        0.125343        0.194341
     C    8        0.125343        0.076843       -0.306009
     C    8        0.194341       -0.306009       -0.432880
 
     H    9        0.692053       -0.406915        0.545236
     H    9       -0.406915       -0.365506       -0.239769
     H    9        0.545236       -0.239769       -0.326548
 
     C   10        0.197609        0.167281        0.130617
     C   10        0.167281        0.219696       -0.389915
     C   10        0.130617       -0.389915       -0.417306
 
     C   11        0.229098        0.110286        0.226069
     C   11        0.110286        0.199233       -0.367253
     C   11        0.226069       -0.367253       -0.428331
 
     Cl  12        0.111973        0.217491        0.012750
     Cl  12        0.217491        0.037440        0.005457
     Cl  12        0.012750        0.005457       -0.149412
 
     H   13       -0.500897        0.029211        0.025810
     H   13        0.029211        0.600123        0.728789
     H   13        0.025810        0.728789       -0.099226
 
     C   14        0.263285       -0.180432        0.308104
     C   14       -0.180432        0.073382        0.284385
     C   14        0.308104        0.284385       -0.336668
 
     H   15        0.584283        0.321933        0.681672
     H   15        0.321933       -0.393987        0.253917
     H   15        0.681672        0.253917       -0.190296
 
     C   16        0.128478       -0.267011        0.230925
     C   16       -0.267011        0.174331        0.345584
     C   16        0.230925        0.345584       -0.302809
 
     C   17        0.101040       -0.178900        0.353737
     C   17       -0.178900        0.093220        0.350824
     C   17        0.353737        0.350824       -0.194260
 
     Cl  18        0.113068       -0.182036        0.058230
     Cl  18       -0.182036        0.018839       -0.033922
     Cl  18        0.058230       -0.033922       -0.131907
 
     H   19       -0.490869       -0.130641        0.061692
     H   19       -0.130641        0.760781       -0.619298
     H   19        0.061692       -0.619298       -0.269912
 
     C   20        0.370101        0.131753        0.179566
     C   20        0.131753        0.077248       -0.303594
     C   20        0.179566       -0.303594       -0.447349
 
     H   21        0.718466       -0.390165        0.546641
     H   21       -0.390165       -0.359619       -0.229956
     H   21        0.546641       -0.229956       -0.358847
 
     C   22        0.215133        0.174142        0.125863
     C   22        0.174142        0.224461       -0.380337
     C   22        0.125863       -0.380337       -0.439594
 
     C   23        0.250460        0.095500        0.269752
     C   23        0.095500        0.182679       -0.333243
     C   23        0.269752       -0.333243       -0.433139
 
     Cl  24        0.131077        0.194628        0.039581
     Cl  24        0.194628        0.027714        0.019348
     Cl  24        0.039581        0.019348       -0.158791
 
     ----- GIPAW term -----
     Cl   1        1.110457       -2.369638       -0.328353
     Cl   1       -2.369638        0.389547        0.014077
     Cl   1       -0.328353        0.014077       -1.500005
 
     C    2        0.051065       -0.105389       -0.068322
     C    2       -0.105389       -0.007537       -0.088622
     C    2       -0.068322       -0.088622       -0.043528
 
     C    3       -0.051408        0.036470       -0.071492
     C    3        0.036470       -0.008533       -0.075749
     C    3       -0.071492       -0.075749        0.059941
 
     H    4        0.000000       -0.000000       -0.000000
     H    4       -0.000000        0.000000        0.000000
     H    4       -0.000000        0.000000       -0.000000
 
     C    5       -0.023669        0.051261       -0.064401
     C    5        0.051261       -0.025406       -0.085311
     C    5       -0.064401       -0.085311        0.049075
 
     H    6        0.000000       -0.000000       -0.000000
     H    6       -0.000000        0.000000        0.000000
     H    6       -0.000000        0.000000       -0.000000
 
     H    7        0.000000       -0.000000       -0.000000
     H    7       -0.000000        0.000000        0.000000
     H    7       -0.000000        0.000000       -0.000000
 
     C    8       -0.045129       -0.029019       -0.046988
     C    8       -0.029019       -0.042942        0.081909
     C    8       -0.046988        0.081909        0.088071
 
     H    9        0.000000       -0.000000       -0.000000
     H    9       -0.000000        0.000000        0.000000
     H    9       -0.000000        0.000000       -0.000000
 
     C   10       -0.068893       -0.020513       -0.049690
     C   10       -0.020513       -0.027746        0.071997
     C   10       -0.049690        0.071997        0.096640
 
     C   11        0.036113        0.149190       -0.058109
     C   11        0.149190       -0.013954        0.071709
     C   11       -0.058109        0.071709       -0.022159
 
     Cl  12        1.002283        2.527031       -0.017393
     Cl  12        2.527031        0.535564        0.146272
     Cl  12       -0.017393        0.146272       -1.537847
 
     H   13        0.000000       -0.000000       -0.000000
     H   13       -0.000000        0.000000        0.000000
     H   13       -0.000000        0.000000       -0.000000
 
     C   14       -0.045968        0.043162       -0.060691
     C   14        0.043162       -0.026559       -0.083135
     C   14       -0.060691       -0.083135        0.072527
 
     H   15        0.000000       -0.000000       -0.000000
     H   15       -0.000000        0.000000        0.000000
     H   15       -0.000000        0.000000       -0.000000
 
     C   16       -0.061491        0.040972       -0.078995
     C   16        0.040972       -0.010346       -0.067688
     C   16       -0.078995       -0.067688        0.071837
 
     C   17        0.063101       -0.151207       -0.044352
     C   17       -0.151207        0.001821       -0.093853
     C   17       -0.044352       -0.093853       -0.064922
 
     Cl  18        1.085222       -2.552654        0.583093
     Cl  18       -2.552654        0.494307       -0.675595
     Cl  18        0.583093       -0.675595       -1.579530
 
     H   19        0.000000       -0.000000       -0.000000
     H   19       -0.000000        0.000000        0.000000
     H   19       -0.000000        0.000000       -0.000000
 
     C   20       -0.053568       -0.031928       -0.044227
     C   20       -0.031928       -0.041761        0.082766
     C   20       -0.044227        0.082766        0.095329
 
     H   21        0.000000       -0.000000       -0.000000
     H   21       -0.000000        0.000000        0.000000
     H   21       -0.000000        0.000000       -0.000000
 
     C   22       -0.074874       -0.022106       -0.051539
     C   22       -0.022106       -0.033437        0.074404
     C   22       -0.051539        0.074404        0.108311
 
     C   23        0.043129        0.148630       -0.050909
     C   23        0.148630       -0.020070        0.080522
     C   23       -0.050909        0.080522       -0.023059
 
     Cl  24        1.309872        2.473897        0.382442
     Cl  24        2.473897        0.207954        0.493485
     Cl  24        0.382442        0.493485       -1.517826
 
     ----- total EFG -----
     Cl   1        1.218845       -2.594085       -0.354452
     Cl   1       -2.594085        0.424749        0.015253
     Cl   1       -0.354452        0.015253       -1.643594
 
     C    2        0.083259       -0.188762       -0.149629
     C    2       -0.188762       -0.025717       -0.201660
     C    2       -0.149629       -0.201660       -0.057541
 
     C    3       -0.109253        0.091764       -0.150246
     C    3        0.091764       -0.025760       -0.171130
     C    3       -0.150246       -0.171130        0.135014
 
     H    4        0.137428        0.062584        0.194109
     H    4        0.062584       -0.122605        0.053308
     H    4        0.194109        0.053308       -0.014823
 
     C    5       -0.067974        0.117236       -0.148697
     C    5        0.117236       -0.047343       -0.183910
     C    5       -0.148697       -0.183910        0.115317
 
     H    6       -0.144049        0.000720        0.002992
     H    6        0.000720        0.164067        0.200730
     H    6        0.002992        0.200730       -0.020018
 
     H    7       -0.141685       -0.020351        0.012900
     H    7       -0.020351        0.200770       -0.178058
     H    7        0.012900       -0.178058       -0.059085
 
     C    8       -0.118440       -0.067806       -0.107120
     C    8       -0.067806       -0.082396        0.177578
     C    8       -0.107120        0.177578        0.200836
 
     H    9        0.193209       -0.103569        0.147977
     H    9       -0.103569       -0.106237       -0.052882
     H    9        0.147977       -0.052882       -0.086973
 
     C   10       -0.147906       -0.053518       -0.104401
     C   10       -0.053518       -0.069579        0.163027
     C   10       -0.104401        0.163027        0.217485
 
     C   11        0.053684        0.281170       -0.134241
     C   11        0.281170       -0.042400        0.161816
     C   11       -0.134241        0.161816       -0.011284
 
     Cl  12        1.100436        2.765306       -0.016185
     Cl  12        2.765306        0.585292        0.158730
     Cl  12       -0.016185        0.158730       -1.685728
 
     H   13       -0.148597       -0.009090       -0.001064
     H   13       -0.009090        0.167793        0.200353
     H   13       -0.001064        0.200353       -0.019196
 
     C   14       -0.114840        0.096453       -0.140650
     C   14        0.096453       -0.050474       -0.181627
     C   14       -0.140650       -0.181627        0.165314
 
     H   15        0.161411        0.086804        0.181777
     H   15        0.086804       -0.118373        0.058343
     H   15        0.181777        0.058343       -0.043038
 
     C   16       -0.128188        0.098526       -0.169069
     C   16        0.098526       -0.039525       -0.154610
     C   16       -0.169069       -0.154610        0.167713
 
     C   17        0.121594       -0.282800       -0.116430
     C   17       -0.282800       -0.008205       -0.208012
     C   17       -0.116430       -0.208012       -0.113389
 
     Cl  18        1.190198       -2.794520        0.640865
     Cl  18       -2.794520        0.541284       -0.738254
     Cl  18        0.640865       -0.738254       -1.731482
 
     H   19       -0.142941       -0.021920        0.012734
     H   19       -0.021920        0.207446       -0.173182
     H   19        0.012734       -0.173182       -0.064505
 
     C   20       -0.135666       -0.072342       -0.100258
     C   20       -0.072342       -0.081281        0.179600
     C   20       -0.100258        0.179600        0.216947
 
     H   21        0.193295       -0.108521        0.145618
     H   21       -0.108521       -0.106852       -0.053404
     H   21        0.145618       -0.053404       -0.086443
 
     C   22       -0.160753       -0.056333       -0.109251
     C   22       -0.056333       -0.081682        0.167411
     C   22       -0.109251        0.167411        0.242436
 
     C   23        0.064707        0.281038       -0.125374
     C   23        0.281038       -0.052253        0.174621
     C   23       -0.125374        0.174621       -0.012454
 
     Cl  24        1.435519        2.708918        0.420393
     Cl  24        2.708918        0.228614        0.538390
     Cl  24        0.420393        0.538390       -1.664133
 
     ----- total EFG (symmetrized) -----
     Cl   1        1.218845       -2.594085       -0.354452
     Cl   1       -2.594085        0.424749        0.015253
     Cl   1       -0.354452        0.015253       -1.643594
 
     C    2        0.083259       -0.188762       -0.149629
     C    2       -0.188762       -0.025717       -0.201660
     C    2       -0.149629       -0.201660       -0.057541
 
     C    3       -0.109253        0.091764       -0.150246
     C    3        0.091764       -0.025760       -0.171130
     C    3       -0.150246       -0.171130        0.135014
 
     H    4        0.137428        0.062584        0.194109
     H    4        0.062584       -0.122605        0.053308
     H    4        0.194109        0.053308       -0.014823
 
     C    5       -0.067974        0.117236       -0.148697
     C    5        0.117236       -0.047343       -0.183910
     C    5       -0.148697       -0.183910        0.115317
 
     H    6       -0.144049        0.000720        0.002992
     H    6        0.000720        0.164067        0.200730
     H    6        0.002992        0.200730       -0.020018
 
     H    7       -0.141685       -0.020351        0.012900
     H    7       -0.020351        0.200770       -0.178058
     H    7        0.012900       -0.178058       -0.059085
 
     C    8       -0.118440       -0.067806       -0.107120
     C    8       -0.067806       -0.082396        0.177578
     C    8       -0.107120        0.177578        0.200836
 
     H    9        0.193209       -0.103569        0.147977
     H    9       -0.103569       -0.106237       -0.052882
     H    9        0.147977       -0.052882       -0.086973
 
     C   10       -0.147906       -0.053518       -0.104401
     C   10       -0.053518       -0.069579        0.163027
     C   10       -0.104401        0.163027        0.217485
 
     C   11        0.053684        0.281170       -0.134241
     C   11        0.281170       -0.042400        0.161816
     C   11       -0.134241        0.161816       -0.011284
 
     Cl  12        1.100436        2.765306       -0.016185
     Cl  12        2.765306        0.585292        0.158730
     Cl  12       -0.016185        0.158730       -1.685728
 
     H   13       -0.148597       -0.009090       -0.001064
     H   13       -0.009090        0.167793        0.200353
     H   13       -0.001064        0.200353       -0.019196
 
     C   14       -0.114840        0.096453       -0.140650
     C   14        0.096453       -0.050474       -0.181627
     C   14       -0.140650       -0.181627        0.165314
 
     H   15        0.161411        0.086804        0.181777
     H   15        0.086804       -0.118373        0.058343
     H   15        0.181777        0.058343       -0.043038
 
     C   16       -0.128188        0.098526       -0.169069
     C   16        0.098526       -0.039525       -0.154610
     C   16       -0.169069       -0.154610        0.167713
 
     C   17        0.121594       -0.282800       -0.116430
     C   17       -0.282800       -0.008205       -0.208012
     C   17       -0.116430       -0.208012       -0.113389
 
     Cl  18        1.190198       -2.794520        0.640865
     Cl  18       -2.794520        0.541284       -0.738254
     Cl  18        0.640865       -0.738254       -1.731482
 
     H   19       -0.142941       -0.021920        0.012734
     H   19       -0.021920        0.207446       -0.173182
     H   19        0.012734       -0.173182       -0.064505
 
     C   20       -0.135666       -0.072342       -0.100258
     C   20       -0.072342       -0.081281        0.179600
     C   20       -0.100258        0.179600        0.216947
 
     H   21        0.193295       -0.108521        0.145618
     H   21       -0.108521       -0.106852       -0.053404
     H   21        0.145618       -0.053404       -0.086443
 
     C   22       -0.160753       -0.056333       -0.109251
     C   22       -0.056333       -0.081682        0.167411
     C   22       -0.109251        0.167411        0.242436
 
     C   23        0.064707        0.281038       -0.125374
     C   23        0.281038       -0.052253        0.174621
     C   23       -0.125374        0.174621       -0.012454
 
     Cl  24        1.435519        2.708918        0.420393
     Cl  24        2.708918        0.228614        0.538390
     Cl  24        0.420393        0.538390       -1.664133
 
 
     NQR/NMR SPECTROSCOPIC PARAMETERS:
     Cl   1    Vxx=   -1.5002    axis=( -0.347556 -0.474779  0.808573)
     Cl   1    Vyy=   -1.9612    axis=( -0.550481 -0.594766 -0.585853)
     Cl   1    Vzz=    3.4614    axis=( -0.759063  0.648720  0.054642)
     Cl   1  Q=        -8.1650 1e-30 m^2  Cq=       -66.4043 MHz  eta= 0.13318
 
     C    2    Vxx=    0.1444    axis=( -0.389380 -0.491365  0.779066)
     C    2    Vyy=    0.2253    axis=( -0.793916  0.607879 -0.013407)
     C    2    Vzz=   -0.3697    axis=( -0.466990 -0.623734 -0.626799)
     C    2  Q=         1.0000 1e-30 m^2  Cq=        -0.8686 MHz  eta= 0.21864
 
     C    3    Vxx=   -0.1343    axis=( -0.054085  0.856147  0.513895)
     C    3    Vyy=   -0.1822    axis=( -0.922534  0.154096 -0.353815)
     C    3    Vzz=    0.3165    axis=( -0.382106 -0.493221  0.781491)
     C    3  Q=         1.0000 1e-30 m^2  Cq=         0.7436 MHz  eta= 0.15144
 
     H    4    Vxx=   -0.1335    axis=( -0.439033  0.829412  0.345435)
     H    4    Vyy=   -0.1526    axis=( -0.393188 -0.523062  0.756181)
     H    4    Vzz=    0.2862    axis=( -0.807870 -0.196167 -0.555756)
     H    4  Q=         1.0000 1e-30 m^2  Cq=         0.6724 MHz  eta= 0.06673
 
     C    5    Vxx=   -0.1467    axis=(  0.716193  0.311128  0.624713)
     C    5    Vyy=   -0.1788    axis=( -0.547646  0.805407  0.226721)
     C    5    Vzz=    0.3256    axis=( -0.432609 -0.504498  0.747215)
     C    5  Q=         1.0000 1e-30 m^2  Cq=         0.7650 MHz  eta= 0.09853
 
     H    6    Vxx=   -0.1432    axis=(  0.933777 -0.197228  0.298599)
     H    6    Vyy=   -0.1496    axis=( -0.357819 -0.502731  0.786910)
     H    6    Vzz=    0.2929    axis=(  0.005085  0.841643  0.540010)
     H    6  Q=         1.0000 1e-30 m^2  Cq=         0.6881 MHz  eta= 0.02176
 
     H    7    Vxx=   -0.1423    axis=( -0.952990 -0.182191 -0.242108)
     H    7    Vyy=   -0.1503    axis=( -0.297940  0.418006  0.858198)
     H    7    Vzz=    0.2926    axis=(  0.055153 -0.889987  0.452637)
     H    7  Q=         1.0000 1e-30 m^2  Cq=         0.6875 MHz  eta= 0.02732
 
     C    8    Vxx=   -0.1456    axis=( -0.812830  0.376600 -0.444387)
     C    8    Vyy=   -0.1768    axis=(  0.513534  0.823376 -0.241528)
     C    8    Vzz=    0.3224    axis=( -0.274938  0.424529  0.862661)
     C    8  Q=         1.0000 1e-30 m^2  Cq=         0.7574 MHz  eta= 0.09675
 
     H    9    Vxx=   -0.1364    axis=(  0.411775  0.853265 -0.319967)
     H    9    Vyy=   -0.1544    axis=( -0.237753  0.439548  0.866182)
     H    9    Vzz=    0.2908    axis=( -0.879724  0.280599 -0.383862)
     H    9  Q=         1.0000 1e-30 m^2  Cq=         0.6833 MHz  eta= 0.06202
 
     C   10    Vxx=   -0.1424    axis=( -0.153187  0.882667 -0.444335)
     C   10    Vyy=   -0.1781    axis=(  0.957924  0.243079  0.152625)
     C   10    Vzz=    0.3205    axis=( -0.242726  0.402259  0.882764)
     C   10  Q=         1.0000 1e-30 m^2  Cq=         0.7530 MHz  eta= 0.11159
 
     C   11    Vxx=    0.1039    axis=( -0.316161  0.362135  0.876870)
     C   11    Vyy=    0.2909    axis=( -0.762476 -0.646970 -0.007726)
     C   11    Vzz=   -0.3948    axis=(  0.564511 -0.671035  0.480666)
     C   11  Q=         1.0000 1e-30 m^2  Cq=        -0.9277 MHz  eta= 0.47349
 
     Cl  12    Vxx=   -1.6329    axis=(  0.275855 -0.278052 -0.920104)
     Cl  12    Vyy=   -1.9889    axis=( -0.614914  0.684684 -0.391266)
     Cl  12    Vzz=    3.6218    axis=(  0.738773  0.673717  0.017896)
     Cl  12  Q=        -8.1650 1e-30 m^2  Cq=       -69.4832 MHz  eta= 0.09830
 
     H   13    Vxx=   -0.1437    axis=( -0.617047  0.412911 -0.669894)
     H   13    Vyy=   -0.1519    axis=( -0.786708 -0.343747  0.512766)
     H   13    Vzz=    0.2955    axis=( -0.018547  0.843412  0.536948)
     H   13  Q=         1.0000 1e-30 m^2  Cq=         0.6944 MHz  eta= 0.02777
 
     C   14    Vxx=   -0.1482    axis=(  0.364682  0.725341  0.583856)
     C   14    Vyy=   -0.1850    axis=( -0.860833  0.501649 -0.085528)
     C   14    Vzz=    0.3332    axis=( -0.354927 -0.471412  0.807340)
     C   14  Q=         1.0000 1e-30 m^2  Cq=         0.7829 MHz  eta= 0.11057
 
     H   15    Vxx=   -0.1403    axis=( -0.465122  0.793023  0.393416)
     H   15    Vyy=   -0.1538    axis=( -0.294095 -0.557596  0.776270)
     H   15    Vzz=    0.2942    axis=( -0.834967 -0.245358 -0.492574)
     H   15  Q=         1.0000 1e-30 m^2  Cq=         0.6911 MHz  eta= 0.04580
 
     C   16    Vxx=   -0.1215    axis=(  0.066741  0.863210  0.500414)
     C   16    Vyy=   -0.2116    axis=( -0.918245  0.249349 -0.307656)
     C   16    Vzz=    0.3331    axis=( -0.390349 -0.438969  0.809280)
     C   16  Q=         1.0000 1e-30 m^2  Cq=         0.7827 MHz  eta= 0.27033
 
     C   17    Vxx=    0.0661    axis=( -0.466516 -0.413495  0.781911)
     C   17    Vyy=    0.3509    axis=( -0.751321  0.651755 -0.103600)
     C   17    Vzz=   -0.4169    axis=( -0.466776 -0.635797 -0.614721)
     C   17  Q=         1.0000 1e-30 m^2  Cq=        -0.9796 MHz  eta= 0.68303
 
     Cl  18    Vxx=   -1.7983    axis=( -0.523703 -0.385880  0.759495)
     Cl  18    Vyy=   -2.0493    axis=(  0.433652  0.646623  0.627554)
     Cl  18    Vzz=    3.8476    axis=( -0.733267  0.658008 -0.171301)
     Cl  18  Q=        -8.1650 1e-30 m^2  Cq=       -73.8146 MHz  eta= 0.06524
 
     H   19    Vxx=   -0.1437    axis=( -0.935523 -0.201499 -0.290164)
     H   19    Vyy=   -0.1494    axis=( -0.348493  0.391822  0.851486)
     H   19    Vzz=    0.2931    axis=(  0.057881 -0.897705  0.436779)
     H   19  Q=         1.0000 1e-30 m^2  Cq=         0.6887 MHz  eta= 0.01943
 
     C   20    Vxx=   -0.1443    axis=( -0.670515  0.573142 -0.471081)
     C   20    Vyy=   -0.1886    axis=(  0.697954  0.702600 -0.138615)
     C   20    Vzz=    0.3328    axis=( -0.251535  0.421736  0.871131)
     C   20  Q=         1.0000 1e-30 m^2  Cq=         0.7821 MHz  eta= 0.13313
 
     H   21    Vxx=   -0.1392    axis=(  0.442655  0.792076 -0.420324)
     H   21    Vyy=   -0.1528    axis=( -0.178434  0.537183  0.824376)
     H   21    Vzz=    0.2919    axis=( -0.878759  0.289914 -0.379120)
     H   21  Q=         1.0000 1e-30 m^2  Cq=         0.6859 MHz  eta= 0.04659
 
     C   22    Vxx=   -0.1506    axis=( -0.212066  0.876462 -0.432253)
     C   22    Vyy=   -0.1926    axis=(  0.948231  0.291543  0.125942)
     C   22    Vzz=    0.3432    axis=( -0.236404  0.383168  0.892914)
     C   22  Q=         1.0000 1e-30 m^2  Cq=         0.8064 MHz  eta= 0.12228
 
     C   23    Vxx=    0.1058    axis=( -0.352310  0.337884  0.872761)
     C   23    Vyy=    0.2940    axis=( -0.760946 -0.646310 -0.056959)
     C   23    Vzz=   -0.3998    axis=(  0.544829 -0.684191  0.484813)
     C   23  Q=         1.0000 1e-30 m^2  Cq=        -0.9393 MHz  eta= 0.47092
 
     Cl  24    Vxx=   -1.6607    axis=(  0.387640 -0.308240 -0.868748)
     Cl  24    Vyy=   -2.0293    axis=(  0.503594 -0.718556  0.479656)
     Cl  24    Vzz=    3.6900    axis=(  0.772093  0.623431  0.123313)
     Cl  24  Q=        -8.1650 1e-30 m^2  Cq=       -70.7906 MHz  eta= 0.09990
 
     Initialization:
     gipaw_setup  :      0.19s CPU      0.31s WALL (       1 calls)
 
     Linear response
 
     Apply operators
 
     Induced current
 
     Other routines
     efg          :      0.72s CPU      0.82s WALL (       1 calls)
 
     General routines
     calbec       :      0.03s CPU      0.06s WALL (      16 calls)
     fft          :      0.05s CPU      0.10s WALL (      15 calls)
     ffts         :      0.01s CPU      0.00s WALL (       2 calls)
     fftw         :      0.44s CPU      0.47s WALL (     672 calls)
     davcio       :      0.02s CPU      0.07s WALL (      32 calls)
 
     Parallel routines
     fft_scatter  :      0.35s CPU      0.36s WALL (     689 calls)
 
     Plugins
 
     GIPAW        :      3.83s CPU      4.68s WALL (       1 calls)
