
     Program QE v.6.0 starts on 20May2017 at 15:16: 3 

     This program is part of the open-source Quantum ESPRESSO suite
     for quantum simulation of materials; please cite
         "P. Giannozzi et al., J. Phys.:Condens. Matter 21 395502 (2009);
          URL http://www.quantum-espresso.org", 
     in publications or presentations arising from this work. More details at
     http://www.quantum-espresso.org/quote
 
           ARCH :    x86_64
             CC :    icc
            CPP :    cpp
            F90 :    ifort
            F77 :    ifort
         DFLAGS :    -D__INTEL -D__DFTI
      BLAS LIBS :    -lmkl_intel_lp64  -lmkl_sequential -lmkl_core
    LAPACK LIBS :    
       FFT LIBS :    
      MASS LIBS :    

     Parallel version (MPI & OpenMP), running on      32 processor cores
     Number of MPI processes:                32
     Threads/MPI process:                     1
     R & G space division:  proc/nbgrp/npool/nimage =      32
 
     ***** This is GIPAW svn revision unknown      *****
 
     Parallelizing q-star over 1 images

     Reading data from directory:
     ./scratch/scf-2205.save

   Info: using nr1, nr2, nr3 values from input

   Info: using nr1, nr2, nr3 values from input

     IMPORTANT: XC functional enforced from input :
     Exchange-correlation      =  SLA  PW   PBX  PBC ( 1  4  3  4 0 0)
     Any further DFT definition will be discarded
     Please, verify this is what you really want

               file C.pbe-n-kjpaw_psl.1.0.0.UPF: wavefunction(s)  2S 2P renormalized
               file Cl.pbe-n-kjpaw_psl.1.0.0.UPF: wavefunction(s)  3S 3P renormalized
               file H.pbe-kjpaw_psl.1.0.0.UPF: wavefunction(s)  1S renormalized
 
     Parallelization info
     --------------------
     sticks:   dense  smooth     PW     G-vecs:    dense   smooth      PW
     Min         764     305     83                36108     9133    1292
     Max         765     306     84                36110     9135    1293
     Sum       24467    9791   2657              1155489   292295   41363
 

     Subspace diagonalization in iterative solution of the eigenvalue problem:
     a serial algorithm will be used

     GIPAW projectors -----------------------------------------------
     atom=  C    l=0  rc=    1.2000  rs=    0.8000
     atom=  C    l=0  rc=    1.2000  rs=    0.8000
     atom=  C    l=1  rc=    1.4000  rs=    0.9333
     atom=  C    l=1  rc=    1.4000  rs=    0.9333
     projs nearly linearly dependent: l=1  n1,n2= 1, 2  s=  0.99951561
 
     atom=  Cl   l=0  rc=    1.6000  rs=    1.0667
     atom=  Cl   l=0  rc=    1.6000  rs=    1.0667
     atom=  Cl   l=1  rc=    1.6000  rs=    1.0667
     atom=  Cl   l=1  rc=    1.6000  rs=    1.0667
     atom=  Cl   l=2  rc=    1.6000  rs=    1.0667
     atom=  Cl   l=2  rc=    1.6000  rs=    1.0667
     projs nearly linearly dependent: l=2  n1,n2= 1, 2  s=  0.99993509
 
     atom=  H    l=0  rc=    1.0000  rs=    0.6667
     atom=  H    l=0  rc=    1.0000  rs=    0.6667
     projs nearly linearly dependent: l=0  n1,n2= 1, 2  s=  0.99968852
     -----------------------------------------------------------------
 
     GIPAW integrals: -------------------------------------------
     Atom  i/j   nmr_para   nmr_dia   epr_rmc  epr_para   epr_dia
       C   1 1   0.83E+03  0.17E-01  0.93E+01  0.24E+08  0.24E+03
       C   2 1   0.86E+03 -0.61E-01  0.94E+01  0.25E+08  0.25E+03
       C   2 2   0.90E+03 -0.15E+00  0.97E+01  0.26E+08  0.26E+03
       C   3 3   0.33E+01  0.34E+00  0.18E+01  0.55E+03  0.21E+02
       C   4 3   0.35E+01  0.37E+00  0.20E+01  0.59E+03  0.22E+02
       C   4 4   0.38E+01  0.39E+00  0.22E+01  0.63E+03  0.24E+02
       Cl  1 1   0.14E+04 -0.47E+00  0.84E+01  0.32E+09  0.42E+03
       Cl  2 1   0.21E+04 -0.37E+00  0.12E+02  0.49E+09  0.65E+03
       Cl  2 2   0.33E+04 -0.16E+00  0.21E+02  0.76E+09  0.10E+04
       Cl  3 3   0.21E+02  0.79E-01  0.89E+01  0.23E+05  0.13E+03
       Cl  4 3   0.24E+02  0.67E-01  0.99E+01  0.27E+05  0.15E+03
       Cl  4 4   0.28E+02  0.44E-01  0.11E+02  0.32E+05  0.18E+03
       Cl  5 5   0.77E+00  0.19E+00  0.18E+01  0.12E+03  0.22E+02
       Cl  6 5   0.80E+00  0.19E+00  0.19E+01  0.12E+03  0.23E+02
       Cl  6 6   0.83E+00  0.20E+00  0.19E+01  0.12E+03  0.23E+02
       H   1 1   0.39E+02  0.19E+00  0.29E+00  0.78E+05  0.13E+02
       H   2 1   0.41E+02  0.21E+00  0.32E+00  0.82E+05  0.14E+02
       H   2 2   0.43E+02  0.22E+00  0.36E+00  0.86E+05  0.15E+02
     ------------------------------------------------------------
 
     alpha_pv=     33.5830 eV
 
     Number of occupied bands for each k-point:
     k-point:     1    nbnd_occ=  42
     k-point:     2    nbnd_occ=  42
     k-point:     3    nbnd_occ=  42
     k-point:     4    nbnd_occ=  42
     k-point:     5    nbnd_occ=  42
     k-point:     6    nbnd_occ=  42
     k-point:     7    nbnd_occ=  42
     k-point:     8    nbnd_occ=  42
     k-point:     9    nbnd_occ=  42
     k-point:    10    nbnd_occ=  42
     k-point:    11    nbnd_occ=  42
     k-point:    12    nbnd_occ=  42
     k-point:    13    nbnd_occ=  42
     k-point:    14    nbnd_occ=  42
     k-point:    15    nbnd_occ=  42
     k-point:    16    nbnd_occ=  42
 
 
     q-space interpolation up to   110.00 Rydberg
 
     GIPAW job: efg                                                                             
 
 
     ELECTRIC FIELD GRADIENTS TENSORS IN Hartree/bohrradius^2:
 
     ----- bare term -----
     Cl   1       -0.018535       -0.031246       -0.014803
     Cl   1       -0.031246        0.018858       -0.000816
     Cl   1       -0.014803       -0.000816       -0.000323
 
     C    2       -0.079863        0.081702       -0.389447
     C    2        0.081702       -0.130643       -0.505624
     C    2       -0.389447       -0.505624        0.210506
 
     C    3       -0.181902        0.285668       -0.298564
     C    3        0.285668       -0.172429       -0.485442
     C    3       -0.298564       -0.485442        0.354330
 
     H    4       -0.405045       -0.224517       -0.491833
     H    4       -0.224517        0.339482       -0.190220
     H    4       -0.491833       -0.190220        0.065563
 
     C    5       -0.333572        0.271491       -0.364176
     C    5        0.271491       -0.057815       -0.396442
     C    5       -0.364176       -0.396442        0.391387
 
     H    6        0.374188       -0.041592       -0.033109
     H    6       -0.041592       -0.417494       -0.545904
     H    6       -0.033109       -0.545904        0.043306
 
     H    7        0.357156        0.060705       -0.030427
     H    7        0.060705       -0.610879        0.401133
     H    7       -0.030427        0.401133        0.253723
 
     C    8       -0.381458       -0.195314       -0.372068
     C    8       -0.195314       -0.157920        0.338834
     C    8       -0.372068        0.338834        0.539378
 
     H    9       -0.405015        0.294316       -0.455794
     H    9        0.294316        0.241654        0.213259
     H    9       -0.455794        0.213259        0.163361
 
     C   10       -0.231929       -0.233879       -0.303084
     C   10       -0.233879       -0.302443        0.406278
     C   10       -0.303084        0.406278        0.534372
 
     C   11       -0.130910       -0.019261       -0.352453
     C   11       -0.019261       -0.272665        0.460811
     C   11       -0.352453        0.460811        0.403575
 
     Cl  12       -0.028647        0.030953       -0.033633
     Cl  12        0.030953        0.022306       -0.008129
     Cl  12       -0.033633       -0.008129        0.006341
 
     H   13        0.373269       -0.036549       -0.053064
     H   13       -0.036549       -0.409108       -0.551843
     H   13       -0.053064       -0.551843        0.035839
 
     C   14       -0.321911        0.302085       -0.371829
     C   14        0.302085       -0.039233       -0.401102
     C   14       -0.371829       -0.401102        0.361145
 
     H   15       -0.395186       -0.200811       -0.556164
     H   15       -0.200811        0.330134       -0.199121
     H   15       -0.556164       -0.199121        0.065052
 
     C   16       -0.175665        0.308074       -0.289639
     C   16        0.308074       -0.162731       -0.516986
     C   16       -0.289639       -0.516986        0.338396
 
     C   17       -0.120440        0.055301       -0.367397
     C   17        0.055301       -0.085245       -0.535459
     C   17       -0.367397       -0.535459        0.205686
 
     Cl  18       -0.000787       -0.034647       -0.030156
     Cl  18       -0.034647        0.025106        0.000801
     Cl  18       -0.030156        0.000801       -0.024320
 
     H   19        0.361447        0.042817       -0.035134
     H   19        0.042817       -0.585527        0.424978
     H   19       -0.035134        0.424978        0.224080
 
     C   20       -0.368377       -0.218299       -0.389131
     C   20       -0.218299       -0.148384        0.340743
     C   20       -0.389131        0.340743        0.516761
 
     H   21       -0.392159        0.274275       -0.514579
     H   21        0.274275        0.251525        0.215334
     H   21       -0.514579        0.215334        0.140635
 
     C   22       -0.223347       -0.258254       -0.316269
     C   22       -0.258254       -0.280414        0.419066
     C   22       -0.316269        0.419066        0.503760
 
     C   23       -0.152316       -0.004998       -0.333382
     C   23       -0.004998       -0.236320        0.483130
     C   23       -0.333382        0.483130        0.388636
 
     Cl  24       -0.021953        0.043018       -0.048251
     Cl  24        0.043018        0.027678       -0.009942
     Cl  24       -0.048251       -0.009942       -0.005726
 
     ----- ionic term -----
     Cl   1        0.074848       -0.207718        0.004187
     Cl   1       -0.207718        0.078516       -0.002825
     Cl   1        0.004187       -0.002825       -0.153364
 
     C    2        0.106571       -0.197303        0.296826
     C    2       -0.197303        0.139467        0.403934
     C    2        0.296826        0.403934       -0.246038
 
     C    3        0.121802       -0.233658        0.216483
     C    3       -0.233658        0.147484        0.391894
     C    3        0.216483        0.391894       -0.269286
 
     H    4        0.560123        0.300523        0.679001
     H    4        0.300523       -0.456103        0.246247
     H    4        0.679001        0.246247       -0.104020
 
     C    5        0.275684       -0.214399        0.288534
     C    5       -0.214399        0.033292        0.294281
     C    5        0.288534        0.294281       -0.308976
 
     H    6       -0.518051        0.040504        0.037849
     H    6        0.040504        0.577147        0.747119
     H    6        0.037849        0.747119       -0.059096
 
     H    7       -0.506591       -0.059129        0.033036
     H    7       -0.059129        0.839527       -0.561648
     H    7        0.033036       -0.561648       -0.332936
 
     C    8        0.309765        0.154764        0.295942
     C    8        0.154764        0.110766       -0.256209
     C    8        0.295942       -0.256209       -0.420531
 
     H    9        0.552574       -0.402821        0.629127
     H    9       -0.402821       -0.337175       -0.283900
     H    9        0.629127       -0.283900       -0.215399
 
     C   10        0.161400        0.193360        0.221131
     C   10        0.193360        0.261152       -0.322459
     C   10        0.221131       -0.322459       -0.422551
 
     C   11        0.168212        0.141870        0.276065
     C   11        0.141870        0.234861       -0.361840
     C   11        0.276065       -0.361840       -0.403073
 
     Cl  12        0.137762        0.207564        0.010327
     Cl  12        0.207564        0.018392        0.003277
     Cl  12        0.010327        0.003277       -0.156153
 
     H   13       -0.517095        0.037848        0.057371
     H   13        0.037848        0.564574        0.754045
     H   13        0.057371        0.754045       -0.047478
 
     C   14        0.268374       -0.238431        0.290298
     C   14       -0.238431        0.017796        0.300149
     C   14        0.290298        0.300149       -0.286171
 
     H   15        0.545083        0.268198        0.745450
     H   15        0.268198       -0.455395        0.250887
     H   15        0.745450        0.250887       -0.089688
 
     C   16        0.119097       -0.250100        0.211413
     C   16       -0.250100        0.139712        0.413152
     C   16        0.211413        0.413152       -0.258809
 
     C   17        0.159711       -0.175245        0.273229
     C   17       -0.175245        0.087141        0.430920
     C   17        0.273229        0.430920       -0.246852
 
     Cl  18        0.117300       -0.202965        0.007133
     Cl  18       -0.202965        0.015782        0.008276
     Cl  18        0.007133        0.008276       -0.133081
 
     H   19       -0.509817       -0.037763        0.035775
     H   19       -0.037763        0.804050       -0.591660
     H   19        0.035775       -0.591660       -0.294233
 
     C   20        0.298530        0.173329        0.309577
     C   20        0.173329        0.104062       -0.256877
     C   20        0.309577       -0.256877       -0.402593
 
     H   21        0.537560       -0.381405        0.688929
     H   21       -0.381405       -0.351568       -0.287172
     H   21        0.688929       -0.287172       -0.185993
 
     C   22        0.154653        0.212461        0.233673
     C   22        0.212461        0.242743       -0.331758
     C   22        0.233673       -0.331758       -0.397396
 
     C   23        0.192644        0.131390        0.257547
     C   23        0.131390        0.198396       -0.382654
     C   23        0.257547       -0.382654       -0.391041
 
     Cl  24        0.150774        0.193779        0.016431
     Cl  24        0.193779       -0.004793       -0.002038
     Cl  24        0.016431       -0.002038       -0.145981
 
     ----- GIPAW term -----
     Cl   1        0.556752       -2.521949       -0.150079
     Cl   1       -2.521949        1.047241       -0.041658
     Cl   1       -0.150079       -0.041658       -1.603992
 
     C    2        0.036479       -0.136334       -0.071777
     C    2       -0.136334        0.021716       -0.080277
     C    2       -0.071777       -0.080277       -0.058195
 
     C    3       -0.053335        0.036663       -0.072998
     C    3        0.036663       -0.011843       -0.075607
     C    3       -0.072998       -0.075607        0.065179
 
     H    4        0.000000       -0.000000       -0.000000
     H    4       -0.000000        0.000000        0.000000
     H    4       -0.000000        0.000000       -0.000000
 
     C    5       -0.034498        0.043874       -0.057684
     C    5        0.043874       -0.028216       -0.089543
     C    5       -0.057684       -0.089543        0.062714
 
     H    6        0.000000       -0.000000       -0.000000
     H    6       -0.000000        0.000000        0.000000
     H    6       -0.000000        0.000000       -0.000000
 
     H    7        0.000000       -0.000000       -0.000000
     H    7       -0.000000        0.000000        0.000000
     H    7       -0.000000        0.000000       -0.000000
 
     C    8       -0.046009       -0.031700       -0.056721
     C    8       -0.031700       -0.048060        0.071635
     C    8       -0.056721        0.071635        0.094069
 
     H    9        0.000000       -0.000000       -0.000000
     H    9       -0.000000        0.000000        0.000000
     H    9       -0.000000        0.000000       -0.000000
 
     C   10       -0.061616       -0.025003       -0.070707
     C   10       -0.025003       -0.024900        0.070061
     C   10       -0.070707        0.070061        0.086516
 
     C   11        0.055432        0.140210       -0.060871
     C   11        0.140210       -0.024633        0.077495
     C   11       -0.060871        0.077495       -0.030799
 
     Cl  12        1.110601        2.516626       -0.289664
     Cl  12        2.516626        0.448887       -0.050314
     Cl  12       -0.289664       -0.050314       -1.559488
 
     H   13        0.000000       -0.000000       -0.000000
     H   13       -0.000000        0.000000        0.000000
     H   13       -0.000000        0.000000       -0.000000
 
     C   14       -0.032371        0.050222       -0.062193
     C   14        0.050222       -0.024841       -0.087539
     C   14       -0.062193       -0.087539        0.057212
 
     H   15        0.000000       -0.000000       -0.000000
     H   15       -0.000000        0.000000        0.000000
     H   15       -0.000000        0.000000       -0.000000
 
     C   16       -0.049653        0.040926       -0.069649
     C   16        0.040926       -0.012992       -0.086534
     C   16       -0.069649       -0.086534        0.062645
 
     C   17        0.058681       -0.139302       -0.077177
     C   17       -0.139302        0.005898       -0.082942
     C   17       -0.077177       -0.082942       -0.064579
 
     Cl  18        1.219132       -2.514522       -0.274535
     Cl  18       -2.514522        0.421624        0.090784
     Cl  18       -0.274535        0.090784       -1.640756
 
     H   19        0.000000       -0.000000       -0.000000
     H   19       -0.000000        0.000000        0.000000
     H   19       -0.000000        0.000000       -0.000000
 
     C   20       -0.046430       -0.035360       -0.058817
     C   20       -0.035360       -0.045197        0.072231
     C   20       -0.058817        0.072231        0.091626
 
     H   21        0.000000       -0.000000       -0.000000
     H   21       -0.000000        0.000000        0.000000
     H   21       -0.000000        0.000000       -0.000000
 
     C   22       -0.060704       -0.029101       -0.071132
     C   22       -0.029101       -0.022420        0.072625
     C   22       -0.071132        0.072625        0.083124
 
     C   23        0.061267        0.143545       -0.061999
     C   23        0.143545       -0.028835        0.077215
     C   23       -0.061999        0.077215       -0.032433
 
     Cl  24        1.342720        2.498310       -0.374827
     Cl  24        2.498310        0.236240       -0.127101
     Cl  24       -0.374827       -0.127101       -1.578960
 
     ----- total EFG -----
     Cl   1        0.613065       -2.760912       -0.160694
     Cl   1       -2.760912        1.144614       -0.045299
     Cl   1       -0.160694       -0.045299       -1.757679
 
     C    2        0.063187       -0.251935       -0.164399
     C    2       -0.251935        0.030540       -0.181968
     C    2       -0.164399       -0.181968       -0.093727
 
     C    3       -0.113435        0.088673       -0.155080
     C    3        0.088673       -0.036788       -0.169155
     C    3       -0.155080       -0.169155        0.150223
 
     H    4        0.155078        0.076006        0.187168
     H    4        0.076006       -0.116621        0.056027
     H    4        0.187168        0.056027       -0.038457
 
     C    5       -0.092386        0.100967       -0.133326
     C    5        0.100967       -0.052739       -0.191704
     C    5       -0.133326       -0.191704        0.145124
 
     H    6       -0.143863       -0.001088        0.004740
     H    6       -0.001088        0.159653        0.201215
     H    6        0.004740        0.201215       -0.015790
 
     H    7       -0.149435        0.001576        0.002609
     H    7        0.001576        0.228648       -0.160515
     H    7        0.002609       -0.160515       -0.079213
 
     C    8       -0.117703       -0.072249       -0.132847
     C    8       -0.072249       -0.095213        0.154261
     C    8       -0.132847        0.154261        0.212915
 
     H    9        0.147559       -0.108505        0.173333
     H    9       -0.108505       -0.095521       -0.070641
     H    9        0.173333       -0.070641       -0.052038
 
     C   10       -0.132145       -0.065522       -0.152660
     C   10       -0.065522       -0.066191        0.153880
     C   10       -0.152660        0.153880        0.198336
 
     C   11        0.092734        0.262820       -0.137258
     C   11        0.262820       -0.062437        0.176466
     C   11       -0.137258        0.176466       -0.030297
 
     Cl  12        1.219716        2.755143       -0.312969
     Cl  12        2.755143        0.489585       -0.055165
     Cl  12       -0.312969       -0.055165       -1.709300
 
     H   13       -0.143826        0.001299        0.004306
     H   13        0.001299        0.155466        0.202202
     H   13        0.004306        0.202202       -0.011639
 
     C   14       -0.085908        0.113876       -0.143724
     C   14        0.113876       -0.046278       -0.188492
     C   14       -0.143724       -0.188492        0.132186
 
     H   15        0.149897        0.067387        0.189286
     H   15        0.067387       -0.125261        0.051766
     H   15        0.189286        0.051766       -0.024636
 
     C   16       -0.106221        0.098901       -0.147875
     C   16        0.098901       -0.036011       -0.190368
     C   16       -0.147875       -0.190368        0.142232
 
     C   17        0.097951       -0.259246       -0.171345
     C   17       -0.259246        0.007794       -0.187480
     C   17       -0.171345       -0.187480       -0.105746
 
     Cl  18        1.335644       -2.752133       -0.297559
     Cl  18       -2.752133        0.462513        0.099861
     Cl  18       -0.297559        0.099861       -1.798157
 
     H   19       -0.148370        0.005054        0.000642
     H   19        0.005054        0.218523       -0.166682
     H   19        0.000642       -0.166682       -0.070153
 
     C   20       -0.116276       -0.080330       -0.138371
     C   20       -0.080330       -0.089518        0.156096
     C   20       -0.138371        0.156096        0.205795
 
     H   21        0.145401       -0.107130        0.174350
     H   21       -0.107130       -0.100043       -0.071838
     H   21        0.174350       -0.071838       -0.045358
 
     C   22       -0.129397       -0.074893       -0.153727
     C   22       -0.074893       -0.060091        0.159933
     C   22       -0.153727        0.159933        0.189488
 
     C   23        0.101595        0.269936       -0.137834
     C   23        0.269936       -0.066758        0.177691
     C   23       -0.137834        0.177691       -0.034837
 
     Cl  24        1.471541        2.735106       -0.406647
     Cl  24        2.735106        0.259126       -0.139082
     Cl  24       -0.406647       -0.139082       -1.730667
 
     ----- total EFG (symmetrized) -----
     Cl   1        0.613065       -2.760912       -0.160694
     Cl   1       -2.760912        1.144614       -0.045299
     Cl   1       -0.160694       -0.045299       -1.757679
 
     C    2        0.063187       -0.251935       -0.164399
     C    2       -0.251935        0.030540       -0.181968
     C    2       -0.164399       -0.181968       -0.093727
 
     C    3       -0.113435        0.088673       -0.155080
     C    3        0.088673       -0.036788       -0.169155
     C    3       -0.155080       -0.169155        0.150223
 
     H    4        0.155078        0.076006        0.187168
     H    4        0.076006       -0.116621        0.056027
     H    4        0.187168        0.056027       -0.038457
 
     C    5       -0.092386        0.100967       -0.133326
     C    5        0.100967       -0.052739       -0.191704
     C    5       -0.133326       -0.191704        0.145124
 
     H    6       -0.143863       -0.001088        0.004740
     H    6       -0.001088        0.159653        0.201215
     H    6        0.004740        0.201215       -0.015790
 
     H    7       -0.149435        0.001576        0.002609
     H    7        0.001576        0.228648       -0.160515
     H    7        0.002609       -0.160515       -0.079213
 
     C    8       -0.117703       -0.072249       -0.132847
     C    8       -0.072249       -0.095213        0.154261
     C    8       -0.132847        0.154261        0.212915
 
     H    9        0.147559       -0.108505        0.173333
     H    9       -0.108505       -0.095521       -0.070641
     H    9        0.173333       -0.070641       -0.052038
 
     C   10       -0.132145       -0.065522       -0.152660
     C   10       -0.065522       -0.066191        0.153880
     C   10       -0.152660        0.153880        0.198336
 
     C   11        0.092734        0.262820       -0.137258
     C   11        0.262820       -0.062437        0.176466
     C   11       -0.137258        0.176466       -0.030297
 
     Cl  12        1.219716        2.755143       -0.312969
     Cl  12        2.755143        0.489585       -0.055165
     Cl  12       -0.312969       -0.055165       -1.709300
 
     H   13       -0.143826        0.001299        0.004306
     H   13        0.001299        0.155466        0.202202
     H   13        0.004306        0.202202       -0.011639
 
     C   14       -0.085908        0.113876       -0.143724
     C   14        0.113876       -0.046278       -0.188492
     C   14       -0.143724       -0.188492        0.132186
 
     H   15        0.149897        0.067387        0.189286
     H   15        0.067387       -0.125261        0.051766
     H   15        0.189286        0.051766       -0.024636
 
     C   16       -0.106221        0.098901       -0.147875
     C   16        0.098901       -0.036011       -0.190368
     C   16       -0.147875       -0.190368        0.142232
 
     C   17        0.097951       -0.259246       -0.171345
     C   17       -0.259246        0.007794       -0.187480
     C   17       -0.171345       -0.187480       -0.105746
 
     Cl  18        1.335644       -2.752133       -0.297559
     Cl  18       -2.752133        0.462513        0.099861
     Cl  18       -0.297559        0.099861       -1.798157
 
     H   19       -0.148370        0.005054        0.000642
     H   19        0.005054        0.218523       -0.166682
     H   19        0.000642       -0.166682       -0.070153
 
     C   20       -0.116276       -0.080330       -0.138371
     C   20       -0.080330       -0.089518        0.156096
     C   20       -0.138371        0.156096        0.205795
 
     H   21        0.145401       -0.107130        0.174350
     H   21       -0.107130       -0.100043       -0.071838
     H   21        0.174350       -0.071838       -0.045358
 
     C   22       -0.129397       -0.074893       -0.153727
     C   22       -0.074893       -0.060091        0.159933
     C   22       -0.153727        0.159933        0.189488
 
     C   23        0.101595        0.269936       -0.137834
     C   23        0.269936       -0.066758        0.177691
     C   23       -0.137834        0.177691       -0.034837
 
     Cl  24        1.471541        2.735106       -0.406647
     Cl  24        2.735106        0.259126       -0.139082
     Cl  24       -0.406647       -0.139082       -1.730667
 
 
     NQR/NMR SPECTROSCOPIC PARAMETERS:
     Cl   1    Vxx=   -1.6626    axis=( -0.392536 -0.372491  0.840932)
     Cl   1    Vyy=   -1.9909    axis=(  0.627330  0.560191  0.540965)
     Cl   1    Vzz=    3.6535    axis=( -0.672587  0.739890  0.013780)
     Cl   1  Q=        -8.1650 1e-30 m^2  Cq=       -70.0914 MHz  eta= 0.08987
 
     C    2    Vxx=    0.1018    axis=( -0.439370 -0.442758  0.781614)
     C    2    Vyy=    0.2994    axis=( -0.724043  0.689560 -0.016395)
     C    2    Vzz=   -0.4012    axis=( -0.531710 -0.573126 -0.623547)
     C    2  Q=         1.0000 1e-30 m^2  Cq=        -0.9426 MHz  eta= 0.49265
 
     C    3    Vxx=   -0.1365    axis=( -0.040446  0.869974  0.491436)
     C    3    Vyy=   -0.1866    axis=( -0.924625  0.153836 -0.348429)
     C    3    Vzz=    0.3231    axis=( -0.378725 -0.468486  0.798178)
     C    3  Q=         1.0000 1e-30 m^2  Cq=         0.7591 MHz  eta= 0.15526
 
     H    4    Vxx=   -0.1346    axis=( -0.392420  0.885810  0.247684)
     H    4    Vyy=   -0.1561    axis=( -0.396238 -0.405822  0.823592)
     H    4    Vzz=    0.2907    axis=( -0.830062 -0.225052 -0.510244)
     H    4  Q=         1.0000 1e-30 m^2  Cq=         0.6831 MHz  eta= 0.07390
 
     C    5    Vxx=   -0.1473    axis=(  0.758317  0.330053  0.562156)
     C    5    Vyy=   -0.1806    axis=( -0.537727  0.804201  0.253202)
     C    5    Vzz=    0.3279    axis=( -0.368517 -0.494294  0.787318)
     C    5  Q=         1.0000 1e-30 m^2  Cq=         0.7704 MHz  eta= 0.10165
 
     H    6    Vxx=   -0.1408    axis=(  0.829509 -0.308696  0.465426)
     H    6    Vyy=   -0.1506    axis=( -0.558480 -0.452700  0.695099)
     H    6    Vzz=    0.2914    axis=(  0.003876  0.836522  0.547919)
     H    6  Q=         1.0000 1e-30 m^2  Cq=         0.6848 MHz  eta= 0.03378
 
     H    7    Vxx=   -0.1454    axis=(  0.600185  0.313282  0.735956)
     H    7    Vyy=   -0.1517    axis=( -0.799860  0.236171  0.551767)
     H    7    Vzz=    0.2971    axis=( -0.000953 -0.919825  0.392329)
     H    7  Q=         1.0000 1e-30 m^2  Cq=         0.6981 MHz  eta= 0.02116
 
     C    8    Vxx=   -0.1481    axis=( -0.559929  0.667283 -0.491135)
     C    8    Vyy=   -0.1796    axis=(  0.764161  0.645005  0.005141)
     C    8    Vzz=    0.3277    axis=( -0.320215  0.372428  0.871068)
     C    8  Q=         1.0000 1e-30 m^2  Cq=         0.7700 MHz  eta= 0.09598
 
     H    9    Vxx=   -0.1362    axis=(  0.443389  0.878980 -0.175499)
     H    9    Vyy=   -0.1549    axis=( -0.365255  0.355987  0.860152)
     H    9    Vzz=    0.2910    axis=( -0.818533  0.317280 -0.478892)
     H    9  Q=         1.0000 1e-30 m^2  Cq=         0.6838 MHz  eta= 0.06435
 
     C   10    Vxx=   -0.1366    axis=( -0.065087 -0.917669  0.391978)
     C   10    Vyy=   -0.1923    axis=( -0.938542 -0.077139 -0.336435)
     C   10    Vzz=    0.3288    axis=( -0.338973  0.389786  0.856250)
     C   10  Q=         1.0000 1e-30 m^2  Cq=         0.7726 MHz  eta= 0.16935
 
     C   11    Vxx=    0.1064    axis=( -0.296401  0.429982  0.852797)
     C   11    Vyy=    0.2893    axis=( -0.805397 -0.592438  0.018782)
     C   11    Vzz=   -0.3956    axis=(  0.513306 -0.681273  0.521905)
     C   11  Q=         1.0000 1e-30 m^2  Cq=        -0.9296 MHz  eta= 0.46222
 
     Cl  12    Vxx=   -1.6309    axis=( -0.288306  0.397264  0.871241)
     Cl  12    Vyy=   -2.0168    axis=(  0.592598 -0.640672  0.488229)
     Cl  12    Vzz=    3.6477    axis=( -0.752135 -0.657055  0.050708)
     Cl  12  Q=        -8.1650 1e-30 m^2  Cq=       -69.9787 MHz  eta= 0.10579
 
     H   13    Vxx=   -0.1421    axis=(  0.856402 -0.292718  0.425314)
     H   13    Vyy=   -0.1486    axis=( -0.516248 -0.472717  0.714161)
     H   13    Vzz=    0.2907    axis=(  0.007995  0.831176  0.555951)
     H   13  Q=         1.0000 1e-30 m^2  Cq=         0.6831 MHz  eta= 0.02223
 
     C   14    Vxx=   -0.1479    axis=(  0.644166  0.439338  0.626124)
     C   14    Vyy=   -0.1834    axis=( -0.651336  0.744238  0.147888)
     C   14    Vzz=    0.3313    axis=( -0.401013 -0.503081  0.765570)
     C   14  Q=         1.0000 1e-30 m^2  Cq=         0.7785 MHz  eta= 0.10700
 
     H   15    Vxx=   -0.1369    axis=(  0.470272 -0.764881 -0.440228)
     H   15    Vyy=   -0.1515    axis=(  0.317856  0.612151 -0.724043)
     H   15    Vzz=    0.2884    axis=( -0.823293 -0.200568 -0.531000)
     H   15  Q=         1.0000 1e-30 m^2  Cq=         0.6776 MHz  eta= 0.05062
 
     C   16    Vxx=   -0.1564    axis=(  0.160200  0.794499  0.585754)
     C   16    Vyy=   -0.1786    axis=( -0.913536  0.344108 -0.216891)
     C   16    Vzz=    0.3350    axis=( -0.373882 -0.500362  0.780929)
     C   16  Q=         1.0000 1e-30 m^2  Cq=         0.7871 MHz  eta= 0.06616
 
     C   17    Vxx=    0.1008    axis=( -0.377865 -0.507629  0.774294)
     C   17    Vyy=    0.3164    axis=( -0.775510  0.630375  0.034817)
     C   17    Vzz=   -0.4172    axis=( -0.505770 -0.587316 -0.631868)
     C   17  Q=         1.0000 1e-30 m^2  Cq=        -0.9802 MHz  eta= 0.51680
 
     Cl  18    Vxx=   -1.7277    axis=( -0.350983 -0.477747  0.805338)
     Cl  18    Vyy=   -1.9733    axis=( -0.546809 -0.593605 -0.590452)
     Cl  18    Vzz=    3.7010    axis=( -0.760139  0.647604  0.052891)
     Cl  18  Q=        -8.1650 1e-30 m^2  Cq=       -71.0026 MHz  eta= 0.06636
 
     H   19    Vxx=   -0.1445    axis=(  0.563389  0.338271  0.753768)
     H   19    Vyy=   -0.1502    axis=( -0.826134  0.241447  0.509123)
     H   19    Vzz=    0.2947    axis=( -0.009774 -0.909547  0.415486)
     H   19  Q=         1.0000 1e-30 m^2  Cq=         0.6925 MHz  eta= 0.01956
 
     C   20    Vxx=   -0.1452    axis=( -0.508558  0.694268 -0.509275)
     C   20    Vyy=   -0.1845    axis=(  0.792750  0.608378  0.037735)
     C   20    Vzz=    0.3297    axis=( -0.336030  0.384537  0.859776)
     C   20  Q=         1.0000 1e-30 m^2  Cq=         0.7746 MHz  eta= 0.11930
 
     H   21    Vxx=   -0.1381    axis=(  0.503719  0.799193 -0.327961)
     H   21    Vyy=   -0.1531    axis=( -0.288007  0.513286  0.808449)
     H   21    Vzz=    0.2912    axis=( -0.814444  0.312776 -0.488725)
     H   21  Q=         1.0000 1e-30 m^2  Cq=         0.6841 MHz  eta= 0.05150
 
     C   22    Vxx=   -0.1382    axis=( -0.002058 -0.899033  0.437877)
     C   22    Vyy=   -0.1929    axis=( -0.937441 -0.150708 -0.313834)
     C   22    Vzz=    0.3311    axis=( -0.348139  0.411129  0.842480)
     C   22  Q=         1.0000 1e-30 m^2  Cq=         0.7779 MHz  eta= 0.16536
 
     C   23    Vxx=    0.1024    axis=( -0.289061  0.434647  0.852951)
     C   23    Vyy=    0.3003    axis=( -0.810749 -0.584930  0.023310)
     C   23    Vzz=   -0.4027    axis=(  0.509048 -0.684791  0.521470)
     C   23  Q=         1.0000 1e-30 m^2  Cq=        -0.9463 MHz  eta= 0.49136
 
     Cl  24    Vxx=   -1.6784    axis=( -0.256798  0.424815  0.868094)
     Cl  24    Vyy=   -2.0185    axis=(  0.572140 -0.657089  0.490806)
     Cl  24    Vzz=    3.6969    axis=( -0.778916 -0.622709  0.074315)
     Cl  24  Q=        -8.1650 1e-30 m^2  Cq=       -70.9238 MHz  eta= 0.09199
 
     Initialization:
     gipaw_setup  :      0.20s CPU      0.30s WALL (       1 calls)
 
     Linear response
 
     Apply operators
 
     Induced current
 
     Other routines
     efg          :      0.72s CPU      0.82s WALL (       1 calls)
 
     General routines
     calbec       :      0.06s CPU      0.05s WALL (      16 calls)
     fft          :      0.06s CPU      0.09s WALL (      15 calls)
     ffts         :      0.00s CPU      0.00s WALL (       2 calls)
     fftw         :      0.45s CPU      0.47s WALL (     672 calls)
     davcio       :      0.01s CPU      0.08s WALL (      32 calls)
 
     Parallel routines
     fft_scatter  :      0.32s CPU      0.35s WALL (     689 calls)
 
     Plugins
 
     GIPAW        :      3.84s CPU      4.73s WALL (       1 calls)
