
     Program QE v.6.0 starts on 20May2017 at 11:10:44 

     This program is part of the open-source Quantum ESPRESSO suite
     for quantum simulation of materials; please cite
         "P. Giannozzi et al., J. Phys.:Condens. Matter 21 395502 (2009);
          URL http://www.quantum-espresso.org", 
     in publications or presentations arising from this work. More details at
     http://www.quantum-espresso.org/quote
 
           ARCH :    x86_64
             CC :    icc
            CPP :    cpp
            F90 :    ifort
            F77 :    ifort
         DFLAGS :    -D__INTEL -D__DFTI
      BLAS LIBS :    -lmkl_intel_lp64  -lmkl_sequential -lmkl_core
    LAPACK LIBS :    
       FFT LIBS :    
      MASS LIBS :    

     Parallel version (MPI & OpenMP), running on      32 processor cores
     Number of MPI processes:                32
     Threads/MPI process:                     1
     R & G space division:  proc/nbgrp/npool/nimage =      32
 
     ***** This is GIPAW svn revision unknown      *****
 
     Parallelizing q-star over 1 images

     Reading data from directory:
     ./scratch/scf-101.save

   Info: using nr1, nr2, nr3 values from input

   Info: using nr1, nr2, nr3 values from input

     IMPORTANT: XC functional enforced from input :
     Exchange-correlation      =  SLA  PW   PBX  PBC ( 1  4  3  4 0 0)
     Any further DFT definition will be discarded
     Please, verify this is what you really want

               file C.pbe-n-kjpaw_psl.1.0.0.UPF: wavefunction(s)  2S 2P renormalized
               file Cl.pbe-n-kjpaw_psl.1.0.0.UPF: wavefunction(s)  3S 3P renormalized
               file H.pbe-kjpaw_psl.1.0.0.UPF: wavefunction(s)  1S renormalized
 
     Parallelization info
     --------------------
     sticks:   dense  smooth     PW     G-vecs:    dense   smooth      PW
     Min         764     305     83                36108     9133    1292
     Max         765     306     84                36110     9135    1293
     Sum       24467    9791   2657              1155489   292295   41363
 

     Subspace diagonalization in iterative solution of the eigenvalue problem:
     a serial algorithm will be used

     GIPAW projectors -----------------------------------------------
     atom=  C    l=0  rc=    1.2000  rs=    0.8000
     atom=  C    l=0  rc=    1.2000  rs=    0.8000
     atom=  C    l=1  rc=    1.4000  rs=    0.9333
     atom=  C    l=1  rc=    1.4000  rs=    0.9333
     projs nearly linearly dependent: l=1  n1,n2= 1, 2  s=  0.99951561
 
     atom=  Cl   l=0  rc=    1.6000  rs=    1.0667
     atom=  Cl   l=0  rc=    1.6000  rs=    1.0667
     atom=  Cl   l=1  rc=    1.6000  rs=    1.0667
     atom=  Cl   l=1  rc=    1.6000  rs=    1.0667
     atom=  Cl   l=2  rc=    1.6000  rs=    1.0667
     atom=  Cl   l=2  rc=    1.6000  rs=    1.0667
     projs nearly linearly dependent: l=2  n1,n2= 1, 2  s=  0.99993509
 
     atom=  H    l=0  rc=    1.0000  rs=    0.6667
     atom=  H    l=0  rc=    1.0000  rs=    0.6667
     projs nearly linearly dependent: l=0  n1,n2= 1, 2  s=  0.99968852
     -----------------------------------------------------------------
 
     GIPAW integrals: -------------------------------------------
     Atom  i/j   nmr_para   nmr_dia   epr_rmc  epr_para   epr_dia
       C   1 1   0.83E+03  0.17E-01  0.93E+01  0.24E+08  0.24E+03
       C   2 1   0.86E+03 -0.61E-01  0.94E+01  0.25E+08  0.25E+03
       C   2 2   0.90E+03 -0.15E+00  0.97E+01  0.26E+08  0.26E+03
       C   3 3   0.33E+01  0.34E+00  0.18E+01  0.55E+03  0.21E+02
       C   4 3   0.35E+01  0.37E+00  0.20E+01  0.59E+03  0.22E+02
       C   4 4   0.38E+01  0.39E+00  0.22E+01  0.63E+03  0.24E+02
       Cl  1 1   0.14E+04 -0.47E+00  0.84E+01  0.32E+09  0.42E+03
       Cl  2 1   0.21E+04 -0.37E+00  0.12E+02  0.49E+09  0.65E+03
       Cl  2 2   0.33E+04 -0.16E+00  0.21E+02  0.76E+09  0.10E+04
       Cl  3 3   0.21E+02  0.79E-01  0.89E+01  0.23E+05  0.13E+03
       Cl  4 3   0.24E+02  0.67E-01  0.99E+01  0.27E+05  0.15E+03
       Cl  4 4   0.28E+02  0.44E-01  0.11E+02  0.32E+05  0.18E+03
       Cl  5 5   0.77E+00  0.19E+00  0.18E+01  0.12E+03  0.22E+02
       Cl  6 5   0.80E+00  0.19E+00  0.19E+01  0.12E+03  0.23E+02
       Cl  6 6   0.83E+00  0.20E+00  0.19E+01  0.12E+03  0.23E+02
       H   1 1   0.39E+02  0.19E+00  0.29E+00  0.78E+05  0.13E+02
       H   2 1   0.41E+02  0.21E+00  0.32E+00  0.82E+05  0.14E+02
       H   2 2   0.43E+02  0.22E+00  0.36E+00  0.86E+05  0.15E+02
     ------------------------------------------------------------
 
     alpha_pv=     34.0629 eV
 
     Number of occupied bands for each k-point:
     k-point:     1    nbnd_occ=  42
     k-point:     2    nbnd_occ=  42
     k-point:     3    nbnd_occ=  42
     k-point:     4    nbnd_occ=  42
     k-point:     5    nbnd_occ=  42
     k-point:     6    nbnd_occ=  42
     k-point:     7    nbnd_occ=  42
     k-point:     8    nbnd_occ=  42
     k-point:     9    nbnd_occ=  42
     k-point:    10    nbnd_occ=  42
     k-point:    11    nbnd_occ=  42
     k-point:    12    nbnd_occ=  42
     k-point:    13    nbnd_occ=  42
     k-point:    14    nbnd_occ=  42
     k-point:    15    nbnd_occ=  42
     k-point:    16    nbnd_occ=  42
 
 
     q-space interpolation up to   110.00 Rydberg
 
     GIPAW job: efg                                                                             
 
 
     ELECTRIC FIELD GRADIENTS TENSORS IN Hartree/bohrradius^2:
 
     ----- bare term -----
     Cl   1       -0.010432       -0.000584       -0.020488
     Cl   1       -0.000584        0.001290       -0.008333
     Cl   1       -0.020488       -0.008333        0.009141
 
     C    2       -0.037571        0.176618       -0.451602
     C    2        0.176618       -0.131581       -0.467833
     C    2       -0.451602       -0.467833        0.169153
 
     C    3       -0.052697        0.345643       -0.358166
     C    3        0.345643       -0.276572       -0.415859
     C    3       -0.358166       -0.415859        0.329269
 
     H    4       -0.378507       -0.166195       -0.520894
     H    4       -0.166195        0.312223       -0.167955
     H    4       -0.520894       -0.167955        0.066284
 
     C    5       -0.210906        0.267578       -0.440344
     C    5        0.267578       -0.159290       -0.337633
     C    5       -0.440344       -0.337633        0.370196
 
     H    6        0.377799       -0.079690       -0.036445
     H    6       -0.079690       -0.427375       -0.527345
     H    6       -0.036445       -0.527345        0.049576
 
     H    7        0.374721        0.171140       -0.084424
     H    7        0.171140       -0.488190        0.521486
     H    7       -0.084424        0.521486        0.113469
 
     C    8       -0.400919       -0.170189       -0.224677
     C    8       -0.170189       -0.089499        0.441453
     C    8       -0.224677        0.441453        0.490418
 
     H    9       -0.558541        0.208241       -0.397968
     H    9        0.208241        0.347159        0.156905
     H    9       -0.397968        0.156905        0.211381
 
     C   10       -0.258045       -0.223695       -0.175276
     C   10       -0.223695       -0.214613        0.517485
     C   10       -0.175276        0.517485        0.472658
 
     C   11       -0.240726        0.027090       -0.289041
     C   11        0.027090       -0.131350        0.487949
     C   11       -0.289041        0.487949        0.372076
 
     Cl  12        0.021337        0.036800       -0.010513
     Cl  12        0.036800       -0.015582        0.001727
     Cl  12       -0.010513        0.001727       -0.005756
 
     H   13        0.385706       -0.062732       -0.066606
     H   13       -0.062732       -0.429170       -0.534634
     H   13       -0.066606       -0.534634        0.043464
 
     C   14       -0.202253        0.334030       -0.443614
     C   14        0.334030       -0.077252       -0.358545
     C   14       -0.443614       -0.358545        0.279505
 
     H   15       -0.322576       -0.116311       -0.569482
     H   15       -0.116311        0.349727       -0.156495
     H   15       -0.569482       -0.156495       -0.027151
 
     C   16       -0.112765        0.365451       -0.339256
     C   16        0.365451       -0.191366       -0.452454
     C   16       -0.339256       -0.452454        0.304131
 
     C   17       -0.128946        0.049534       -0.396727
     C   17        0.049534       -0.049045       -0.499249
     C   17       -0.396727       -0.499249        0.177991
 
     Cl  18        0.029503       -0.034295       -0.035366
     Cl  18       -0.034295       -0.001300        0.001086
     Cl  18       -0.035366        0.001086       -0.028203
 
     H   19        0.359299        0.149065       -0.100844
     H   19        0.149065       -0.467787        0.528983
     H   19       -0.100844        0.528983        0.108487
 
     C   20       -0.398772       -0.205794       -0.251929
     C   20       -0.205794       -0.111916        0.422947
     C   20       -0.251929        0.422947        0.510688
 
     H   21       -0.563814        0.213576       -0.405438
     H   21        0.213576        0.319781        0.172213
     H   21       -0.405438        0.172213        0.244033
 
     C   22       -0.246801       -0.262101       -0.184088
     C   22       -0.262101       -0.209013        0.524373
     C   22       -0.184088        0.524373        0.455814
 
     C   23       -0.316514        0.032509       -0.275981
     C   23        0.032509       -0.030243        0.501762
     C   23       -0.275981        0.501762        0.346757
 
     Cl  24        0.046695       -0.001354       -0.022454
     Cl  24       -0.001354       -0.026520        0.010476
     Cl  24       -0.022454        0.010476       -0.020174
 
     ----- ionic term -----
     Cl   1        0.103985       -0.229849        0.029961
     Cl   1       -0.229849        0.053243       -0.020460
     Cl   1        0.029961       -0.020460       -0.157228
 
     C    2        0.070520       -0.264207        0.361600
     C    2       -0.264207        0.130747        0.359565
     C    2        0.361600        0.359565       -0.201266
 
     C    3        0.018955       -0.283099        0.268806
     C    3       -0.283099        0.238427        0.331840
     C    3        0.268806        0.331840       -0.257382
 
     H    4        0.531096        0.219402        0.720659
     H    4        0.219402       -0.442544        0.210485
     H    4        0.720659        0.210485       -0.088552
 
     C    5        0.165256       -0.208831        0.353960
     C    5       -0.208831        0.120485        0.243658
     C    5        0.353960        0.243658       -0.285741
 
     H    6       -0.524905        0.086038        0.049965
     H    6        0.086038        0.585954        0.730220
     H    6        0.049965        0.730220       -0.061049
 
     H    7       -0.503835       -0.218255        0.117614
     H    7       -0.218255        0.658461       -0.706139
     H    7        0.117614       -0.706139       -0.154626
 
     C    8        0.330115        0.136825        0.180025
     C    8        0.136825        0.054201       -0.333524
     C    8        0.180025       -0.333524       -0.384316
 
     H    9        0.769619       -0.282445        0.552039
     H    9       -0.282445       -0.468920       -0.195937
     H    9        0.552039       -0.195937       -0.300698
 
     C   10        0.179426        0.185540        0.120326
     C   10        0.185540        0.185897       -0.417830
     C   10        0.120326       -0.417830       -0.365322
 
     C   11        0.254842        0.107035        0.197137
     C   11        0.107035        0.122147       -0.403852
     C   11        0.197137       -0.403852       -0.376989
 
     Cl  12        0.098708        0.194620       -0.038142
     Cl  12        0.194620        0.037990       -0.029348
     Cl  12       -0.038142       -0.029348       -0.136698
 
     H   13       -0.530067        0.072344        0.077975
     H   13        0.072344        0.589810        0.734431
     H   13        0.077975        0.734431       -0.059743
 
     C   14        0.168851       -0.263478        0.348712
     C   14       -0.263478        0.046689        0.269534
     C   14        0.348712        0.269534       -0.215540
 
     H   15        0.446843        0.158763        0.779805
     H   15        0.158763       -0.486203        0.198270
     H   15        0.779805        0.198270        0.039359
 
     C   16        0.070981       -0.292574        0.247550
     C   16       -0.292574        0.168173        0.360269
     C   16        0.247550        0.360269       -0.239154
 
     C   17        0.179412       -0.168229        0.304950
     C   17       -0.168229        0.053816        0.394292
     C   17        0.304950        0.394292       -0.233228
 
     Cl  18        0.148479       -0.190597        0.010822
     Cl  18       -0.190597       -0.016319        0.004301
     Cl  18        0.010822        0.004301       -0.132160
 
     H   19       -0.492235       -0.193007        0.131398
     H   19       -0.193007        0.630004       -0.719419
     H   19        0.131398       -0.719419       -0.137769
 
     C   20        0.324392        0.161606        0.196527
     C   20        0.161606        0.075876       -0.316743
     C   20        0.196527       -0.316743       -0.400269
 
     H   21        0.780020       -0.289110        0.555044
     H   21       -0.289110       -0.444966       -0.208467
     H   21        0.555044       -0.208467       -0.335054
 
     C   22        0.171580        0.214698        0.132384
     C   22        0.214698        0.181502       -0.413801
     C   22        0.132384       -0.413801       -0.353082
 
     C   23        0.335199        0.089387        0.182778
     C   23        0.089387        0.009919       -0.415215
     C   23        0.182778       -0.415215       -0.345119
 
     Cl  24        0.165627        0.189958       -0.041809
     Cl  24        0.189958       -0.043799       -0.031171
     Cl  24       -0.041809       -0.031171       -0.121828
 
     ----- GIPAW term -----
     Cl   1        0.969490       -2.440573        0.061015
     Cl   1       -2.440573        0.574194       -0.313536
     Cl   1        0.061015       -0.313536       -1.543684
 
     C    2        0.043377       -0.114078       -0.067403
     C    2       -0.114078        0.008173       -0.088722
     C    2       -0.067403       -0.088722       -0.051550
 
     C    3       -0.032813        0.047437       -0.076752
     C    3        0.047437       -0.018981       -0.069127
     C    3       -0.076752       -0.069127        0.051794
 
     H    4        0.000000       -0.000000       -0.000000
     H    4       -0.000000        0.000000        0.000000
     H    4       -0.000000        0.000000       -0.000000
 
     C    5       -0.026919        0.044183       -0.064980
     C    5        0.044183       -0.038812       -0.083871
     C    5       -0.064980       -0.083871        0.065731
 
     H    6        0.000000       -0.000000       -0.000000
     H    6       -0.000000        0.000000        0.000000
     H    6       -0.000000        0.000000       -0.000000
 
     H    7        0.000000       -0.000000       -0.000000
     H    7       -0.000000        0.000000        0.000000
     H    7       -0.000000        0.000000       -0.000000
 
     C    8       -0.045194       -0.022143       -0.033757
     C    8       -0.022143       -0.036296        0.094106
     C    8       -0.033757        0.094106        0.081489
 
     H    9        0.000000       -0.000000       -0.000000
     H    9       -0.000000        0.000000        0.000000
     H    9       -0.000000        0.000000       -0.000000
 
     C   10       -0.071444       -0.024442       -0.049303
     C   10       -0.024442       -0.014773        0.080338
     C   10       -0.049303        0.080338        0.086217
 
     C   11        0.036096        0.149214       -0.081373
     C   11        0.149214       -0.001502        0.059387
     C   11       -0.081373        0.059387       -0.034593
 
     Cl  12        1.251357        2.438862       -0.547712
     Cl  12        2.438862        0.237553       -0.292990
     Cl  12       -0.547712       -0.292990       -1.488910
 
     H   13        0.000000       -0.000000       -0.000000
     H   13       -0.000000        0.000000        0.000000
     H   13       -0.000000        0.000000       -0.000000
 
     C   14       -0.017510        0.054644       -0.071839
     C   14        0.054644       -0.030886       -0.078274
     C   14       -0.071839       -0.078274        0.048397
 
     H   15        0.000000       -0.000000       -0.000000
     H   15       -0.000000        0.000000        0.000000
     H   15       -0.000000        0.000000       -0.000000
 
     C   16       -0.040498        0.053684       -0.079651
     C   16        0.053684       -0.009815       -0.073530
     C   16       -0.079651       -0.073530        0.050312
 
     C   17        0.074311       -0.134790       -0.075821
     C   17       -0.134790        0.004687       -0.078617
     C   17       -0.075821       -0.078617       -0.078998
 
     Cl  18        1.885802       -2.369472       -0.289742
     Cl  18       -2.369472       -0.210610        0.054723
     Cl  18       -0.289742        0.054723       -1.675192
 
     H   19        0.000000       -0.000000       -0.000000
     H   19       -0.000000        0.000000        0.000000
     H   19       -0.000000        0.000000       -0.000000
 
     C   20       -0.050290       -0.031650       -0.041641
     C   20       -0.031650       -0.036994        0.092551
     C   20       -0.041641        0.092551        0.087285
 
     H   21        0.000000       -0.000000       -0.000000
     H   21       -0.000000        0.000000        0.000000
     H   21       -0.000000        0.000000       -0.000000
 
     C   22       -0.068428       -0.035343       -0.044548
     C   22       -0.035343       -0.014357        0.090397
     C   22       -0.044548        0.090397        0.082785
 
     C   23        0.051644        0.134809       -0.085899
     C   23        0.134809       -0.027746        0.060264
     C   23       -0.085899        0.060264       -0.023897
 
     Cl  24        2.263927        1.979614       -0.702578
     Cl  24        1.979614       -0.778123       -0.207752
     Cl  24       -0.702578       -0.207752       -1.485804
 
     ----- total EFG -----
     Cl   1        1.063044       -2.671006        0.070488
     Cl   1       -2.671006        0.628728       -0.342328
     Cl   1        0.070488       -0.342328       -1.691771
 
     C    2        0.076326       -0.201666       -0.157405
     C    2       -0.201666        0.007338       -0.196989
     C    2       -0.157405       -0.196989       -0.083664
 
     C    3       -0.066555        0.109981       -0.166112
     C    3        0.109981       -0.057126       -0.153146
     C    3       -0.166112       -0.153146        0.123682
 
     H    4        0.152589        0.053207        0.199765
     H    4        0.053207       -0.130321        0.042530
     H    4        0.199765        0.042530       -0.022268
 
     C    5       -0.072569        0.102931       -0.151365
     C    5        0.102931       -0.077617       -0.177846
     C    5       -0.151365       -0.177846        0.150186
 
     H    6       -0.147106        0.006348        0.013520
     H    6        0.006348        0.158579        0.202875
     H    6        0.013520        0.202875       -0.011473
 
     H    7       -0.129114       -0.047115        0.033191
     H    7       -0.047115        0.170271       -0.184654
     H    7        0.033191       -0.184654       -0.041157
 
     C    8       -0.115998       -0.055506       -0.078409
     C    8       -0.055506       -0.071593        0.202034
     C    8       -0.078409        0.202034        0.187591
 
     H    9        0.211078       -0.074204        0.154071
     H    9       -0.074204       -0.121761       -0.039032
     H    9        0.154071       -0.039032       -0.089317
 
     C   10       -0.150063       -0.062597       -0.104253
     C   10       -0.062597       -0.043489        0.179992
     C   10       -0.104253        0.179992        0.193553
 
     C   11        0.050211        0.283338       -0.173278
     C   11        0.283338       -0.010705        0.143483
     C   11       -0.173278        0.143483       -0.039506
 
     Cl  12        1.371401        2.670281       -0.596367
     Cl  12        2.670281        0.259962       -0.320611
     Cl  12       -0.596367       -0.320611       -1.631363
 
     H   13       -0.144361        0.009611        0.011369
     H   13        0.009611        0.160640        0.199797
     H   13        0.011369        0.199797       -0.016279
 
     C   14       -0.050912        0.125196       -0.166742
     C   14        0.125196       -0.061450       -0.167286
     C   14       -0.166742       -0.167286        0.112362
 
     H   15        0.124267        0.042453        0.210324
     H   15        0.042453       -0.136476        0.041775
     H   15        0.210324        0.041775        0.012209
 
     C   16       -0.082282        0.126561       -0.171356
     C   16        0.126561       -0.033008       -0.165715
     C   16       -0.171356       -0.165715        0.115290
 
     C   17        0.124777       -0.253484       -0.167598
     C   17       -0.253484        0.009458       -0.183574
     C   17       -0.167598       -0.183574       -0.134235
 
     Cl  18        2.063784       -2.594364       -0.314287
     Cl  18       -2.594364       -0.228229        0.060110
     Cl  18       -0.314287        0.060110       -1.835555
 
     H   19       -0.132936       -0.043941        0.030554
     H   19       -0.043941        0.162217       -0.190436
     H   19        0.030554       -0.190436       -0.029281
 
     C   20       -0.124670       -0.075838       -0.097043
     C   20       -0.075838       -0.073034        0.198756
     C   20       -0.097043        0.198756        0.197704
 
     H   21        0.216206       -0.075533        0.149606
     H   21       -0.075533       -0.125185       -0.036255
     H   21        0.149606       -0.036255       -0.091021
 
     C   22       -0.143649       -0.082746       -0.096252
     C   22       -0.082746       -0.041868        0.200969
     C   22       -0.096252        0.200969        0.185517
 
     C   23        0.070329        0.256705       -0.179102
     C   23        0.256705       -0.048070        0.146811
     C   23       -0.179102        0.146811       -0.022259
 
     Cl  24        2.476249        2.168218       -0.766842
     Cl  24        2.168218       -0.848442       -0.228446
     Cl  24       -0.766842       -0.228446       -1.627807
 
     ----- total EFG (symmetrized) -----
     Cl   1        1.063044       -2.671006        0.070488
     Cl   1       -2.671006        0.628728       -0.342328
     Cl   1        0.070488       -0.342328       -1.691771
 
     C    2        0.076326       -0.201666       -0.157405
     C    2       -0.201666        0.007338       -0.196989
     C    2       -0.157405       -0.196989       -0.083664
 
     C    3       -0.066555        0.109981       -0.166112
     C    3        0.109981       -0.057126       -0.153146
     C    3       -0.166112       -0.153146        0.123682
 
     H    4        0.152589        0.053207        0.199765
     H    4        0.053207       -0.130321        0.042530
     H    4        0.199765        0.042530       -0.022268
 
     C    5       -0.072569        0.102931       -0.151365
     C    5        0.102931       -0.077617       -0.177846
     C    5       -0.151365       -0.177846        0.150186
 
     H    6       -0.147106        0.006348        0.013520
     H    6        0.006348        0.158579        0.202875
     H    6        0.013520        0.202875       -0.011473
 
     H    7       -0.129114       -0.047115        0.033191
     H    7       -0.047115        0.170271       -0.184654
     H    7        0.033191       -0.184654       -0.041157
 
     C    8       -0.115998       -0.055506       -0.078409
     C    8       -0.055506       -0.071593        0.202034
     C    8       -0.078409        0.202034        0.187591
 
     H    9        0.211078       -0.074204        0.154071
     H    9       -0.074204       -0.121761       -0.039032
     H    9        0.154071       -0.039032       -0.089317
 
     C   10       -0.150063       -0.062597       -0.104253
     C   10       -0.062597       -0.043489        0.179992
     C   10       -0.104253        0.179992        0.193553
 
     C   11        0.050211        0.283338       -0.173278
     C   11        0.283338       -0.010705        0.143483
     C   11       -0.173278        0.143483       -0.039506
 
     Cl  12        1.371401        2.670281       -0.596367
     Cl  12        2.670281        0.259962       -0.320611
     Cl  12       -0.596367       -0.320611       -1.631363
 
     H   13       -0.144361        0.009611        0.011369
     H   13        0.009611        0.160640        0.199797
     H   13        0.011369        0.199797       -0.016279
 
     C   14       -0.050912        0.125196       -0.166742
     C   14        0.125196       -0.061450       -0.167286
     C   14       -0.166742       -0.167286        0.112362
 
     H   15        0.124267        0.042453        0.210324
     H   15        0.042453       -0.136476        0.041775
     H   15        0.210324        0.041775        0.012209
 
     C   16       -0.082282        0.126561       -0.171356
     C   16        0.126561       -0.033008       -0.165715
     C   16       -0.171356       -0.165715        0.115290
 
     C   17        0.124777       -0.253484       -0.167598
     C   17       -0.253484        0.009458       -0.183574
     C   17       -0.167598       -0.183574       -0.134235
 
     Cl  18        2.063784       -2.594364       -0.314287
     Cl  18       -2.594364       -0.228229        0.060110
     Cl  18       -0.314287        0.060110       -1.835555
 
     H   19       -0.132936       -0.043941        0.030554
     H   19       -0.043941        0.162217       -0.190436
     H   19        0.030554       -0.190436       -0.029281
 
     C   20       -0.124670       -0.075838       -0.097043
     C   20       -0.075838       -0.073034        0.198756
     C   20       -0.097043        0.198756        0.197704
 
     H   21        0.216206       -0.075533        0.149606
     H   21       -0.075533       -0.125185       -0.036255
     H   21        0.149606       -0.036255       -0.091021
 
     C   22       -0.143649       -0.082746       -0.096252
     C   22       -0.082746       -0.041868        0.200969
     C   22       -0.096252        0.200969        0.185517
 
     C   23        0.070329        0.256705       -0.179102
     C   23        0.256705       -0.048070        0.146811
     C   23       -0.179102        0.146811       -0.022259
 
     Cl  24        2.476249        2.168218       -0.766842
     Cl  24        2.168218       -0.848442       -0.228446
     Cl  24       -0.766842       -0.228446       -1.627807
 
 
     NQR/NMR SPECTROSCOPIC PARAMETERS:
     Cl   1    Vxx=   -1.5573    axis=( -0.434815 -0.405350  0.804131)
     Cl   1    Vyy=   -1.9838    axis=(  0.523505  0.612791  0.591971)
     Cl   1    Vzz=    3.5411    axis=(  0.732720 -0.678365  0.054247)
     Cl   1  Q=        -8.1650 1e-30 m^2  Cq=       -67.9347 MHz  eta= 0.12044
 
     C    2    Vxx=    0.1317    axis=( -0.452687 -0.468054  0.758947)
     C    2    Vyy=    0.2467    axis=(  0.748485 -0.662054  0.038148)
     C    2    Vzz=   -0.3784    axis=(  0.484609  0.585329  0.650034)
     C    2  Q=         1.0000 1e-30 m^2  Cq=        -0.8891 MHz  eta= 0.30385
 
     C    3    Vxx=   -0.1401    axis=(  0.314840  0.721265  0.616970)
     C    3    Vyy=   -0.1747    axis=( -0.828823  0.525683 -0.191598)
     C    3    Vzz=    0.3148    axis=( -0.462523 -0.451037  0.763307)
     C    3  Q=         1.0000 1e-30 m^2  Cq=         0.7397 MHz  eta= 0.10987
 
     H    4    Vxx=   -0.1383    axis=( -0.341815  0.903928  0.257056)
     H    4    Vyy=   -0.1557    axis=( -0.449676 -0.397505  0.799863)
     H    4    Vzz=    0.2941    axis=( -0.825200 -0.157813 -0.542347)
     H    4  Q=         1.0000 1e-30 m^2  Cq=         0.6909 MHz  eta= 0.05905
 
     C    5    Vxx=   -0.1461    axis=(  0.793127  0.250112  0.555332)
     C    5    Vyy=   -0.1840    axis=( -0.447865  0.857419  0.253476)
     C    5    Vzz=    0.3301    axis=( -0.412754 -0.449752  0.792058)
     C    5  Q=         1.0000 1e-30 m^2  Cq=         0.7755 MHz  eta= 0.11473
 
     H    6    Vxx=   -0.1392    axis=(  0.682291 -0.421515  0.597332)
     H    6    Vyy=   -0.1547    axis=( -0.730507 -0.360708  0.579870)
     H    6    Vzz=    0.2939    axis=(  0.028961  0.831995  0.554027)
     H    6  Q=         1.0000 1e-30 m^2  Cq=         0.6905 MHz  eta= 0.05278
 
     H    7    Vxx=   -0.1351    axis=( -0.924435 -0.291366 -0.246020)
     H    7    Vyy=   -0.1502    axis=( -0.355787  0.426810  0.831414)
     H    7    Vzz=    0.2853    axis=(  0.137242 -0.856119  0.498223)
     H    7  Q=         1.0000 1e-30 m^2  Cq=         0.6703 MHz  eta= 0.05266
 
     C    8    Vxx=   -0.1345    axis=(  0.952111 -0.094178  0.290888)
     C    8    Vyy=   -0.1845    axis=(  0.217986  0.876210 -0.429812)
     C    8    Vzz=    0.3190    axis=( -0.214400  0.472638  0.854778)
     C    8  Q=         1.0000 1e-30 m^2  Cq=         0.7495 MHz  eta= 0.15689
 
     H    9    Vxx=   -0.1359    axis=(  0.309402  0.915900 -0.255731)
     H    9    Vyy=   -0.1570    axis=( -0.301001  0.349427  0.887299)
     H    9    Vzz=    0.2929    axis=( -0.902036  0.197556 -0.383800)
     H    9  Q=         1.0000 1e-30 m^2  Cq=         0.6882 MHz  eta= 0.07178
 
     C   10    Vxx=   -0.1398    axis=( -0.125660  0.855965 -0.501531)
     C   10    Vyy=   -0.1821    axis=(  0.960233  0.231991  0.155350)
     C   10    Vzz=    0.3218    axis=( -0.249325  0.462065  0.851077)
     C   10  Q=         1.0000 1e-30 m^2  Cq=         0.7561 MHz  eta= 0.13142
 
     C   11    Vxx=    0.0934    axis=( -0.251335  0.476798  0.842315)
     C   11    Vyy=    0.3089    axis=(  0.769577  0.626230 -0.124851)
     C   11    Vzz=   -0.4023    axis=( -0.587011  0.616846 -0.524326)
     C   11  Q=         1.0000 1e-30 m^2  Cq=        -0.9452 MHz  eta= 0.53559
 
     Cl  12    Vxx=   -1.6535    axis=( -0.189098  0.413157  0.890810)
     Cl  12    Vyy=   -1.9738    axis=(  0.607491 -0.663516  0.436694)
     Cl  12    Vzz=    3.6273    axis=(  0.771490  0.623737 -0.125520)
     Cl  12  Q=        -8.1650 1e-30 m^2  Cq=       -69.5881 MHz  eta= 0.08832
 
     H   13    Vxx=   -0.1412    axis=(  0.765090 -0.372162  0.525484)
     H   13    Vyy=   -0.1499    axis=( -0.643092 -0.400150  0.652926)
     H   13    Vzz=    0.2912    axis=(  0.032722  0.837481  0.545485)
     H   13  Q=         1.0000 1e-30 m^2  Cq=         0.6841 MHz  eta= 0.02987
 
     C   14    Vxx=   -0.1460    axis=(  0.600788  0.436022  0.670029)
     C   14    Vyy=   -0.1819    axis=( -0.638384  0.766169  0.073829)
     C   14    Vzz=    0.3279    axis=( -0.481164 -0.472091  0.738655)
     C   14  Q=         1.0000 1e-30 m^2  Cq=         0.7704 MHz  eta= 0.10941
 
     H   15    Vxx=   -0.1394    axis=(  0.444349 -0.804178 -0.394781)
     H   15    Vyy=   -0.1546    axis=(  0.433152  0.578601 -0.691086)
     H   15    Vzz=    0.2940    axis=( -0.784177 -0.136083 -0.605432)
     H   15  Q=         1.0000 1e-30 m^2  Cq=         0.6908 MHz  eta= 0.05158
 
     C   16    Vxx=   -0.1380    axis=(  0.182555  0.761581  0.621827)
     C   16    Vyy=   -0.1940    axis=( -0.870555  0.419149 -0.257775)
     C   16    Vzz=    0.3319    axis=( -0.456954 -0.494276  0.739516)
     C   16  Q=         1.0000 1e-30 m^2  Cq=         0.7799 MHz  eta= 0.16865
 
     C   17    Vxx=    0.0856    axis=( -0.374589 -0.550976  0.745727)
     C   17    Vyy=    0.3279    axis=( -0.794723  0.605083  0.047862)
     C   17    Vzz=   -0.4135    axis=( -0.477597 -0.574718 -0.664530)
     C   17  Q=         1.0000 1e-30 m^2  Cq=        -0.9714 MHz  eta= 0.58600
 
     Cl  18    Vxx=   -1.7592    axis=( -0.294539 -0.530332  0.794981)
     Cl  18    Vyy=   -2.0104    axis=( -0.460591 -0.650105 -0.604334)
     Cl  18    Vzz=    3.7696    axis=( -0.837319  0.544161  0.052785)
     Cl  18  Q=        -8.1650 1e-30 m^2  Cq=       -72.3186 MHz  eta= 0.06664
 
     H   19    Vxx=   -0.1387    axis=( -0.931731 -0.281370 -0.229583)
     H   19    Vyy=   -0.1478    axis=( -0.340437  0.456695  0.821908)
     H   19    Vzz=    0.2864    axis=(  0.126411 -0.843955  0.521306)
     H   19  Q=         1.0000 1e-30 m^2  Cq=         0.6730 MHz  eta= 0.03169
 
     C   20    Vxx=   -0.1439    axis=(  0.823765 -0.356023  0.441201)
     C   20    Vyy=   -0.1910    axis=( -0.506061 -0.812582  0.289160)
     C   20    Vzz=    0.3349    axis=( -0.255564  0.461475  0.849546)
     C   20  Q=         1.0000 1e-30 m^2  Cq=         0.7868 MHz  eta= 0.14072
 
     H   21    Vxx=   -0.1398    axis=(  0.313359  0.904628 -0.288885)
     H   21    Vyy=   -0.1539    axis=( -0.279393  0.378567  0.882398)
     H   21    Vzz=    0.2937    axis=( -0.907604  0.195795 -0.371374)
     H   21  Q=         1.0000 1e-30 m^2  Cq=         0.6901 MHz  eta= 0.04826
 
     C   22    Vxx=   -0.1438    axis=( -0.545824  0.634832 -0.546869)
     C   22    Vyy=   -0.1915    axis=( -0.798884 -0.591126  0.111150)
     C   22    Vzz=    0.3353    axis=( -0.252707  0.497553  0.829807)
     C   22  Q=         1.0000 1e-30 m^2  Cq=         0.7879 MHz  eta= 0.14206
 
     C   23    Vxx=    0.1065    axis=( -0.136315  0.553875  0.821365)
     C   23    Vyy=    0.2857    axis=(  0.817673  0.531001 -0.222370)
     C   23    Vzz=   -0.3922    axis=( -0.559311  0.641296 -0.525272)
     C   23  Q=         1.0000 1e-30 m^2  Cq=        -0.9215 MHz  eta= 0.45710
 
     Cl  24    Vxx=   -1.6732    axis=( -0.093230  0.485795  0.869087)
     Cl  24    Vyy=   -1.9904    axis=(  0.449231 -0.758463  0.472150)
     Cl  24    Vzz=    3.6637    axis=(  0.888538  0.434439 -0.147522)
     Cl  24  Q=        -8.1650 1e-30 m^2  Cq=       -70.2860 MHz  eta= 0.08658
 
     Initialization:
     gipaw_setup  :      0.17s CPU      0.30s WALL (       1 calls)
 
     Linear response
 
     Apply operators
 
     Induced current
 
     Other routines
     efg          :      0.67s CPU      0.76s WALL (       1 calls)
 
     General routines
     calbec       :      0.06s CPU      0.06s WALL (      16 calls)
     fft          :      0.06s CPU      0.08s WALL (      15 calls)
     ffts         :      0.00s CPU      0.00s WALL (       2 calls)
     fftw         :      0.41s CPU      0.42s WALL (     672 calls)
     davcio       :      0.02s CPU      0.07s WALL (      32 calls)
 
     Parallel routines
     fft_scatter  :      0.30s CPU      0.30s WALL (     689 calls)
 
     Plugins
 
     GIPAW        :      3.78s CPU      4.53s WALL (       1 calls)
