
     Program QE v.6.0 starts on 22May2017 at 12:34:43 

     This program is part of the open-source Quantum ESPRESSO suite
     for quantum simulation of materials; please cite
         "P. Giannozzi et al., J. Phys.:Condens. Matter 21 395502 (2009);
          URL http://www.quantum-espresso.org", 
     in publications or presentations arising from this work. More details at
     http://www.quantum-espresso.org/quote
 
           ARCH :    x86_64
             CC :    icc
            CPP :    cpp
            F90 :    ifort
            F77 :    ifort
         DFLAGS :    -D__INTEL -D__DFTI
      BLAS LIBS :    -lmkl_intel_lp64  -lmkl_sequential -lmkl_core
    LAPACK LIBS :    
       FFT LIBS :    
      MASS LIBS :    

     Parallel version (MPI & OpenMP), running on      32 processor cores
     Number of MPI processes:                32
     Threads/MPI process:                     1
     R & G space division:  proc/nbgrp/npool/nimage =      32
 
     ***** This is GIPAW svn revision unknown      *****
 
     Parallelizing q-star over 1 images

     Reading data from directory:
     ./scratch/scf-1263.save

   Info: using nr1, nr2, nr3 values from input

   Info: using nr1, nr2, nr3 values from input

     IMPORTANT: XC functional enforced from input :
     Exchange-correlation      =  SLA  PW   PBX  PBC ( 1  4  3  4 0 0)
     Any further DFT definition will be discarded
     Please, verify this is what you really want

               file C.pbe-n-kjpaw_psl.1.0.0.UPF: wavefunction(s)  2S 2P renormalized
               file Cl.pbe-n-kjpaw_psl.1.0.0.UPF: wavefunction(s)  3S 3P renormalized
               file H.pbe-kjpaw_psl.1.0.0.UPF: wavefunction(s)  1S renormalized
 
     Parallelization info
     --------------------
     sticks:   dense  smooth     PW     G-vecs:    dense   smooth      PW
     Min         764     305     83                36108     9133    1292
     Max         765     306     84                36110     9135    1293
     Sum       24467    9791   2657              1155489   292295   41363
 

     Subspace diagonalization in iterative solution of the eigenvalue problem:
     a serial algorithm will be used

     GIPAW projectors -----------------------------------------------
     atom=  C    l=0  rc=    1.2000  rs=    0.8000
     atom=  C    l=0  rc=    1.2000  rs=    0.8000
     atom=  C    l=1  rc=    1.4000  rs=    0.9333
     atom=  C    l=1  rc=    1.4000  rs=    0.9333
     projs nearly linearly dependent: l=1  n1,n2= 1, 2  s=  0.99951561
 
     atom=  Cl   l=0  rc=    1.6000  rs=    1.0667
     atom=  Cl   l=0  rc=    1.6000  rs=    1.0667
     atom=  Cl   l=1  rc=    1.6000  rs=    1.0667
     atom=  Cl   l=1  rc=    1.6000  rs=    1.0667
     atom=  Cl   l=2  rc=    1.6000  rs=    1.0667
     atom=  Cl   l=2  rc=    1.6000  rs=    1.0667
     projs nearly linearly dependent: l=2  n1,n2= 1, 2  s=  0.99993509
 
     atom=  H    l=0  rc=    1.0000  rs=    0.6667
     atom=  H    l=0  rc=    1.0000  rs=    0.6667
     projs nearly linearly dependent: l=0  n1,n2= 1, 2  s=  0.99968852
     -----------------------------------------------------------------
 
     GIPAW integrals: -------------------------------------------
     Atom  i/j   nmr_para   nmr_dia   epr_rmc  epr_para   epr_dia
       C   1 1   0.83E+03  0.17E-01  0.93E+01  0.24E+08  0.24E+03
       C   2 1   0.86E+03 -0.61E-01  0.94E+01  0.25E+08  0.25E+03
       C   2 2   0.90E+03 -0.15E+00  0.97E+01  0.26E+08  0.26E+03
       C   3 3   0.33E+01  0.34E+00  0.18E+01  0.55E+03  0.21E+02
       C   4 3   0.35E+01  0.37E+00  0.20E+01  0.59E+03  0.22E+02
       C   4 4   0.38E+01  0.39E+00  0.22E+01  0.63E+03  0.24E+02
       Cl  1 1   0.14E+04 -0.47E+00  0.84E+01  0.32E+09  0.42E+03
       Cl  2 1   0.21E+04 -0.37E+00  0.12E+02  0.49E+09  0.65E+03
       Cl  2 2   0.33E+04 -0.16E+00  0.21E+02  0.76E+09  0.10E+04
       Cl  3 3   0.21E+02  0.79E-01  0.89E+01  0.23E+05  0.13E+03
       Cl  4 3   0.24E+02  0.67E-01  0.99E+01  0.27E+05  0.15E+03
       Cl  4 4   0.28E+02  0.44E-01  0.11E+02  0.32E+05  0.18E+03
       Cl  5 5   0.77E+00  0.19E+00  0.18E+01  0.12E+03  0.22E+02
       Cl  6 5   0.80E+00  0.19E+00  0.19E+01  0.12E+03  0.23E+02
       Cl  6 6   0.83E+00  0.20E+00  0.19E+01  0.12E+03  0.23E+02
       H   1 1   0.39E+02  0.19E+00  0.29E+00  0.78E+05  0.13E+02
       H   2 1   0.41E+02  0.21E+00  0.32E+00  0.82E+05  0.14E+02
       H   2 2   0.43E+02  0.22E+00  0.36E+00  0.86E+05  0.15E+02
     ------------------------------------------------------------
 
     alpha_pv=     33.8874 eV
 
     Number of occupied bands for each k-point:
     k-point:     1    nbnd_occ=  42
     k-point:     2    nbnd_occ=  42
     k-point:     3    nbnd_occ=  42
     k-point:     4    nbnd_occ=  42
     k-point:     5    nbnd_occ=  42
     k-point:     6    nbnd_occ=  42
     k-point:     7    nbnd_occ=  42
     k-point:     8    nbnd_occ=  42
     k-point:     9    nbnd_occ=  42
     k-point:    10    nbnd_occ=  42
     k-point:    11    nbnd_occ=  42
     k-point:    12    nbnd_occ=  42
     k-point:    13    nbnd_occ=  42
     k-point:    14    nbnd_occ=  42
     k-point:    15    nbnd_occ=  42
     k-point:    16    nbnd_occ=  42
 
 
     q-space interpolation up to   110.00 Rydberg
 
     GIPAW job: efg                                                                             
 
 
     ELECTRIC FIELD GRADIENTS TENSORS IN Hartree/bohrradius^2:
 
     ----- bare term -----
     Cl   1       -0.007362        0.006087       -0.010481
     Cl   1        0.006087       -0.004855       -0.018687
     Cl   1       -0.010481       -0.018687        0.012217
 
     C    2       -0.110017        0.135351       -0.438296
     C    2        0.135351       -0.129688       -0.463154
     C    2       -0.438296       -0.463154        0.239704
 
     C    3       -0.140736        0.323413       -0.304935
     C    3        0.323413       -0.216774       -0.479871
     C    3       -0.304935       -0.479871        0.357510
 
     H    4       -0.366590       -0.170275       -0.525697
     H    4       -0.170275        0.321397       -0.178449
     H    4       -0.525697       -0.178449        0.045193
 
     C    5       -0.286117        0.296267       -0.387479
     C    5        0.296267       -0.061733       -0.392272
     C    5       -0.387479       -0.392272        0.347850
 
     H    6        0.369774       -0.078212       -0.050558
     H    6       -0.078212       -0.420121       -0.531794
     H    6       -0.050558       -0.531794        0.050348
 
     H    7        0.372546        0.087660       -0.059952
     H    7        0.087660       -0.511274        0.501482
     H    7       -0.059952        0.501482        0.138729
 
     C    8       -0.445239       -0.179483       -0.218109
     C    8       -0.179483       -0.111432        0.410692
     C    8       -0.218109        0.410692        0.556671
 
     H    9       -0.521252        0.302102       -0.368585
     H    9        0.302102        0.286135        0.182907
     H    9       -0.368585        0.182907        0.235117
 
     C   10       -0.288265       -0.193089       -0.155041
     C   10       -0.193089       -0.220663        0.506496
     C   10       -0.155041        0.506496        0.508928
 
     C   11       -0.288635        0.039573       -0.178890
     C   11        0.039573       -0.179480        0.500298
     C   11       -0.178890        0.500298        0.468116
 
     Cl  12       -0.010798        0.012059       -0.003166
     Cl  12        0.012059       -0.000815        0.006131
     Cl  12       -0.003166        0.006131        0.011614
 
     H   13        0.389415       -0.050669       -0.052536
     H   13       -0.050669       -0.392796       -0.558210
     H   13       -0.052536       -0.558210        0.003381
 
     C   14       -0.249627        0.303543       -0.419082
     C   14        0.303543       -0.096137       -0.362257
     C   14       -0.419082       -0.362257        0.345764
 
     H   15       -0.412495       -0.158054       -0.539825
     H   15       -0.158054        0.338555       -0.166415
     H   15       -0.539825       -0.166415        0.073940
 
     C   16       -0.122764        0.347100       -0.329939
     C   16        0.347100       -0.185641       -0.464228
     C   16       -0.329939       -0.464228        0.308404
 
     C   17       -0.107711        0.092378       -0.396970
     C   17        0.092378       -0.046350       -0.510170
     C   17       -0.396970       -0.510170        0.154061
 
     Cl  18       -0.002275       -0.041189       -0.029581
     Cl  18       -0.041189        0.020152       -0.003584
     Cl  18       -0.029581       -0.003584       -0.017877
 
     H   19        0.348774        0.139060       -0.033210
     H   19        0.139060       -0.560704        0.444746
     H   19       -0.033210        0.444746        0.211931
 
     C   20       -0.478714       -0.119822       -0.157653
     C   20       -0.119822       -0.152439        0.382810
     C   20       -0.157653        0.382810        0.631153
 
     H   21       -0.591225        0.331534       -0.314688
     H   21        0.331534        0.221863        0.144179
     H   21       -0.314688        0.144179        0.369361
 
     C   22       -0.307188       -0.163777       -0.145549
     C   22       -0.163777       -0.299268        0.450036
     C   22       -0.145549        0.450036        0.606456
 
     C   23       -0.194247        0.074933       -0.287676
     C   23        0.074933       -0.259539        0.438681
     C   23       -0.287676        0.438681        0.453787
 
     Cl  24       -0.028900        0.060674       -0.020725
     Cl  24        0.060674        0.033877        0.000870
     Cl  24       -0.020725        0.000870       -0.004977
 
     ----- ionic term -----
     Cl   1        0.096938       -0.234115        0.034715
     Cl   1       -0.234115        0.059597       -0.023563
     Cl   1        0.034715       -0.023563       -0.156535
 
     C    2        0.134280       -0.226328        0.347802
     C    2       -0.226328        0.133648        0.356892
     C    2        0.347802        0.356892       -0.267928
 
     C    3        0.095911       -0.262773        0.222219
     C    3       -0.262773        0.179816        0.389202
     C    3        0.222219        0.389202       -0.275727
 
     H    4        0.515443        0.222857        0.726280
     H    4        0.222857       -0.453420        0.222779
     H    4        0.726280        0.222779       -0.062023
 
     C    5        0.234615       -0.232153        0.305714
     C    5       -0.232153        0.035443        0.292706
     C    5        0.305714        0.292706       -0.270058
 
     H    6       -0.513762        0.089451        0.064397
     H    6        0.089451        0.579577        0.733246
     H    6        0.064397        0.733246       -0.065815
 
     H    7       -0.513109       -0.109203        0.073379
     H    7       -0.109203        0.698044       -0.687064
     H    7        0.073379       -0.687064       -0.184935
 
     C    8        0.364381        0.139662        0.164470
     C    8        0.139662        0.076440       -0.307466
     C    8        0.164470       -0.307466       -0.440821
 
     H    9        0.720750       -0.411800        0.506375
     H    9       -0.411800       -0.387047       -0.233842
     H    9        0.506375       -0.233842       -0.333704
 
     C   10        0.200823        0.161575        0.110433
     C   10        0.161575        0.188059       -0.406110
     C   10        0.110433       -0.406110       -0.388882
 
     C   11        0.291438        0.083829        0.103934
     C   11        0.083829        0.149279       -0.415233
     C   11        0.103934       -0.415233       -0.440717
 
     Cl  12        0.128688        0.212169       -0.046831
     Cl  12        0.212169        0.015951       -0.031648
     Cl  12       -0.046831       -0.031648       -0.144638
 
     H   13       -0.532991        0.054297        0.061364
     H   13        0.054297        0.539050        0.763467
     H   13        0.061364        0.763467       -0.006060
 
     C   14        0.208368       -0.238354        0.332481
     C   14       -0.238354        0.067137        0.268206
     C   14        0.332481        0.268206       -0.275504
 
     H   15        0.566879        0.217881        0.735943
     H   15        0.217881       -0.469094        0.212992
     H   15        0.735943        0.212992       -0.097785
 
     C   16        0.072609       -0.280902        0.244413
     C   16       -0.280902        0.163037        0.367796
     C   16        0.244413        0.367796       -0.235646
 
     C   17        0.146684       -0.207217        0.302849
     C   17       -0.207217        0.053495        0.408541
     C   17        0.302849        0.408541       -0.200179
 
     Cl  18        0.129411       -0.194776        0.009214
     Cl  18       -0.194776        0.011490        0.007399
     Cl  18        0.009214        0.007399       -0.140900
 
     H   19       -0.488965       -0.164001        0.049118
     H   19       -0.164001        0.770212       -0.613279
     H   19        0.049118       -0.613279       -0.281247
 
     C   20        0.392198        0.093424        0.119471
     C   20        0.093424        0.108930       -0.286502
     C   20        0.119471       -0.286502       -0.501128
 
     H   21        0.805214       -0.457368        0.428840
     H   21       -0.457368       -0.322149       -0.190628
     H   21        0.428840       -0.190628       -0.483065
 
     C   22        0.217598        0.138432        0.104780
     C   22        0.138432        0.249646       -0.365602
     C   22        0.104780       -0.365602       -0.467244
 
     C   23        0.211022        0.075866        0.208647
     C   23        0.075866        0.233415       -0.358388
     C   23        0.208647       -0.358388       -0.444437
 
     Cl  24        0.101271        0.186651        0.010567
     Cl  24        0.186651        0.047586       -0.001197
     Cl  24        0.010567       -0.001197       -0.148857
 
     ----- GIPAW term -----
     Cl   1        0.928318       -2.414064        0.223698
     Cl   1       -2.414064        0.573037       -0.463207
     Cl   1        0.223698       -0.463207       -1.501354
 
     C    2        0.038541       -0.113347       -0.065969
     C    2       -0.113347        0.015717       -0.089716
     C    2       -0.065969       -0.089716       -0.054258
 
     C    3       -0.040941        0.045321       -0.072151
     C    3        0.045321       -0.022760       -0.071951
     C    3       -0.072151       -0.071951        0.063701
 
     H    4        0.000000       -0.000000       -0.000000
     H    4       -0.000000        0.000000        0.000000
     H    4       -0.000000        0.000000       -0.000000
 
     C    5       -0.029525        0.050054       -0.062518
     C    5        0.050054       -0.028683       -0.087338
     C    5       -0.062518       -0.087338        0.058208
 
     H    6        0.000000       -0.000000       -0.000000
     H    6       -0.000000        0.000000        0.000000
     H    6       -0.000000        0.000000       -0.000000
 
     H    7        0.000000       -0.000000       -0.000000
     H    7       -0.000000        0.000000        0.000000
     H    7       -0.000000        0.000000       -0.000000
 
     C    8       -0.054122       -0.029319       -0.040727
     C    8       -0.029319       -0.038049        0.089109
     C    8       -0.040727        0.089109        0.092171
 
     H    9        0.000000       -0.000000       -0.000000
     H    9       -0.000000        0.000000        0.000000
     H    9       -0.000000        0.000000       -0.000000
 
     C   10       -0.077340       -0.019147       -0.040370
     C   10       -0.019147       -0.021497        0.079749
     C   10       -0.040370        0.079749        0.098838
 
     C   11        0.028508        0.137365       -0.068467
     C   11        0.137365       -0.022554        0.060365
     C   11       -0.068467        0.060365       -0.005954
 
     Cl  12        1.222711        2.366433       -0.566260
     Cl  12        2.366433        0.163146       -0.271027
     Cl  12       -0.566260       -0.271027       -1.385857
 
     H   13        0.000000       -0.000000       -0.000000
     H   13       -0.000000        0.000000        0.000000
     H   13       -0.000000        0.000000       -0.000000
 
     C   14       -0.022910        0.049456       -0.065632
     C   14        0.049456       -0.030770       -0.082551
     C   14       -0.065632       -0.082551        0.053680
 
     H   15        0.000000       -0.000000       -0.000000
     H   15       -0.000000        0.000000        0.000000
     H   15       -0.000000        0.000000       -0.000000
 
     C   16       -0.046343        0.048419       -0.074836
     C   16        0.048419       -0.008637       -0.078358
     C   16       -0.074836       -0.078358        0.054980
 
     C   17        0.056318       -0.136531       -0.075651
     C   17       -0.136531        0.008974       -0.077229
     C   17       -0.075651       -0.077229       -0.065292
 
     Cl  18        1.347899       -2.490653       -0.243510
     Cl  18       -2.490653        0.314209        0.038323
     Cl  18       -0.243510        0.038323       -1.662108
 
     H   19        0.000000       -0.000000       -0.000000
     H   19       -0.000000        0.000000        0.000000
     H   19       -0.000000        0.000000       -0.000000
 
     C   20       -0.057828       -0.021389       -0.030375
     C   20       -0.021389       -0.044242        0.082331
     C   20       -0.030375        0.082331        0.102071
 
     H   21        0.000000       -0.000000       -0.000000
     H   21       -0.000000        0.000000        0.000000
     H   21       -0.000000        0.000000       -0.000000
 
     C   22       -0.079521       -0.013174       -0.037538
     C   22       -0.013174       -0.030950        0.068917
     C   22       -0.037538        0.068917        0.110471
 
     C   23        0.033022        0.165927       -0.062340
     C   23        0.165927       -0.009036        0.062188
     C   23       -0.062340        0.062188       -0.023986
 
     Cl  24        0.740438        2.619646       -0.126576
     Cl  24        2.619646        0.857508        0.004109
     Cl  24       -0.126576        0.004109       -1.597946
 
     ----- total EFG -----
     Cl   1        1.017893       -2.642092        0.247933
     Cl   1       -2.642092        0.627779       -0.505457
     Cl   1        0.247933       -0.505457       -1.645672
 
     C    2        0.062805       -0.204325       -0.156462
     C    2       -0.204325        0.019678       -0.195978
     C    2       -0.156462       -0.195978       -0.082483
 
     C    3       -0.085765        0.105961       -0.154868
     C    3        0.105961       -0.059718       -0.162621
     C    3       -0.154868       -0.162621        0.145484
 
     H    4        0.148853        0.052582        0.200583
     H    4        0.052582       -0.132023        0.044330
     H    4        0.200583        0.044330       -0.016830
 
     C    5       -0.081028        0.114168       -0.144283
     C    5        0.114168       -0.054973       -0.186904
     C    5       -0.144283       -0.186904        0.136000
 
     H    6       -0.143988        0.011239        0.013839
     H    6        0.011239        0.159455        0.201452
     H    6        0.013839        0.201452       -0.015467
 
     H    7       -0.140564       -0.021543        0.013427
     H    7       -0.021543        0.186770       -0.185582
     H    7        0.013427       -0.185582       -0.046206
 
     C    8       -0.134981       -0.069140       -0.094367
     C    8       -0.069140       -0.073041        0.192335
     C    8       -0.094367        0.192335        0.208022
 
     H    9        0.199498       -0.109698        0.137790
     H    9       -0.109698       -0.100911       -0.050935
     H    9        0.137790       -0.050935       -0.098587
 
     C   10       -0.164783       -0.050661       -0.084979
     C   10       -0.050661       -0.054101        0.180135
     C   10       -0.084979        0.180135        0.218884
 
     C   11        0.031311        0.260768       -0.143423
     C   11        0.260768       -0.052756        0.145430
     C   11       -0.143423        0.145430        0.021444
 
     Cl  12        1.340600        2.590661       -0.616258
     Cl  12        2.590661        0.178281       -0.296544
     Cl  12       -0.616258       -0.296544       -1.518881
 
     H   13       -0.143576        0.003628        0.008828
     H   13        0.003628        0.146255        0.205257
     H   13        0.008828        0.205257       -0.002678
 
     C   14       -0.064170        0.114645       -0.152233
     C   14        0.114645       -0.059770       -0.176602
     C   14       -0.152233       -0.176602        0.123939
 
     H   15        0.154384        0.059827        0.196119
     H   15        0.059827       -0.130539        0.046578
     H   15        0.196119        0.046578       -0.023845
 
     C   16       -0.096498        0.114617       -0.160362
     C   16        0.114617       -0.031240       -0.174790
     C   16       -0.160362       -0.174790        0.127738
 
     C   17        0.095291       -0.251370       -0.169772
     C   17       -0.251370        0.016119       -0.178858
     C   17       -0.169772       -0.178858       -0.111409
 
     Cl  18        1.475034       -2.726617       -0.263877
     Cl  18       -2.726617        0.345851        0.042138
     Cl  18       -0.263877        0.042138       -1.820885
 
     H   19       -0.140191       -0.024941        0.015908
     H   19       -0.024941        0.209508       -0.168533
     H   19        0.015908       -0.168533       -0.069316
 
     C   20       -0.144345       -0.047787       -0.068557
     C   20       -0.047787       -0.087751        0.178640
     C   20       -0.068557        0.178640        0.232095
 
     H   21        0.213990       -0.125834        0.114152
     H   21       -0.125834       -0.100286       -0.046450
     H   21        0.114152       -0.046450       -0.113704
 
     C   22       -0.169112       -0.038519       -0.078307
     C   22       -0.038519       -0.080572        0.153351
     C   22       -0.078307        0.153351        0.249684
 
     C   23        0.049797        0.316726       -0.141369
     C   23        0.316726       -0.035160        0.142481
     C   23       -0.141369        0.142481       -0.014637
 
     Cl  24        0.812809        2.866970       -0.136733
     Cl  24        2.866970        0.938971        0.003781
     Cl  24       -0.136733        0.003781       -1.751780
 
     ----- total EFG (symmetrized) -----
     Cl   1        1.017893       -2.642092        0.247933
     Cl   1       -2.642092        0.627779       -0.505457
     Cl   1        0.247933       -0.505457       -1.645672
 
     C    2        0.062805       -0.204325       -0.156462
     C    2       -0.204325        0.019678       -0.195978
     C    2       -0.156462       -0.195978       -0.082483
 
     C    3       -0.085765        0.105961       -0.154868
     C    3        0.105961       -0.059718       -0.162621
     C    3       -0.154868       -0.162621        0.145484
 
     H    4        0.148853        0.052582        0.200583
     H    4        0.052582       -0.132023        0.044330
     H    4        0.200583        0.044330       -0.016830
 
     C    5       -0.081028        0.114168       -0.144283
     C    5        0.114168       -0.054973       -0.186904
     C    5       -0.144283       -0.186904        0.136000
 
     H    6       -0.143988        0.011239        0.013839
     H    6        0.011239        0.159455        0.201452
     H    6        0.013839        0.201452       -0.015467
 
     H    7       -0.140564       -0.021543        0.013427
     H    7       -0.021543        0.186770       -0.185582
     H    7        0.013427       -0.185582       -0.046206
 
     C    8       -0.134981       -0.069140       -0.094367
     C    8       -0.069140       -0.073041        0.192335
     C    8       -0.094367        0.192335        0.208022
 
     H    9        0.199498       -0.109698        0.137790
     H    9       -0.109698       -0.100911       -0.050935
     H    9        0.137790       -0.050935       -0.098587
 
     C   10       -0.164783       -0.050661       -0.084979
     C   10       -0.050661       -0.054101        0.180135
     C   10       -0.084979        0.180135        0.218884
 
     C   11        0.031311        0.260768       -0.143423
     C   11        0.260768       -0.052756        0.145430
     C   11       -0.143423        0.145430        0.021444
 
     Cl  12        1.340600        2.590661       -0.616258
     Cl  12        2.590661        0.178281       -0.296544
     Cl  12       -0.616258       -0.296544       -1.518881
 
     H   13       -0.143576        0.003628        0.008828
     H   13        0.003628        0.146255        0.205257
     H   13        0.008828        0.205257       -0.002678
 
     C   14       -0.064170        0.114645       -0.152233
     C   14        0.114645       -0.059770       -0.176602
     C   14       -0.152233       -0.176602        0.123939
 
     H   15        0.154384        0.059827        0.196119
     H   15        0.059827       -0.130539        0.046578
     H   15        0.196119        0.046578       -0.023845
 
     C   16       -0.096498        0.114617       -0.160362
     C   16        0.114617       -0.031240       -0.174790
     C   16       -0.160362       -0.174790        0.127738
 
     C   17        0.095291       -0.251370       -0.169772
     C   17       -0.251370        0.016119       -0.178858
     C   17       -0.169772       -0.178858       -0.111409
 
     Cl  18        1.475034       -2.726617       -0.263877
     Cl  18       -2.726617        0.345851        0.042138
     Cl  18       -0.263877        0.042138       -1.820885
 
     H   19       -0.140191       -0.024941        0.015908
     H   19       -0.024941        0.209508       -0.168533
     H   19        0.015908       -0.168533       -0.069316
 
     C   20       -0.144345       -0.047787       -0.068557
     C   20       -0.047787       -0.087751        0.178640
     C   20       -0.068557        0.178640        0.232095
 
     H   21        0.213990       -0.125834        0.114152
     H   21       -0.125834       -0.100286       -0.046450
     H   21        0.114152       -0.046450       -0.113704
 
     C   22       -0.169112       -0.038519       -0.078307
     C   22       -0.038519       -0.080572        0.153351
     C   22       -0.078307        0.153351        0.249684
 
     C   23        0.049797        0.316726       -0.141369
     C   23        0.316726       -0.035160        0.142481
     C   23       -0.141369        0.142481       -0.014637
 
     Cl  24        0.812809        2.866970       -0.136733
     Cl  24        2.866970        0.938971        0.003781
     Cl  24       -0.136733        0.003781       -1.751780
 
 
     NQR/NMR SPECTROSCOPIC PARAMETERS:
     Cl   1    Vxx=   -1.5524    axis=( -0.463370 -0.375449  0.802699)
     Cl   1    Vyy=   -1.9733    axis=(  0.507707  0.629933  0.587723)
     Cl   1    Vzz=    3.5256    axis=(  0.726307 -0.679869  0.101274)
     Cl   1  Q=        -8.1650 1e-30 m^2  Cq=       -67.6374 MHz  eta= 0.11938
 
     C    2    Vxx=    0.1292    axis=( -0.503142 -0.416359  0.757294)
     C    2    Vyy=    0.2479    axis=(  0.706232 -0.703143  0.082629)
     C    2    Vzz=   -0.3771    axis=(  0.498082  0.576399  0.647826)
     C    2  Q=         1.0000 1e-30 m^2  Cq=        -0.8861 MHz  eta= 0.31476
 
     C    3    Vxx=   -0.1408    axis=(  0.420951  0.671921  0.609363)
     C    3    Vyy=   -0.1802    axis=( -0.805150  0.586179 -0.090156)
     C    3    Vzz=    0.3211    axis=( -0.417773 -0.452677  0.787749)
     C    3  Q=         1.0000 1e-30 m^2  Cq=         0.7544 MHz  eta= 0.12282
 
     H    4    Vxx=   -0.1385    axis=( -0.400117  0.846474  0.351267)
     H    4    Vyy=   -0.1555    axis=( -0.410934 -0.508302  0.756810)
     H    4    Vzz=    0.2940    axis=( -0.819170 -0.158465 -0.551225)
     H    4  Q=         1.0000 1e-30 m^2  Cq=         0.6908 MHz  eta= 0.05794
 
     C    5    Vxx=   -0.1452    axis=(  0.698874  0.375985  0.608449)
     C    5    Vyy=   -0.1863    axis=( -0.589101  0.785028  0.191550)
     C    5    Vzz=    0.3315    axis=( -0.405629 -0.492307  0.770129)
     C    5  Q=         1.0000 1e-30 m^2  Cq=         0.7788 MHz  eta= 0.12378
 
     H    6    Vxx=   -0.1405    axis=(  0.794841 -0.358539  0.489569)
     H    6    Vyy=   -0.1517    axis=( -0.605568 -0.416925  0.677835)
     H    6    Vzz=    0.2923    axis=(  0.038917  0.835239  0.548509)
     H    6  Q=         1.0000 1e-30 m^2  Cq=         0.6867 MHz  eta= 0.03834
 
     H    7    Vxx=   -0.1418    axis=( -0.981044 -0.139998 -0.133986)
     H    7    Vyy=   -0.1491    axis=( -0.184693  0.466225  0.865172)
     H    7    Vzz=    0.2909    axis=(  0.058655 -0.873518  0.483244)
     H    7  Q=         1.0000 1e-30 m^2  Cq=         0.6835 MHz  eta= 0.02501
 
     C    8    Vxx=   -0.1483    axis=( -0.749634  0.478812 -0.456932)
     C    8    Vyy=   -0.1858    axis=(  0.617082  0.755235 -0.220973)
     C    8    Vzz=    0.3341    axis=( -0.239286  0.447614  0.861617)
     C    8  Q=         1.0000 1e-30 m^2  Cq=         0.7851 MHz  eta= 0.11213
 
     H    9    Vxx=   -0.1352    axis=(  0.393987  0.883398 -0.253735)
     H    9    Vyy=   -0.1555    axis=( -0.236994  0.364371  0.900593)
     H    9    Vzz=    0.2907    axis=( -0.888036  0.294688 -0.352918)
     H    9  Q=         1.0000 1e-30 m^2  Cq=         0.6829 MHz  eta= 0.06966
 
     C   10    Vxx=   -0.1423    axis=( -0.168860  0.865599 -0.471406)
     C   10    Vyy=   -0.1858    axis=(  0.965899  0.240566  0.095739)
     C   10    Vzz=    0.3281    axis=( -0.196276  0.439165  0.876704)
     C   10  Q=         1.0000 1e-30 m^2  Cq=         0.7710 MHz  eta= 0.13257
 
     C   11    Vxx=    0.1238    axis=( -0.216014  0.410592  0.885862)
     C   11    Vyy=    0.2548    axis=(  0.781116  0.617036 -0.095521)
     C   11    Vzz=   -0.3787    axis=( -0.585829  0.671328 -0.454008)
     C   11  Q=         1.0000 1e-30 m^2  Cq=        -0.8897 MHz  eta= 0.34600
 
     Cl  12    Vxx=   -1.5418    axis=( -0.151463  0.385075  0.910372)
     Cl  12    Vyy=   -1.9612    axis=(  0.612012 -0.686697  0.392287)
     Cl  12    Vzz=    3.5030    axis=(  0.776209  0.616575 -0.131661)
     Cl  12  Q=        -8.1650 1e-30 m^2  Cq=       -67.2033 MHz  eta= 0.11973
 
     H   13    Vxx=   -0.1398    axis=(  0.795332 -0.360016  0.487683)
     H   13    Vyy=   -0.1505    axis=( -0.605890 -0.447550  0.657720)
     H   13    Vzz=    0.2903    axis=(  0.018527  0.818589  0.574081)
     H   13  Q=         1.0000 1e-30 m^2  Cq=         0.6821 MHz  eta= 0.03677
 
     C   14    Vxx=   -0.1442    axis=(  0.716360  0.322085  0.618942)
     C   14    Vyy=   -0.1798    axis=( -0.541850  0.815673  0.202673)
     C   14    Vzz=    0.3240    axis=( -0.439576 -0.480561  0.758837)
     C   14  Q=         1.0000 1e-30 m^2  Cq=         0.7612 MHz  eta= 0.11006
 
     H   15    Vxx=   -0.1397    axis=( -0.416663  0.829569  0.371762)
     H   15    Vyy=   -0.1544    axis=( -0.378974 -0.530232  0.758441)
     H   15    Vzz=    0.2941    axis=( -0.826299 -0.175126 -0.535313)
     H   15  Q=         1.0000 1e-30 m^2  Cq=         0.6911 MHz  eta= 0.04994
 
     C   16    Vxx=   -0.1421    axis=(  0.168532  0.778610  0.604453)
     C   16    Vyy=   -0.1889    axis=( -0.892459  0.380871 -0.241775)
     C   16    Vzz=    0.3310    axis=( -0.418467 -0.498703  0.759066)
     C   16  Q=         1.0000 1e-30 m^2  Cq=         0.7777 MHz  eta= 0.14119
 
     C   17    Vxx=    0.0946    axis=( -0.382762 -0.517816  0.765088)
     C   17    Vyy=    0.3107    axis=( -0.772560  0.633532  0.042278)
     C   17    Vzz=   -0.4053    axis=( -0.506600 -0.574894 -0.642536)
     C   17  Q=         1.0000 1e-30 m^2  Cq=        -0.9523 MHz  eta= 0.53329
 
     Cl  18    Vxx=   -1.7167    axis=( -0.383881 -0.523016  0.760979)
     Cl  18    Vyy=   -1.9879    axis=( -0.501321 -0.574036 -0.647426)
     Cl  18    Vzz=    3.7046    axis=( -0.775443  0.630029  0.041837)
     Cl  18  Q=        -8.1650 1e-30 m^2  Cq=       -71.0706 MHz  eta= 0.07319
 
     H   19    Vxx=   -0.1405    axis=( -0.906097 -0.234238 -0.352307)
     H   19    Vyy=   -0.1504    axis=( -0.417581  0.361470  0.833646)
     H   19    Vzz=    0.2908    axis=(  0.067923 -0.902481  0.425340)
     H   19  Q=         1.0000 1e-30 m^2  Cq=         0.6833 MHz  eta= 0.03407
 
     C   20    Vxx=   -0.1471    axis=(  0.787062 -0.490891  0.373577)
     C   20    Vyy=   -0.1792    axis=( -0.592408 -0.770344  0.235846)
     C   20    Vzz=    0.3263    axis=( -0.172008  0.406935  0.897116)
     C   20  Q=         1.0000 1e-30 m^2  Cq=         0.7666 MHz  eta= 0.09842
 
     H   21    Vxx=   -0.1410    axis=(  0.426733  0.761638 -0.487653)
     H   21    Vyy=   -0.1542    axis=( -0.063091  0.562972  0.824064)
     H   21    Vzz=    0.2952    axis=( -0.902174  0.320889 -0.288291)
     H   21  Q=         1.0000 1e-30 m^2  Cq=         0.6937 MHz  eta= 0.04447
 
     C   22    Vxx=   -0.1397    axis=( -0.154294  0.908317 -0.388785)
     C   22    Vyy=   -0.1855    axis=(  0.972706  0.208670  0.101486)
     C   22    Vzz=    0.3252    axis=( -0.173309  0.362515  0.915722)
     C   22  Q=         1.0000 1e-30 m^2  Cq=         0.7641 MHz  eta= 0.14107
 
     C   23    Vxx=    0.0856    axis=( -0.260783  0.368765  0.892191)
     C   23    Vyy=    0.3274    axis=( -0.761079 -0.647096  0.045001)
     C   23    Vzz=   -0.4130    axis=(  0.593928 -0.667293  0.449411)
     C   23  Q=         1.0000 1e-30 m^2  Cq=        -0.9704 MHz  eta= 0.58561
 
     Cl  24    Vxx=   -1.7167    axis=(  0.233877 -0.251147 -0.939269)
     Cl  24    Vyy=   -2.0284    axis=( -0.675384  0.652969 -0.342764)
     Cl  24    Vzz=    3.7451    axis=(  0.699398  0.714533 -0.016906)
     Cl  24  Q=        -8.1650 1e-30 m^2  Cq=       -71.8483 MHz  eta= 0.08322
 
     Initialization:
     gipaw_setup  :      0.18s CPU      0.31s WALL (       1 calls)
 
     Linear response
 
     Apply operators
 
     Induced current
 
     Other routines
     efg          :      0.82s CPU      0.92s WALL (       1 calls)
 
     General routines
     calbec       :      0.06s CPU      0.05s WALL (      16 calls)
     fft          :      0.07s CPU      0.10s WALL (      15 calls)
     ffts         :      0.01s CPU      0.00s WALL (       2 calls)
     fftw         :      0.57s CPU      0.57s WALL (     672 calls)
     davcio       :      0.02s CPU      0.06s WALL (      32 calls)
 
     Parallel routines
     fft_scatter  :      0.45s CPU      0.46s WALL (     689 calls)
 
     Plugins
 
     GIPAW        :      3.99s CPU      5.12s WALL (       1 calls)
