
     Program QE v.6.0 starts on 22May2017 at 10:41:57 

     This program is part of the open-source Quantum ESPRESSO suite
     for quantum simulation of materials; please cite
         "P. Giannozzi et al., J. Phys.:Condens. Matter 21 395502 (2009);
          URL http://www.quantum-espresso.org", 
     in publications or presentations arising from this work. More details at
     http://www.quantum-espresso.org/quote
 
           ARCH :    x86_64
             CC :    icc
            CPP :    cpp
            F90 :    ifort
            F77 :    ifort
         DFLAGS :    -D__INTEL -D__DFTI
      BLAS LIBS :    -lmkl_intel_lp64  -lmkl_sequential -lmkl_core
    LAPACK LIBS :    
       FFT LIBS :    
      MASS LIBS :    

     Parallel version (MPI & OpenMP), running on      32 processor cores
     Number of MPI processes:                32
     Threads/MPI process:                     1
     R & G space division:  proc/nbgrp/npool/nimage =      32
 
     ***** This is GIPAW svn revision unknown      *****
 
     Parallelizing q-star over 1 images

     Reading data from directory:
     ./scratch/scf-1170.save

   Info: using nr1, nr2, nr3 values from input

   Info: using nr1, nr2, nr3 values from input

     IMPORTANT: XC functional enforced from input :
     Exchange-correlation      =  SLA  PW   PBX  PBC ( 1  4  3  4 0 0)
     Any further DFT definition will be discarded
     Please, verify this is what you really want

               file C.pbe-n-kjpaw_psl.1.0.0.UPF: wavefunction(s)  2S 2P renormalized
               file Cl.pbe-n-kjpaw_psl.1.0.0.UPF: wavefunction(s)  3S 3P renormalized
               file H.pbe-kjpaw_psl.1.0.0.UPF: wavefunction(s)  1S renormalized
 
     Parallelization info
     --------------------
     sticks:   dense  smooth     PW     G-vecs:    dense   smooth      PW
     Min         764     305     83                36108     9133    1292
     Max         765     306     84                36110     9135    1293
     Sum       24467    9791   2657              1155489   292295   41363
 

     Subspace diagonalization in iterative solution of the eigenvalue problem:
     a serial algorithm will be used

     GIPAW projectors -----------------------------------------------
     atom=  C    l=0  rc=    1.2000  rs=    0.8000
     atom=  C    l=0  rc=    1.2000  rs=    0.8000
     atom=  C    l=1  rc=    1.4000  rs=    0.9333
     atom=  C    l=1  rc=    1.4000  rs=    0.9333
     projs nearly linearly dependent: l=1  n1,n2= 1, 2  s=  0.99951561
 
     atom=  Cl   l=0  rc=    1.6000  rs=    1.0667
     atom=  Cl   l=0  rc=    1.6000  rs=    1.0667
     atom=  Cl   l=1  rc=    1.6000  rs=    1.0667
     atom=  Cl   l=1  rc=    1.6000  rs=    1.0667
     atom=  Cl   l=2  rc=    1.6000  rs=    1.0667
     atom=  Cl   l=2  rc=    1.6000  rs=    1.0667
     projs nearly linearly dependent: l=2  n1,n2= 1, 2  s=  0.99993509
 
     atom=  H    l=0  rc=    1.0000  rs=    0.6667
     atom=  H    l=0  rc=    1.0000  rs=    0.6667
     projs nearly linearly dependent: l=0  n1,n2= 1, 2  s=  0.99968852
     -----------------------------------------------------------------
 
     GIPAW integrals: -------------------------------------------
     Atom  i/j   nmr_para   nmr_dia   epr_rmc  epr_para   epr_dia
       C   1 1   0.83E+03  0.17E-01  0.93E+01  0.24E+08  0.24E+03
       C   2 1   0.86E+03 -0.61E-01  0.94E+01  0.25E+08  0.25E+03
       C   2 2   0.90E+03 -0.15E+00  0.97E+01  0.26E+08  0.26E+03
       C   3 3   0.33E+01  0.34E+00  0.18E+01  0.55E+03  0.21E+02
       C   4 3   0.35E+01  0.37E+00  0.20E+01  0.59E+03  0.22E+02
       C   4 4   0.38E+01  0.39E+00  0.22E+01  0.63E+03  0.24E+02
       Cl  1 1   0.14E+04 -0.47E+00  0.84E+01  0.32E+09  0.42E+03
       Cl  2 1   0.21E+04 -0.37E+00  0.12E+02  0.49E+09  0.65E+03
       Cl  2 2   0.33E+04 -0.16E+00  0.21E+02  0.76E+09  0.10E+04
       Cl  3 3   0.21E+02  0.79E-01  0.89E+01  0.23E+05  0.13E+03
       Cl  4 3   0.24E+02  0.67E-01  0.99E+01  0.27E+05  0.15E+03
       Cl  4 4   0.28E+02  0.44E-01  0.11E+02  0.32E+05  0.18E+03
       Cl  5 5   0.77E+00  0.19E+00  0.18E+01  0.12E+03  0.22E+02
       Cl  6 5   0.80E+00  0.19E+00  0.19E+01  0.12E+03  0.23E+02
       Cl  6 6   0.83E+00  0.20E+00  0.19E+01  0.12E+03  0.23E+02
       H   1 1   0.39E+02  0.19E+00  0.29E+00  0.78E+05  0.13E+02
       H   2 1   0.41E+02  0.21E+00  0.32E+00  0.82E+05  0.14E+02
       H   2 2   0.43E+02  0.22E+00  0.36E+00  0.86E+05  0.15E+02
     ------------------------------------------------------------
 
     alpha_pv=     34.3546 eV
 
     Number of occupied bands for each k-point:
     k-point:     1    nbnd_occ=  42
     k-point:     2    nbnd_occ=  42
     k-point:     3    nbnd_occ=  42
     k-point:     4    nbnd_occ=  42
     k-point:     5    nbnd_occ=  42
     k-point:     6    nbnd_occ=  42
     k-point:     7    nbnd_occ=  42
     k-point:     8    nbnd_occ=  42
     k-point:     9    nbnd_occ=  42
     k-point:    10    nbnd_occ=  42
     k-point:    11    nbnd_occ=  42
     k-point:    12    nbnd_occ=  42
     k-point:    13    nbnd_occ=  42
     k-point:    14    nbnd_occ=  42
     k-point:    15    nbnd_occ=  42
     k-point:    16    nbnd_occ=  42
 
 
     q-space interpolation up to   110.00 Rydberg
 
     GIPAW job: efg                                                                             
 
 
     ELECTRIC FIELD GRADIENTS TENSORS IN Hartree/bohrradius^2:
 
     ----- bare term -----
     Cl   1        0.022864       -0.050851       -0.038185
     Cl   1       -0.050851       -0.001946        0.009063
     Cl   1       -0.038185        0.009063       -0.020918
 
     C    2       -0.247745       -0.094590       -0.215468
     C    2       -0.094590       -0.093708       -0.509620
     C    2       -0.215468       -0.509620        0.341453
 
     C    3       -0.333503        0.178266       -0.110426
     C    3        0.178266       -0.137863       -0.535265
     C    3       -0.110426       -0.535265        0.471366
 
     H    4       -0.574799       -0.312130       -0.349502
     H    4       -0.312130        0.283985       -0.183957
     H    4       -0.349502       -0.183957        0.290814
 
     C    5       -0.502338        0.158016       -0.142003
     C    5        0.158016       -0.031129       -0.444770
     C    5       -0.142003       -0.444770        0.533467
 
     H    6        0.358032       -0.083214       -0.043624
     H    6       -0.083214       -0.492455       -0.535755
     H    6       -0.043624       -0.535755        0.134423
 
     H    7        0.354112        0.142558       -0.085494
     H    7        0.142558       -0.479251        0.506070
     H    7       -0.085494        0.506070        0.125139
 
     C    8       -0.356455       -0.246474       -0.323631
     C    8       -0.246474       -0.112010        0.403304
     C    8       -0.323631        0.403304        0.468466
 
     H    9       -0.503608        0.196543       -0.465643
     H    9        0.196543        0.295162        0.164233
     H    9       -0.465643        0.164233        0.208446
 
     C   10       -0.201913       -0.282238       -0.248167
     C   10       -0.282238       -0.255265        0.494027
     C   10       -0.248167        0.494027        0.457178
 
     C   11       -0.259390       -0.073933       -0.383188
     C   11       -0.073933       -0.087308        0.471277
     C   11       -0.383188        0.471277        0.346698
 
     Cl  12        0.003719       -0.021310       -0.018967
     Cl  12       -0.021310       -0.019016        0.014705
     Cl  12       -0.018967        0.014705        0.015296
 
     H   13        0.380288       -0.099111       -0.035269
     H   13       -0.099111       -0.542877       -0.513600
     H   13       -0.035269       -0.513600        0.162589
 
     C   14       -0.474906        0.132153       -0.111263
     C   14        0.132153       -0.039164       -0.458650
     C   14       -0.111263       -0.458650        0.514071
 
     H   15       -0.542762       -0.324661       -0.358956
     H   15       -0.324661        0.269657       -0.185519
     H   15       -0.358956       -0.185519        0.273105
 
     C   16       -0.297793        0.147476       -0.071475
     C   16        0.147476       -0.190162       -0.548319
     C   16       -0.071475       -0.548319        0.487955
 
     C   17       -0.254569       -0.007647       -0.176591
     C   17       -0.007647       -0.175243       -0.542103
     C   17       -0.176591       -0.542103        0.429813
 
     Cl  18       -0.030832        0.006328       -0.019656
     Cl  18        0.006328        0.017220        0.005530
     Cl  18       -0.019656        0.005530        0.013612
 
     H   19        0.378603        0.140442       -0.082893
     H   19        0.140442       -0.457623        0.534254
     H   19       -0.082893        0.534254        0.079020
 
     C   20       -0.336908       -0.238540       -0.330770
     C   20       -0.238540       -0.096825        0.405940
     C   20       -0.330770        0.405940        0.433734
 
     H   21       -0.493565        0.171214       -0.486846
     H   21        0.171214        0.343724        0.155184
     H   21       -0.486846        0.155184        0.149841
 
     C   22       -0.197542       -0.274411       -0.262274
     C   22       -0.274411       -0.222394        0.492342
     C   22       -0.262274        0.492342        0.419936
 
     C   23       -0.173932       -0.013414       -0.353866
     C   23       -0.013414       -0.117062        0.493902
     C   23       -0.353866        0.493902        0.290994
 
     Cl  24        0.007574        0.041201       -0.024596
     Cl  24        0.041201        0.005054       -0.004411
     Cl  24       -0.024596       -0.004411       -0.012628
 
     ----- ionic term -----
     Cl   1        0.131948       -0.171459       -0.039839
     Cl   1       -0.171459       -0.013420        0.035992
     Cl   1       -0.039839        0.035992       -0.118528
 
     C    2        0.275492       -0.054198        0.122811
     C    2       -0.054198        0.067962        0.434311
     C    2        0.122811        0.434311       -0.343454
 
     C    3        0.239797       -0.145578        0.074941
     C    3       -0.145578        0.119368        0.424822
     C    3        0.074941        0.424822       -0.359165
 
     H    4        0.767602        0.432556        0.487036
     H    4        0.432556       -0.382308        0.239346
     H    4        0.487036        0.239346       -0.385294
 
     C    5        0.410888       -0.126871        0.108968
     C    5       -0.126871        0.008920        0.336109
     C    5        0.108968        0.336109       -0.419808
 
     H    6       -0.498228        0.093624        0.051269
     H    6        0.093624        0.667971        0.724999
     H    6        0.051269        0.724999       -0.169743
 
     H    7       -0.492108       -0.180819        0.113113
     H    7       -0.180819        0.655928       -0.694569
     H    7        0.113113       -0.694569       -0.163821
 
     C    8        0.290082        0.194400        0.253210
     C    8        0.194400        0.072385       -0.302191
     C    8        0.253210       -0.302191       -0.362467
 
     H    9        0.690751       -0.256927        0.645709
     H    9       -0.256927       -0.428359       -0.203650
     H    9        0.645709       -0.203650       -0.262393
 
     C   10        0.144754        0.227254        0.181879
     C   10        0.227254        0.215095       -0.394190
     C   10        0.181879       -0.394190       -0.359848
 
     C   11        0.270914        0.172515        0.290408
     C   11        0.172515        0.076661       -0.375695
     C   11        0.290408       -0.375695       -0.347575
 
     Cl  12        0.171442        0.231459        0.002753
     Cl  12        0.231459       -0.007863       -0.008117
     Cl  12        0.002753       -0.008117       -0.163578
 
     H   13       -0.518286        0.117510        0.045904
     H   13        0.117510        0.732246        0.693794
     H   13        0.045904        0.693794       -0.213960
 
     C   14        0.390815       -0.103508        0.081044
     C   14       -0.103508        0.011358        0.348166
     C   14        0.081044        0.348166       -0.402173
 
     H   15        0.742907        0.437940        0.496919
     H   15        0.437940       -0.372314        0.238404
     H   15        0.496919        0.238404       -0.370593
 
     C   16        0.217863       -0.122089        0.040468
     C   16       -0.122089        0.161751        0.441751
     C   16        0.040468        0.441751       -0.379614
 
     C   17        0.257586       -0.105582        0.093186
     C   17       -0.105582        0.146437        0.455105
     C   17        0.093186        0.455105       -0.404022
 
     Cl  18        0.128591       -0.221418       -0.064324
     Cl  18       -0.221418        0.002284        0.049575
     Cl  18       -0.064324        0.049575       -0.130875
 
     H   19       -0.512985       -0.174844        0.111282
     H   19       -0.174844        0.623553       -0.724247
     H   19        0.111282       -0.724247       -0.110568
 
     C   20        0.278969        0.192339        0.264619
     C   20        0.192339        0.059500       -0.305923
     C   20        0.264619       -0.305923       -0.338469
 
     H   21        0.675657       -0.230106        0.671454
     H   21       -0.230106       -0.474553       -0.196096
     H   21        0.671454       -0.196096       -0.201103
 
     C   22        0.136346        0.221454        0.191151
     C   22        0.221454        0.192790       -0.396543
     C   22        0.191151       -0.396543       -0.329136
 
     C   23        0.194718        0.145058        0.258540
     C   23        0.145058        0.119949       -0.405504
     C   23        0.258540       -0.405504       -0.314668
 
     Cl  24        0.100914        0.195360       -0.018821
     Cl  24        0.195360        0.034569       -0.021980
     Cl  24       -0.018821       -0.021980       -0.135483
 
     ----- GIPAW term -----
     Cl   1        1.628496       -2.335964       -0.844873
     Cl   1       -2.335964       -0.168993        0.485565
     Cl   1       -0.844873        0.485565       -1.459502
 
     C    2        0.054227       -0.159212       -0.084801
     C    2       -0.159212       -0.025969       -0.048823
     C    2       -0.084801       -0.048823       -0.028258
 
     C    3       -0.081974        0.019937       -0.032785
     C    3        0.019937       -0.008751       -0.090229
     C    3       -0.032785       -0.090229        0.090725
 
     H    4        0.000000       -0.000000       -0.000000
     H    4       -0.000000        0.000000        0.000000
     H    4       -0.000000        0.000000       -0.000000
 
     C    5       -0.063773        0.023054       -0.022942
     C    5        0.023054       -0.026658       -0.093589
     C    5       -0.022942       -0.093589        0.090431
 
     H    6        0.000000       -0.000000       -0.000000
     H    6       -0.000000        0.000000        0.000000
     H    6       -0.000000        0.000000       -0.000000
 
     H    7        0.000000       -0.000000       -0.000000
     H    7       -0.000000        0.000000        0.000000
     H    7       -0.000000        0.000000       -0.000000
 
     C    8       -0.042558       -0.039018       -0.054284
     C    8       -0.039018       -0.039972        0.088764
     C    8       -0.054284        0.088764        0.082530
 
     H    9        0.000000       -0.000000       -0.000000
     H    9       -0.000000        0.000000        0.000000
     H    9       -0.000000        0.000000       -0.000000
 
     C   10       -0.051746       -0.042817       -0.056289
     C   10       -0.042817       -0.024327        0.080713
     C   10       -0.056289        0.080713        0.076073
 
     C   11        0.039708        0.118091       -0.075822
     C   11        0.118091       -0.010484        0.074191
     C   11       -0.075822        0.074191       -0.029224
 
     Cl  12        1.861957        2.221893       -0.189448
     Cl  12        2.221893       -0.321421        0.091088
     Cl  12       -0.189448        0.091088       -1.540535
 
     H   13        0.000000       -0.000000       -0.000000
     H   13       -0.000000        0.000000        0.000000
     H   13       -0.000000        0.000000       -0.000000
 
     C   14       -0.054336        0.020914       -0.022898
     C   14        0.020914       -0.032162       -0.096138
     C   14       -0.022898       -0.096138        0.086497
 
     H   15        0.000000       -0.000000       -0.000000
     H   15       -0.000000        0.000000        0.000000
     H   15       -0.000000        0.000000       -0.000000
 
     C   16       -0.068378        0.013011       -0.029653
     C   16        0.013011       -0.019379       -0.088343
     C   16       -0.029653       -0.088343        0.087757
 
     C   17        0.027946       -0.129544       -0.081384
     C   17       -0.129544       -0.023564       -0.062471
     C   17       -0.081384       -0.062471       -0.004382
 
     Cl  18        1.004088       -2.288030       -0.920116
     Cl  18       -2.288030        0.210674        0.585970
     Cl  18       -0.920116        0.585970       -1.214762
 
     H   19        0.000000       -0.000000       -0.000000
     H   19       -0.000000        0.000000        0.000000
     H   19       -0.000000        0.000000       -0.000000
 
     C   20       -0.035701       -0.032659       -0.049597
     C   20       -0.032659       -0.037890        0.087614
     C   20       -0.049597        0.087614        0.073591
 
     H   21        0.000000       -0.000000       -0.000000
     H   21       -0.000000        0.000000        0.000000
     H   21       -0.000000        0.000000       -0.000000
 
     C   22       -0.056171       -0.037134       -0.062914
     C   22       -0.037134       -0.014795        0.077459
     C   22       -0.062914        0.077459        0.070966
 
     C   23        0.039658        0.148970       -0.081166
     C   23        0.148970        0.009651        0.063593
     C   23       -0.081166        0.063593       -0.049309
 
     Cl  24        1.138049        2.502082       -0.487835
     Cl  24        2.502082        0.407516       -0.280678
     Cl  24       -0.487835       -0.280678       -1.545565
 
     ----- total EFG -----
     Cl   1        1.783308       -2.558275       -0.922896
     Cl   1       -2.558275       -0.184360        0.530619
     Cl   1       -0.922896        0.530619       -1.598948
 
     C    2        0.081975       -0.308000       -0.177458
     C    2       -0.308000       -0.051716       -0.124132
     C    2       -0.177458       -0.124132       -0.030259
 
     C    3       -0.175680        0.052624       -0.068270
     C    3        0.052624       -0.027246       -0.200672
     C    3       -0.068270       -0.200672        0.202926
 
     H    4        0.192803        0.120426        0.137534
     H    4        0.120426       -0.098323        0.055389
     H    4        0.137534        0.055389       -0.094480
 
     C    5       -0.155223        0.054199       -0.055977
     C    5        0.054199       -0.048867       -0.202250
     C    5       -0.055977       -0.202250        0.204090
 
     H    6       -0.140196        0.010410        0.007645
     H    6        0.010410        0.175516        0.189244
     H    6        0.007645        0.189244       -0.035320
 
     H    7       -0.137995       -0.038261        0.027620
     H    7       -0.038261        0.176677       -0.188499
     H    7        0.027620       -0.188499       -0.038682
 
     C    8       -0.108931       -0.091092       -0.124705
     C    8       -0.091092       -0.079597        0.189878
     C    8       -0.124705        0.189878        0.188529
 
     H    9        0.187143       -0.060384        0.180065
     H    9       -0.060384       -0.133197       -0.039417
     H    9        0.180065       -0.039417       -0.053946
 
     C   10       -0.108905       -0.097800       -0.122577
     C   10       -0.097800       -0.064497        0.180551
     C   10       -0.122577        0.180551        0.173403
 
     C   11        0.051232        0.216673       -0.168601
     C   11        0.216673       -0.021131        0.169773
     C   11       -0.168601        0.169773       -0.030101
 
     Cl  12        2.037118        2.432043       -0.205662
     Cl  12        2.432043       -0.348300        0.097675
     Cl  12       -0.205662        0.097675       -1.688817
 
     H   13       -0.137998        0.018399        0.010635
     H   13        0.018399        0.189368        0.180195
     H   13        0.010635        0.180195       -0.051370
 
     C   14       -0.138427        0.049560       -0.053116
     C   14        0.049560       -0.059968       -0.206622
     C   14       -0.053116       -0.206622        0.198395
 
     H   15        0.200144        0.113279        0.137963
     H   15        0.113279       -0.102657        0.052884
     H   15        0.137963        0.052884       -0.097487
 
     C   16       -0.148308        0.038399       -0.060659
     C   16        0.038399       -0.047790       -0.194911
     C   16       -0.060659       -0.194911        0.196098
 
     C   17        0.030963       -0.242773       -0.164789
     C   17       -0.242773       -0.052371       -0.149469
     C   17       -0.164789       -0.149469        0.021408
 
     Cl  18        1.101848       -2.503120       -1.004095
     Cl  18       -2.503120        0.230177        0.641075
     Cl  18       -1.004095        0.641075       -1.332025
 
     H   19       -0.134382       -0.034402        0.028389
     H   19       -0.034402        0.165930       -0.189994
     H   19        0.028389       -0.189994       -0.031548
 
     C   20       -0.093640       -0.078860       -0.115748
     C   20       -0.078860       -0.075215        0.187631
     C   20       -0.115748        0.187631        0.168856
 
     H   21        0.182091       -0.058891        0.184607
     H   21       -0.058891       -0.130830       -0.040913
     H   21        0.184607       -0.040913       -0.051262
 
     C   22       -0.117366       -0.090092       -0.134036
     C   22       -0.090092       -0.044400        0.173258
     C   22       -0.134036        0.173258        0.161766
 
     C   23        0.060444        0.280614       -0.176491
     C   23        0.280614        0.012538        0.151991
     C   23       -0.176491        0.151991       -0.072982
 
     Cl  24        1.246538        2.738642       -0.531251
     Cl  24        2.738642        0.447138       -0.307069
     Cl  24       -0.531251       -0.307069       -1.693676
 
     ----- total EFG (symmetrized) -----
     Cl   1        1.783308       -2.558275       -0.922896
     Cl   1       -2.558275       -0.184360        0.530619
     Cl   1       -0.922896        0.530619       -1.598948
 
     C    2        0.081975       -0.308000       -0.177458
     C    2       -0.308000       -0.051716       -0.124132
     C    2       -0.177458       -0.124132       -0.030259
 
     C    3       -0.175680        0.052624       -0.068270
     C    3        0.052624       -0.027246       -0.200672
     C    3       -0.068270       -0.200672        0.202926
 
     H    4        0.192803        0.120426        0.137534
     H    4        0.120426       -0.098323        0.055389
     H    4        0.137534        0.055389       -0.094480
 
     C    5       -0.155223        0.054199       -0.055977
     C    5        0.054199       -0.048867       -0.202250
     C    5       -0.055977       -0.202250        0.204090
 
     H    6       -0.140196        0.010410        0.007645
     H    6        0.010410        0.175516        0.189244
     H    6        0.007645        0.189244       -0.035320
 
     H    7       -0.137995       -0.038261        0.027620
     H    7       -0.038261        0.176677       -0.188499
     H    7        0.027620       -0.188499       -0.038682
 
     C    8       -0.108931       -0.091092       -0.124705
     C    8       -0.091092       -0.079597        0.189878
     C    8       -0.124705        0.189878        0.188529
 
     H    9        0.187143       -0.060384        0.180065
     H    9       -0.060384       -0.133197       -0.039417
     H    9        0.180065       -0.039417       -0.053946
 
     C   10       -0.108905       -0.097800       -0.122577
     C   10       -0.097800       -0.064497        0.180551
     C   10       -0.122577        0.180551        0.173403
 
     C   11        0.051232        0.216673       -0.168601
     C   11        0.216673       -0.021131        0.169773
     C   11       -0.168601        0.169773       -0.030101
 
     Cl  12        2.037118        2.432043       -0.205662
     Cl  12        2.432043       -0.348300        0.097675
     Cl  12       -0.205662        0.097675       -1.688817
 
     H   13       -0.137998        0.018399        0.010635
     H   13        0.018399        0.189368        0.180195
     H   13        0.010635        0.180195       -0.051370
 
     C   14       -0.138427        0.049560       -0.053116
     C   14        0.049560       -0.059968       -0.206622
     C   14       -0.053116       -0.206622        0.198395
 
     H   15        0.200144        0.113279        0.137963
     H   15        0.113279       -0.102657        0.052884
     H   15        0.137963        0.052884       -0.097487
 
     C   16       -0.148308        0.038399       -0.060659
     C   16        0.038399       -0.047790       -0.194911
     C   16       -0.060659       -0.194911        0.196098
 
     C   17        0.030963       -0.242773       -0.164789
     C   17       -0.242773       -0.052371       -0.149469
     C   17       -0.164789       -0.149469        0.021408
 
     Cl  18        1.101848       -2.503120       -1.004095
     Cl  18       -2.503120        0.230177        0.641075
     Cl  18       -1.004095        0.641075       -1.332025
 
     H   19       -0.134382       -0.034402        0.028389
     H   19       -0.034402        0.165930       -0.189994
     H   19        0.028389       -0.189994       -0.031548
 
     C   20       -0.093640       -0.078860       -0.115748
     C   20       -0.078860       -0.075215        0.187631
     C   20       -0.115748        0.187631        0.168856
 
     H   21        0.182091       -0.058891        0.184607
     H   21       -0.058891       -0.130830       -0.040913
     H   21        0.184607       -0.040913       -0.051262
 
     C   22       -0.117366       -0.090092       -0.134036
     C   22       -0.090092       -0.044400        0.173258
     C   22       -0.134036        0.173258        0.161766
 
     C   23        0.060444        0.280614       -0.176491
     C   23        0.280614        0.012538        0.151991
     C   23       -0.176491        0.151991       -0.072982
 
     Cl  24        1.246538        2.738642       -0.531251
     Cl  24        2.738642        0.447138       -0.307069
     Cl  24       -0.531251       -0.307069       -1.693676
 
 
     NQR/NMR SPECTROSCOPIC PARAMETERS:
     Cl   1    Vxx=   -1.7690    axis=( -0.101241 -0.458996  0.882651)
     Cl   1    Vyy=   -1.9819    axis=( -0.577365 -0.695409 -0.427850)
     Cl   1    Vzz=    3.7509    axis=(  0.810185 -0.552928 -0.194604)
     Cl   1  Q=        -8.1650 1e-30 m^2  Cq=       -71.9598 MHz  eta= 0.05676
 
     C    2    Vxx=    0.0720    axis=( -0.144878 -0.497478  0.855293)
     C    2    Vyy=    0.3422    axis=(  0.801549 -0.565813 -0.193328)
     C    2    Vzz=   -0.4142    axis=(  0.580112  0.657550  0.480726)
     C    2  Q=         1.0000 1e-30 m^2  Cq=        -0.9732 MHz  eta= 0.65233
 
     C    3    Vxx=   -0.1410    axis=(  0.218093  0.823443  0.523810)
     C    3    Vyy=   -0.1926    axis=(  0.961778 -0.272416  0.027800)
     C    3    Vzz=    0.3335    axis=( -0.165586 -0.497726  0.851381)
     C    3  Q=         1.0000 1e-30 m^2  Cq=         0.7836 MHz  eta= 0.15471
 
     H    4    Vxx=   -0.1394    axis=( -0.449060  0.811292  0.374366)
     H    4    Vyy=   -0.1534    axis=( -0.169862 -0.488861  0.855664)
     H    4    Vzz=    0.2928    axis=( -0.877207 -0.320654 -0.357336)
     H    4  Q=         1.0000 1e-30 m^2  Cq=         0.6881 MHz  eta= 0.04783
 
     C    5    Vxx=   -0.1437    axis=(  0.644207  0.611557  0.459343)
     C    5    Vyy=   -0.1842    axis=(  0.749161 -0.625546 -0.217828)
     C    5    Vzz=    0.3279    axis=( -0.154126 -0.484448  0.861136)
     C    5  Q=         1.0000 1e-30 m^2  Cq=         0.7704 MHz  eta= 0.12358
 
     H    6    Vxx=   -0.1403    axis=(  0.977906 -0.130221  0.163528)
     H    6    Vyy=   -0.1468    axis=( -0.206871 -0.490382  0.846599)
     H    6    Vzz=    0.2871    axis=(  0.030054  0.861724  0.506487)
     H    6  Q=         1.0000 1e-30 m^2  Cq=         0.6746 MHz  eta= 0.02264
 
     H    7    Vxx=   -0.1403    axis=( -0.852213 -0.339538 -0.398053)
     H    7    Vyy=   -0.1509    axis=( -0.511765  0.382822  0.769119)
     H    7    Vzz=    0.2912    axis=(  0.108762 -0.859163  0.500010)
     H    7  Q=         1.0000 1e-30 m^2  Cq=         0.6843 MHz  eta= 0.03621
 
     C    8    Vxx=   -0.1457    axis=( -0.777450  0.376338 -0.503926)
     C    8    Vyy=   -0.1934    axis=(  0.539566  0.810784 -0.226932)
     C    8    Vzz=    0.3390    axis=( -0.323172  0.448329  0.833403)
     C    8  Q=         1.0000 1e-30 m^2  Cq=         0.7966 MHz  eta= 0.14068
 
     H    9    Vxx=   -0.1410    axis=(  0.387467  0.813797 -0.433132)
     H    9    Vyy=   -0.1544    axis=( -0.308096  0.557129  0.771158)
     H    9    Vzz=    0.2953    axis=( -0.868876  0.165352 -0.466597)
     H    9  Q=         1.0000 1e-30 m^2  Cq=         0.6939 MHz  eta= 0.04536
 
     C   10    Vxx=   -0.1365    axis=( -0.650131  0.515932 -0.557802)
     C   10    Vyy=   -0.1892    axis=( -0.681671 -0.720332  0.128241)
     C   10    Vzz=    0.3257    axis=( -0.335639  0.463611  0.820007)
     C   10  Q=         1.0000 1e-30 m^2  Cq=         0.7652 MHz  eta= 0.16192
 
     C   11    Vxx=    0.1342    axis=( -0.251382  0.532591  0.808179)
     C   11    Vyy=    0.2373    axis=(  0.801174  0.583006 -0.134998)
     C   11    Vzz=   -0.3715    axis=( -0.543072  0.613556 -0.573255)
     C   11  Q=         1.0000 1e-30 m^2  Cq=        -0.8730 MHz  eta= 0.27747
 
     Cl  12    Vxx=   -1.5678    axis=(  0.270046 -0.471284 -0.839623)
     Cl  12    Vyy=   -1.9882    axis=(  0.454499 -0.706362  0.542663)
     Cl  12    Vzz=    3.5561    axis=( -0.848826 -0.528152  0.023448)
     Cl  12  Q=        -8.1650 1e-30 m^2  Cq=       -68.2211 MHz  eta= 0.11821
 
     H   13    Vxx=   -0.1390    axis=(  0.995496 -0.081943  0.047682)
     H   13    Vyy=   -0.1478    axis=( -0.080586 -0.466433  0.880878)
     H   13    Vzz=    0.2868    axis=(  0.049941  0.880753  0.470935)
     H   13  Q=         1.0000 1e-30 m^2  Cq=         0.6738 MHz  eta= 0.03053
 
     C   14    Vxx=   -0.1403    axis=( -0.880506 -0.330581 -0.339744)
     C   14    Vyy=   -0.1833    axis=(  0.449349 -0.810337 -0.376083)
     C   14    Vzz=    0.3237    axis=( -0.150981 -0.483807  0.862053)
     C   14  Q=         1.0000 1e-30 m^2  Cq=         0.7605 MHz  eta= 0.13295
 
     H   15    Vxx=   -0.1379    axis=( -0.422670  0.836544  0.348633)
     H   15    Vyy=   -0.1557    axis=( -0.190730 -0.458175  0.868157)
     H   15    Vzz=    0.2936    axis=( -0.885987 -0.300450 -0.353211)
     H   15  Q=         1.0000 1e-30 m^2  Cq=         0.6897 MHz  eta= 0.06082
 
     C   16    Vxx=   -0.1530    axis=(  0.540685  0.691042  0.479708)
     C   16    Vyy=   -0.1621    axis=(  0.827225 -0.540369 -0.153949)
     C   16    Vzz=    0.3152    axis=( -0.152834 -0.480065  0.863817)
     C   16  Q=         1.0000 1e-30 m^2  Cq=         0.7405 MHz  eta= 0.02872
 
     C   17    Vxx=    0.1362    axis=( -0.112554 -0.524190  0.844131)
     C   17    Vyy=    0.2427    axis=(  0.805521 -0.545535 -0.231361)
     C   17    Vzz=   -0.3789    axis=(  0.581780  0.653924  0.483648)
     C   17  Q=         1.0000 1e-30 m^2  Cq=        -0.8903 MHz  eta= 0.28110
 
     Cl  18    Vxx=   -1.5506    axis=( -0.104591 -0.463740  0.879776)
     Cl  18    Vyy=   -1.9454    axis=( -0.655622 -0.633031 -0.411621)
     Cl  18    Vzz=    3.4960    axis=(  0.747810 -0.619852 -0.237829)
     Cl  18  Q=        -8.1650 1e-30 m^2  Cq=       -67.0689 MHz  eta= 0.11294
 
     H   19    Vxx=   -0.1355    axis=( -0.869029 -0.330998 -0.367734)
     H   19    Vyy=   -0.1505    axis=( -0.483607  0.411350  0.772603)
     H   19    Vzz=    0.2859    axis=(  0.104463 -0.849254  0.517548)
     H   19  Q=         1.0000 1e-30 m^2  Cq=         0.6719 MHz  eta= 0.05246
 
     C   20    Vxx=   -0.1364    axis=(  0.898647 -0.128204  0.419520)
     C   20    Vyy=   -0.1815    axis=( -0.298992 -0.878799  0.371908)
     C   20    Vzz=    0.3179    axis=( -0.320993  0.459648  0.828062)
     C   20  Q=         1.0000 1e-30 m^2  Cq=         0.7469 MHz  eta= 0.14165
 
     H   21    Vxx=   -0.1389    axis=(  0.352242  0.874434 -0.333603)
     H   21    Vyy=   -0.1568    axis=( -0.363245  0.456238  0.812343)
     H   21    Vzz=    0.2957    axis=( -0.862542  0.164962 -0.478339)
     H   21  Q=         1.0000 1e-30 m^2  Cq=         0.6949 MHz  eta= 0.06034
 
     C   22    Vxx=   -0.1395    axis=( -0.270052  0.777856 -0.567461)
     C   22    Vyy=   -0.1802    axis=( -0.898540 -0.415367 -0.141760)
     C   22    Vzz=    0.3197    axis=( -0.345973  0.471604  0.811105)
     C   22  Q=         1.0000 1e-30 m^2  Cq=         0.7511 MHz  eta= 0.12714
 
     C   23    Vxx=    0.0856    axis=( -0.315593  0.484742  0.815737)
     C   23    Vyy=    0.3206    axis=( -0.758066 -0.645866  0.090517)
     C   23    Vzz=   -0.4062    axis=(  0.570734 -0.589816  0.571297)
     C   23  Q=         1.0000 1e-30 m^2  Cq=        -0.9544 MHz  eta= 0.57846
 
     Cl  24    Vxx=   -1.7015    axis=( -0.227064  0.415304  0.880889)
     Cl  24    Vyy=   -1.9806    axis=(  0.617325 -0.638200  0.460012)
     Cl  24    Vzz=    3.6821    axis=(  0.753228  0.648246 -0.111465)
     Cl  24  Q=        -8.1650 1e-30 m^2  Cq=       -70.6392 MHz  eta= 0.07579
 
     Initialization:
     gipaw_setup  :      0.19s CPU      0.30s WALL (       1 calls)
 
     Linear response
 
     Apply operators
 
     Induced current
 
     Other routines
     efg          :      0.65s CPU      0.82s WALL (       1 calls)
 
     General routines
     calbec       :      0.06s CPU      0.05s WALL (      16 calls)
     fft          :      0.06s CPU      0.08s WALL (      15 calls)
     ffts         :      0.00s CPU      0.00s WALL (       2 calls)
     fftw         :      0.38s CPU      0.40s WALL (     672 calls)
     davcio       :      0.02s CPU      0.15s WALL (      32 calls)
 
     Parallel routines
     fft_scatter  :      0.24s CPU      0.28s WALL (     689 calls)
 
     Plugins
 
     GIPAW        :      4.46s CPU      5.39s WALL (       1 calls)
