
     Program QE v.6.0 starts on 20May2017 at 15:11:22 

     This program is part of the open-source Quantum ESPRESSO suite
     for quantum simulation of materials; please cite
         "P. Giannozzi et al., J. Phys.:Condens. Matter 21 395502 (2009);
          URL http://www.quantum-espresso.org", 
     in publications or presentations arising from this work. More details at
     http://www.quantum-espresso.org/quote
 
           ARCH :    x86_64
             CC :    icc
            CPP :    cpp
            F90 :    ifort
            F77 :    ifort
         DFLAGS :    -D__INTEL -D__DFTI
      BLAS LIBS :    -lmkl_intel_lp64  -lmkl_sequential -lmkl_core
    LAPACK LIBS :    
       FFT LIBS :    
      MASS LIBS :    

     Parallel version (MPI & OpenMP), running on      32 processor cores
     Number of MPI processes:                32
     Threads/MPI process:                     1
     R & G space division:  proc/nbgrp/npool/nimage =      32
 
     ***** This is GIPAW svn revision unknown      *****
 
     Parallelizing q-star over 1 images

     Reading data from directory:
     ./scratch/scf-2201.save

   Info: using nr1, nr2, nr3 values from input

   Info: using nr1, nr2, nr3 values from input

     IMPORTANT: XC functional enforced from input :
     Exchange-correlation      =  SLA  PW   PBX  PBC ( 1  4  3  4 0 0)
     Any further DFT definition will be discarded
     Please, verify this is what you really want

               file C.pbe-n-kjpaw_psl.1.0.0.UPF: wavefunction(s)  2S 2P renormalized
               file Cl.pbe-n-kjpaw_psl.1.0.0.UPF: wavefunction(s)  3S 3P renormalized
               file H.pbe-kjpaw_psl.1.0.0.UPF: wavefunction(s)  1S renormalized
 
     Parallelization info
     --------------------
     sticks:   dense  smooth     PW     G-vecs:    dense   smooth      PW
     Min         764     305     83                36108     9133    1292
     Max         765     306     84                36110     9135    1293
     Sum       24467    9791   2657              1155489   292295   41363
 

     Subspace diagonalization in iterative solution of the eigenvalue problem:
     a serial algorithm will be used

     GIPAW projectors -----------------------------------------------
     atom=  C    l=0  rc=    1.2000  rs=    0.8000
     atom=  C    l=0  rc=    1.2000  rs=    0.8000
     atom=  C    l=1  rc=    1.4000  rs=    0.9333
     atom=  C    l=1  rc=    1.4000  rs=    0.9333
     projs nearly linearly dependent: l=1  n1,n2= 1, 2  s=  0.99951561
 
     atom=  Cl   l=0  rc=    1.6000  rs=    1.0667
     atom=  Cl   l=0  rc=    1.6000  rs=    1.0667
     atom=  Cl   l=1  rc=    1.6000  rs=    1.0667
     atom=  Cl   l=1  rc=    1.6000  rs=    1.0667
     atom=  Cl   l=2  rc=    1.6000  rs=    1.0667
     atom=  Cl   l=2  rc=    1.6000  rs=    1.0667
     projs nearly linearly dependent: l=2  n1,n2= 1, 2  s=  0.99993509
 
     atom=  H    l=0  rc=    1.0000  rs=    0.6667
     atom=  H    l=0  rc=    1.0000  rs=    0.6667
     projs nearly linearly dependent: l=0  n1,n2= 1, 2  s=  0.99968852
     -----------------------------------------------------------------
 
     GIPAW integrals: -------------------------------------------
     Atom  i/j   nmr_para   nmr_dia   epr_rmc  epr_para   epr_dia
       C   1 1   0.83E+03  0.17E-01  0.93E+01  0.24E+08  0.24E+03
       C   2 1   0.86E+03 -0.61E-01  0.94E+01  0.25E+08  0.25E+03
       C   2 2   0.90E+03 -0.15E+00  0.97E+01  0.26E+08  0.26E+03
       C   3 3   0.33E+01  0.34E+00  0.18E+01  0.55E+03  0.21E+02
       C   4 3   0.35E+01  0.37E+00  0.20E+01  0.59E+03  0.22E+02
       C   4 4   0.38E+01  0.39E+00  0.22E+01  0.63E+03  0.24E+02
       Cl  1 1   0.14E+04 -0.47E+00  0.84E+01  0.32E+09  0.42E+03
       Cl  2 1   0.21E+04 -0.37E+00  0.12E+02  0.49E+09  0.65E+03
       Cl  2 2   0.33E+04 -0.16E+00  0.21E+02  0.76E+09  0.10E+04
       Cl  3 3   0.21E+02  0.79E-01  0.89E+01  0.23E+05  0.13E+03
       Cl  4 3   0.24E+02  0.67E-01  0.99E+01  0.27E+05  0.15E+03
       Cl  4 4   0.28E+02  0.44E-01  0.11E+02  0.32E+05  0.18E+03
       Cl  5 5   0.77E+00  0.19E+00  0.18E+01  0.12E+03  0.22E+02
       Cl  6 5   0.80E+00  0.19E+00  0.19E+01  0.12E+03  0.23E+02
       Cl  6 6   0.83E+00  0.20E+00  0.19E+01  0.12E+03  0.23E+02
       H   1 1   0.39E+02  0.19E+00  0.29E+00  0.78E+05  0.13E+02
       H   2 1   0.41E+02  0.21E+00  0.32E+00  0.82E+05  0.14E+02
       H   2 2   0.43E+02  0.22E+00  0.36E+00  0.86E+05  0.15E+02
     ------------------------------------------------------------
 
     alpha_pv=     33.8008 eV
 
     Number of occupied bands for each k-point:
     k-point:     1    nbnd_occ=  42
     k-point:     2    nbnd_occ=  42
     k-point:     3    nbnd_occ=  42
     k-point:     4    nbnd_occ=  42
     k-point:     5    nbnd_occ=  42
     k-point:     6    nbnd_occ=  42
     k-point:     7    nbnd_occ=  42
     k-point:     8    nbnd_occ=  42
     k-point:     9    nbnd_occ=  42
     k-point:    10    nbnd_occ=  42
     k-point:    11    nbnd_occ=  42
     k-point:    12    nbnd_occ=  42
     k-point:    13    nbnd_occ=  42
     k-point:    14    nbnd_occ=  42
     k-point:    15    nbnd_occ=  42
     k-point:    16    nbnd_occ=  42
 
 
     q-space interpolation up to   110.00 Rydberg
 
     GIPAW job: efg                                                                             
 
 
     ELECTRIC FIELD GRADIENTS TENSORS IN Hartree/bohrradius^2:
 
     ----- bare term -----
     Cl   1        0.020328       -0.034053        0.000748
     Cl   1       -0.034053       -0.013043       -0.015621
     Cl   1        0.000748       -0.015621       -0.007285
 
     C    2       -0.092720        0.076357       -0.442715
     C    2        0.076357       -0.103486       -0.458283
     C    2       -0.442715       -0.458283        0.196206
 
     C    3       -0.133662        0.313291       -0.294048
     C    3        0.313291       -0.234316       -0.486774
     C    3       -0.294048       -0.486774        0.367978
 
     H    4       -0.433267       -0.130972       -0.509711
     H    4       -0.130972        0.346861       -0.149170
     H    4       -0.509711       -0.149170        0.086407
 
     C    5       -0.273472        0.260144       -0.365714
     C    5        0.260144       -0.086929       -0.406953
     C    5       -0.365714       -0.406953        0.360401
 
     H    6        0.369064       -0.148393       -0.086022
     H    6       -0.148393       -0.392079       -0.539402
     H    6       -0.086022       -0.539402        0.023015
 
     H    7        0.365177        0.076033       -0.054670
     H    7        0.076033       -0.498995        0.493875
     H    7       -0.054670        0.493875        0.133818
 
     C    8       -0.326120       -0.262109       -0.384213
     C    8       -0.262109       -0.089725        0.387256
     C    8       -0.384213        0.387256        0.415844
 
     H    9       -0.386396        0.183868       -0.519122
     H    9        0.183868        0.308845        0.199633
     H    9       -0.519122        0.199633        0.077552
 
     C   10       -0.197041       -0.323202       -0.299263
     C   10       -0.323202       -0.231534        0.471304
     C   10       -0.299263        0.471304        0.428575
 
     C   11       -0.203007       -0.067632       -0.418718
     C   11       -0.067632       -0.105936        0.468360
     C   11       -0.418718        0.468360        0.308944
 
     Cl  12        0.013103       -0.001745       -0.004640
     Cl  12       -0.001745       -0.022987        0.022231
     Cl  12       -0.004640        0.022231        0.009884
 
     H   13        0.386635       -0.082283       -0.088338
     H   13       -0.082283       -0.346297       -0.570570
     H   13       -0.088338       -0.570570       -0.040339
 
     C   14       -0.221024        0.316321       -0.409180
     C   14        0.316321       -0.097468       -0.379452
     C   14       -0.409180       -0.379452        0.318491
 
     H   15       -0.410881       -0.112356       -0.555024
     H   15       -0.112356        0.357554       -0.159741
     H   15       -0.555024       -0.159741        0.053327
 
     C   16       -0.111690        0.371844       -0.311622
     C   16        0.371844       -0.169065       -0.474211
     C   16       -0.311622       -0.474211        0.280755
 
     C   17       -0.203743        0.092453       -0.394802
     C   17        0.092453        0.036839       -0.489039
     C   17       -0.394802       -0.489039        0.166904
 
     Cl  18        0.039782       -0.006177       -0.011514
     Cl  18       -0.006177       -0.014861       -0.015060
     Cl  18       -0.011514       -0.015060       -0.024921
 
     H   19        0.377452        0.091250       -0.051854
     H   19        0.091250       -0.521794        0.487594
     H   19       -0.051854        0.487594        0.144342
 
     C   20       -0.320187       -0.236825       -0.377495
     C   20       -0.236825       -0.112182        0.379465
     C   20       -0.377495        0.379465        0.432369
 
     H   21       -0.413550        0.209180       -0.536272
     H   21        0.209180        0.311665        0.197615
     H   21       -0.536272        0.197615        0.101885
 
     C   22       -0.194821       -0.295887       -0.298676
     C   22       -0.295887       -0.244647        0.464598
     C   22       -0.298676        0.464598        0.439468
 
     C   23       -0.154011       -0.072346       -0.391057
     C   23       -0.072346       -0.143859        0.486895
     C   23       -0.391057        0.486895        0.297871
 
     Cl  24        0.002215        0.013277       -0.035432
     Cl  24        0.013277       -0.000221        0.001418
     Cl  24       -0.035432        0.001418       -0.001994
 
     ----- ionic term -----
     Cl   1        0.075724       -0.206291        0.015596
     Cl   1       -0.206291        0.071076       -0.012590
     Cl   1        0.015596       -0.012590       -0.146800
 
     C    2        0.122733       -0.192037        0.348041
     C    2       -0.192037        0.119157        0.356995
     C    2        0.348041        0.356995       -0.241889
 
     C    3        0.085514       -0.256342        0.211377
     C    3       -0.256342        0.199202        0.395037
     C    3        0.211377        0.395037       -0.284716
 
     H    4        0.608282        0.167178        0.701162
     H    4        0.167178       -0.483546        0.178030
     H    4        0.701162        0.178030       -0.124737
 
     C    5        0.226532       -0.205212        0.290898
     C    5       -0.205212        0.055000        0.302630
     C    5        0.290898        0.302630       -0.281532
 
     H    6       -0.503360        0.184336        0.119648
     H    6        0.184336        0.537182        0.738479
     H    6        0.119648        0.738479       -0.033822
 
     H    7       -0.512191       -0.088352        0.065872
     H    7       -0.088352        0.685134       -0.685276
     H    7        0.065872       -0.685276       -0.172943
 
     C    8        0.261873        0.204759        0.305030
     C    8        0.204759        0.056022       -0.293653
     C    8        0.305030       -0.293653       -0.317895
 
     H    9        0.535569       -0.253984        0.710658
     H    9       -0.253984       -0.430961       -0.251819
     H    9        0.710658       -0.251819       -0.104609
 
     C   10        0.139334        0.263378        0.214514
     C   10        0.263378        0.196242       -0.374518
     C   10        0.214514       -0.374518       -0.335576
 
     C   11        0.238268        0.170815        0.339443
     C   11        0.170815        0.083792       -0.360238
     C   11        0.339443       -0.360238       -0.322060
 
     Cl  12        0.167991        0.211417        0.038401
     Cl  12        0.211417       -0.012651        0.015729
     Cl  12        0.038401        0.015729       -0.155340
 
     H   13       -0.527122        0.103981        0.111291
     H   13        0.103981        0.469169        0.780058
     H   13        0.111291        0.780058        0.057953
 
     C   14        0.183920       -0.247164        0.322857
     C   14       -0.247164        0.067236        0.279993
     C   14        0.322857        0.279993       -0.251157
 
     H   15        0.576983        0.145171        0.749502
     H   15        0.145171       -0.495875        0.186957
     H   15        0.749502        0.186957       -0.081109
 
     C   16        0.062715       -0.299542        0.228741
     C   16       -0.299542        0.151540        0.376340
     C   16        0.228741        0.376340       -0.214254
 
     C   17        0.233373       -0.198728        0.297931
     C   17       -0.198728       -0.026315        0.391708
     C   17        0.297931        0.391708       -0.207058
 
     Cl  18        0.143589       -0.207357       -0.000029
     Cl  18       -0.207357       -0.013330        0.009256
     Cl  18       -0.000029        0.009256       -0.130259
 
     H   19       -0.520400       -0.106703        0.065130
     H   19       -0.106703        0.712458       -0.671745
     H   19        0.065130       -0.671745       -0.192059
 
     C   20        0.264260        0.184651        0.301602
     C   20        0.184651        0.072288       -0.289899
     C   20        0.301602       -0.289899       -0.336548
 
     H   21        0.572296       -0.285449        0.721912
     H   21       -0.285449       -0.432500       -0.251174
     H   21        0.721912       -0.251174       -0.139796
 
     C   22        0.136247        0.242073        0.217981
     C   22        0.242073        0.212352       -0.370407
     C   22        0.217981       -0.370407       -0.348599
 
     C   23        0.191497        0.180557        0.305304
     C   23        0.180557        0.123669       -0.383969
     C   23        0.305304       -0.383969       -0.315166
 
     Cl  24        0.145949        0.212451        0.018895
     Cl  24        0.212451        0.002944        0.001762
     Cl  24        0.018895        0.001762       -0.148893
 
     ----- GIPAW term -----
     Cl   1        0.995100       -2.545059        0.142882
     Cl   1       -2.545059        0.607798       -0.310558
     Cl   1        0.142882       -0.310558       -1.602898
 
     C    2        0.042795       -0.135951       -0.071603
     C    2       -0.135951        0.026947       -0.082464
     C    2       -0.071603       -0.082464       -0.069742
 
     C    3       -0.045717        0.042343       -0.072862
     C    3        0.042343       -0.018245       -0.073044
     C    3       -0.072862       -0.073044        0.063962
 
     H    4        0.000000       -0.000000       -0.000000
     H    4       -0.000000        0.000000        0.000000
     H    4       -0.000000        0.000000       -0.000000
 
     C    5       -0.025821        0.041374       -0.057714
     C    5        0.041374       -0.032200       -0.091032
     C    5       -0.057714       -0.091032        0.058021
 
     H    6        0.000000       -0.000000       -0.000000
     H    6       -0.000000        0.000000        0.000000
     H    6       -0.000000        0.000000       -0.000000
 
     H    7        0.000000       -0.000000       -0.000000
     H    7       -0.000000        0.000000        0.000000
     H    7       -0.000000        0.000000       -0.000000
 
     C    8       -0.040828       -0.043734       -0.059043
     C    8       -0.043734       -0.036179        0.081806
     C    8       -0.059043        0.081806        0.077008
 
     H    9        0.000000       -0.000000       -0.000000
     H    9       -0.000000        0.000000        0.000000
     H    9       -0.000000        0.000000       -0.000000
 
     C   10       -0.051131       -0.044382       -0.072691
     C   10       -0.044382       -0.022500        0.078247
     C   10       -0.072691        0.078247        0.073631
 
     C   11        0.060886        0.122029       -0.055748
     C   11        0.122029       -0.020637        0.089633
     C   11       -0.055748        0.089633       -0.040249
 
     Cl  12        1.910459        2.192805        0.333663
     Cl  12        2.192805       -0.393724        0.418637
     Cl  12        0.333663        0.418637       -1.516735
 
     H   13        0.000000       -0.000000       -0.000000
     H   13       -0.000000        0.000000        0.000000
     H   13       -0.000000        0.000000       -0.000000
 
     C   14       -0.020851        0.051193       -0.065864
     C   14        0.051193       -0.030976       -0.088265
     C   14       -0.065864       -0.088265        0.051826
 
     H   15        0.000000       -0.000000       -0.000000
     H   15       -0.000000        0.000000        0.000000
     H   15       -0.000000        0.000000       -0.000000
 
     C   16       -0.048346        0.056396       -0.070949
     C   16        0.056396       -0.004756       -0.075950
     C   16       -0.070949       -0.075950        0.053102
 
     C   17        0.053985       -0.125787       -0.078826
     C   17       -0.125787        0.005688       -0.070647
     C   17       -0.078826       -0.070647       -0.059673
 
     Cl  18        1.953084       -2.249015       -0.149061
     Cl  18       -2.249015       -0.328103       -0.074100
     Cl  18       -0.149061       -0.074100       -1.624981
 
     H   19        0.000000       -0.000000       -0.000000
     H   19       -0.000000        0.000000        0.000000
     H   19       -0.000000        0.000000       -0.000000
 
     C   20       -0.032058       -0.039317       -0.056471
     C   20       -0.039317       -0.041665        0.078397
     C   20       -0.056471        0.078397        0.073723
 
     H   21        0.000000       -0.000000       -0.000000
     H   21       -0.000000        0.000000        0.000000
     H   21       -0.000000        0.000000       -0.000000
 
     C   22       -0.052451       -0.038051       -0.069914
     C   22       -0.038051       -0.017668        0.077378
     C   22       -0.069914        0.077378        0.070120
 
     C   23        0.058859        0.128527       -0.068354
     C   23        0.128527       -0.015283        0.080461
     C   23       -0.068354        0.080461       -0.043576
 
     Cl  24        1.554952        2.385012       -0.207817
     Cl  24        2.385012        0.020549        0.042905
     Cl  24       -0.207817        0.042905       -1.575501
 
     ----- total EFG -----
     Cl   1        1.091152       -2.785404        0.159226
     Cl   1       -2.785404        0.665830       -0.338769
     Cl   1        0.159226       -0.338769       -1.756983
 
     C    2        0.072808       -0.251632       -0.166277
     C    2       -0.251632        0.042619       -0.183752
     C    2       -0.166277       -0.183752       -0.115426
 
     C    3       -0.093864        0.099291       -0.155532
     C    3        0.099291       -0.053359       -0.164781
     C    3       -0.155532       -0.164781        0.147223
 
     H    4        0.175015        0.036206        0.191451
     H    4        0.036206       -0.136685        0.028860
     H    4        0.191451        0.028860       -0.038330
 
     C    5       -0.072760        0.096306       -0.132530
     C    5        0.096306       -0.064129       -0.195354
     C    5       -0.132530       -0.195354        0.136889
 
     H    6       -0.134297        0.035942        0.033626
     H    6        0.035942        0.145103        0.199078
     H    6        0.033626        0.199078       -0.010806
 
     H    7       -0.147014       -0.012319        0.011202
     H    7       -0.012319        0.186139       -0.191401
     H    7        0.011202       -0.191401       -0.039125
 
     C    8       -0.105075       -0.101084       -0.138225
     C    8       -0.101084       -0.069882        0.175409
     C    8       -0.138225        0.175409        0.174957
 
     H    9        0.149173       -0.070116        0.191536
     H    9       -0.070116       -0.122116       -0.052186
     H    9        0.191536       -0.052186       -0.027057
 
     C   10       -0.108838       -0.104206       -0.157440
     C   10       -0.104206       -0.057793        0.175034
     C   10       -0.157440        0.175034        0.166630
 
     C   11        0.096147        0.225213       -0.135023
     C   11        0.225213       -0.042782        0.197755
     C   11       -0.135023        0.197755       -0.053365
 
     Cl  12        2.091553        2.402477        0.367425
     Cl  12        2.402477       -0.429362        0.456597
     Cl  12        0.367425        0.456597       -1.662191
 
     H   13       -0.140487        0.021698        0.022953
     H   13        0.021698        0.122873        0.209488
     H   13        0.022953        0.209488        0.017614
 
     C   14       -0.057954        0.120350       -0.152188
     C   14        0.120350       -0.061207       -0.187724
     C   14       -0.152188       -0.187724        0.119161
 
     H   15        0.166102        0.032815        0.194478
     H   15        0.032815       -0.138320        0.027217
     H   15        0.194478        0.027217       -0.027782
 
     C   16       -0.097321        0.128698       -0.153830
     C   16        0.128698       -0.022281       -0.173822
     C   16       -0.153830       -0.173822        0.119602
 
     C   17        0.083615       -0.232061       -0.175697
     C   17       -0.232061        0.016213       -0.167978
     C   17       -0.175697       -0.167978       -0.099828
 
     Cl  18        2.136455       -2.462549       -0.160604
     Cl  18       -2.462549       -0.356293       -0.079903
     Cl  18       -0.160604       -0.079903       -1.780161
 
     H   19       -0.142948       -0.015453        0.013276
     H   19       -0.015453        0.190665       -0.184151
     H   19        0.013276       -0.184151       -0.047717
 
     C   20       -0.087985       -0.091491       -0.132365
     C   20       -0.091491       -0.081559        0.167963
     C   20       -0.132365        0.167963        0.169544
 
     H   21        0.158746       -0.076269        0.185640
     H   21       -0.076269       -0.120836       -0.053559
     H   21        0.185640       -0.053559       -0.037911
 
     C   22       -0.111025       -0.091864       -0.150609
     C   22       -0.091864       -0.049964        0.171569
     C   22       -0.150609        0.171569        0.160989
 
     C   23        0.096345        0.236737       -0.154106
     C   23        0.236737       -0.035474        0.183387
     C   23       -0.154106        0.183387       -0.060871
 
     Cl  24        1.703116        2.610739       -0.224353
     Cl  24        2.610739        0.023272        0.046085
     Cl  24       -0.224353        0.046085       -1.726388
 
     ----- total EFG (symmetrized) -----
     Cl   1        1.091152       -2.785404        0.159226
     Cl   1       -2.785404        0.665830       -0.338769
     Cl   1        0.159226       -0.338769       -1.756983
 
     C    2        0.072808       -0.251632       -0.166277
     C    2       -0.251632        0.042619       -0.183752
     C    2       -0.166277       -0.183752       -0.115426
 
     C    3       -0.093864        0.099291       -0.155532
     C    3        0.099291       -0.053359       -0.164781
     C    3       -0.155532       -0.164781        0.147223
 
     H    4        0.175015        0.036206        0.191451
     H    4        0.036206       -0.136685        0.028860
     H    4        0.191451        0.028860       -0.038330
 
     C    5       -0.072760        0.096306       -0.132530
     C    5        0.096306       -0.064129       -0.195354
     C    5       -0.132530       -0.195354        0.136889
 
     H    6       -0.134297        0.035942        0.033626
     H    6        0.035942        0.145103        0.199078
     H    6        0.033626        0.199078       -0.010806
 
     H    7       -0.147014       -0.012319        0.011202
     H    7       -0.012319        0.186139       -0.191401
     H    7        0.011202       -0.191401       -0.039125
 
     C    8       -0.105075       -0.101084       -0.138225
     C    8       -0.101084       -0.069882        0.175409
     C    8       -0.138225        0.175409        0.174957
 
     H    9        0.149173       -0.070116        0.191536
     H    9       -0.070116       -0.122116       -0.052186
     H    9        0.191536       -0.052186       -0.027057
 
     C   10       -0.108838       -0.104206       -0.157440
     C   10       -0.104206       -0.057793        0.175034
     C   10       -0.157440        0.175034        0.166630
 
     C   11        0.096147        0.225213       -0.135023
     C   11        0.225213       -0.042782        0.197755
     C   11       -0.135023        0.197755       -0.053365
 
     Cl  12        2.091553        2.402477        0.367425
     Cl  12        2.402477       -0.429362        0.456597
     Cl  12        0.367425        0.456597       -1.662191
 
     H   13       -0.140487        0.021698        0.022953
     H   13        0.021698        0.122873        0.209488
     H   13        0.022953        0.209488        0.017614
 
     C   14       -0.057954        0.120350       -0.152188
     C   14        0.120350       -0.061207       -0.187724
     C   14       -0.152188       -0.187724        0.119161
 
     H   15        0.166102        0.032815        0.194478
     H   15        0.032815       -0.138320        0.027217
     H   15        0.194478        0.027217       -0.027782
 
     C   16       -0.097321        0.128698       -0.153830
     C   16        0.128698       -0.022281       -0.173822
     C   16       -0.153830       -0.173822        0.119602
 
     C   17        0.083615       -0.232061       -0.175697
     C   17       -0.232061        0.016213       -0.167978
     C   17       -0.175697       -0.167978       -0.099828
 
     Cl  18        2.136455       -2.462549       -0.160604
     Cl  18       -2.462549       -0.356293       -0.079903
     Cl  18       -0.160604       -0.079903       -1.780161
 
     H   19       -0.142948       -0.015453        0.013276
     H   19       -0.015453        0.190665       -0.184151
     H   19        0.013276       -0.184151       -0.047717
 
     C   20       -0.087985       -0.091491       -0.132365
     C   20       -0.091491       -0.081559        0.167963
     C   20       -0.132365        0.167963        0.169544
 
     H   21        0.158746       -0.076269        0.185640
     H   21       -0.076269       -0.120836       -0.053559
     H   21        0.185640       -0.053559       -0.037911
 
     C   22       -0.111025       -0.091864       -0.150609
     C   22       -0.091864       -0.049964        0.171569
     C   22       -0.150609        0.171569        0.160989
 
     C   23        0.096345        0.236737       -0.154106
     C   23        0.236737       -0.035474        0.183387
     C   23       -0.154106        0.183387       -0.060871
 
     Cl  24        1.703116        2.610739       -0.224353
     Cl  24        2.610739        0.023272        0.046085
     Cl  24       -0.224353        0.046085       -1.726388
 
 
     NQR/NMR SPECTROSCOPIC PARAMETERS:
     Cl   1    Vxx=   -1.6914    axis=( -0.400811 -0.352055  0.845818)
     Cl   1    Vyy=   -2.0027    axis=(  0.552308  0.643743  0.529670)
     Cl   1    Vzz=    3.6941    axis=(  0.730962 -0.679450  0.063577)
     Cl   1  Q=        -8.1650 1e-30 m^2  Cq=       -70.8696 MHz  eta= 0.08426
 
     C    2    Vxx=    0.0959    axis=( -0.457804 -0.460479  0.760510)
     C    2    Vyy=    0.3099    axis=( -0.722371  0.691314 -0.016264)
     C    2    Vzz=   -0.4058    axis=( -0.518262 -0.556816 -0.649123)
     C    2  Q=         1.0000 1e-30 m^2  Cq=        -0.9535 MHz  eta= 0.52723
 
     C    3    Vxx=   -0.1432    axis=(  0.253308  0.776920  0.576394)
     C    3    Vyy=   -0.1783    axis=( -0.878270  0.434483 -0.199666)
     C    3    Vzz=    0.3216    axis=( -0.405558 -0.455652  0.792404)
     C    3  Q=         1.0000 1e-30 m^2  Cq=         0.7556 MHz  eta= 0.10917
 
     H    4    Vxx=   -0.1382    axis=( -0.314408  0.883463  0.347334)
     H    4    Vyy=   -0.1542    axis=( -0.409315 -0.456295  0.790099)
     H    4    Vzz=    0.2924    axis=( -0.856510 -0.106244 -0.505077)
     H    4  Q=         1.0000 1e-30 m^2  Cq=         0.6870 MHz  eta= 0.05457
 
     C    5    Vxx=   -0.1369    axis=(  0.893229  0.023240  0.449001)
     C    5    Vyy=   -0.1866    axis=( -0.238189  0.871463  0.428741)
     C    5    Vzz=    0.3234    axis=( -0.381323 -0.489911  0.783951)
     C    5  Q=         1.0000 1e-30 m^2  Cq=         0.7599 MHz  eta= 0.15363
 
     H    6    Vxx=   -0.1351    axis=(  0.834226 -0.386469  0.393330)
     H    6    Vyy=   -0.1515    axis=( -0.539330 -0.423291  0.727975)
     H    6    Vzz=    0.2866    axis=(  0.114847  0.819430  0.561555)
     H    6  Q=         1.0000 1e-30 m^2  Cq=         0.6733 MHz  eta= 0.05716
 
     H    7    Vxx=   -0.1445    axis=(  0.751981  0.351045  0.557935)
     H    7    Vyy=   -0.1517    axis=(  0.658165 -0.352780 -0.665106)
     H    7    Vzz=    0.2962    axis=(  0.036654 -0.867360  0.496330)
     H    7  Q=         1.0000 1e-30 m^2  Cq=         0.6959 MHz  eta= 0.02457
 
     C    8    Vxx=   -0.1417    axis=( -0.589172  0.569848 -0.572843)
     C    8    Vyy=   -0.1905    axis=( -0.722398 -0.689082  0.057511)
     C    8    Vzz=    0.3322    axis=( -0.361963  0.447705  0.817645)
     C    8  Q=         1.0000 1e-30 m^2  Cq=         0.7805 MHz  eta= 0.14688
 
     H    9    Vxx=   -0.1376    axis=(  0.395364  0.877746 -0.270646)
     H    9    Vyy=   -0.1527    axis=( -0.409410  0.432165  0.803503)
     H    9    Vzz=    0.2903    axis=( -0.822235  0.206871 -0.530220)
     H    9  Q=         1.0000 1e-30 m^2  Cq=         0.6822 MHz  eta= 0.05205
 
     C   10    Vxx=   -0.1481    axis=( -0.317327  0.752440 -0.577181)
     C   10    Vyy=   -0.1930    axis=( -0.866151 -0.477780 -0.146657)
     C   10    Vzz=    0.3411    axis=( -0.386116  0.453388  0.803339)
     C   10  Q=         1.0000 1e-30 m^2  Cq=         0.8014 MHz  eta= 0.13154
 
     C   11    Vxx=    0.1201    axis=( -0.388966  0.442941  0.807780)
     C   11    Vyy=    0.2628    axis=( -0.789979 -0.611473 -0.045097)
     C   11    Vzz=   -0.3829    axis=(  0.473960 -0.655671  0.587756)
     C   11  Q=         1.0000 1e-30 m^2  Cq=        -0.8995 MHz  eta= 0.37266
 
     Cl  12    Vxx=   -1.5855    axis=( -0.364639  0.431936  0.824906)
     Cl  12    Vyy=   -2.0163    axis=( -0.382172  0.738423 -0.555586)
     Cl  12    Vzz=    3.6018    axis=(  0.849107  0.517844  0.104184)
     Cl  12  Q=        -8.1650 1e-30 m^2  Cq=       -69.0993 MHz  eta= 0.11960
 
     H   13    Vxx=   -0.1393    axis=(  0.804381 -0.410092  0.429878)
     H   13    Vyy=   -0.1492    axis=( -0.589660 -0.462648  0.662010)
     H   13    Vzz=    0.2885    axis=(  0.072603  0.785991  0.613961)
     H   13  Q=         1.0000 1e-30 m^2  Cq=         0.6779 MHz  eta= 0.03449
 
     C   14    Vxx=   -0.1435    axis=(  0.791449  0.177039  0.585035)
     C   14    Vyy=   -0.1892    axis=( -0.420661  0.852172  0.311203)
     C   14    Vzz=    0.3327    axis=( -0.443456 -0.492402  0.748924)
     C   14  Q=         1.0000 1e-30 m^2  Cq=         0.7817 MHz  eta= 0.13718
 
     H   15    Vxx=   -0.1388    axis=(  0.350660 -0.843190 -0.407515)
     H   15    Vyy=   -0.1518    axis=(  0.402603  0.528610 -0.747316)
     H   15    Vzz=    0.2906    axis=( -0.845546 -0.097987 -0.524833)
     H   15  Q=         1.0000 1e-30 m^2  Cq=         0.6828 MHz  eta= 0.04470
 
     C   16    Vxx=   -0.1329    axis=(  0.276855  0.704477  0.653502)
     C   16    Vyy=   -0.1968    axis=( -0.862383  0.482137 -0.154399)
     C   16    Vzz=    0.3298    axis=( -0.423848 -0.520823  0.741011)
     C   16  Q=         1.0000 1e-30 m^2  Cq=         0.7748 MHz  eta= 0.19367
 
     C   17    Vxx=    0.1018    axis=( -0.348142 -0.548388  0.760308)
     C   17    Vyy=    0.2864    axis=( -0.781888  0.617289  0.087210)
     C   17    Vzz=   -0.3882    axis=( -0.517155 -0.564114 -0.643682)
     C   17  Q=         1.0000 1e-30 m^2  Cq=        -0.9121 MHz  eta= 0.47563
 
     Cl  18    Vxx=   -1.6675    axis=( -0.302442 -0.519314  0.799276)
     Cl  18    Vyy=   -1.9843    axis=(  0.427233  0.675736  0.600710)
     Cl  18    Vzz=    3.6517    axis=( -0.852057  0.523157  0.017497)
     Cl  18  Q=        -8.1650 1e-30 m^2  Cq=       -70.0568 MHz  eta= 0.08675
 
     H   19    Vxx=   -0.1411    axis=(  0.843448  0.290185  0.452093)
     H   19    Vyy=   -0.1506    axis=(  0.535256 -0.382235 -0.753258)
     H   19    Vzz=    0.2917    axis=(  0.045778 -0.877320  0.477718)
     H   19  Q=         1.0000 1e-30 m^2  Cq=         0.6855 MHz  eta= 0.03238
 
     C   20    Vxx=   -0.1360    axis=( -0.757504  0.375119 -0.534297)
     C   20    Vyy=   -0.1806    axis=( -0.539782 -0.820216  0.189424)
     C   20    Vzz=    0.3166    axis=( -0.367183  0.431893  0.823799)
     C   20  Q=         1.0000 1e-30 m^2  Cq=         0.7439 MHz  eta= 0.14061
 
     H   21    Vxx=   -0.1382    axis=(  0.417518  0.851122 -0.318230)
     H   21    Vyy=   -0.1532    axis=( -0.360552  0.476642  0.801757)
     H   21    Vzz=    0.2915    axis=( -0.834075  0.220010 -0.505880)
     H   21  Q=         1.0000 1e-30 m^2  Cq=         0.6848 MHz  eta= 0.05150
 
     C   22    Vxx=   -0.1449    axis=( -0.151528  0.828368 -0.539301)
     C   22    Vyy=   -0.1829    axis=( -0.915427 -0.323420 -0.239567)
     C   22    Vzz=    0.3278    axis=( -0.372870  0.457390  0.807318)
     C   22  Q=         1.0000 1e-30 m^2  Cq=         0.7701 MHz  eta= 0.11605
 
     C   23    Vxx=    0.1128    axis=( -0.309493  0.503604  0.806596)
     C   23    Vyy=    0.2768    axis=( -0.810546 -0.583259  0.053153)
     C   23    Vzz=   -0.3896    axis=(  0.497222 -0.637332  0.588708)
     C   23  Q=         1.0000 1e-30 m^2  Cq=        -0.9153 MHz  eta= 0.42110
 
     Cl  24    Vxx=   -1.6202    axis=(  0.302203 -0.456596 -0.836776)
     Cl  24    Vyy=   -1.9900    axis=( -0.505214  0.667674 -0.546782)
     Cl  24    Vzz=    3.6102    axis=(  0.808352  0.587990 -0.028906)
     Cl  24  Q=        -8.1650 1e-30 m^2  Cq=       -69.2594 MHz  eta= 0.10242
 
     Initialization:
     gipaw_setup  :      0.19s CPU      0.30s WALL (       1 calls)
 
     Linear response
 
     Apply operators
 
     Induced current
 
     Other routines
     efg          :      0.66s CPU      0.75s WALL (       1 calls)
 
     General routines
     calbec       :      0.06s CPU      0.05s WALL (      16 calls)
     fft          :      0.05s CPU      0.09s WALL (      15 calls)
     ffts         :      0.00s CPU      0.00s WALL (       2 calls)
     fftw         :      0.41s CPU      0.41s WALL (     672 calls)
     davcio       :      0.01s CPU      0.06s WALL (      32 calls)
 
     Parallel routines
     fft_scatter  :      0.28s CPU      0.30s WALL (     689 calls)
 
     Plugins
 
     GIPAW        :      3.82s CPU      4.57s WALL (       1 calls)
