
     Program QE v.6.0 starts on 20May2017 at 12:17:42 

     This program is part of the open-source Quantum ESPRESSO suite
     for quantum simulation of materials; please cite
         "P. Giannozzi et al., J. Phys.:Condens. Matter 21 395502 (2009);
          URL http://www.quantum-espresso.org", 
     in publications or presentations arising from this work. More details at
     http://www.quantum-espresso.org/quote
 
           ARCH :    x86_64
             CC :    icc
            CPP :    cpp
            F90 :    ifort
            F77 :    ifort
         DFLAGS :    -D__INTEL -D__DFTI
      BLAS LIBS :    -lmkl_intel_lp64  -lmkl_sequential -lmkl_core
    LAPACK LIBS :    
       FFT LIBS :    
      MASS LIBS :    

     Parallel version (MPI & OpenMP), running on      32 processor cores
     Number of MPI processes:                32
     Threads/MPI process:                     1
     R & G space division:  proc/nbgrp/npool/nimage =      32
 
     ***** This is GIPAW svn revision unknown      *****
 
     Parallelizing q-star over 1 images

     Reading data from directory:
     ./scratch/scf-334.save

   Info: using nr1, nr2, nr3 values from input

   Info: using nr1, nr2, nr3 values from input

     IMPORTANT: XC functional enforced from input :
     Exchange-correlation      =  SLA  PW   PBX  PBC ( 1  4  3  4 0 0)
     Any further DFT definition will be discarded
     Please, verify this is what you really want

               file C.pbe-n-kjpaw_psl.1.0.0.UPF: wavefunction(s)  2S 2P renormalized
               file Cl.pbe-n-kjpaw_psl.1.0.0.UPF: wavefunction(s)  3S 3P renormalized
               file H.pbe-kjpaw_psl.1.0.0.UPF: wavefunction(s)  1S renormalized
 
     Parallelization info
     --------------------
     sticks:   dense  smooth     PW     G-vecs:    dense   smooth      PW
     Min         764     305     83                36108     9133    1292
     Max         765     306     84                36110     9135    1293
     Sum       24467    9791   2657              1155489   292295   41363
 

     Subspace diagonalization in iterative solution of the eigenvalue problem:
     a serial algorithm will be used

     GIPAW projectors -----------------------------------------------
     atom=  C    l=0  rc=    1.2000  rs=    0.8000
     atom=  C    l=0  rc=    1.2000  rs=    0.8000
     atom=  C    l=1  rc=    1.4000  rs=    0.9333
     atom=  C    l=1  rc=    1.4000  rs=    0.9333
     projs nearly linearly dependent: l=1  n1,n2= 1, 2  s=  0.99951561
 
     atom=  Cl   l=0  rc=    1.6000  rs=    1.0667
     atom=  Cl   l=0  rc=    1.6000  rs=    1.0667
     atom=  Cl   l=1  rc=    1.6000  rs=    1.0667
     atom=  Cl   l=1  rc=    1.6000  rs=    1.0667
     atom=  Cl   l=2  rc=    1.6000  rs=    1.0667
     atom=  Cl   l=2  rc=    1.6000  rs=    1.0667
     projs nearly linearly dependent: l=2  n1,n2= 1, 2  s=  0.99993509
 
     atom=  H    l=0  rc=    1.0000  rs=    0.6667
     atom=  H    l=0  rc=    1.0000  rs=    0.6667
     projs nearly linearly dependent: l=0  n1,n2= 1, 2  s=  0.99968852
     -----------------------------------------------------------------
 
     GIPAW integrals: -------------------------------------------
     Atom  i/j   nmr_para   nmr_dia   epr_rmc  epr_para   epr_dia
       C   1 1   0.83E+03  0.17E-01  0.93E+01  0.24E+08  0.24E+03
       C   2 1   0.86E+03 -0.61E-01  0.94E+01  0.25E+08  0.25E+03
       C   2 2   0.90E+03 -0.15E+00  0.97E+01  0.26E+08  0.26E+03
       C   3 3   0.33E+01  0.34E+00  0.18E+01  0.55E+03  0.21E+02
       C   4 3   0.35E+01  0.37E+00  0.20E+01  0.59E+03  0.22E+02
       C   4 4   0.38E+01  0.39E+00  0.22E+01  0.63E+03  0.24E+02
       Cl  1 1   0.14E+04 -0.47E+00  0.84E+01  0.32E+09  0.42E+03
       Cl  2 1   0.21E+04 -0.37E+00  0.12E+02  0.49E+09  0.65E+03
       Cl  2 2   0.33E+04 -0.16E+00  0.21E+02  0.76E+09  0.10E+04
       Cl  3 3   0.21E+02  0.79E-01  0.89E+01  0.23E+05  0.13E+03
       Cl  4 3   0.24E+02  0.67E-01  0.99E+01  0.27E+05  0.15E+03
       Cl  4 4   0.28E+02  0.44E-01  0.11E+02  0.32E+05  0.18E+03
       Cl  5 5   0.77E+00  0.19E+00  0.18E+01  0.12E+03  0.22E+02
       Cl  6 5   0.80E+00  0.19E+00  0.19E+01  0.12E+03  0.23E+02
       Cl  6 6   0.83E+00  0.20E+00  0.19E+01  0.12E+03  0.23E+02
       H   1 1   0.39E+02  0.19E+00  0.29E+00  0.78E+05  0.13E+02
       H   2 1   0.41E+02  0.21E+00  0.32E+00  0.82E+05  0.14E+02
       H   2 2   0.43E+02  0.22E+00  0.36E+00  0.86E+05  0.15E+02
     ------------------------------------------------------------
 
     alpha_pv=     34.0151 eV
 
     Number of occupied bands for each k-point:
     k-point:     1    nbnd_occ=  42
     k-point:     2    nbnd_occ=  42
     k-point:     3    nbnd_occ=  42
     k-point:     4    nbnd_occ=  42
     k-point:     5    nbnd_occ=  42
     k-point:     6    nbnd_occ=  42
     k-point:     7    nbnd_occ=  42
     k-point:     8    nbnd_occ=  42
     k-point:     9    nbnd_occ=  42
     k-point:    10    nbnd_occ=  42
     k-point:    11    nbnd_occ=  42
     k-point:    12    nbnd_occ=  42
     k-point:    13    nbnd_occ=  42
     k-point:    14    nbnd_occ=  42
     k-point:    15    nbnd_occ=  42
     k-point:    16    nbnd_occ=  42
 
 
     q-space interpolation up to   110.00 Rydberg
 
     GIPAW job: efg                                                                             
 
 
     ELECTRIC FIELD GRADIENTS TENSORS IN Hartree/bohrradius^2:
 
     ----- bare term -----
     Cl   1        0.016831        0.009663       -0.011093
     Cl   1        0.009663       -0.010059       -0.012443
     Cl   1       -0.011093       -0.012443       -0.006773
 
     C    2       -0.325584       -0.049705       -0.198909
     C    2       -0.049705       -0.097960       -0.499945
     C    2       -0.198909       -0.499945        0.423544
 
     C    3       -0.281858        0.222089       -0.053196
     C    3        0.222089       -0.163045       -0.567583
     C    3       -0.053196       -0.567583        0.444902
 
     H    4       -0.556667       -0.207623       -0.395256
     H    4       -0.207623        0.309248       -0.174427
     H    4       -0.395256       -0.174427        0.247419
 
     C    5       -0.406898        0.157245       -0.159762
     C    5        0.157245       -0.027122       -0.488564
     C    5       -0.159762       -0.488564        0.434020
 
     H    6        0.367098       -0.158990       -0.091524
     H    6       -0.158990       -0.493062       -0.519110
     H    6       -0.091524       -0.519110        0.125963
 
     H    7        0.379216        0.017533       -0.024634
     H    7        0.017533       -0.411559        0.542914
     H    7       -0.024634        0.542914        0.032343
 
     C    8       -0.295405       -0.294099       -0.383839
     C    8       -0.294099       -0.019096        0.407994
     C    8       -0.383839        0.407994        0.314501
 
     H    9       -0.373124        0.175652       -0.535446
     H    9        0.175652        0.319114        0.201107
     H    9       -0.535446        0.201107        0.054010
 
     C   10       -0.187834       -0.361228       -0.280282
     C   10       -0.361228       -0.150563        0.498532
     C   10       -0.280282        0.498532        0.338397
 
     C   11       -0.128342       -0.129986       -0.430392
     C   11       -0.129986       -0.058937        0.488932
     C   11       -0.430392        0.488932        0.187279
 
     Cl  12       -0.010852        0.005151       -0.012912
     Cl  12        0.005151       -0.000144        0.027673
     Cl  12       -0.012912        0.027673        0.010995
 
     H   13        0.369594       -0.163794       -0.073114
     H   13       -0.163794       -0.497381       -0.513638
     H   13       -0.073114       -0.513638        0.127786
 
     C   14       -0.438852        0.106500       -0.146941
     C   14        0.106500       -0.107238       -0.442907
     C   14       -0.146941       -0.442907        0.546090
 
     H   15       -0.615249       -0.264527       -0.286699
     H   15       -0.264527        0.315736       -0.149374
     H   15       -0.286699       -0.149374        0.299513
 
     C   16       -0.323939        0.200433       -0.110084
     C   16        0.200433       -0.184854       -0.501983
     C   16       -0.110084       -0.501983        0.508794
 
     C   17       -0.226120       -0.057640       -0.303600
     C   17       -0.057640       -0.116708       -0.456390
     C   17       -0.303600       -0.456390        0.342829
 
     Cl  18        0.034684       -0.065033       -0.005615
     Cl  18       -0.065033       -0.020257       -0.005415
     Cl  18       -0.005615       -0.005415       -0.014427
 
     H   19        0.380146        0.029758       -0.024771
     H   19        0.029758       -0.412988        0.545301
     H   19       -0.024771        0.545301        0.032843
 
     C   20       -0.297111       -0.278000       -0.379323
     C   20       -0.278000       -0.022796        0.410641
     C   20       -0.379323        0.410641        0.319908
 
     H   21       -0.351057        0.198981       -0.511071
     H   21        0.198981        0.295813        0.199830
     H   21       -0.511071        0.199830        0.055244
 
     C   22       -0.178906       -0.343188       -0.278735
     C   22       -0.343188       -0.165250        0.495466
     C   22       -0.278735        0.495466        0.344156
 
     C   23       -0.087078       -0.127597       -0.422292
     C   23       -0.127597       -0.092685        0.488623
     C   23       -0.422292        0.488623        0.179763
 
     Cl  24       -0.013992        0.001039       -0.004761
     Cl  24        0.001039        0.014259        0.022969
     Cl  24       -0.004761        0.022969       -0.000267
 
     ----- ionic term -----
     Cl   1        0.170303       -0.212330       -0.033295
     Cl   1       -0.212330       -0.033381        0.026294
     Cl   1       -0.033295        0.026294       -0.136922
 
     C    2        0.343408       -0.067243        0.120183
     C    2       -0.067243        0.066123        0.406531
     C    2        0.120183        0.406531       -0.409531
 
     C    3        0.203162       -0.185167        0.019464
     C    3       -0.185167        0.137787        0.458560
     C    3        0.019464        0.458560       -0.340949
 
     H    4        0.776932        0.277602        0.544316
     H    4        0.277602       -0.440833        0.209847
     H    4        0.544316        0.209847       -0.336099
 
     C    5        0.328592       -0.118711        0.114136
     C    5       -0.118711        0.000151        0.372101
     C    5        0.114136        0.372101       -0.328742
 
     H    6       -0.498643        0.206365        0.119450
     H    6        0.206365        0.664495        0.703619
     H    6        0.119450        0.703619       -0.165852
 
     H    7       -0.525507       -0.011368        0.024252
     H    7       -0.011368        0.565806       -0.749434
     H    7        0.024252       -0.749434       -0.040299
 
     C    8        0.242266        0.225875        0.301136
     C    8        0.225875        0.002988       -0.310270
     C    8        0.301136       -0.310270       -0.245254
 
     H    9        0.509437       -0.243767        0.732669
     H    9       -0.243767       -0.445323       -0.257093
     H    9        0.732669       -0.257093       -0.064114
 
     C   10        0.135059        0.295143        0.201226
     C   10        0.295143        0.125849       -0.400088
     C   10        0.201226       -0.400088       -0.260908
 
     C   11        0.173435        0.221619        0.351536
     C   11        0.221619        0.049044       -0.374006
     C   11        0.351536       -0.374006       -0.222480
 
     Cl  12        0.149479        0.215750        0.063461
     Cl  12        0.215750        0.005265        0.027604
     Cl  12        0.063461        0.027604       -0.154744
 
     H   13       -0.500811        0.206937        0.100674
     H   13        0.206937        0.674031        0.696459
     H   13        0.100674        0.696459       -0.173220
 
     C   14        0.357561       -0.081262        0.113713
     C   14       -0.081262        0.072209        0.334614
     C   14        0.113713        0.334614       -0.429770
 
     H   15        0.838763        0.367352        0.408837
     H   15        0.367352       -0.424937        0.189366
     H   15        0.408837        0.189366       -0.413826
 
     C   16        0.222548       -0.169221        0.068270
     C   16       -0.169221        0.165056        0.403472
     C   16        0.068270        0.403472       -0.387604
 
     C   17        0.256788       -0.091090        0.213409
     C   17       -0.091090        0.093725        0.379031
     C   17        0.213409        0.379031       -0.350513
 
     Cl  18        0.100707       -0.173973       -0.020207
     Cl  18       -0.173973        0.037525        0.015355
     Cl  18       -0.020207        0.015355       -0.138232
 
     H   19       -0.526113       -0.023562        0.024941
     H   19       -0.023562        0.569668       -0.750075
     H   19        0.024941       -0.750075       -0.043555
 
     C   20        0.245464        0.212987        0.299753
     C   20        0.212987        0.005020       -0.313243
     C   20        0.299753       -0.313243       -0.250484
 
     H   21        0.492204       -0.264477        0.710275
     H   21       -0.264477       -0.423463       -0.254419
     H   21        0.710275       -0.254419       -0.068741
 
     C   22        0.126434        0.281819        0.198112
     C   22        0.281819        0.139210       -0.398317
     C   22        0.198112       -0.398317       -0.265644
 
     C   23        0.132903        0.222596        0.342724
     C   23        0.222596        0.083620       -0.373792
     C   23        0.342724       -0.373792       -0.216523
 
     Cl  24        0.130099        0.229885        0.045626
     Cl  24        0.229885        0.019377        0.028774
     Cl  24        0.045626        0.028774       -0.149475
 
     ----- GIPAW term -----
     Cl   1        1.980970       -2.149527       -0.490487
     Cl   1       -2.149527       -0.481475        0.132848
     Cl   1       -0.490487        0.132848       -1.499495
 
     C    2        0.047695       -0.131297       -0.072741
     C    2       -0.131297       -0.027771       -0.069910
     C    2       -0.072741       -0.069910       -0.019923
 
     C    3       -0.071841        0.024804       -0.032000
     C    3        0.024804       -0.015947       -0.085118
     C    3       -0.032000       -0.085118        0.087788
 
     H    4        0.000000       -0.000000       -0.000000
     H    4       -0.000000        0.000000        0.000000
     H    4       -0.000000        0.000000       -0.000000
 
     C    5       -0.052618        0.028674       -0.035601
     C    5        0.028674       -0.029409       -0.099856
     C    5       -0.035601       -0.099856        0.082027
 
     H    6        0.000000       -0.000000       -0.000000
     H    6       -0.000000        0.000000        0.000000
     H    6       -0.000000        0.000000       -0.000000
 
     H    7        0.000000       -0.000000       -0.000000
     H    7       -0.000000        0.000000        0.000000
     H    7       -0.000000        0.000000       -0.000000
 
     C    8       -0.030524       -0.053423       -0.062939
     C    8       -0.053423       -0.021139        0.084465
     C    8       -0.062939        0.084465        0.051664
 
     H    9        0.000000       -0.000000       -0.000000
     H    9       -0.000000        0.000000        0.000000
     H    9       -0.000000        0.000000       -0.000000
 
     C   10       -0.045524       -0.048687       -0.069223
     C   10       -0.048687       -0.014722        0.078526
     C   10       -0.069223        0.078526        0.060245
 
     C   11        0.062712        0.114666       -0.052028
     C   11        0.114666       -0.005330        0.097717
     C   11       -0.052028        0.097717       -0.057382
 
     Cl  12        1.462668        2.322207        0.520269
     Cl  12        2.322207        0.038119        0.604074
     Cl  12        0.520269        0.604074       -1.500787
 
     H   13        0.000000       -0.000000       -0.000000
     H   13       -0.000000        0.000000        0.000000
     H   13       -0.000000        0.000000       -0.000000
 
     C   14       -0.054072        0.017006       -0.025774
     C   14        0.017006       -0.037064       -0.092223
     C   14       -0.025774       -0.092223        0.091136
 
     H   15        0.000000       -0.000000       -0.000000
     H   15       -0.000000        0.000000        0.000000
     H   15       -0.000000        0.000000       -0.000000
 
     C   16       -0.092981        0.019177       -0.039236
     C   16        0.019177       -0.002963       -0.076515
     C   16       -0.039236       -0.076515        0.095944
 
     C   17        0.047342       -0.162834       -0.072635
     C   17       -0.162834       -0.012684       -0.050709
     C   17       -0.072635       -0.050709       -0.034658
 
     Cl  18        1.401975       -2.506175       -0.297583
     Cl  18       -2.506175        0.200217        0.099671
     Cl  18       -0.297583        0.099671       -1.602192
 
     H   19        0.000000       -0.000000       -0.000000
     H   19       -0.000000        0.000000        0.000000
     H   19       -0.000000        0.000000       -0.000000
 
     C   20       -0.028122       -0.051338       -0.060055
     C   20       -0.051338       -0.023400        0.083956
     C   20       -0.060055        0.083956        0.051522
 
     H   21        0.000000       -0.000000       -0.000000
     H   21       -0.000000        0.000000        0.000000
     H   21       -0.000000        0.000000       -0.000000
 
     C   22       -0.045688       -0.045011       -0.071724
     C   22       -0.045011       -0.014539        0.077627
     C   22       -0.071724        0.077627        0.060227
 
     C   23        0.058431        0.118612       -0.054024
     C   23        0.118612        0.000412        0.097464
     C   23       -0.054024        0.097464       -0.058842
 
     Cl  24        1.190782        2.432542        0.398495
     Cl  24        2.432542        0.361195        0.564331
     Cl  24        0.398495        0.564331       -1.551977
 
     ----- total EFG -----
     Cl   1        2.168105       -2.352193       -0.534876
     Cl   1       -2.352193       -0.524915        0.146699
     Cl   1       -0.534876        0.146699       -1.643190
 
     C    2        0.065519       -0.248245       -0.151466
     C    2       -0.248245       -0.059608       -0.163324
     C    2       -0.151466       -0.163324       -0.005910
 
     C    3       -0.150536        0.061725       -0.065732
     C    3        0.061725       -0.041205       -0.194141
     C    3       -0.065732       -0.194141        0.191741
 
     H    4        0.220265        0.069979        0.149060
     H    4        0.069979       -0.131585        0.035420
     H    4        0.149060        0.035420       -0.088679
 
     C    5       -0.130925        0.067209       -0.081227
     C    5        0.067209       -0.056380       -0.216319
     C    5       -0.081227       -0.216319        0.187305
 
     H    6       -0.131545        0.047375        0.027927
     H    6        0.047375        0.171433        0.184509
     H    6        0.027927        0.184509       -0.039888
 
     H    7       -0.146290        0.006164       -0.000381
     H    7        0.006164        0.154247       -0.206520
     H    7       -0.000381       -0.206520       -0.007956
 
     C    8       -0.083664       -0.121647       -0.145642
     C    8       -0.121647       -0.037247        0.182188
     C    8       -0.145642        0.182188        0.120911
 
     H    9        0.136313       -0.068114        0.197223
     H    9       -0.068114       -0.126209       -0.055986
     H    9        0.197223       -0.055986       -0.010104
 
     C   10       -0.098299       -0.114772       -0.148279
     C   10       -0.114772       -0.039436        0.176970
     C   10       -0.148279        0.176970        0.137734
 
     C   11        0.107805        0.206299       -0.130884
     C   11        0.206299       -0.015222        0.212643
     C   11       -0.130884        0.212643       -0.092583
 
     Cl  12        1.601295        2.543108        0.570818
     Cl  12        2.543108        0.043240        0.659350
     Cl  12        0.570818        0.659350       -1.644535
 
     H   13       -0.131217        0.043143        0.027560
     H   13        0.043143        0.176650        0.182820
     H   13        0.027560        0.182820       -0.045433
 
     C   14       -0.135363        0.042244       -0.059003
     C   14        0.042244       -0.072093       -0.200516
     C   14       -0.059003       -0.200516        0.207456
 
     H   15        0.223514        0.102826        0.122138
     H   15        0.102826       -0.109201        0.039991
     H   15        0.122138        0.039991       -0.114314
 
     C   16       -0.194371        0.050388       -0.081050
     C   16        0.050388       -0.022762       -0.175027
     C   16       -0.081050       -0.175027        0.217133
 
     C   17        0.078010       -0.311564       -0.162826
     C   17       -0.311564       -0.035667       -0.128068
     C   17       -0.162826       -0.128068       -0.042342
 
     Cl  18        1.537365       -2.745182       -0.323406
     Cl  18       -2.745182        0.217486        0.109611
     Cl  18       -0.323406        0.109611       -1.754851
 
     H   19       -0.145967        0.006196        0.000170
     H   19        0.006196        0.156680       -0.204773
     H   19        0.000170       -0.204773       -0.010712
 
     C   20       -0.079770       -0.116352       -0.139625
     C   20       -0.116352       -0.041176        0.181353
     C   20       -0.139625        0.181353        0.120946
 
     H   21        0.141148       -0.065496        0.199205
     H   21       -0.065496       -0.127651       -0.054590
     H   21        0.199205       -0.054590       -0.013497
 
     C   22       -0.098161       -0.106379       -0.152347
     C   22       -0.106379       -0.040579        0.174776
     C   22       -0.152347        0.174776        0.138739
 
     C   23        0.104256        0.213611       -0.133592
     C   23        0.213611       -0.008653        0.212295
     C   23       -0.133592        0.212295       -0.095603
 
     Cl  24        1.306889        2.663467        0.439360
     Cl  24        2.663467        0.394831        0.616073
     Cl  24        0.439360        0.616073       -1.701720
 
     ----- total EFG (symmetrized) -----
     Cl   1        2.168105       -2.352193       -0.534876
     Cl   1       -2.352193       -0.524915        0.146699
     Cl   1       -0.534876        0.146699       -1.643190
 
     C    2        0.065519       -0.248245       -0.151466
     C    2       -0.248245       -0.059608       -0.163324
     C    2       -0.151466       -0.163324       -0.005910
 
     C    3       -0.150536        0.061725       -0.065732
     C    3        0.061725       -0.041205       -0.194141
     C    3       -0.065732       -0.194141        0.191741
 
     H    4        0.220265        0.069979        0.149060
     H    4        0.069979       -0.131585        0.035420
     H    4        0.149060        0.035420       -0.088679
 
     C    5       -0.130925        0.067209       -0.081227
     C    5        0.067209       -0.056380       -0.216319
     C    5       -0.081227       -0.216319        0.187305
 
     H    6       -0.131545        0.047375        0.027927
     H    6        0.047375        0.171433        0.184509
     H    6        0.027927        0.184509       -0.039888
 
     H    7       -0.146290        0.006164       -0.000381
     H    7        0.006164        0.154247       -0.206520
     H    7       -0.000381       -0.206520       -0.007956
 
     C    8       -0.083664       -0.121647       -0.145642
     C    8       -0.121647       -0.037247        0.182188
     C    8       -0.145642        0.182188        0.120911
 
     H    9        0.136313       -0.068114        0.197223
     H    9       -0.068114       -0.126209       -0.055986
     H    9        0.197223       -0.055986       -0.010104
 
     C   10       -0.098299       -0.114772       -0.148279
     C   10       -0.114772       -0.039436        0.176970
     C   10       -0.148279        0.176970        0.137734
 
     C   11        0.107805        0.206299       -0.130884
     C   11        0.206299       -0.015222        0.212643
     C   11       -0.130884        0.212643       -0.092583
 
     Cl  12        1.601295        2.543108        0.570818
     Cl  12        2.543108        0.043240        0.659350
     Cl  12        0.570818        0.659350       -1.644535
 
     H   13       -0.131217        0.043143        0.027560
     H   13        0.043143        0.176650        0.182820
     H   13        0.027560        0.182820       -0.045433
 
     C   14       -0.135363        0.042244       -0.059003
     C   14        0.042244       -0.072093       -0.200516
     C   14       -0.059003       -0.200516        0.207456
 
     H   15        0.223514        0.102826        0.122138
     H   15        0.102826       -0.109201        0.039991
     H   15        0.122138        0.039991       -0.114314
 
     C   16       -0.194371        0.050388       -0.081050
     C   16        0.050388       -0.022762       -0.175027
     C   16       -0.081050       -0.175027        0.217133
 
     C   17        0.078010       -0.311564       -0.162826
     C   17       -0.311564       -0.035667       -0.128068
     C   17       -0.162826       -0.128068       -0.042342
 
     Cl  18        1.537365       -2.745182       -0.323406
     Cl  18       -2.745182        0.217486        0.109611
     Cl  18       -0.323406        0.109611       -1.754851
 
     H   19       -0.145967        0.006196        0.000170
     H   19        0.006196        0.156680       -0.204773
     H   19        0.000170       -0.204773       -0.010712
 
     C   20       -0.079770       -0.116352       -0.139625
     C   20       -0.116352       -0.041176        0.181353
     C   20       -0.139625        0.181353        0.120946
 
     H   21        0.141148       -0.065496        0.199205
     H   21       -0.065496       -0.127651       -0.054590
     H   21        0.199205       -0.054590       -0.013497
 
     C   22       -0.098161       -0.106379       -0.152347
     C   22       -0.106379       -0.040579        0.174776
     C   22       -0.152347        0.174776        0.138739
 
     C   23        0.104256        0.213611       -0.133592
     C   23        0.213611       -0.008653        0.212295
     C   23       -0.133592        0.212295       -0.095603
 
     Cl  24        1.306889        2.663467        0.439360
     Cl  24        2.663467        0.394831        0.616073
     Cl  24        0.439360        0.616073       -1.701720
 
 
     NQR/NMR SPECTROSCOPIC PARAMETERS:
     Cl   1    Vxx=   -1.6236    axis=(  0.155941  0.451186 -0.878700)
     Cl   1    Vyy=   -1.9634    axis=(  0.482499  0.741436  0.466334)
     Cl   1    Vzz=    3.5870    axis=( -0.861903  0.496692  0.102077)
     Cl   1  Q=        -8.1650 1e-30 m^2  Cq=       -68.8140 MHz  eta= 0.09472
 
     C    2    Vxx=    0.1225    axis=( -0.216098 -0.471889  0.854764)
     C    2    Vyy=    0.2611    axis=( -0.812402  0.572498  0.110671)
     C    2    Vzz=   -0.3836    axis=( -0.541576 -0.670497 -0.507080)
     C    2  Q=         1.0000 1e-30 m^2  Cq=        -0.9014 MHz  eta= 0.36113
 
     C    3    Vxx=   -0.1366    axis=(  0.558310  0.660390  0.502171)
     C    3    Vyy=   -0.1814    axis=(  0.808940 -0.567676 -0.152839)
     C    3    Vzz=    0.3181    axis=( -0.184137 -0.491558  0.851155)
     C    3  Q=         1.0000 1e-30 m^2  Cq=         0.7474 MHz  eta= 0.14080
 
     H    4    Vxx=   -0.1407    axis=(  0.365837 -0.768336 -0.525188)
     H    4    Vyy=   -0.1541    axis=(  0.190190  0.614118 -0.765955)
     H    4    Vzz=    0.2948    axis=( -0.911039 -0.180329 -0.370796)
     H    4  Q=         1.0000 1e-30 m^2  Cq=         0.6926 MHz  eta= 0.04544
 
     C    5    Vxx=   -0.1465    axis=(  0.887077  0.257770  0.382949)
     C    5    Vyy=   -0.1904    axis=(  0.407262 -0.827572 -0.386343)
     C    5    Vzz=    0.3369    axis=( -0.217330 -0.498677  0.839100)
     C    5  Q=         1.0000 1e-30 m^2  Cq=         0.7916 MHz  eta= 0.13054
 
     H    6    Vxx=   -0.1388    axis=( -0.990225  0.137578  0.022949)
     H    6    Vyy=   -0.1469    axis=( -0.048739 -0.495467  0.867258)
     H    6    Vzz=    0.2856    axis=( -0.130686 -0.857662 -0.497329)
     H    6  Q=         1.0000 1e-30 m^2  Cq=         0.6711 MHz  eta= 0.02834
 
     H    7    Vxx=   -0.1442    axis=(  0.822140  0.312383  0.475924)
     H    7    Vyy=   -0.1509    axis=(  0.569159 -0.468691 -0.675564)
     H    7    Vzz=    0.2951    axis=( -0.012027 -0.826284  0.563125)
     H    7  Q=         1.0000 1e-30 m^2  Cq=         0.6933 MHz  eta= 0.02286
 
     C    8    Vxx=   -0.1427    axis=( -0.524578  0.536744 -0.660851)
     C    8    Vyy=   -0.1845    axis=( -0.741795 -0.669088  0.045397)
     C    8    Vzz=    0.3271    axis=( -0.417801  0.514030  0.749143)
     C    8  Q=         1.0000 1e-30 m^2  Cq=         0.7687 MHz  eta= 0.12778
 
     H    9    Vxx=   -0.1389    axis=(  0.496337  0.752558 -0.432788)
     H    9    Vyy=   -0.1530    axis=( -0.333501  0.625564  0.705299)
     H    9    Vzz=    0.2920    axis=( -0.801515  0.205731 -0.561469)
     H    9  Q=         1.0000 1e-30 m^2  Cq=         0.6860 MHz  eta= 0.04824
 
     C   10    Vxx=   -0.1406    axis=( -0.377403  0.677149 -0.631693)
     C   10    Vyy=   -0.1881    axis=( -0.834807 -0.544030 -0.084425)
     C   10    Vzz=    0.3286    axis=( -0.400829  0.495480  0.770607)
     C   10  Q=         1.0000 1e-30 m^2  Cq=         0.7722 MHz  eta= 0.14462
 
     C   11    Vxx=    0.1189    axis=( -0.481507  0.450960  0.751523)
     C   11    Vyy=    0.2639    axis=( -0.760782 -0.640794 -0.102923)
     C   11    Vzz=   -0.3827    axis=(  0.435157 -0.621303  0.651629)
     C   11  Q=         1.0000 1e-30 m^2  Cq=        -0.8993 MHz  eta= 0.37881
 
     Cl  12    Vxx=   -1.6196    axis=( -0.488692  0.451344  0.746639)
     Cl  12    Vyy=   -2.0002    axis=( -0.369481  0.668194 -0.645756)
     Cl  12    Vzz=    3.6198    axis=(  0.790357  0.591444  0.159778)
     Cl  12  Q=        -8.1650 1e-30 m^2  Cq=       -69.4433 MHz  eta= 0.10515
 
     H   13    Vxx=   -0.1368    axis=(  0.963601 -0.220671  0.150925)
     H   13    Vyy=   -0.1490    axis=( -0.238054 -0.451295  0.860037)
     H   13    Vzz=    0.2858    axis=(  0.121673  0.864660  0.487400)
     H   13  Q=         1.0000 1e-30 m^2  Cq=         0.6715 MHz  eta= 0.04274
 
     C   14    Vxx=   -0.1436    axis=( -0.945510 -0.187628 -0.266094)
     C   14    Vyy=   -0.1798    axis=(  0.286431 -0.867928 -0.405780)
     C   14    Vzz=    0.3234    axis=( -0.154815 -0.459887  0.874378)
     C   14  Q=         1.0000 1e-30 m^2  Cq=         0.7598 MHz  eta= 0.11193
 
     H   15    Vxx=   -0.1371    axis=( -0.343189  0.905021  0.251314)
     H   15    Vyy=   -0.1561    axis=( -0.205681 -0.333481  0.920046)
     H   15    Vzz=    0.2932    axis=( -0.916470 -0.264059 -0.300593)
     H   15  Q=         1.0000 1e-30 m^2  Cq=         0.6889 MHz  eta= 0.06489
 
     C   16    Vxx=   -0.1145    axis=(  0.066944  0.875582  0.478408)
     C   16    Vyy=   -0.2122    axis=(  0.981436 -0.144156  0.126503)
     C   16    Vzz=    0.3268    axis=( -0.179729 -0.461058  0.868978)
     C   16  Q=         1.0000 1e-30 m^2  Cq=         0.7678 MHz  eta= 0.29893
 
     C   17    Vxx=    0.0648    axis=( -0.206568 -0.460029  0.863541)
     C   17    Vyy=    0.3436    axis=(  0.787384 -0.602079 -0.132392)
     C   17    Vzz=   -0.4085    axis=(  0.580824  0.652590  0.486590)
     C   17  Q=         1.0000 1e-30 m^2  Cq=        -0.9597 MHz  eta= 0.68255
 
     Cl  18    Vxx=   -1.7171    axis=(  0.234060  0.382768 -0.893703)
     Cl  18    Vyy=   -2.0027    axis=(  0.573869  0.687624  0.444801)
     Cl  18    Vzz=    3.7197    axis=( -0.784787  0.616978  0.058713)
     Cl  18  Q=        -8.1650 1e-30 m^2  Cq=       -71.3615 MHz  eta= 0.07677
 
     H   19    Vxx=   -0.1434    axis=(  0.804184  0.323636  0.498546)
     H   19    Vyy=   -0.1509    axis=(  0.594270 -0.453974 -0.663890)
     H   19    Vzz=    0.2943    axis=( -0.011468 -0.830161  0.557406)
     H   19  Q=         1.0000 1e-30 m^2  Cq=         0.6914 MHz  eta= 0.02556
 
     C   20    Vxx=   -0.1403    axis=( -0.619657  0.449634 -0.643315)
     C   20    Vyy=   -0.1799    axis=( -0.668008 -0.732441  0.131515)
     C   20    Vzz=    0.3202    axis=( -0.412056  0.511234  0.754221)
     C   20  Q=         1.0000 1e-30 m^2  Cq=         0.7522 MHz  eta= 0.12356
 
     H   21    Vxx=   -0.1390    axis=(  0.465106  0.793085 -0.393309)
     H   21    Vyy=   -0.1556    axis=( -0.363986  0.576321  0.731689)
     H   21    Vzz=    0.2946    axis=( -0.806964  0.197154 -0.556722)
     H   21  Q=         1.0000 1e-30 m^2  Cq=         0.6921 MHz  eta= 0.05636
 
     C   22    Vxx=   -0.1443    axis=( -0.258398  0.753579 -0.604441)
     C   22    Vyy=   -0.1823    axis=( -0.879160 -0.442766 -0.176173)
     C   22    Vzz=    0.3266    axis=( -0.400386  0.485878  0.776926)
     C   22  Q=         1.0000 1e-30 m^2  Cq=         0.7673 MHz  eta= 0.11629
 
     C   23    Vxx=    0.1162    axis=( -0.488367  0.442890  0.751895)
     C   23    Vyy=    0.2712    axis=( -0.751087 -0.651992 -0.103799)
     C   23    Vzz=   -0.3874    axis=(  0.444258 -0.615431  0.651061)
     C   23  Q=         1.0000 1e-30 m^2  Cq=        -0.9103 MHz  eta= 0.40008
 
     Cl  24    Vxx=   -1.6392    axis=( -0.505164  0.435892  0.744854)
     Cl  24    Vyy=   -2.0144    axis=( -0.419197  0.630489 -0.653267)
     Cl  24    Vzz=    3.6535    axis=(  0.754376  0.642248  0.135776)
     Cl  24  Q=        -8.1650 1e-30 m^2  Cq=       -70.0914 MHz  eta= 0.10270
 
     Initialization:
     gipaw_setup  :      0.18s CPU      0.30s WALL (       1 calls)
 
     Linear response
 
     Apply operators
 
     Induced current
 
     Other routines
     efg          :      0.63s CPU      0.79s WALL (       1 calls)
 
     General routines
     calbec       :      0.05s CPU      0.05s WALL (      16 calls)
     fft          :      0.06s CPU      0.08s WALL (      15 calls)
     ffts         :      0.00s CPU      0.00s WALL (       2 calls)
     fftw         :      0.35s CPU      0.38s WALL (     672 calls)
     davcio       :      0.02s CPU      0.15s WALL (      32 calls)
 
     Parallel routines
     fft_scatter  :      0.21s CPU      0.26s WALL (     689 calls)
 
     Plugins
 
     GIPAW        :      3.78s CPU      4.57s WALL (       1 calls)
