
     Program QE v.6.0 starts on 20May2017 at 15: 5:28 

     This program is part of the open-source Quantum ESPRESSO suite
     for quantum simulation of materials; please cite
         "P. Giannozzi et al., J. Phys.:Condens. Matter 21 395502 (2009);
          URL http://www.quantum-espresso.org", 
     in publications or presentations arising from this work. More details at
     http://www.quantum-espresso.org/quote
 
           ARCH :    x86_64
             CC :    icc
            CPP :    cpp
            F90 :    ifort
            F77 :    ifort
         DFLAGS :    -D__INTEL -D__DFTI
      BLAS LIBS :    -lmkl_intel_lp64  -lmkl_sequential -lmkl_core
    LAPACK LIBS :    
       FFT LIBS :    
      MASS LIBS :    

     Parallel version (MPI & OpenMP), running on      32 processor cores
     Number of MPI processes:                32
     Threads/MPI process:                     1
     R & G space division:  proc/nbgrp/npool/nimage =      32
 
     ***** This is GIPAW svn revision unknown      *****
 
     Parallelizing q-star over 1 images

     Reading data from directory:
     ./scratch/scf-1902.save

   Info: using nr1, nr2, nr3 values from input

   Info: using nr1, nr2, nr3 values from input

     IMPORTANT: XC functional enforced from input :
     Exchange-correlation      =  SLA  PW   PBX  PBC ( 1  4  3  4 0 0)
     Any further DFT definition will be discarded
     Please, verify this is what you really want

               file C.pbe-n-kjpaw_psl.1.0.0.UPF: wavefunction(s)  2S 2P renormalized
               file Cl.pbe-n-kjpaw_psl.1.0.0.UPF: wavefunction(s)  3S 3P renormalized
               file H.pbe-kjpaw_psl.1.0.0.UPF: wavefunction(s)  1S renormalized
 
     Parallelization info
     --------------------
     sticks:   dense  smooth     PW     G-vecs:    dense   smooth      PW
     Min         764     305     83                36108     9133    1292
     Max         765     306     84                36110     9135    1293
     Sum       24467    9791   2657              1155489   292295   41363
 

     Subspace diagonalization in iterative solution of the eigenvalue problem:
     a serial algorithm will be used

     GIPAW projectors -----------------------------------------------
     atom=  C    l=0  rc=    1.2000  rs=    0.8000
     atom=  C    l=0  rc=    1.2000  rs=    0.8000
     atom=  C    l=1  rc=    1.4000  rs=    0.9333
     atom=  C    l=1  rc=    1.4000  rs=    0.9333
     projs nearly linearly dependent: l=1  n1,n2= 1, 2  s=  0.99951561
 
     atom=  Cl   l=0  rc=    1.6000  rs=    1.0667
     atom=  Cl   l=0  rc=    1.6000  rs=    1.0667
     atom=  Cl   l=1  rc=    1.6000  rs=    1.0667
     atom=  Cl   l=1  rc=    1.6000  rs=    1.0667
     atom=  Cl   l=2  rc=    1.6000  rs=    1.0667
     atom=  Cl   l=2  rc=    1.6000  rs=    1.0667
     projs nearly linearly dependent: l=2  n1,n2= 1, 2  s=  0.99993509
 
     atom=  H    l=0  rc=    1.0000  rs=    0.6667
     atom=  H    l=0  rc=    1.0000  rs=    0.6667
     projs nearly linearly dependent: l=0  n1,n2= 1, 2  s=  0.99968852
     -----------------------------------------------------------------
 
     GIPAW integrals: -------------------------------------------
     Atom  i/j   nmr_para   nmr_dia   epr_rmc  epr_para   epr_dia
       C   1 1   0.83E+03  0.17E-01  0.93E+01  0.24E+08  0.24E+03
       C   2 1   0.86E+03 -0.61E-01  0.94E+01  0.25E+08  0.25E+03
       C   2 2   0.90E+03 -0.15E+00  0.97E+01  0.26E+08  0.26E+03
       C   3 3   0.33E+01  0.34E+00  0.18E+01  0.55E+03  0.21E+02
       C   4 3   0.35E+01  0.37E+00  0.20E+01  0.59E+03  0.22E+02
       C   4 4   0.38E+01  0.39E+00  0.22E+01  0.63E+03  0.24E+02
       Cl  1 1   0.14E+04 -0.47E+00  0.84E+01  0.32E+09  0.42E+03
       Cl  2 1   0.21E+04 -0.37E+00  0.12E+02  0.49E+09  0.65E+03
       Cl  2 2   0.33E+04 -0.16E+00  0.21E+02  0.76E+09  0.10E+04
       Cl  3 3   0.21E+02  0.79E-01  0.89E+01  0.23E+05  0.13E+03
       Cl  4 3   0.24E+02  0.67E-01  0.99E+01  0.27E+05  0.15E+03
       Cl  4 4   0.28E+02  0.44E-01  0.11E+02  0.32E+05  0.18E+03
       Cl  5 5   0.77E+00  0.19E+00  0.18E+01  0.12E+03  0.22E+02
       Cl  6 5   0.80E+00  0.19E+00  0.19E+01  0.12E+03  0.23E+02
       Cl  6 6   0.83E+00  0.20E+00  0.19E+01  0.12E+03  0.23E+02
       H   1 1   0.39E+02  0.19E+00  0.29E+00  0.78E+05  0.13E+02
       H   2 1   0.41E+02  0.21E+00  0.32E+00  0.82E+05  0.14E+02
       H   2 2   0.43E+02  0.22E+00  0.36E+00  0.86E+05  0.15E+02
     ------------------------------------------------------------
 
     alpha_pv=     33.8547 eV
 
     Number of occupied bands for each k-point:
     k-point:     1    nbnd_occ=  42
     k-point:     2    nbnd_occ=  42
     k-point:     3    nbnd_occ=  42
     k-point:     4    nbnd_occ=  42
     k-point:     5    nbnd_occ=  42
     k-point:     6    nbnd_occ=  42
     k-point:     7    nbnd_occ=  42
     k-point:     8    nbnd_occ=  42
     k-point:     9    nbnd_occ=  42
     k-point:    10    nbnd_occ=  42
     k-point:    11    nbnd_occ=  42
     k-point:    12    nbnd_occ=  42
     k-point:    13    nbnd_occ=  42
     k-point:    14    nbnd_occ=  42
     k-point:    15    nbnd_occ=  42
     k-point:    16    nbnd_occ=  42
 
 
     q-space interpolation up to   110.00 Rydberg
 
     GIPAW job: efg                                                                             
 
 
     ELECTRIC FIELD GRADIENTS TENSORS IN Hartree/bohrradius^2:
 
     ----- bare term -----
     Cl   1        0.005974       -0.013263       -0.023727
     Cl   1       -0.013263       -0.005525       -0.006428
     Cl   1       -0.023727       -0.006428       -0.000449
 
     C    2       -0.121278        0.149863       -0.412220
     C    2        0.149863       -0.043515       -0.492317
     C    2       -0.412220       -0.492317        0.164793
 
     C    3       -0.147187        0.310265       -0.297583
     C    3        0.310265       -0.146335       -0.503189
     C    3       -0.297583       -0.503189        0.293522
 
     H    4       -0.431804       -0.138586       -0.537377
     H    4       -0.138586        0.374643       -0.150170
     H    4       -0.537377       -0.150170        0.057161
 
     C    5       -0.299279        0.315541       -0.355847
     C    5        0.315541       -0.040011       -0.402921
     C    5       -0.355847       -0.402921        0.339290
 
     H    6        0.387032       -0.091517       -0.068757
     H    6       -0.091517       -0.388735       -0.575400
     H    6       -0.068757       -0.575400        0.001703
 
     H    7        0.365243        0.163571       -0.122172
     H    7        0.163571       -0.398399        0.553293
     H    7       -0.122172        0.553293        0.033157
 
     C    8       -0.292192       -0.279487       -0.330294
     C    8       -0.279487       -0.059364        0.432860
     C    8       -0.330294        0.432860        0.351557
 
     H    9       -0.480206        0.084429       -0.496866
     H    9        0.084429        0.344441        0.138311
     H    9       -0.496866        0.138311        0.135766
 
     C   10       -0.172267       -0.327671       -0.235594
     C   10       -0.327671       -0.178991        0.535625
     C   10       -0.235594        0.535625        0.351258
 
     C   11       -0.232122       -0.091704       -0.417054
     C   11       -0.091704        0.015821        0.470414
     C   11       -0.417054        0.470414        0.216301
 
     Cl  12        0.038161       -0.011421       -0.009105
     Cl  12       -0.011421       -0.025399        0.024064
     Cl  12       -0.009105        0.024064       -0.012763
 
     H   13        0.377428       -0.088057       -0.094052
     H   13       -0.088057       -0.367438       -0.577837
     H   13       -0.094052       -0.577837       -0.009990
 
     C   14       -0.284573        0.347760       -0.362310
     C   14        0.347760       -0.013590       -0.402622
     C   14       -0.362310       -0.402622        0.298163
 
     H   15       -0.372998       -0.109257       -0.552416
     H   15       -0.109257        0.365678       -0.148128
     H   15       -0.552416       -0.148128        0.007319
 
     C   16       -0.134488        0.329811       -0.287681
     C   16        0.329811       -0.128074       -0.536577
     C   16       -0.287681       -0.536577        0.262562
 
     C   17       -0.144290        0.076887       -0.393623
     C   17        0.076887        0.008337       -0.513951
     C   17       -0.393623       -0.513951        0.135953
 
     Cl  18        0.038007       -0.021161       -0.020611
     Cl  18       -0.021161       -0.006220       -0.001221
     Cl  18       -0.020611       -0.001221       -0.031787
 
     H   19        0.376209        0.155268       -0.110923
     H   19        0.155268       -0.343655        0.576412
     H   19       -0.110923        0.576412       -0.032554
 
     C   20       -0.281860       -0.277569       -0.331995
     C   20       -0.277569       -0.033131        0.438886
     C   20       -0.331995        0.438886        0.314991
 
     H   21       -0.462314        0.074217       -0.516668
     H   21        0.074217        0.379124        0.124705
     H   21       -0.516668        0.124705        0.083190
 
     C   22       -0.156450       -0.330295       -0.260706
     C   22       -0.330295       -0.158431        0.530587
     C   22       -0.260706        0.530587        0.314881
 
     C   23       -0.151335       -0.059001       -0.419192
     C   23       -0.059001       -0.024658        0.474498
     C   23       -0.419192        0.474498        0.175993
 
     Cl  24        0.040343        0.047455       -0.000940
     Cl  24        0.047455       -0.017334        0.019116
     Cl  24       -0.000940        0.019116       -0.023009
 
     ----- ionic term -----
     Cl   1        0.082545       -0.216725       -0.013659
     Cl   1       -0.216725        0.064314        0.023455
     Cl   1       -0.013659        0.023455       -0.146860
 
     C    2        0.131700       -0.244916        0.303874
     C    2       -0.244916        0.070768        0.402985
     C    2        0.303874        0.402985       -0.202468
 
     C    3        0.102690       -0.246848        0.222043
     C    3       -0.246848        0.125157        0.405981
     C    3        0.222043        0.405981       -0.227847
 
     H    4        0.589078        0.183228        0.735566
     H    4        0.183228       -0.508955        0.187850
     H    4        0.735566        0.187850       -0.080123
 
     C    5        0.248479       -0.254106        0.282869
     C    5       -0.254106        0.014866        0.295983
     C    5        0.282869        0.295983       -0.263345
 
     H    6       -0.524682        0.111607        0.091153
     H    6        0.111607        0.526563        0.778675
     H    6        0.091153        0.778675       -0.001881
 
     H    7       -0.494454       -0.214707        0.163182
     H    7       -0.214707        0.536355       -0.752541
     H    7        0.163182       -0.752541       -0.041900
 
     C    8        0.244028        0.218937        0.254634
     C    8        0.218937        0.027014       -0.325885
     C    8        0.254634       -0.325885       -0.271042
 
     H    9        0.667733       -0.111946        0.684436
     H    9       -0.111946       -0.486109       -0.160379
     H    9        0.684436       -0.160379       -0.181624
 
     C   10        0.120738        0.264278        0.166989
     C   10        0.264278        0.155288       -0.428787
     C   10        0.166989       -0.428787       -0.276026
 
     C   11        0.256937        0.192899        0.313273
     C   11        0.192899       -0.008166       -0.377625
     C   11        0.313273       -0.377625       -0.248771
 
     Cl  12        0.157419        0.214951       -0.005524
     Cl  12        0.214951       -0.017670       -0.017602
     Cl  12       -0.005524       -0.017602       -0.139749
 
     H   13       -0.515924        0.109241        0.114972
     H   13        0.109241        0.499391        0.782818
     H   13        0.114972        0.782818        0.016533
 
     C   14        0.238524       -0.279709        0.284614
     C   14       -0.279709       -0.007329        0.299257
     C   14        0.284614        0.299257       -0.231195
 
     H   15        0.524570        0.139856        0.755400
     H   15        0.139856       -0.505021        0.177323
     H   15        0.755400        0.177323       -0.019550
 
     C   16        0.090526       -0.261112        0.207870
     C   16       -0.261112        0.111972        0.426178
     C   16        0.207870        0.426178       -0.202498
 
     C   17        0.173858       -0.193262        0.284516
     C   17       -0.193262        0.015592        0.424032
     C   17        0.284516        0.424032       -0.189450
 
     Cl  18        0.112255       -0.204600       -0.022905
     Cl  18       -0.204600        0.009152        0.022638
     Cl  18       -0.022905        0.022638       -0.121407
 
     H   19       -0.504356       -0.197872        0.152320
     H   19       -0.197872        0.462891       -0.777591
     H   19        0.152320       -0.777591        0.041465
 
     C   20        0.232882        0.222931        0.265351
     C   20        0.222931        0.007655       -0.326627
     C   20        0.265351       -0.326627       -0.240537
 
     H   21        0.640900       -0.095404        0.710244
     H   21       -0.095404       -0.519669       -0.145284
     H   21        0.710244       -0.145284       -0.121231
 
     C   22        0.104009        0.267014        0.182105
     C   22        0.267014        0.137425       -0.429480
     C   22        0.182105       -0.429480       -0.241434
 
     C   23        0.174511        0.184689        0.319585
     C   23        0.184689        0.048843       -0.379511
     C   23        0.319585       -0.379511       -0.223354
 
     Cl  24        0.076988        0.193528        0.005802
     Cl  24        0.193528        0.056777       -0.003794
     Cl  24        0.005802       -0.003794       -0.133765
 
     ----- GIPAW term -----
     Cl   1        0.937006       -2.435580       -0.421152
     Cl   1       -2.435580        0.606733        0.175507
     Cl   1       -0.421152        0.175507       -1.543739
 
     C    2        0.026918       -0.118626       -0.089277
     C    2       -0.118626        0.031085       -0.066446
     C    2       -0.089277       -0.066446       -0.058003
 
     C    3       -0.040904        0.048541       -0.064895
     C    3        0.048541       -0.008506       -0.078410
     C    3       -0.064895       -0.078410        0.049410
 
     H    4        0.000000       -0.000000       -0.000000
     H    4       -0.000000        0.000000        0.000000
     H    4       -0.000000        0.000000       -0.000000
 
     C    5       -0.029224        0.044757       -0.055831
     C    5        0.044757       -0.027169       -0.096048
     C    5       -0.055831       -0.096048        0.056393
 
     H    6        0.000000       -0.000000       -0.000000
     H    6       -0.000000        0.000000        0.000000
     H    6       -0.000000        0.000000       -0.000000
 
     H    7        0.000000       -0.000000       -0.000000
     H    7       -0.000000        0.000000        0.000000
     H    7       -0.000000        0.000000       -0.000000
 
     C    8       -0.027205       -0.044174       -0.059895
     C    8       -0.044174       -0.032546        0.093963
     C    8       -0.059895        0.093963        0.059751
 
     H    9        0.000000       -0.000000       -0.000000
     H    9       -0.000000        0.000000        0.000000
     H    9       -0.000000        0.000000       -0.000000
 
     C   10       -0.047569       -0.050272       -0.058863
     C   10       -0.050272       -0.011535        0.085515
     C   10       -0.058863        0.085515        0.059104
 
     C   11        0.052563        0.120473       -0.085589
     C   11        0.120473        0.002526        0.070282
     C   11       -0.085589        0.070282       -0.055089
 
     Cl  12        2.095463        2.144868       -0.163116
     Cl  12        2.144868       -0.499126        0.092063
     Cl  12       -0.163116        0.092063       -1.596337
 
     H   13        0.000000       -0.000000       -0.000000
     H   13       -0.000000        0.000000        0.000000
     H   13       -0.000000        0.000000       -0.000000
 
     C   14       -0.026744        0.051104       -0.058570
     C   14        0.051104       -0.023494       -0.091546
     C   14       -0.058570       -0.091546        0.050237
 
     H   15        0.000000       -0.000000       -0.000000
     H   15       -0.000000        0.000000        0.000000
     H   15       -0.000000        0.000000       -0.000000
 
     C   16       -0.039813        0.051796       -0.070527
     C   16        0.051796       -0.007357       -0.092761
     C   16       -0.070527       -0.092761        0.047170
 
     C   17        0.054398       -0.135993       -0.093869
     C   17       -0.135993        0.019253       -0.068467
     C   17       -0.093869       -0.068467       -0.073652
 
     Cl  18        1.588473       -2.383330       -0.487791
     Cl  18       -2.383330        0.014616        0.218448
     Cl  18       -0.487791        0.218448       -1.603089
 
     H   19        0.000000       -0.000000       -0.000000
     H   19       -0.000000        0.000000        0.000000
     H   19       -0.000000        0.000000       -0.000000
 
     C   20       -0.029237       -0.038559       -0.050624
     C   20       -0.038559       -0.026685        0.098313
     C   20       -0.050624        0.098313        0.055922
 
     H   21        0.000000       -0.000000       -0.000000
     H   21       -0.000000        0.000000        0.000000
     H   21       -0.000000        0.000000       -0.000000
 
     C   22       -0.049173       -0.047263       -0.070200
     C   22       -0.047263       -0.008964        0.080471
     C   22       -0.070200        0.080471        0.058137
 
     C   23        0.039129        0.145599       -0.077509
     C   23        0.145599        0.029895        0.074542
     C   23       -0.077509        0.074542       -0.069025
 
     Cl  24        1.235170        2.538975        0.032776
     Cl  24        2.538975        0.405683        0.172245
     Cl  24        0.032776        0.172245       -1.640853
 
     ----- total EFG -----
     Cl   1        1.025526       -2.665568       -0.458538
     Cl   1       -2.665568        0.665522        0.192533
     Cl   1       -0.458538        0.192533       -1.691048
 
     C    2        0.037340       -0.213679       -0.197623
     C    2       -0.213679        0.058338       -0.155778
     C    2       -0.197623       -0.155778       -0.095678
 
     C    3       -0.085400        0.111958       -0.140434
     C    3        0.111958       -0.029685       -0.175617
     C    3       -0.140434       -0.175617        0.115085
 
     H    4        0.157274        0.044642        0.198189
     H    4        0.044642       -0.134312        0.037679
     H    4        0.198189        0.037679       -0.022962
 
     C    5       -0.080024        0.106192       -0.128809
     C    5        0.106192       -0.052314       -0.202987
     C    5       -0.128809       -0.202987        0.132338
 
     H    6       -0.137649        0.020090        0.022396
     H    6        0.020090        0.137827        0.203275
     H    6        0.022396        0.203275       -0.000178
 
     H    7       -0.129211       -0.051135        0.041011
     H    7       -0.051135        0.137955       -0.199248
     H    7        0.041011       -0.199248       -0.008744
 
     C    8       -0.075369       -0.104724       -0.135555
     C    8       -0.104724       -0.064896        0.200938
     C    8       -0.135555        0.200938        0.140266
 
     H    9        0.187527       -0.027517        0.187570
     H    9       -0.027517       -0.141669       -0.022069
     H    9        0.187570       -0.022069       -0.045859
 
     C   10       -0.099098       -0.113664       -0.127469
     C   10       -0.113664       -0.035238        0.192353
     C   10       -0.127469        0.192353        0.134336
 
     C   11        0.077378        0.221668       -0.189370
     C   11        0.221668        0.010181        0.163072
     C   11       -0.189370        0.163072       -0.087558
 
     Cl  12        2.291044        2.348397       -0.177745
     Cl  12        2.348397       -0.542195        0.098525
     Cl  12       -0.177745        0.098525       -1.748849
 
     H   13       -0.138496        0.021183        0.020920
     H   13        0.021183        0.131953        0.204980
     H   13        0.020920        0.204980        0.006543
 
     C   14       -0.072793        0.119154       -0.136265
     C   14        0.119154       -0.044412       -0.194911
     C   14       -0.136265       -0.194911        0.117205
 
     H   15        0.151573        0.030599        0.202985
     H   15        0.030599       -0.139343        0.029195
     H   15        0.202985        0.029195       -0.012230
 
     C   16       -0.083775        0.120496       -0.150338
     C   16        0.120496       -0.023459       -0.203160
     C   16       -0.150338       -0.203160        0.107234
 
     C   17        0.083967       -0.252368       -0.202976
     C   17       -0.252368        0.043182       -0.158385
     C   17       -0.202976       -0.158385       -0.127149
 
     Cl  18        1.738735       -2.609091       -0.531307
     Cl  18       -2.609091        0.017548        0.239865
     Cl  18       -0.531307        0.239865       -1.756283
 
     H   19       -0.128147       -0.042604        0.041398
     H   19       -0.042604        0.119236       -0.201180
     H   19        0.041398       -0.201180        0.008911
 
     C   20       -0.078215       -0.093198       -0.117268
     C   20       -0.093198       -0.052161        0.210571
     C   20       -0.117268        0.210571        0.130376
 
     H   21        0.178586       -0.021187        0.193576
     H   21       -0.021187       -0.140545       -0.020580
     H   21        0.193576       -0.020580       -0.038041
 
     C   22       -0.101614       -0.110544       -0.148800
     C   22       -0.110544       -0.029970        0.181578
     C   22       -0.148800        0.181578        0.131585
 
     C   23        0.062305        0.271287       -0.177116
     C   23        0.271287        0.054080        0.169529
     C   23       -0.177116        0.169529       -0.116385
 
     Cl  24        1.352501        2.779959        0.037638
     Cl  24        2.779959        0.445126        0.187567
     Cl  24        0.037638        0.187567       -1.797627
 
     ----- total EFG (symmetrized) -----
     Cl   1        1.025526       -2.665568       -0.458538
     Cl   1       -2.665568        0.665522        0.192533
     Cl   1       -0.458538        0.192533       -1.691048
 
     C    2        0.037340       -0.213679       -0.197623
     C    2       -0.213679        0.058338       -0.155778
     C    2       -0.197623       -0.155778       -0.095678
 
     C    3       -0.085400        0.111958       -0.140434
     C    3        0.111958       -0.029685       -0.175617
     C    3       -0.140434       -0.175617        0.115085
 
     H    4        0.157274        0.044642        0.198189
     H    4        0.044642       -0.134312        0.037679
     H    4        0.198189        0.037679       -0.022962
 
     C    5       -0.080024        0.106192       -0.128809
     C    5        0.106192       -0.052314       -0.202987
     C    5       -0.128809       -0.202987        0.132338
 
     H    6       -0.137649        0.020090        0.022396
     H    6        0.020090        0.137827        0.203275
     H    6        0.022396        0.203275       -0.000178
 
     H    7       -0.129211       -0.051135        0.041011
     H    7       -0.051135        0.137955       -0.199248
     H    7        0.041011       -0.199248       -0.008744
 
     C    8       -0.075369       -0.104724       -0.135555
     C    8       -0.104724       -0.064896        0.200938
     C    8       -0.135555        0.200938        0.140266
 
     H    9        0.187527       -0.027517        0.187570
     H    9       -0.027517       -0.141669       -0.022069
     H    9        0.187570       -0.022069       -0.045859
 
     C   10       -0.099098       -0.113664       -0.127469
     C   10       -0.113664       -0.035238        0.192353
     C   10       -0.127469        0.192353        0.134336
 
     C   11        0.077378        0.221668       -0.189370
     C   11        0.221668        0.010181        0.163072
     C   11       -0.189370        0.163072       -0.087558
 
     Cl  12        2.291044        2.348397       -0.177745
     Cl  12        2.348397       -0.542195        0.098525
     Cl  12       -0.177745        0.098525       -1.748849
 
     H   13       -0.138496        0.021183        0.020920
     H   13        0.021183        0.131953        0.204980
     H   13        0.020920        0.204980        0.006543
 
     C   14       -0.072793        0.119154       -0.136265
     C   14        0.119154       -0.044412       -0.194911
     C   14       -0.136265       -0.194911        0.117205
 
     H   15        0.151573        0.030599        0.202985
     H   15        0.030599       -0.139343        0.029195
     H   15        0.202985        0.029195       -0.012230
 
     C   16       -0.083775        0.120496       -0.150338
     C   16        0.120496       -0.023459       -0.203160
     C   16       -0.150338       -0.203160        0.107234
 
     C   17        0.083967       -0.252368       -0.202976
     C   17       -0.252368        0.043182       -0.158385
     C   17       -0.202976       -0.158385       -0.127149
 
     Cl  18        1.738735       -2.609091       -0.531307
     Cl  18       -2.609091        0.017548        0.239865
     Cl  18       -0.531307        0.239865       -1.756283
 
     H   19       -0.128147       -0.042604        0.041398
     H   19       -0.042604        0.119236       -0.201180
     H   19        0.041398       -0.201180        0.008911
 
     C   20       -0.078215       -0.093198       -0.117268
     C   20       -0.093198       -0.052161        0.210571
     C   20       -0.117268        0.210571        0.130376
 
     H   21        0.178586       -0.021187        0.193576
     H   21       -0.021187       -0.140545       -0.020580
     H   21        0.193576       -0.020580       -0.038041
 
     C   22       -0.101614       -0.110544       -0.148800
     C   22       -0.110544       -0.029970        0.181578
     C   22       -0.148800        0.181578        0.131585
 
     C   23        0.062305        0.271287       -0.177116
     C   23        0.271287        0.054080        0.169529
     C   23       -0.177116        0.169529       -0.116385
 
     Cl  24        1.352501        2.779959        0.037638
     Cl  24        2.779959        0.445126        0.187567
     Cl  24        0.037638        0.187567       -1.797627
 
 
     NQR/NMR SPECTROSCOPIC PARAMETERS:
     Cl   1    Vxx=   -1.6013    axis=( -0.361839 -0.492713  0.791395)
     Cl   1    Vyy=   -1.9574    axis=( -0.580306 -0.545345 -0.604850)
     Cl   1    Vzz=    3.5587    axis=( -0.729601  0.678110  0.088597)
     Cl   1  Q=        -8.1650 1e-30 m^2  Cq=       -68.2709 MHz  eta= 0.10007
 
     C    2    Vxx=    0.1199    axis=( -0.388505 -0.540235  0.746465)
     C    2    Vyy=    0.2643    axis=( -0.729853  0.674923  0.108598)
     C    2    Vzz=   -0.3843    axis=( -0.562475 -0.502619 -0.656503)
     C    2  Q=         1.0000 1e-30 m^2  Cq=        -0.9029 MHz  eta= 0.37585
 
     C    3    Vxx=   -0.1401    axis=(  0.422179  0.621463  0.659961)
     C    3    Vyy=   -0.1730    axis=( -0.808464  0.587443 -0.035999)
     C    3    Vzz=    0.3131    axis=( -0.410062 -0.518357  0.750437)
     C    3  Q=         1.0000 1e-30 m^2  Cq=         0.7357 MHz  eta= 0.10500
 
     H    4    Vxx=   -0.1378    axis=( -0.371710  0.855375  0.360785)
     H    4    Vyy=   -0.1549    axis=( -0.411959 -0.500253  0.761602)
     H    4    Vzz=    0.2927    axis=( -0.831938 -0.134467 -0.538328)
     H    4  Q=         1.0000 1e-30 m^2  Cq=         0.6878 MHz  eta= 0.05840
 
     C    5    Vxx=   -0.1395    axis=(  0.853681  0.132708  0.503604)
     C    5    Vyy=   -0.1906    axis=( -0.361088  0.847648  0.388727)
     C    5    Vzz=    0.3301    axis=( -0.375292 -0.513694  0.771540)
     C    5  Q=         1.0000 1e-30 m^2  Cq=         0.7757 MHz  eta= 0.15489
 
     H    6    Vxx=   -0.1356    axis=(  0.843100 -0.359370  0.400044)
     H    6    Vyy=   -0.1499    axis=( -0.533277 -0.462915  0.708043)
     H    6    Vzz=    0.2855    axis=(  0.069264  0.810286  0.581928)
     H    6  Q=         1.0000 1e-30 m^2  Cq=         0.6709 MHz  eta= 0.05029
 
     H    7    Vxx=   -0.1376    axis=( -0.907704 -0.343093 -0.241578)
     H    7    Vyy=   -0.1496    axis=( -0.389863  0.476659  0.787911)
     H    7    Vzz=    0.2872    axis=(  0.155176 -0.809372  0.566425)
     H    7  Q=         1.0000 1e-30 m^2  Cq=         0.6748 MHz  eta= 0.04161
 
     C    8    Vxx=   -0.1401    axis=( -0.867677  0.095366 -0.487896)
     C    8    Vyy=   -0.1941    axis=( -0.315235 -0.864428  0.391652)
     C    8    Vzz=    0.3342    axis=( -0.384401  0.493629  0.780107)
     C    8  Q=         1.0000 1e-30 m^2  Cq=         0.7853 MHz  eta= 0.16171
 
     H    9    Vxx=   -0.1407    axis=(  0.318469  0.842927 -0.433648)
     H    9    Vyy=   -0.1538    axis=( -0.374404  0.532124  0.759385)
     H    9    Vzz=    0.2945    axis=( -0.870861  0.079481 -0.485061)
     H    9  Q=         1.0000 1e-30 m^2  Cq=         0.6920 MHz  eta= 0.04445
 
     C   10    Vxx=   -0.1395    axis=( -0.614904  0.481598 -0.624465)
     C   10    Vyy=   -0.1874    axis=( -0.696720 -0.702720  0.144104)
     C   10    Vzz=    0.3269    axis=( -0.369424  0.523688  0.767644)
     C   10  Q=         1.0000 1e-30 m^2  Cq=         0.7681 MHz  eta= 0.14638
 
     C   11    Vxx=    0.1122    axis=( -0.277449  0.598472  0.751567)
     C   11    Vyy=    0.2741    axis=(  0.802506  0.574459 -0.161187)
     C   11    Vzz=   -0.3863    axis=( -0.528210  0.558416 -0.639660)
     C   11  Q=         1.0000 1e-30 m^2  Cq=        -0.9076 MHz  eta= 0.41908
 
     Cl  12    Vxx=   -1.6268    axis=(  0.272218 -0.515629 -0.812419)
     Cl  12    Vyy=   -1.9924    axis=(  0.409141 -0.702155  0.582737)
     Cl  12    Vzz=    3.6191    axis=( -0.870920 -0.491026  0.019826)
     Cl  12  Q=        -8.1650 1e-30 m^2  Cq=       -69.4310 MHz  eta= 0.10102
 
     H   13    Vxx=   -0.1380    axis=(  0.857216 -0.352362  0.375529)
     H   13    Vyy=   -0.1476    axis=( -0.510270 -0.483043  0.711543)
     H   13    Vzz=    0.2857    axis=(  0.069324  0.801567  0.593872)
     H   13  Q=         1.0000 1e-30 m^2  Cq=         0.6712 MHz  eta= 0.03352
 
     C   14    Vxx=   -0.1401    axis=(  0.772890  0.236775  0.588709)
     C   14    Vyy=   -0.1879    axis=( -0.484646  0.819134  0.306819)
     C   14    Vzz=    0.3280    axis=( -0.409585 -0.522453  0.747853)
     C   14  Q=         1.0000 1e-30 m^2  Cq=         0.7707 MHz  eta= 0.14584
 
     H   15    Vxx=   -0.1387    axis=(  0.377642 -0.827647 -0.415196)
     H   15    Vyy=   -0.1539    axis=(  0.421981  0.552959 -0.718449)
     H   15    Vzz=    0.2926    axis=( -0.824208 -0.096112 -0.558072)
     H   15  Q=         1.0000 1e-30 m^2  Cq=         0.6875 MHz  eta= 0.05217
 
     C   16    Vxx=   -0.1631    axis=(  0.658606  0.378202  0.650540)
     C   16    Vyy=   -0.1792    axis=( -0.629811  0.750156  0.201505)
     C   16    Vzz=    0.3423    axis=( -0.411797 -0.542429  0.732253)
     C   16  Q=         1.0000 1e-30 m^2  Cq=         0.8042 MHz  eta= 0.04709
 
     C   17    Vxx=    0.0932    axis=( -0.347478 -0.579910  0.736861)
     C   17    Vyy=    0.3222    axis=(  0.770569 -0.624370 -0.128006)
     C   17    Vzz=   -0.4154    axis=(  0.534306  0.523323  0.663815)
     C   17  Q=         1.0000 1e-30 m^2  Cq=        -0.9760 MHz  eta= 0.55118
 
     Cl  18    Vxx=   -1.7234    axis=( -0.298177 -0.553958  0.777317)
     Cl  18    Vyy=   -1.9620    axis=( -0.509463 -0.596298 -0.620383)
     Cl  18    Vzz=    3.6855    axis=( -0.807179  0.580998  0.104419)
     Cl  18  Q=        -8.1650 1e-30 m^2  Cq=       -70.7037 MHz  eta= 0.06475
 
     H   19    Vxx=   -0.1325    axis=(  0.854304  0.404933  0.325874)
     H   19    Vyy=   -0.1486    axis=(  0.499813 -0.467914 -0.728864)
     H   19    Vzz=    0.2812    axis=(  0.142661 -0.785548  0.602132)
     H   19  Q=         1.0000 1e-30 m^2  Cq=         0.6607 MHz  eta= 0.05719
 
     C   20    Vxx=   -0.1308    axis=( -0.916202 -0.013419 -0.400493)
     C   20    Vyy=   -0.1931    axis=( -0.198655 -0.852768  0.483035)
     C   20    Vzz=    0.3240    axis=( -0.348010  0.522117  0.778642)
     C   20  Q=         1.0000 1e-30 m^2  Cq=         0.7612 MHz  eta= 0.19231
 
     H   21    Vxx=   -0.1386    axis=(  0.291841  0.876753 -0.382273)
     H   21    Vyy=   -0.1554    axis=( -0.418111  0.476405  0.773447)
     H   21    Vzz=    0.2940    axis=( -0.860239  0.065891 -0.505615)
     H   21  Q=         1.0000 1e-30 m^2  Cq=         0.6907 MHz  eta= 0.05693
 
     C   22    Vxx=   -0.1448    axis=( -0.256148  0.738861 -0.623276)
     C   22    Vyy=   -0.1842    axis=( -0.882299 -0.442114 -0.161505)
     C   22    Vzz=    0.3291    axis=( -0.394889  0.508546  0.765143)
     C   22  Q=         1.0000 1e-30 m^2  Cq=         0.7732 MHz  eta= 0.11981
 
     C   23    Vxx=    0.0849    axis=( -0.429324  0.468377  0.772207)
     C   23    Vyy=    0.3297    axis=( -0.719068 -0.694607  0.021528)
     C   23    Vzz=   -0.4146    axis=(  0.546463 -0.546027  0.635006)
     C   23  Q=         1.0000 1e-30 m^2  Cq=        -0.9741 MHz  eta= 0.59037
 
     Cl  24    Vxx=   -1.7278    axis=( -0.360451  0.387915  0.848291)
     Cl  24    Vyy=   -1.9918    axis=( -0.539013  0.655593 -0.528831)
     Cl  24    Vzz=    3.7196    axis=(  0.761275  0.647858  0.027218)
     Cl  24  Q=        -8.1650 1e-30 m^2  Cq=       -71.3594 MHz  eta= 0.07096
 
     Initialization:
     gipaw_setup  :      0.20s CPU      0.31s WALL (       1 calls)
 
     Linear response
 
     Apply operators
 
     Induced current
 
     Other routines
     efg          :      0.69s CPU      0.75s WALL (       1 calls)
 
     General routines
     calbec       :      0.05s CPU      0.05s WALL (      16 calls)
     fft          :      0.06s CPU      0.08s WALL (      15 calls)
     ffts         :      0.00s CPU      0.00s WALL (       2 calls)
     fftw         :      0.43s CPU      0.43s WALL (     672 calls)
     davcio       :      0.01s CPU      0.05s WALL (      32 calls)
 
     Parallel routines
     fft_scatter  :      0.33s CPU      0.32s WALL (     689 calls)
 
     Plugins
 
     GIPAW        :      3.82s CPU      4.61s WALL (       1 calls)
