
     Program QE v.6.0 starts on 22May2017 at 15: 4:50 

     This program is part of the open-source Quantum ESPRESSO suite
     for quantum simulation of materials; please cite
         "P. Giannozzi et al., J. Phys.:Condens. Matter 21 395502 (2009);
          URL http://www.quantum-espresso.org", 
     in publications or presentations arising from this work. More details at
     http://www.quantum-espresso.org/quote
 
           ARCH :    x86_64
             CC :    icc
            CPP :    cpp
            F90 :    ifort
            F77 :    ifort
         DFLAGS :    -D__INTEL -D__DFTI
      BLAS LIBS :    -lmkl_intel_lp64  -lmkl_sequential -lmkl_core
    LAPACK LIBS :    
       FFT LIBS :    
      MASS LIBS :    

     Parallel version (MPI & OpenMP), running on      32 processor cores
     Number of MPI processes:                32
     Threads/MPI process:                     1
     R & G space division:  proc/nbgrp/npool/nimage =      32
 
     ***** This is GIPAW svn revision unknown      *****
 
     Parallelizing q-star over 1 images

     Reading data from directory:
     ./scratch/scf-1381.save

   Info: using nr1, nr2, nr3 values from input

   Info: using nr1, nr2, nr3 values from input

     IMPORTANT: XC functional enforced from input :
     Exchange-correlation      =  SLA  PW   PBX  PBC ( 1  4  3  4 0 0)
     Any further DFT definition will be discarded
     Please, verify this is what you really want

               file C.pbe-n-kjpaw_psl.1.0.0.UPF: wavefunction(s)  2S 2P renormalized
               file Cl.pbe-n-kjpaw_psl.1.0.0.UPF: wavefunction(s)  3S 3P renormalized
               file H.pbe-kjpaw_psl.1.0.0.UPF: wavefunction(s)  1S renormalized
 
     Parallelization info
     --------------------
     sticks:   dense  smooth     PW     G-vecs:    dense   smooth      PW
     Min         764     305     83                36108     9133    1292
     Max         765     306     84                36110     9135    1293
     Sum       24467    9791   2657              1155489   292295   41363
 

     Subspace diagonalization in iterative solution of the eigenvalue problem:
     a serial algorithm will be used

     GIPAW projectors -----------------------------------------------
     atom=  C    l=0  rc=    1.2000  rs=    0.8000
     atom=  C    l=0  rc=    1.2000  rs=    0.8000
     atom=  C    l=1  rc=    1.4000  rs=    0.9333
     atom=  C    l=1  rc=    1.4000  rs=    0.9333
     projs nearly linearly dependent: l=1  n1,n2= 1, 2  s=  0.99951561
 
     atom=  Cl   l=0  rc=    1.6000  rs=    1.0667
     atom=  Cl   l=0  rc=    1.6000  rs=    1.0667
     atom=  Cl   l=1  rc=    1.6000  rs=    1.0667
     atom=  Cl   l=1  rc=    1.6000  rs=    1.0667
     atom=  Cl   l=2  rc=    1.6000  rs=    1.0667
     atom=  Cl   l=2  rc=    1.6000  rs=    1.0667
     projs nearly linearly dependent: l=2  n1,n2= 1, 2  s=  0.99993509
 
     atom=  H    l=0  rc=    1.0000  rs=    0.6667
     atom=  H    l=0  rc=    1.0000  rs=    0.6667
     projs nearly linearly dependent: l=0  n1,n2= 1, 2  s=  0.99968852
     -----------------------------------------------------------------
 
     GIPAW integrals: -------------------------------------------
     Atom  i/j   nmr_para   nmr_dia   epr_rmc  epr_para   epr_dia
       C   1 1   0.83E+03  0.17E-01  0.93E+01  0.24E+08  0.24E+03
       C   2 1   0.86E+03 -0.61E-01  0.94E+01  0.25E+08  0.25E+03
       C   2 2   0.90E+03 -0.15E+00  0.97E+01  0.26E+08  0.26E+03
       C   3 3   0.33E+01  0.34E+00  0.18E+01  0.55E+03  0.21E+02
       C   4 3   0.35E+01  0.37E+00  0.20E+01  0.59E+03  0.22E+02
       C   4 4   0.38E+01  0.39E+00  0.22E+01  0.63E+03  0.24E+02
       Cl  1 1   0.14E+04 -0.47E+00  0.84E+01  0.32E+09  0.42E+03
       Cl  2 1   0.21E+04 -0.37E+00  0.12E+02  0.49E+09  0.65E+03
       Cl  2 2   0.33E+04 -0.16E+00  0.21E+02  0.76E+09  0.10E+04
       Cl  3 3   0.21E+02  0.79E-01  0.89E+01  0.23E+05  0.13E+03
       Cl  4 3   0.24E+02  0.67E-01  0.99E+01  0.27E+05  0.15E+03
       Cl  4 4   0.28E+02  0.44E-01  0.11E+02  0.32E+05  0.18E+03
       Cl  5 5   0.77E+00  0.19E+00  0.18E+01  0.12E+03  0.22E+02
       Cl  6 5   0.80E+00  0.19E+00  0.19E+01  0.12E+03  0.23E+02
       Cl  6 6   0.83E+00  0.20E+00  0.19E+01  0.12E+03  0.23E+02
       H   1 1   0.39E+02  0.19E+00  0.29E+00  0.78E+05  0.13E+02
       H   2 1   0.41E+02  0.21E+00  0.32E+00  0.82E+05  0.14E+02
       H   2 2   0.43E+02  0.22E+00  0.36E+00  0.86E+05  0.15E+02
     ------------------------------------------------------------
 
     alpha_pv=     34.0294 eV
 
     Number of occupied bands for each k-point:
     k-point:     1    nbnd_occ=  42
     k-point:     2    nbnd_occ=  42
     k-point:     3    nbnd_occ=  42
     k-point:     4    nbnd_occ=  42
     k-point:     5    nbnd_occ=  42
     k-point:     6    nbnd_occ=  42
     k-point:     7    nbnd_occ=  42
     k-point:     8    nbnd_occ=  42
     k-point:     9    nbnd_occ=  42
     k-point:    10    nbnd_occ=  42
     k-point:    11    nbnd_occ=  42
     k-point:    12    nbnd_occ=  42
     k-point:    13    nbnd_occ=  42
     k-point:    14    nbnd_occ=  42
     k-point:    15    nbnd_occ=  42
     k-point:    16    nbnd_occ=  42
 
 
     q-space interpolation up to   110.00 Rydberg
 
     GIPAW job: efg                                                                             
 
 
     ELECTRIC FIELD GRADIENTS TENSORS IN Hartree/bohrradius^2:
 
     ----- bare term -----
     Cl   1        0.015668       -0.009114       -0.009318
     Cl   1       -0.009114        0.003668       -0.022313
     Cl   1       -0.009318       -0.022313       -0.019336
 
     C    2       -0.053572        0.105854       -0.465345
     C    2        0.105854       -0.074512       -0.469004
     C    2       -0.465345       -0.469004        0.128084
 
     C    3       -0.104244        0.389446       -0.355480
     C    3        0.389446       -0.202792       -0.440497
     C    3       -0.355480       -0.440497        0.307036
 
     H    4       -0.233880       -0.117719       -0.578387
     H    4       -0.117719        0.310791       -0.186783
     H    4       -0.578387       -0.186783       -0.076912
 
     C    5       -0.192033        0.344908       -0.457980
     C    5        0.344908       -0.052306       -0.346743
     C    5       -0.457980       -0.346743        0.244339
 
     H    6        0.378718       -0.024261       -0.034426
     H    6       -0.024261       -0.468429       -0.506844
     H    6       -0.034426       -0.506844        0.089711
 
     H    7        0.334812        0.239726       -0.082417
     H    7        0.239726       -0.580418        0.393436
     H    7       -0.082417        0.393436        0.245607
 
     C    8       -0.396418       -0.171379       -0.242010
     C    8       -0.171379       -0.207448        0.366930
     C    8       -0.242010        0.366930        0.603865
 
     H    9       -0.595429        0.186948       -0.396891
     H    9        0.186948        0.333316        0.140741
     H    9       -0.396891        0.140741        0.262113
 
     C   10       -0.247004       -0.202777       -0.199221
     C   10       -0.202777       -0.347170        0.445025
     C   10       -0.199221        0.445025        0.594174
 
     C   11       -0.306477        0.017389       -0.312239
     C   11        0.017389       -0.186911        0.417939
     C   11       -0.312239        0.417939        0.493389
 
     Cl  12        0.028418        0.023066       -0.011158
     Cl  12        0.023066       -0.050207        0.012489
     Cl  12       -0.011158        0.012489        0.021789
 
     H   13        0.386257       -0.025632       -0.009288
     H   13       -0.025632       -0.459364       -0.516820
     H   13       -0.009288       -0.516820        0.073107
 
     C   14       -0.173990        0.306575       -0.465180
     C   14        0.306575       -0.103442       -0.338710
     C   14       -0.465180       -0.338710        0.277432
 
     H   15       -0.272506       -0.141338       -0.588877
     H   15       -0.141338        0.334870       -0.182869
     H   15       -0.588877       -0.182869       -0.062364
 
     C   16       -0.062937        0.374458       -0.378898
     C   16        0.374458       -0.220751       -0.420128
     C   16       -0.378898       -0.420128        0.283689
 
     C   17        0.000965        0.185402       -0.466846
     C   17        0.185402       -0.117524       -0.458578
     C   17       -0.466846       -0.458578        0.116559
 
     Cl  18       -0.007904       -0.024002       -0.026839
     Cl  18       -0.024002        0.003879       -0.013664
     Cl  18       -0.026839       -0.013664        0.004025
 
     H   19        0.346366        0.217165       -0.107421
     H   19        0.217165       -0.496726        0.472486
     H   19       -0.107421        0.472486        0.150359
 
     C   20       -0.370044       -0.183602       -0.288532
     C   20       -0.183602       -0.184220        0.380697
     C   20       -0.288532        0.380697        0.554264
 
     H   21       -0.530789        0.182298       -0.438745
     H   21        0.182298        0.300927        0.153734
     H   21       -0.438745        0.153734        0.229862
 
     C   22       -0.203040       -0.225386       -0.235601
     C   22       -0.225386       -0.322308        0.465243
     C   22       -0.235601        0.465243        0.525348
 
     C   23       -0.263418        0.063362       -0.293038
     C   23        0.063362       -0.160791        0.448906
     C   23       -0.293038        0.448906        0.424209
 
     Cl  24        0.030147        0.035362       -0.012958
     Cl  24        0.035362       -0.011464       -0.003136
     Cl  24       -0.012958       -0.003136       -0.018683
 
     ----- ionic term -----
     Cl   1        0.166202       -0.205654        0.064957
     Cl   1       -0.205654       -0.033521       -0.026853
     Cl   1        0.064957       -0.026853       -0.132681
 
     C    2        0.117869       -0.207526        0.388707
     C    2       -0.207526        0.066692        0.350128
     C    2        0.388707        0.350128       -0.184561
 
     C    3        0.073311       -0.313043        0.257970
     C    3       -0.313043        0.172438        0.349683
     C    3        0.257970        0.349683       -0.245748
 
     H    4        0.328067        0.164077        0.790707
     H    4        0.164077       -0.445983        0.236214
     H    4        0.790707        0.236214        0.117915
 
     C    5        0.159331       -0.269715        0.359183
     C    5       -0.269715        0.023417        0.263783
     C    5        0.359183        0.263783       -0.182748
 
     H    6       -0.527736        0.017261        0.034495
     H    6        0.017261        0.647280        0.702489
     H    6        0.034495        0.702489       -0.119543
 
     H    7       -0.457505       -0.313917        0.122439
     H    7       -0.313917        0.786211       -0.548705
     H    7        0.122439       -0.548705       -0.328706
 
     C    8        0.323798        0.137982        0.188400
     C    8        0.137982        0.145472       -0.276354
     C    8        0.188400       -0.276354       -0.469270
 
     H    9        0.821869       -0.256891        0.537523
     H    9       -0.256891       -0.458619       -0.171560
     H    9        0.537523       -0.171560       -0.363250
 
     C   10        0.172259        0.165126        0.140825
     C   10        0.165126        0.293671       -0.354290
     C   10        0.140825       -0.354290       -0.465930
 
     C   11        0.300184        0.103239        0.224044
     C   11        0.103239        0.168606       -0.340820
     C   11        0.224044       -0.340820       -0.468790
 
     Cl  12        0.118767        0.196376       -0.036684
     Cl  12        0.196376        0.038561       -0.029605
     Cl  12       -0.036684       -0.029605       -0.157328
 
     H   13       -0.535228        0.014361        0.009954
     H   13        0.014361        0.628831        0.717078
     H   13        0.009954        0.717078       -0.093604
 
     C   14        0.140447       -0.240734        0.374207
     C   14       -0.240734        0.068089        0.252866
     C   14        0.374207        0.252866       -0.208536
 
     H   15        0.376690        0.200756        0.796473
     H   15        0.200756       -0.460807        0.240372
     H   15        0.796473        0.240372        0.084118
 
     C   16        0.035046       -0.305852        0.278498
     C   16       -0.305852        0.191256        0.335938
     C   16        0.278498        0.335938       -0.226302
 
     C   17        0.044977       -0.271251        0.385425
     C   17       -0.271251        0.115823        0.342460
     C   17        0.385425        0.342460       -0.160799
 
     Cl  18        0.106559       -0.206322        0.060737
     Cl  18       -0.206322        0.044002       -0.037706
     Cl  18        0.060737       -0.037706       -0.150561
 
     H   19       -0.471196       -0.280111        0.149461
     H   19       -0.280111        0.678245       -0.644833
     H   19        0.149461       -0.644833       -0.207050
 
     C   20        0.301264        0.150037        0.230848
     C   20        0.150037        0.130372       -0.284888
     C   20        0.230848       -0.284888       -0.431636
 
     H   21        0.751797       -0.238043        0.595679
     H   21       -0.238043       -0.435610       -0.181987
     H   21        0.595679       -0.181987       -0.316188
 
     C   22        0.136555        0.182576        0.173835
     C   22        0.182576        0.275608       -0.372993
     C   22        0.173835       -0.372993       -0.412163
 
     C   23        0.264449        0.083271        0.205527
     C   23        0.083271        0.153318       -0.372678
     C   23        0.205527       -0.372678       -0.417767
 
     Cl  24        0.100675        0.196845       -0.035408
     Cl  24        0.196845        0.024825       -0.027792
     Cl  24       -0.035408       -0.027792       -0.125500
 
     ----- GIPAW term -----
     Cl   1        1.916520       -2.262946        0.563547
     Cl   1       -2.262946       -0.338484       -0.536770
     Cl   1        0.563547       -0.536770       -1.578036
 
     C    2        0.084109       -0.121318       -0.049618
     C    2       -0.121318       -0.006908       -0.100783
     C    2       -0.049618       -0.100783       -0.077201
 
     C    3       -0.028409        0.057875       -0.083718
     C    3        0.057875       -0.017865       -0.073307
     C    3       -0.083718       -0.073307        0.046274
 
     H    4        0.000000       -0.000000       -0.000000
     H    4       -0.000000        0.000000        0.000000
     H    4       -0.000000        0.000000       -0.000000
 
     C    5       -0.014771        0.059740       -0.074263
     C    5        0.059740       -0.031761       -0.072708
     C    5       -0.074263       -0.072708        0.046532
 
     H    6        0.000000       -0.000000       -0.000000
     H    6       -0.000000        0.000000        0.000000
     H    6       -0.000000        0.000000       -0.000000
 
     H    7        0.000000       -0.000000       -0.000000
     H    7       -0.000000        0.000000        0.000000
     H    7       -0.000000        0.000000       -0.000000
 
     C    8       -0.047980       -0.022169       -0.042851
     C    8       -0.022169       -0.058037        0.079803
     C    8       -0.042851        0.079803        0.106016
 
     H    9        0.000000       -0.000000       -0.000000
     H    9       -0.000000        0.000000        0.000000
     H    9       -0.000000        0.000000       -0.000000
 
     C   10       -0.068350       -0.027467       -0.050039
     C   10       -0.027467       -0.033806        0.074634
     C   10       -0.050039        0.074634        0.102156
 
     C   11        0.021718        0.135583       -0.077773
     C   11        0.135583       -0.012923        0.055179
     C   11       -0.077773        0.055179       -0.008794
 
     Cl  12        1.566723        2.311041       -0.535158
     Cl  12        2.311041       -0.157861       -0.171759
     Cl  12       -0.535158       -0.171759       -1.408862
 
     H   13        0.000000       -0.000000       -0.000000
     H   13       -0.000000        0.000000        0.000000
     H   13       -0.000000        0.000000       -0.000000
 
     C   14       -0.015212        0.049464       -0.067231
     C   14        0.049464       -0.037390       -0.076881
     C   14       -0.067231       -0.076881        0.052602
 
     H   15        0.000000       -0.000000       -0.000000
     H   15       -0.000000        0.000000        0.000000
     H   15       -0.000000        0.000000       -0.000000
 
     C   16       -0.025546        0.049991       -0.086036
     C   16        0.049991       -0.014537       -0.068729
     C   16       -0.086036       -0.068729        0.040084
 
     C   17        0.055259       -0.112068       -0.054841
     C   17       -0.112068        0.006159       -0.099006
     C   17       -0.054841       -0.099006       -0.061418
 
     Cl  18        1.033633       -2.414413        0.326022
     Cl  18       -2.414413        0.500325       -0.553407
     Cl  18        0.326022       -0.553407       -1.533958
 
     H   19        0.000000       -0.000000       -0.000000
     H   19       -0.000000        0.000000        0.000000
     H   19       -0.000000        0.000000       -0.000000
 
     C   20       -0.046578       -0.022158       -0.042563
     C   20       -0.022158       -0.051753        0.083376
     C   20       -0.042563        0.083376        0.098332
 
     H   21        0.000000       -0.000000       -0.000000
     H   21       -0.000000        0.000000        0.000000
     H   21       -0.000000        0.000000       -0.000000
 
     C   22       -0.063348       -0.030503       -0.053838
     C   22       -0.030503       -0.027541        0.073966
     C   22       -0.053838        0.073966        0.090889
 
     C   23        0.023873        0.160635       -0.077301
     C   23        0.160635       -0.000470        0.052351
     C   23       -0.077301        0.052351       -0.023404
 
     Cl  24        1.375459        2.467167       -0.543149
     Cl  24        2.467167        0.116310       -0.319685
     Cl  24       -0.543149       -0.319685       -1.491769
 
     ----- total EFG -----
     Cl   1        2.098390       -2.477714        0.619185
     Cl   1       -2.477714       -0.368337       -0.585936
     Cl   1        0.619185       -0.585936       -1.730053
 
     C    2        0.148407       -0.222990       -0.126256
     C    2       -0.222990       -0.014728       -0.219659
     C    2       -0.126256       -0.219659       -0.133679
 
     C    3       -0.059343        0.134278       -0.181228
     C    3        0.134278       -0.048220       -0.164121
     C    3       -0.181228       -0.164121        0.107563
 
     H    4        0.094188        0.046357        0.212321
     H    4        0.046357       -0.135191        0.049431
     H    4        0.212321        0.049431        0.041004
 
     C    5       -0.047474        0.134933       -0.173060
     C    5        0.134933       -0.060650       -0.155668
     C    5       -0.173060       -0.155668        0.108123
 
     H    6       -0.149018       -0.007000        0.000068
     H    6       -0.007000        0.178850        0.195645
     H    6        0.000068        0.195645       -0.029832
 
     H    7       -0.122693       -0.074191        0.040022
     H    7       -0.074191        0.205792       -0.155269
     H    7        0.040022       -0.155269       -0.083099
 
     C    8       -0.120600       -0.055566       -0.096461
     C    8       -0.055566       -0.120013        0.170379
     C    8       -0.096461        0.170379        0.240612
 
     H    9        0.226439       -0.069942        0.140632
     H    9       -0.069942       -0.125303       -0.030819
     H    9        0.140632       -0.030819       -0.101137
 
     C   10       -0.143095       -0.065118       -0.108435
     C   10       -0.065118       -0.087305        0.165369
     C   10       -0.108435        0.165369        0.230400
 
     C   11        0.015424        0.256211       -0.165968
     C   11        0.256211       -0.031229        0.132298
     C   11       -0.165968        0.132298        0.015805
 
     Cl  12        1.713908        2.530484       -0.583001
     Cl  12        2.530484       -0.169507       -0.188875
     Cl  12       -0.583001       -0.188875       -1.544401
 
     H   13       -0.148971       -0.011271        0.000666
     H   13       -0.011271        0.169467        0.200258
     H   13        0.000666        0.200258       -0.020496
 
     C   14       -0.048754        0.115305       -0.158204
     C   14        0.115305       -0.072743       -0.162724
     C   14       -0.158204       -0.162724        0.121497
 
     H   15        0.104183        0.059418        0.207596
     H   15        0.059418       -0.125937        0.057503
     H   15        0.207596        0.057503        0.021753
 
     C   16       -0.053438        0.118597       -0.186436
     C   16        0.118597       -0.044033       -0.152919
     C   16       -0.186436       -0.152919        0.097470
 
     C   17        0.101200       -0.197917       -0.136262
     C   17       -0.197917        0.004458       -0.215124
     C   17       -0.136262       -0.215124       -0.105659
 
     Cl  18        1.132288       -2.644737        0.359920
     Cl  18       -2.644737        0.548205       -0.604777
     Cl  18        0.359920       -0.604777       -1.680494
 
     H   19       -0.124830       -0.062946        0.042040
     H   19       -0.062946        0.181520       -0.172347
     H   19        0.042040       -0.172347       -0.056690
 
     C   20       -0.115359       -0.055723       -0.100247
     C   20       -0.055723       -0.105601        0.179185
     C   20       -0.100247        0.179185        0.220960
 
     H   21        0.221008       -0.055745        0.156933
     H   21       -0.055745       -0.134682       -0.028252
     H   21        0.156933       -0.028252       -0.086326
 
     C   22       -0.129833       -0.073313       -0.115604
     C   22       -0.073313       -0.074241        0.166215
     C   22       -0.115604        0.166215        0.204074
 
     C   23        0.024905        0.307268       -0.164812
     C   23        0.307268       -0.007943        0.128580
     C   23       -0.164812        0.128580       -0.016962
 
     Cl  24        1.506281        2.699374       -0.591515
     Cl  24        2.699374        0.129671       -0.350614
     Cl  24       -0.591515       -0.350614       -1.635952
 
     ----- total EFG (symmetrized) -----
     Cl   1        2.098390       -2.477714        0.619185
     Cl   1       -2.477714       -0.368337       -0.585936
     Cl   1        0.619185       -0.585936       -1.730053
 
     C    2        0.148407       -0.222990       -0.126256
     C    2       -0.222990       -0.014728       -0.219659
     C    2       -0.126256       -0.219659       -0.133679
 
     C    3       -0.059343        0.134278       -0.181228
     C    3        0.134278       -0.048220       -0.164121
     C    3       -0.181228       -0.164121        0.107563
 
     H    4        0.094188        0.046357        0.212321
     H    4        0.046357       -0.135191        0.049431
     H    4        0.212321        0.049431        0.041004
 
     C    5       -0.047474        0.134933       -0.173060
     C    5        0.134933       -0.060650       -0.155668
     C    5       -0.173060       -0.155668        0.108123
 
     H    6       -0.149018       -0.007000        0.000068
     H    6       -0.007000        0.178850        0.195645
     H    6        0.000068        0.195645       -0.029832
 
     H    7       -0.122693       -0.074191        0.040022
     H    7       -0.074191        0.205792       -0.155269
     H    7        0.040022       -0.155269       -0.083099
 
     C    8       -0.120600       -0.055566       -0.096461
     C    8       -0.055566       -0.120013        0.170379
     C    8       -0.096461        0.170379        0.240612
 
     H    9        0.226439       -0.069942        0.140632
     H    9       -0.069942       -0.125303       -0.030819
     H    9        0.140632       -0.030819       -0.101137
 
     C   10       -0.143095       -0.065118       -0.108435
     C   10       -0.065118       -0.087305        0.165369
     C   10       -0.108435        0.165369        0.230400
 
     C   11        0.015424        0.256211       -0.165968
     C   11        0.256211       -0.031229        0.132298
     C   11       -0.165968        0.132298        0.015805
 
     Cl  12        1.713908        2.530484       -0.583001
     Cl  12        2.530484       -0.169507       -0.188875
     Cl  12       -0.583001       -0.188875       -1.544401
 
     H   13       -0.148971       -0.011271        0.000666
     H   13       -0.011271        0.169467        0.200258
     H   13        0.000666        0.200258       -0.020496
 
     C   14       -0.048754        0.115305       -0.158204
     C   14        0.115305       -0.072743       -0.162724
     C   14       -0.158204       -0.162724        0.121497
 
     H   15        0.104183        0.059418        0.207596
     H   15        0.059418       -0.125937        0.057503
     H   15        0.207596        0.057503        0.021753
 
     C   16       -0.053438        0.118597       -0.186436
     C   16        0.118597       -0.044033       -0.152919
     C   16       -0.186436       -0.152919        0.097470
 
     C   17        0.101200       -0.197917       -0.136262
     C   17       -0.197917        0.004458       -0.215124
     C   17       -0.136262       -0.215124       -0.105659
 
     Cl  18        1.132288       -2.644737        0.359920
     Cl  18       -2.644737        0.548205       -0.604777
     Cl  18        0.359920       -0.604777       -1.680494
 
     H   19       -0.124830       -0.062946        0.042040
     H   19       -0.062946        0.181520       -0.172347
     H   19        0.042040       -0.172347       -0.056690
 
     C   20       -0.115359       -0.055723       -0.100247
     C   20       -0.055723       -0.105601        0.179185
     C   20       -0.100247        0.179185        0.220960
 
     H   21        0.221008       -0.055745        0.156933
     H   21       -0.055745       -0.134682       -0.028252
     H   21        0.156933       -0.028252       -0.086326
 
     C   22       -0.129833       -0.073313       -0.115604
     C   22       -0.073313       -0.074241        0.166215
     C   22       -0.115604        0.166215        0.204074
 
     C   23        0.024905        0.307268       -0.164812
     C   23        0.307268       -0.007943        0.128580
     C   23       -0.164812        0.128580       -0.016962
 
     Cl  24        1.506281        2.699374       -0.591515
     Cl  24        2.699374        0.129671       -0.350614
     Cl  24       -0.591515       -0.350614       -1.635952
 
 
     NQR/NMR SPECTROSCOPIC PARAMETERS:
     Cl   1    Vxx=   -1.7082    axis=( -0.445426 -0.498460  0.743729)
     Cl   1    Vyy=   -2.0517    axis=(  0.314979  0.690340  0.651321)
     Cl   1    Vzz=    3.7598    axis=(  0.838083 -0.524374  0.150491)
     Cl   1  Q=        -8.1650 1e-30 m^2  Cq=       -72.1306 MHz  eta= 0.09135
 
     C    2    Vxx=    0.0996    axis=( -0.455067 -0.512077  0.728485)
     C    2    Vyy=    0.3059    axis=( -0.794716  0.602594 -0.072856)
     C    2    Vzz=   -0.4055    axis=( -0.401672 -0.612093 -0.681176)
     C    2  Q=         1.0000 1e-30 m^2  Cq=        -0.9528 MHz  eta= 0.50879
 
     C    3    Vxx=   -0.1468    axis=(  0.290692  0.696292  0.656259)
     C    3    Vyy=   -0.1918    axis=( -0.820333  0.534403 -0.203634)
     C    3    Vzz=    0.3386    axis=( -0.492495 -0.479157  0.726538)
     C    3  Q=         1.0000 1e-30 m^2  Cq=         0.7957 MHz  eta= 0.13276
 
     H    4    Vxx=   -0.1398    axis=(  0.543290 -0.713136 -0.443028)
     H    4    Vyy=   -0.1524    axis=(  0.398241  0.683460 -0.611789)
     H    4    Vzz=    0.2922    axis=( -0.739081 -0.155947 -0.655317)
     H    4  Q=         1.0000 1e-30 m^2  Cq=         0.6866 MHz  eta= 0.04321
 
     C    5    Vxx=   -0.1381    axis=(  0.464005  0.564239  0.682887)
     C    5    Vyy=   -0.1896    axis=( -0.728961  0.681215 -0.067546)
     C    5    Vzz=    0.3277    axis=( -0.503305 -0.466456  0.727395)
     C    5  Q=         1.0000 1e-30 m^2  Cq=         0.7699 MHz  eta= 0.15721
 
     H    6    Vxx=   -0.1444    axis=( -0.612950  0.399378 -0.681755)
     H    6    Vyy=   -0.1519    axis=( -0.790008 -0.324411  0.520235)
     H    6    Vzz=    0.2963    axis=( -0.013398  0.857470  0.514359)
     H    6  Q=         1.0000 1e-30 m^2  Cq=         0.6962 MHz  eta= 0.02550
 
     H    7    Vxx=   -0.1364    axis=( -0.881762 -0.339669 -0.327295)
     H    7    Vyy=   -0.1541    axis=( -0.427535  0.282379  0.858764)
     H    7    Vzz=    0.2905    axis=(  0.199274 -0.897155  0.394211)
     H    7  Q=         1.0000 1e-30 m^2  Cq=         0.6826 MHz  eta= 0.06080
 
     C    8    Vxx=   -0.1420    axis=(  0.919944 -0.215132  0.327751)
     C    8    Vyy=   -0.1931    axis=( -0.313628 -0.905461  0.285968)
     C    8    Vzz=    0.3350    axis=( -0.235245  0.365866  0.900445)
     C    8  Q=         1.0000 1e-30 m^2  Cq=         0.7872 MHz  eta= 0.15251
 
     H    9    Vxx=   -0.1379    axis=(  0.260486  0.943313 -0.205691)
     H    9    Vyy=   -0.1546    axis=( -0.287010  0.279072  0.916375)
     H    9    Vzz=    0.2925    axis=( -0.921831  0.179667 -0.343435)
     H    9  Q=         1.0000 1e-30 m^2  Cq=         0.6872 MHz  eta= 0.05701
 
     C   10    Vxx=   -0.1478    axis=( -0.493176  0.736249 -0.463373)
     C   10    Vyy=   -0.1860    axis=(  0.831908  0.554902 -0.003736)
     C   10    Vzz=    0.3338    axis=( -0.254376  0.387326  0.886156)
     C   10  Q=         1.0000 1e-30 m^2  Cq=         0.7843 MHz  eta= 0.11468
 
     C   11    Vxx=    0.1209    axis=( -0.149319  0.493533  0.856813)
     C   11    Vyy=    0.2565    axis=( -0.776011 -0.595511  0.207782)
     C   11    Vzz=   -0.3774    axis=(  0.612789 -0.633871  0.471908)
     C   11  Q=         1.0000 1e-30 m^2  Cq=        -0.8868 MHz  eta= 0.35914
 
     Cl  12    Vxx=   -1.5332    axis=( -0.145577  0.395716  0.906761)
     Cl  12    Vyy=   -2.0067    axis=(  0.556625 -0.724946  0.405735)
     Cl  12    Vzz=    3.5400    axis=( -0.817909 -0.563792  0.114730)
     Cl  12  Q=        -8.1650 1e-30 m^2  Cq=       -67.9126 MHz  eta= 0.13376
 
     H   13    Vxx=   -0.1415    axis=(  0.651619 -0.393866  0.648276)
     H   13    Vyy=   -0.1548    axis=(  0.758267  0.361423 -0.542592)
     H   13    Vzz=    0.2963    axis=( -0.020593  0.845129  0.534166)
     H   13  Q=         1.0000 1e-30 m^2  Cq=         0.6962 MHz  eta= 0.04497
 
     C   14    Vxx=   -0.1381    axis=(  0.711198  0.312822  0.629555)
     C   14    Vyy=   -0.1794    axis=( -0.522808  0.834047  0.176175)
     C   14    Vzz=    0.3175    axis=( -0.469967 -0.454432  0.756718)
     C   14  Q=         1.0000 1e-30 m^2  Cq=         0.7459 MHz  eta= 0.13013
 
     H   15    Vxx=   -0.1381    axis=(  0.464567 -0.831667 -0.304149)
     H   15    Vyy=   -0.1528    axis=(  0.460603  0.520285 -0.719130)
     H   15    Vzz=    0.2909    axis=( -0.756321 -0.193992 -0.624776)
     H   15  Q=         1.0000 1e-30 m^2  Cq=         0.6835 MHz  eta= 0.05059
 
     C   16    Vxx=   -0.1418    axis=( -0.008459  0.845532  0.533858)
     C   16    Vyy=   -0.1827    axis=( -0.863198  0.263334 -0.430749)
     C   16    Vzz=    0.3244    axis=( -0.504795 -0.464469  0.727633)
     C   16  Q=         1.0000 1e-30 m^2  Cq=         0.7623 MHz  eta= 0.12601
 
     C   17    Vxx=    0.1234    axis=( -0.525047 -0.441892  0.727363)
     C   17    Vyy=    0.2597    axis=(  0.732252 -0.670115  0.121464)
     C   17    Vzz=   -0.3831    axis=(  0.433743  0.596387  0.675418)
     C   17  Q=         1.0000 1e-30 m^2  Cq=        -0.9002 MHz  eta= 0.35583
 
     Cl  18    Vxx=   -1.5830    axis=( -0.513432 -0.425723  0.745082)
     Cl  18    Vyy=   -2.0039    axis=(  0.441898  0.613122  0.654834)
     Cl  18    Vzz=    3.5868    axis=(  0.735604 -0.665463  0.126671)
     Cl  18  Q=        -8.1650 1e-30 m^2  Cq=       -68.8114 MHz  eta= 0.11735
 
     H   19    Vxx=   -0.1339    axis=( -0.844012 -0.376889 -0.381574)
     H   19    Vyy=   -0.1518    axis=( -0.505075  0.319244  0.801862)
     H   19    Vzz=    0.2857    axis=(  0.180397 -0.869504  0.459803)
     H   19  Q=         1.0000 1e-30 m^2  Cq=         0.6713 MHz  eta= 0.06249
 
     C   20    Vxx=   -0.1423    axis=(  0.941789 -0.114145  0.316235)
     C   20    Vyy=   -0.1872    axis=(  0.226105  0.911155 -0.344491)
     C   20    Vzz=    0.3294    axis=( -0.248817  0.395940  0.883924)
     C   20  Q=         1.0000 1e-30 m^2  Cq=         0.7741 MHz  eta= 0.13632
 
     H   21    Vxx=   -0.1419    axis=(  0.272555  0.912113 -0.306210)
     H   21    Vyy=   -0.1541    axis=( -0.307155  0.384092  0.870706)
     H   21    Vzz=    0.2960    axis=( -0.911795  0.143261 -0.384846)
     H   21  Q=         1.0000 1e-30 m^2  Cq=         0.6955 MHz  eta= 0.04154
 
     C   22    Vxx=   -0.1421    axis=( -0.482683  0.715631 -0.504867)
     C   22    Vyy=   -0.1804    axis=(  0.827144  0.561960  0.005759)
     C   22    Vzz=    0.3225    axis=( -0.287836  0.414818  0.863178)
     C   22  Q=         1.0000 1e-30 m^2  Cq=         0.7577 MHz  eta= 0.11904
 
     C   23    Vxx=    0.0889    axis=( -0.233938  0.421298  0.876231)
     C   23    Vyy=    0.3198    axis=(  0.746861  0.654878 -0.115472)
     C   23    Vzz=   -0.4087    axis=( -0.622472  0.627410 -0.467852)
     C   23  Q=         1.0000 1e-30 m^2  Cq=        -0.9602 MHz  eta= 0.56512
 
     Cl  24    Vxx=   -1.6965    axis=( -0.087994  0.311720  0.946091)
     Cl  24    Vyy=   -1.9947    axis=(  0.613943 -0.730962  0.297940)
     Cl  24    Vzz=    3.6911    axis=(  0.784430  0.607063 -0.127058)
     Cl  24  Q=        -8.1650 1e-30 m^2  Cq=       -70.8121 MHz  eta= 0.08079
 
     Initialization:
     gipaw_setup  :      0.17s CPU      0.30s WALL (       1 calls)
 
     Linear response
 
     Apply operators
 
     Induced current
 
     Other routines
     efg          :      0.69s CPU      0.76s WALL (       1 calls)
 
     General routines
     calbec       :      0.06s CPU      0.05s WALL (      16 calls)
     fft          :      0.05s CPU      0.08s WALL (      15 calls)
     ffts         :      0.00s CPU      0.00s WALL (       2 calls)
     fftw         :      0.44s CPU      0.46s WALL (     672 calls)
     davcio       :      0.01s CPU      0.03s WALL (      32 calls)
 
     Parallel routines
     fft_scatter  :      0.31s CPU      0.34s WALL (     689 calls)
 
     Plugins
 
     GIPAW        :      3.83s CPU      4.57s WALL (       1 calls)
