
     Program QE v.6.0 starts on 20May2017 at 13:51:51 

     This program is part of the open-source Quantum ESPRESSO suite
     for quantum simulation of materials; please cite
         "P. Giannozzi et al., J. Phys.:Condens. Matter 21 395502 (2009);
          URL http://www.quantum-espresso.org", 
     in publications or presentations arising from this work. More details at
     http://www.quantum-espresso.org/quote
 
           ARCH :    x86_64
             CC :    icc
            CPP :    cpp
            F90 :    ifort
            F77 :    ifort
         DFLAGS :    -D__INTEL -D__DFTI
      BLAS LIBS :    -lmkl_intel_lp64  -lmkl_sequential -lmkl_core
    LAPACK LIBS :    
       FFT LIBS :    
      MASS LIBS :    

     Parallel version (MPI & OpenMP), running on      32 processor cores
     Number of MPI processes:                32
     Threads/MPI process:                     1
     R & G space division:  proc/nbgrp/npool/nimage =      32
 
     ***** This is GIPAW svn revision unknown      *****
 
     Parallelizing q-star over 1 images

     Reading data from directory:
     ./scratch/scf-414.save

   Info: using nr1, nr2, nr3 values from input

   Info: using nr1, nr2, nr3 values from input

     IMPORTANT: XC functional enforced from input :
     Exchange-correlation      =  SLA  PW   PBX  PBC ( 1  4  3  4 0 0)
     Any further DFT definition will be discarded
     Please, verify this is what you really want

               file C.pbe-n-kjpaw_psl.1.0.0.UPF: wavefunction(s)  2S 2P renormalized
               file Cl.pbe-n-kjpaw_psl.1.0.0.UPF: wavefunction(s)  3S 3P renormalized
               file H.pbe-kjpaw_psl.1.0.0.UPF: wavefunction(s)  1S renormalized
 
     Parallelization info
     --------------------
     sticks:   dense  smooth     PW     G-vecs:    dense   smooth      PW
     Min         764     305     83                36108     9133    1292
     Max         765     306     84                36110     9135    1293
     Sum       24467    9791   2657              1155489   292295   41363
 

     Subspace diagonalization in iterative solution of the eigenvalue problem:
     a serial algorithm will be used

     GIPAW projectors -----------------------------------------------
     atom=  C    l=0  rc=    1.2000  rs=    0.8000
     atom=  C    l=0  rc=    1.2000  rs=    0.8000
     atom=  C    l=1  rc=    1.4000  rs=    0.9333
     atom=  C    l=1  rc=    1.4000  rs=    0.9333
     projs nearly linearly dependent: l=1  n1,n2= 1, 2  s=  0.99951561
 
     atom=  Cl   l=0  rc=    1.6000  rs=    1.0667
     atom=  Cl   l=0  rc=    1.6000  rs=    1.0667
     atom=  Cl   l=1  rc=    1.6000  rs=    1.0667
     atom=  Cl   l=1  rc=    1.6000  rs=    1.0667
     atom=  Cl   l=2  rc=    1.6000  rs=    1.0667
     atom=  Cl   l=2  rc=    1.6000  rs=    1.0667
     projs nearly linearly dependent: l=2  n1,n2= 1, 2  s=  0.99993509
 
     atom=  H    l=0  rc=    1.0000  rs=    0.6667
     atom=  H    l=0  rc=    1.0000  rs=    0.6667
     projs nearly linearly dependent: l=0  n1,n2= 1, 2  s=  0.99968852
     -----------------------------------------------------------------
 
     GIPAW integrals: -------------------------------------------
     Atom  i/j   nmr_para   nmr_dia   epr_rmc  epr_para   epr_dia
       C   1 1   0.83E+03  0.17E-01  0.93E+01  0.24E+08  0.24E+03
       C   2 1   0.86E+03 -0.61E-01  0.94E+01  0.25E+08  0.25E+03
       C   2 2   0.90E+03 -0.15E+00  0.97E+01  0.26E+08  0.26E+03
       C   3 3   0.33E+01  0.34E+00  0.18E+01  0.55E+03  0.21E+02
       C   4 3   0.35E+01  0.37E+00  0.20E+01  0.59E+03  0.22E+02
       C   4 4   0.38E+01  0.39E+00  0.22E+01  0.63E+03  0.24E+02
       Cl  1 1   0.14E+04 -0.47E+00  0.84E+01  0.32E+09  0.42E+03
       Cl  2 1   0.21E+04 -0.37E+00  0.12E+02  0.49E+09  0.65E+03
       Cl  2 2   0.33E+04 -0.16E+00  0.21E+02  0.76E+09  0.10E+04
       Cl  3 3   0.21E+02  0.79E-01  0.89E+01  0.23E+05  0.13E+03
       Cl  4 3   0.24E+02  0.67E-01  0.99E+01  0.27E+05  0.15E+03
       Cl  4 4   0.28E+02  0.44E-01  0.11E+02  0.32E+05  0.18E+03
       Cl  5 5   0.77E+00  0.19E+00  0.18E+01  0.12E+03  0.22E+02
       Cl  6 5   0.80E+00  0.19E+00  0.19E+01  0.12E+03  0.23E+02
       Cl  6 6   0.83E+00  0.20E+00  0.19E+01  0.12E+03  0.23E+02
       H   1 1   0.39E+02  0.19E+00  0.29E+00  0.78E+05  0.13E+02
       H   2 1   0.41E+02  0.21E+00  0.32E+00  0.82E+05  0.14E+02
       H   2 2   0.43E+02  0.22E+00  0.36E+00  0.86E+05  0.15E+02
     ------------------------------------------------------------
 
     alpha_pv=     33.7441 eV
 
     Number of occupied bands for each k-point:
     k-point:     1    nbnd_occ=  42
     k-point:     2    nbnd_occ=  42
     k-point:     3    nbnd_occ=  42
     k-point:     4    nbnd_occ=  42
     k-point:     5    nbnd_occ=  42
     k-point:     6    nbnd_occ=  42
     k-point:     7    nbnd_occ=  42
     k-point:     8    nbnd_occ=  42
     k-point:     9    nbnd_occ=  42
     k-point:    10    nbnd_occ=  42
     k-point:    11    nbnd_occ=  42
     k-point:    12    nbnd_occ=  42
     k-point:    13    nbnd_occ=  42
     k-point:    14    nbnd_occ=  42
     k-point:    15    nbnd_occ=  42
     k-point:    16    nbnd_occ=  42
 
 
     q-space interpolation up to   110.00 Rydberg
 
     GIPAW job: efg                                                                             
 
 
     ELECTRIC FIELD GRADIENTS TENSORS IN Hartree/bohrradius^2:
 
     ----- bare term -----
     Cl   1       -0.033749       -0.026001       -0.035404
     Cl   1       -0.026001        0.008280       -0.009300
     Cl   1       -0.035404       -0.009300        0.025469
 
     C    2       -0.059353        0.121617       -0.441261
     C    2        0.121617       -0.232346       -0.453464
     C    2       -0.441261       -0.453464        0.291699
 
     C    3       -0.130975        0.311582       -0.367415
     C    3        0.311582       -0.280001       -0.406410
     C    3       -0.367415       -0.406410        0.410977
 
     H    4       -0.326697       -0.192157       -0.548344
     H    4       -0.192157        0.299973       -0.198960
     H    4       -0.548344       -0.198960        0.026725
 
     C    5       -0.272624        0.270763       -0.445097
     C    5        0.270763       -0.129664       -0.341480
     C    5       -0.445097       -0.341480        0.402288
 
     H    6        0.358490       -0.055596       -0.024813
     H    6       -0.055596       -0.537968       -0.456965
     H    6       -0.024813       -0.456965        0.179478
 
     H    7        0.349372        0.118533       -0.039324
     H    7        0.118533       -0.641820        0.369510
     H    7       -0.039324        0.369510        0.292449
 
     C    8       -0.468708       -0.141281       -0.220678
     C    8       -0.141281       -0.178385        0.350116
     C    8       -0.220678        0.350116        0.647092
 
     H    9       -0.508962        0.329767       -0.375712
     H    9        0.329767        0.210521        0.179199
     H    9       -0.375712        0.179199        0.298442
 
     C   10       -0.295216       -0.179130       -0.179178
     C   10       -0.179130       -0.331660        0.415506
     C   10       -0.179178        0.415506        0.626876
 
     C   11       -0.239366        0.064879       -0.265008
     C   11        0.064879       -0.270265        0.422232
     C   11       -0.265008        0.422232        0.509631
 
     Cl  12       -0.014620        0.027771       -0.028640
     Cl  12        0.027771        0.011976       -0.006911
     Cl  12       -0.028640       -0.006911        0.002644
 
     H   13        0.379246       -0.034469       -0.045259
     H   13       -0.034469       -0.510751       -0.484643
     H   13       -0.045259       -0.484643        0.131504
 
     C   14       -0.237826        0.280398       -0.473545
     C   14        0.280398       -0.136440       -0.322371
     C   14       -0.473545       -0.322371        0.374266
 
     H   15       -0.300693       -0.215553       -0.552447
     H   15       -0.215553        0.276508       -0.216062
     H   15       -0.552447       -0.216062        0.024185
 
     C   16       -0.106672        0.320995       -0.369427
     C   16        0.320995       -0.260784       -0.420209
     C   16       -0.369427       -0.420209        0.367456
 
     C   17       -0.060311        0.062427       -0.377448
     C   17        0.062427       -0.157213       -0.512841
     C   17       -0.377448       -0.512841        0.217524
 
     Cl  18       -0.007723       -0.027646       -0.048470
     Cl  18       -0.027646        0.031193        0.018471
     Cl  18       -0.048470        0.018471       -0.023470
 
     H   19        0.370573        0.110832       -0.037277
     H   19        0.110832       -0.648298        0.375343
     H   19       -0.037277        0.375343        0.277725
 
     C   20       -0.452327       -0.147946       -0.224063
     C   20       -0.147946       -0.171445        0.356749
     C   20       -0.224063        0.356749        0.623772
 
     H   21       -0.508166        0.291700       -0.397498
     H   21        0.291700        0.258296        0.170870
     H   21       -0.397498        0.170870        0.249870
 
     C   22       -0.304980       -0.177461       -0.176851
     C   22       -0.177461       -0.303478        0.425023
     C   22       -0.176851        0.425023        0.608458
 
     C   23       -0.226414        0.074016       -0.228073
     C   23        0.074016       -0.282039        0.443619
     C   23       -0.228073        0.443619        0.508453
 
     Cl  24       -0.013849        0.058015       -0.028437
     Cl  24        0.058015        0.004333       -0.015249
     Cl  24       -0.028437       -0.015249        0.009516
 
     ----- ionic term -----
     Cl   1        0.110838       -0.206753        0.050318
     Cl   1       -0.206753        0.061165       -0.027996
     Cl   1        0.050318       -0.027996       -0.172003
 
     C    2        0.091803       -0.215512        0.360040
     C    2       -0.215512        0.216300        0.342278
     C    2        0.360040        0.342278       -0.308103
 
     C    3        0.089109       -0.253444        0.271545
     C    3       -0.253444        0.236656        0.329331
     C    3        0.271545        0.329331       -0.325765
 
     H    4        0.445405        0.270432        0.747391
     H    4        0.270432       -0.416687        0.265503
     H    4        0.747391        0.265503       -0.028718
 
     C    5        0.217298       -0.215570        0.353311
     C    5       -0.215570        0.088454        0.253714
     C    5        0.353311        0.253714       -0.305752
 
     H    6       -0.508650        0.051083        0.028747
     H    6        0.051083        0.740153        0.638201
     H    6        0.028747        0.638201       -0.231503
 
     H    7       -0.494120       -0.139386        0.050288
     H    7       -0.139386        0.877737       -0.516072
     H    7        0.050288       -0.516072       -0.383616
 
     C    8        0.379054        0.113422        0.173282
     C    8        0.113422        0.124944       -0.265457
     C    8        0.173282       -0.265457       -0.503998
 
     H    9        0.702485       -0.447618        0.513416
     H    9       -0.447618       -0.309372       -0.232572
     H    9        0.513416       -0.232572       -0.393112
 
     C   10        0.211787        0.147469        0.127499
     C   10        0.147469        0.280971       -0.329840
     C   10        0.127499       -0.329840       -0.492758
 
     C   11        0.259808        0.074412        0.190862
     C   11        0.074412        0.223768       -0.342541
     C   11        0.190862       -0.342541       -0.483576
 
     Cl  12        0.155842        0.202663       -0.011202
     Cl  12        0.202663       -0.006459       -0.013007
     Cl  12       -0.011202       -0.013007       -0.149382
 
     H   13       -0.527631        0.027856        0.045695
     H   13        0.027856        0.706313        0.669301
     H   13        0.045695        0.669301       -0.178681
 
     C   14        0.195268       -0.222303        0.376887
     C   14       -0.222303        0.097568        0.241182
     C   14        0.376887        0.241182       -0.292836
 
     H   15        0.427511        0.290550        0.752324
     H   15        0.290550       -0.396707        0.278486
     H   15        0.752324        0.278486       -0.030804
 
     C   16        0.061518       -0.258861        0.276900
     C   16       -0.258861        0.230390        0.329741
     C   16        0.276900        0.329741       -0.291908
 
     C   17        0.116312       -0.179864        0.293034
     C   17       -0.179864        0.137229        0.406808
     C   17        0.293034        0.406808       -0.253541
 
     Cl  18        0.149403       -0.205365        0.001257
     Cl  18       -0.205365       -0.016488        0.006980
     Cl  18        0.001257        0.006980       -0.132915
 
     H   19       -0.512850       -0.132428        0.048822
     H   19       -0.132428        0.882484       -0.522326
     H   19        0.048822       -0.522326       -0.369633
 
     C   20        0.369689        0.118650        0.175834
     C   20        0.118650        0.117577       -0.272449
     C   20        0.175834       -0.272449       -0.487266
 
     H   21        0.699054       -0.412917        0.540737
     H   21       -0.412917       -0.355096       -0.229408
     H   21        0.540737       -0.229408       -0.343958
 
     C   22        0.216505        0.148419        0.122323
     C   22        0.148419        0.261268       -0.336807
     C   22        0.122323       -0.336807       -0.477772
 
     C   23        0.244033        0.066279        0.152592
     C   23        0.066279        0.239683       -0.366648
     C   23        0.152592       -0.366648       -0.483715
 
     Cl  24        0.117822        0.175972       -0.036639
     Cl  24        0.175972        0.025597       -0.027867
     Cl  24       -0.036639       -0.027867       -0.143420
 
     ----- GIPAW term -----
     Cl   1        0.797915       -2.452686        0.119167
     Cl   1       -2.452686        0.733551       -0.398971
     Cl   1        0.119167       -0.398971       -1.531466
 
     C    2        0.044623       -0.116164       -0.057259
     C    2       -0.116164       -0.001498       -0.094230
     C    2       -0.057259       -0.094230       -0.043125
 
     C    3       -0.037976        0.040623       -0.082186
     C    3        0.040623       -0.025951       -0.063227
     C    3       -0.082186       -0.063227        0.063928
 
     H    4        0.000000       -0.000000       -0.000000
     H    4       -0.000000        0.000000        0.000000
     H    4       -0.000000        0.000000       -0.000000
 
     C    5       -0.034698        0.043308       -0.069225
     C    5        0.043308       -0.041191       -0.076998
     C    5       -0.069225       -0.076998        0.075889
 
     H    6        0.000000       -0.000000       -0.000000
     H    6       -0.000000        0.000000        0.000000
     H    6       -0.000000        0.000000       -0.000000
 
     H    7        0.000000       -0.000000       -0.000000
     H    7       -0.000000        0.000000        0.000000
     H    7       -0.000000        0.000000       -0.000000
 
     C    8       -0.061277       -0.021472       -0.034596
     C    8       -0.021472       -0.053732        0.072695
     C    8       -0.034596        0.072695        0.115009
 
     H    9        0.000000       -0.000000       -0.000000
     H    9       -0.000000        0.000000        0.000000
     H    9       -0.000000        0.000000       -0.000000
 
     C   10       -0.073685       -0.019412       -0.044733
     C   10       -0.019412       -0.032661        0.070442
     C   10       -0.044733        0.070442        0.106345
 
     C   11        0.044821        0.153277       -0.063484
     C   11        0.153277       -0.036221        0.058972
     C   11       -0.063484        0.058972       -0.008600
 
     Cl  12        1.472417        2.444899       -0.449476
     Cl  12        2.444899        0.048258       -0.201436
     Cl  12       -0.449476       -0.201436       -1.520676
 
     H   13        0.000000       -0.000000       -0.000000
     H   13       -0.000000        0.000000        0.000000
     H   13       -0.000000        0.000000       -0.000000
 
     C   14       -0.024990        0.045718       -0.072168
     C   14        0.045718       -0.039732       -0.070574
     C   14       -0.072168       -0.070574        0.064722
 
     H   15        0.000000       -0.000000       -0.000000
     H   15       -0.000000        0.000000        0.000000
     H   15       -0.000000        0.000000       -0.000000
 
     C   16       -0.041689        0.043805       -0.080270
     C   16        0.043805       -0.014626       -0.076249
     C   16       -0.080270       -0.076249        0.056315
 
     C   17        0.074352       -0.136694       -0.071293
     C   17       -0.136694       -0.015969       -0.079752
     C   17       -0.071293       -0.079752       -0.058383
 
     Cl  18        1.468688       -2.460864       -0.544345
     Cl  18       -2.460864        0.149630        0.265776
     Cl  18       -0.544345        0.265776       -1.618319
 
     H   19        0.000000       -0.000000       -0.000000
     H   19       -0.000000        0.000000        0.000000
     H   19       -0.000000        0.000000       -0.000000
 
     C   20       -0.055030       -0.021100       -0.035450
     C   20       -0.021100       -0.053947        0.072940
     C   20       -0.035450        0.072940        0.108976
 
     H   21        0.000000       -0.000000       -0.000000
     H   21       -0.000000        0.000000        0.000000
     H   21       -0.000000        0.000000       -0.000000
 
     C   22       -0.078405       -0.014684       -0.048110
     C   22       -0.014684       -0.026380        0.072778
     C   22       -0.048110        0.072778        0.104785
 
     C   23        0.040059        0.153410       -0.069560
     C   23        0.153410       -0.030733        0.053592
     C   23       -0.069560        0.053592       -0.009327
 
     Cl  24        1.070890        2.454702       -0.724163
     Cl  24        2.454702        0.320939       -0.463663
     Cl  24       -0.724163       -0.463663       -1.391829
 
     ----- total EFG -----
     Cl   1        0.875004       -2.685441        0.134081
     Cl   1       -2.685441        0.802996       -0.436267
     Cl   1        0.134081       -0.436267       -1.678000
 
     C    2        0.077074       -0.210059       -0.138481
     C    2       -0.210059       -0.017544       -0.205416
     C    2       -0.138481       -0.205416       -0.059530
 
     C    3       -0.079843        0.098761       -0.178057
     C    3        0.098761       -0.069297       -0.140307
     C    3       -0.178057       -0.140307        0.149140
 
     H    4        0.118708        0.078275        0.199047
     H    4        0.078275       -0.116715        0.066542
     H    4        0.199047        0.066542       -0.001993
 
     C    5       -0.090024        0.098500       -0.161010
     C    5        0.098500       -0.082400       -0.164765
     C    5       -0.161010       -0.164765        0.172424
 
     H    6       -0.150160       -0.004513        0.003934
     H    6       -0.004513        0.202185        0.181236
     H    6        0.003934        0.181236       -0.052025
 
     H    7       -0.144749       -0.020854        0.010965
     H    7       -0.020854        0.235917       -0.146562
     H    7        0.010965       -0.146562       -0.091168
 
     C    8       -0.150931       -0.049331       -0.081992
     C    8       -0.049331       -0.107173        0.157354
     C    8       -0.081992        0.157354        0.258104
 
     H    9        0.193522       -0.117851        0.137704
     H    9       -0.117851       -0.098851       -0.053373
     H    9        0.137704       -0.053373       -0.094671
 
     C   10       -0.157113       -0.051074       -0.096412
     C   10       -0.051074       -0.083350        0.156107
     C   10       -0.096412        0.156107        0.240463
 
     C   11        0.065263        0.292568       -0.137630
     C   11        0.292568       -0.082718        0.138663
     C   11       -0.137630        0.138663        0.017455
 
     Cl  12        1.613639        2.675333       -0.489318
     Cl  12        2.675333        0.053776       -0.221354
     Cl  12       -0.489318       -0.221354       -1.667414
 
     H   13       -0.148385       -0.006613        0.000436
     H   13       -0.006613        0.195562        0.184658
     H   13        0.000436        0.184658       -0.047177
 
     C   14       -0.067548        0.103813       -0.168827
     C   14        0.103813       -0.078604       -0.151763
     C   14       -0.168827       -0.151763        0.146152
 
     H   15        0.126818        0.074996        0.199876
     H   15        0.074996       -0.120199        0.062424
     H   15        0.199876        0.062424       -0.006619
 
     C   16       -0.086843        0.105939       -0.172797
     C   16        0.105939       -0.045020       -0.166717
     C   16       -0.172797       -0.166717        0.131863
 
     C   17        0.130354       -0.254130       -0.155707
     C   17       -0.254130       -0.035954       -0.185786
     C   17       -0.155707       -0.185786       -0.094400
 
     Cl  18        1.610368       -2.693876       -0.591559
     Cl  18       -2.693876        0.164336        0.291226
     Cl  18       -0.591559        0.291226       -1.774704
 
     H   19       -0.142277       -0.021595        0.011545
     H   19       -0.021595        0.234186       -0.146983
     H   19        0.011545       -0.146983       -0.091908
 
     C   20       -0.137668       -0.050396       -0.083679
     C   20       -0.050396       -0.107814        0.157239
     C   20       -0.083679        0.157239        0.245482
 
     H   21        0.190888       -0.121217        0.143239
     H   21       -0.121217       -0.096801       -0.058538
     H   21        0.143239       -0.058538       -0.094087
 
     C   22       -0.166880       -0.043726       -0.102638
     C   22       -0.043726       -0.068591        0.160994
     C   22       -0.102638        0.160994        0.235471
 
     C   23        0.057678        0.293706       -0.145041
     C   23        0.293706       -0.073089        0.130563
     C   23       -0.145041        0.130563        0.015411
 
     Cl  24        1.174863        2.688689       -0.789239
     Cl  24        2.688689        0.350869       -0.506779
     Cl  24       -0.789239       -0.506779       -1.525732
 
     ----- total EFG (symmetrized) -----
     Cl   1        0.875004       -2.685441        0.134081
     Cl   1       -2.685441        0.802996       -0.436267
     Cl   1        0.134081       -0.436267       -1.678000
 
     C    2        0.077074       -0.210059       -0.138481
     C    2       -0.210059       -0.017544       -0.205416
     C    2       -0.138481       -0.205416       -0.059530
 
     C    3       -0.079843        0.098761       -0.178057
     C    3        0.098761       -0.069297       -0.140307
     C    3       -0.178057       -0.140307        0.149140
 
     H    4        0.118708        0.078275        0.199047
     H    4        0.078275       -0.116715        0.066542
     H    4        0.199047        0.066542       -0.001993
 
     C    5       -0.090024        0.098500       -0.161010
     C    5        0.098500       -0.082400       -0.164765
     C    5       -0.161010       -0.164765        0.172424
 
     H    6       -0.150160       -0.004513        0.003934
     H    6       -0.004513        0.202185        0.181236
     H    6        0.003934        0.181236       -0.052025
 
     H    7       -0.144749       -0.020854        0.010965
     H    7       -0.020854        0.235917       -0.146562
     H    7        0.010965       -0.146562       -0.091168
 
     C    8       -0.150931       -0.049331       -0.081992
     C    8       -0.049331       -0.107173        0.157354
     C    8       -0.081992        0.157354        0.258104
 
     H    9        0.193522       -0.117851        0.137704
     H    9       -0.117851       -0.098851       -0.053373
     H    9        0.137704       -0.053373       -0.094671
 
     C   10       -0.157113       -0.051074       -0.096412
     C   10       -0.051074       -0.083350        0.156107
     C   10       -0.096412        0.156107        0.240463
 
     C   11        0.065263        0.292568       -0.137630
     C   11        0.292568       -0.082718        0.138663
     C   11       -0.137630        0.138663        0.017455
 
     Cl  12        1.613639        2.675333       -0.489318
     Cl  12        2.675333        0.053776       -0.221354
     Cl  12       -0.489318       -0.221354       -1.667414
 
     H   13       -0.148385       -0.006613        0.000436
     H   13       -0.006613        0.195562        0.184658
     H   13        0.000436        0.184658       -0.047177
 
     C   14       -0.067548        0.103813       -0.168827
     C   14        0.103813       -0.078604       -0.151763
     C   14       -0.168827       -0.151763        0.146152
 
     H   15        0.126818        0.074996        0.199876
     H   15        0.074996       -0.120199        0.062424
     H   15        0.199876        0.062424       -0.006619
 
     C   16       -0.086843        0.105939       -0.172797
     C   16        0.105939       -0.045020       -0.166717
     C   16       -0.172797       -0.166717        0.131863
 
     C   17        0.130354       -0.254130       -0.155707
     C   17       -0.254130       -0.035954       -0.185786
     C   17       -0.155707       -0.185786       -0.094400
 
     Cl  18        1.610368       -2.693876       -0.591559
     Cl  18       -2.693876        0.164336        0.291226
     Cl  18       -0.591559        0.291226       -1.774704
 
     H   19       -0.142277       -0.021595        0.011545
     H   19       -0.021595        0.234186       -0.146983
     H   19        0.011545       -0.146983       -0.091908
 
     C   20       -0.137668       -0.050396       -0.083679
     C   20       -0.050396       -0.107814        0.157239
     C   20       -0.083679        0.157239        0.245482
 
     H   21        0.190888       -0.121217        0.143239
     H   21       -0.121217       -0.096801       -0.058538
     H   21        0.143239       -0.058538       -0.094087
 
     C   22       -0.166880       -0.043726       -0.102638
     C   22       -0.043726       -0.068591        0.160994
     C   22       -0.102638        0.160994        0.235471
 
     C   23        0.057678        0.293706       -0.145041
     C   23        0.293706       -0.073089        0.130563
     C   23       -0.145041        0.130563        0.015411
 
     Cl  24        1.174863        2.688689       -0.789239
     Cl  24        2.688689        0.350869       -0.506779
     Cl  24       -0.789239       -0.506779       -1.525732
 
 
     NQR/NMR SPECTROSCOPIC PARAMETERS:
     Cl   1    Vxx=   -1.5513    axis=( -0.459581 -0.375038  0.805066)
     Cl   1    Vyy=   -2.0043    axis=(  0.536772  0.604887  0.588207)
     Cl   1    Vzz=    3.5556    axis=(  0.707574 -0.702466  0.076684)
     Cl   1  Q=        -8.1650 1e-30 m^2  Cq=       -68.2122 MHz  eta= 0.12740
 
     C    2    Vxx=    0.1301    axis=( -0.488053 -0.391200  0.780235)
     C    2    Vyy=    0.2475    axis=(  0.730676 -0.672082  0.120080)
     C    2    Vzz=   -0.3776    axis=(  0.477406  0.628704  0.613852)
     C    2  Q=         1.0000 1e-30 m^2  Cq=        -0.8872 MHz  eta= 0.31101
 
     C    3    Vxx=   -0.1361    axis=(  0.170212  0.837956  0.518515)
     C    3    Vyy=   -0.1849    axis=( -0.875299  0.370270 -0.311049)
     C    3    Vzz=    0.3210    axis=( -0.452636 -0.400912  0.796486)
     C    3  Q=         1.0000 1e-30 m^2  Cq=         0.7541 MHz  eta= 0.15217
 
     H    4    Vxx=   -0.1385    axis=( -0.473470  0.833790  0.283938)
     H    4    Vyy=   -0.1536    axis=( -0.415236 -0.495581  0.762875)
     H    4    Vzz=    0.2921    axis=( -0.776792 -0.243297 -0.580862)
     H    4  Q=         1.0000 1e-30 m^2  Cq=         0.6862 MHz  eta= 0.05156
 
     C    5    Vxx=   -0.1514    axis=(  0.542195  0.608709  0.579222)
     C    5    Vyy=   -0.1848    axis=( -0.736839  0.675760 -0.020426)
     C    5    Vzz=    0.3363    axis=( -0.403848 -0.415718  0.814914)
     C    5  Q=         1.0000 1e-30 m^2  Cq=         0.7901 MHz  eta= 0.09925
 
     H    6    Vxx=   -0.1423    axis=( -0.579127  0.373599 -0.724594)
     H    6    Vyy=   -0.1541    axis=( -0.815223 -0.270736  0.511970)
     H    6    Vzz=    0.2965    axis=( -0.004902  0.887201  0.461357)
     H    6  Q=         1.0000 1e-30 m^2  Cq=         0.6966 MHz  eta= 0.03982
 
     H    7    Vxx=   -0.1438    axis=(  0.778582  0.262750  0.569888)
     H    7    Vyy=   -0.1495    axis=(  0.625272 -0.247618 -0.740081)
     H    7    Vzz=    0.2932    axis=(  0.053342 -0.932549  0.357082)
     H    7  Q=         1.0000 1e-30 m^2  Cq=         0.6890 MHz  eta= 0.01946
 
     C    8    Vxx=   -0.1499    axis=( -0.657473  0.649185 -0.382477)
     C    8    Vyy=   -0.1849    axis=(  0.729048  0.676314 -0.105304)
     C    8    Vzz=    0.3348    axis=( -0.190313  0.348078  0.917945)
     C    8  Q=         1.0000 1e-30 m^2  Cq=         0.7866 MHz  eta= 0.10434
 
     H    9    Vxx=   -0.1390    axis=(  0.427971  0.850630 -0.305401)
     H    9    Vyy=   -0.1526    axis=( -0.207727  0.421443  0.882743)
     H    9    Vzz=    0.2915    axis=( -0.879597  0.314349 -0.357064)
     H    9  Q=         1.0000 1e-30 m^2  Cq=         0.6850 MHz  eta= 0.04656
 
     C   10    Vxx=   -0.1432    axis=( -0.269047  0.866613 -0.420232)
     C   10    Vyy=   -0.1846    axis=(  0.938011  0.334767  0.089819)
     C   10    Vzz=    0.3278    axis=( -0.218518  0.370016  0.902961)
     C   10  Q=         1.0000 1e-30 m^2  Cq=         0.7701 MHz  eta= 0.12625
 
     C   11    Vxx=    0.1051    axis=( -0.169704  0.400499  0.900445)
     C   11    Vyy=    0.2956    axis=(  0.805152  0.583215 -0.107657)
     C   11    Vzz=   -0.4007    axis=( -0.568270  0.706725 -0.421437)
     C   11  Q=         1.0000 1e-30 m^2  Cq=        -0.9414 MHz  eta= 0.47552
 
     Cl  12    Vxx=   -1.6712    axis=( -0.155408  0.359127  0.920259)
     Cl  12    Vyy=   -2.0007    axis=(  0.583174 -0.718569  0.378902)
     Cl  12    Vzz=    3.6719    axis=(  0.797343  0.595556 -0.097762)
     Cl  12  Q=        -8.1650 1e-30 m^2  Cq=       -70.4437 MHz  eta= 0.08976
 
     H   13    Vxx=   -0.1440    axis=( -0.619883  0.365531 -0.694358)
     H   13    Vyy=   -0.1512    axis=( -0.784593 -0.302988  0.540937)
     H   13    Vzz=    0.2952    axis=( -0.012653  0.880105  0.474610)
     H   13  Q=         1.0000 1e-30 m^2  Cq=         0.6937 MHz  eta= 0.02453
 
     C   14    Vxx=   -0.1452    axis=(  0.490139  0.623688  0.608915)
     C   14    Vyy=   -0.1775    axis=( -0.745287  0.662132 -0.078285)
     C   14    Vzz=    0.3227    axis=( -0.452007 -0.415446  0.789363)
     C   14  Q=         1.0000 1e-30 m^2  Cq=         0.7582 MHz  eta= 0.10017
 
     H   15    Vxx=   -0.1392    axis=( -0.455976  0.840932  0.291409)
     H   15    Vyy=   -0.1545    axis=( -0.414164 -0.490309  0.766854)
     H   15    Vzz=    0.2937    axis=( -0.787752 -0.228976 -0.571854)
     H   15  Q=         1.0000 1e-30 m^2  Cq=         0.6901 MHz  eta= 0.05192
 
     C   16    Vxx=   -0.1452    axis=(  0.033953  0.846886  0.530689)
     C   16    Vyy=   -0.1853    axis=( -0.898916  0.257953 -0.354135)
     C   16    Vzz=    0.3306    axis=( -0.436804 -0.465021  0.770037)
     C   16  Q=         1.0000 1e-30 m^2  Cq=         0.7767 MHz  eta= 0.12123
 
     C   17    Vxx=    0.0917    axis=( -0.310172 -0.530488  0.788908)
     C   17    Vyy=    0.3156    axis=( -0.823028  0.565187  0.056464)
     C   17    Vzz=   -0.4073    axis=( -0.475834 -0.631780 -0.611912)
     C   17  Q=         1.0000 1e-30 m^2  Cq=        -0.9570 MHz  eta= 0.54949
 
     Cl  18    Vxx=   -1.7455    axis=( -0.312859 -0.558450  0.768279)
     Cl  18    Vyy=   -2.0068    axis=( -0.527711 -0.570342 -0.629469)
     Cl  18    Vzz=    3.7523    axis=( -0.789709  0.602364  0.116263)
     Cl  18  Q=        -8.1650 1e-30 m^2  Cq=       -71.9852 MHz  eta= 0.06963
 
     H   19    Vxx=   -0.1422    axis=( -0.897658 -0.204058 -0.390603)
     H   19    Vyy=   -0.1499    axis=( -0.437138  0.299937  0.847908)
     H   19    Vzz=    0.2920    axis=(  0.055866 -0.931879  0.358442)
     H   19  Q=         1.0000 1e-30 m^2  Cq=         0.6861 MHz  eta= 0.02634
 
     C   20    Vxx=   -0.1450    axis=( -0.783597  0.499684 -0.369177)
     C   20    Vyy=   -0.1804    axis=(  0.586977  0.790149 -0.176414)
     C   20    Vzz=    0.3253    axis=( -0.203554  0.354937  0.912461)
     C   20  Q=         1.0000 1e-30 m^2  Cq=         0.7644 MHz  eta= 0.10883
 
     H   21    Vxx=   -0.1392    axis=(  0.439849  0.847797 -0.296264)
     H   21    Vyy=   -0.1572    axis=( -0.216338  0.420199  0.881267)
     H   21    Vzz=    0.2964    axis=( -0.871625  0.323532 -0.368234)
     H   21  Q=         1.0000 1e-30 m^2  Cq=         0.6964 MHz  eta= 0.06049
 
     C   22    Vxx=   -0.1380    axis=(  0.008360  0.919107 -0.393918)
     C   22    Vyy=   -0.1919    axis=(  0.975666  0.078817  0.204608)
     C   22    Vzz=    0.3299    axis=( -0.219104  0.386043  0.896083)
     C   22  Q=         1.0000 1e-30 m^2  Cq=         0.7752 MHz  eta= 0.16352
 
     C   23    Vxx=    0.1009    axis=( -0.149111  0.420126  0.895131)
     C   23    Vyy=    0.2977    axis=(  0.799581  0.583816 -0.140817)
     C   23    Vzz=   -0.3985    axis=( -0.581753  0.694733 -0.422978)
     C   23  Q=         1.0000 1e-30 m^2  Cq=        -0.9364 MHz  eta= 0.49388
 
     Cl  24    Vxx=   -1.6411    axis=( -0.118040  0.391503  0.912574)
     Cl  24    Vyy=   -2.0087    axis=(  0.651423 -0.663088  0.368731)
     Cl  24    Vzz=    3.6498    axis=(  0.749476  0.637997 -0.176763)
     Cl  24  Q=        -8.1650 1e-30 m^2  Cq=       -70.0190 MHz  eta= 0.10073
 
     Initialization:
     gipaw_setup  :      0.19s CPU      0.31s WALL (       1 calls)
 
     Linear response
 
     Apply operators
 
     Induced current
 
     Other routines
     efg          :      0.66s CPU      0.76s WALL (       1 calls)
 
     General routines
     calbec       :      0.05s CPU      0.05s WALL (      16 calls)
     fft          :      0.05s CPU      0.08s WALL (      15 calls)
     ffts         :      0.00s CPU      0.00s WALL (       2 calls)
     fftw         :      0.42s CPU      0.43s WALL (     672 calls)
     davcio       :      0.01s CPU      0.05s WALL (      32 calls)
 
     Parallel routines
     fft_scatter  :      0.30s CPU      0.32s WALL (     689 calls)
 
     Plugins
 
     GIPAW        :      3.81s CPU      4.64s WALL (       1 calls)
